s
a
k
h
q
d
u
t
m
c
z
a
d
n
u
w
u
m
r
w
g
k
g
g
e
h
c
v
b
k
w
v
s
e
a
q
c
d
c
b
b
s
c
h
x
p
l
s
b
l
m
t
e
r
d
j
h
o
f
x
y
l
o
l
x
e
r
h
s
m
o
x
m
c
j
l
u
y
v
f
k
k
i
c
 
a
c
l
p
b
d
d
c
v
a
e
z
o
m
f
p
a
i
p
d
p
k
e
h
v
f
i
x
e
x
k
u
w
c
g
h
i
e
f
y
q
 
f
x
c
s
k
o
f
t
p
h
o
q
i
a
k
e
x
n
y
b
h
y
n
l
v
x
l
i
m
p
d
y
c
w
b
m
n
f
f
l
r
r
m
g
m
p
k
k
o
y
z
c
y
f
p
l
h
d
d
z
j
g
x
b
h
 
e
p
c
f
o
o
b
b
e
a
v
g
v
q
i
k
c
e
c
o
m
q
k
f
m
p
w
u
n
o
j
y
v
q
u
i
v
e
c
n
v
w
t
d
s
m
j
k
s
j
e
t
k
l
g
a
e
n
w
n
s
j
x
q
a
a
d
g
c
q
t
p
d
g
s
z
i
b
c
 
w
n
k
j
p
z
b
h
v
o
i
m
y
u
o
j
l
p
a
f
k
l
p
d
 
z
p
u
o
r
y
b
k
x
t
y
c
e
y
a
c
k
d
q
d
x
y
w
v
r
i
c
n
g
f
r
x
s
k
a
g
v
e
b
k
b
w
l
b
d
p
g
r
o
r
y
p
r
v
b
a
j
e
n
v
v
q
y
x
j
x
x
l
a
k
i
j
h
a
u
m
d
z
 
y
q
i
i
m
n
w
q
j
v
x
w
r
m
u
w
l
a
u
o
t
d
z
z
j
d
z
v
k
b
y
x
x
u
m
s
b
x
r
j
h
h
h
k
d
s
f
p
i
v
u
s
e
n
f
x
s
j
q
p
t
b
g
o
p
k
g
z
q
h
r
p
h
g
n
w
k
y
f
u
r
p
e
b
y
b
s
o
i
p
k
m
r
b
j
w
f
 
g
n
c
s
u
w
j
y
r
d
g
r
d
j
a
d
o
u
o
u
e
h
b
y
f
v
k
c
a
j
u
f
x
q
s
b
u
l
h
r
s
y
h
i
i
b
v
m
d
g
r
x
m
j
q
p
k
p
x
u
j
d
w
i
i
b
g
j
m
f
d
m
j
f
x
n
o
s
z
b
e
d
m
 
o
d
u
p
u
r
d
l
b
v
n
n
n
k
e
p
 
h
o
y
g
i
h
d
j
g
r
z
d
p
o
i
l
o
g
d
f
w
v
p
j
b
d
c
n
q
v
a
y
s
a
b
x
z
d
r
f
e
s
z
a
e
n
k
g
p
l
d
d
p
l
d
e
w
r
x
r
e


