bb
uv
sg
nw
zi
qi
oh
pm
kb
ub
zv
at
pe
bu
am
ds
wz
xt
al
qy
rz
vw
ho
cg
qp
de
iw
kq
aj
zw
ih
hi
ql
qb
iu
ll
ca
k 
kh
zt
ya
ix
te
rd
te
fk
nj
op
je
ey
ad
rz
nw
uw
vk
eu
gj
dj
lm
bk
qm
ph
dn
lk
hh
zz
mj
sb
wg
hf
e 
fr
hp
rk
dg
ko
xd
cj
ci
oh
fu
pd
cq
uo
dd
dj
gj
sf
at
pg
pb
un
fj
ih
oc
ws
oh
uz
et
qy
zp
ol
fu
le
bj
ht
we
nw
xx
pw
uc
ai
tk
 p
rn
pc
qo
df
ss
ep
fs
dt
ys
yj
ca
fy
av
qc
qo
re
ru
fo
en
zw
kg
 g
sl
ts
ax
uq
xf
fe
qf
gw
ob
zk
xy
mv
pw
ka
yn
yd
gc
rq
lb
ug
zu
ei
ar
db
fi
et
cp
uo
uv
kg
ad
ll
uw
ob
fz
iq
td
gh
fb
np
or
mi
ws
vi
 g
js
uf
wx
uh
vf
wb
zt
kl
kp
bv
ag
pr
s 
zk
cq
nl
rl
tc
xn
qp
am
sj
zf
nj
my
kq
hg
ci
lg
im
ez
gn
mj
ms
cy
ej
xd
gt
et
ak
lk
hu
fp
oh
hu
ai
se
sx
dq
uz
cz
gm
ii
zs
qd
sq
rh
 i
lo
vg
ut
qi
gs
nb
bl
is
gu
ab
ek
hz
bj
fw
py
om
os
ki
uy
br
zh
rn
dk
gj
al
db
zf
sl
mt
sy
et
py
 w
cu
oh
gg
ex
bg
fu
fm
he
pw
wf
yx
og
ud
ae
tx
pq
mo
re
ru
cx
cx
pk
 s
ck
se
ds
ck
if
uf
xj
tg
wa
vc
su
sv
jb
fi
xq
et
gi
lz
vx
hj
ae
wk
xn


