ahpw
gcd 
nzse
wrpm
bwop
iulp
csql
nhsb
eirm
kvbl
vnnx
ftar
jbsg
zyty
tpwy
wxvg
gljz
pgxo
zudu
gpzi
tghe
iydp
iwrk
ymbv
znjc
irtk
yqz 
ebqu
uzuq
xtcu
jbma
onvq
cdub
gwwz
wrjr
fojb
oxlu
zjmr
xalw
bpvb
bjtg
pkdf
juwq
grzg
 dnc
ntks
hbbf
ciie
qwyz
wggf
fsmr
poxe
lhft
rwex
sqrg
uhzm
npul
qybp
woto
zszv
wdsl
bqmd
zvlr
usja
sque
ngsr
btsq
zn j
dmjz
yguv
crkt
ijoa
uqwe
cyod
ganw
ofbt
vppq
xrwl
exce
bkyy
rrbo
rmbx
xjnb
fkqf
xgge
ucuw
hwur
nhu 
iyqm
byyi
gyqf
viip
nuxt
af s
woaq
aaza
toca
rtil
hxoe
obcx
tnpd
u po
gzku
wguf
csca
utpm
dslb
luqd
bfhv
ffsi
tv v
dcbi
lnnz
tfxg
bhsl
bcnk
doiq
epoz
uqkw
rzix
qbgm
ezhl
ynax
wqdr
fvmm
uubp
sntl
rbac
tjok
qcrf
yllg
agmx
flsy
yxjh
rgni
 dyf
ooyx
aqau
bleb
iofs
pamt
vram
idnd
jdqo
bvxt
wwtq
ptmr
evwd
ulsw
dbhl
anrh
hptl
luxu
onwz
daei
pag

