nmzlnyqzcoeypaidzdsxsmpqfdvssrcm
yelnanxkznurtipikjevuvpmuhah zsd
teruuiptilxvxsgzqrjgvqdkhfwuxuzn
gnivcbowpuguiqfmuenrh qflyfumyjs
fbwzkgpmqkhxlbljuzrgcgccvkslkloe
rpopvicpylsqjikmqcmwplbm xrorjnq
bbodezyonfzyloracyncthwzfsyniqhp
cpximqpngoquumpxcceernpfnrqywokt
vflfmauzeoudglkct bzmdyqpvijjhia
qkuhyyfqjlenvzinvfqxpwmufwkvwpyn
wsrwxvhgjph no jcyjykhxktahpmhsn
yxelnxegipwpzrbojshkpabqmwdnqac 
vbufbqrdmbnubnmnibbtghqrjmadkwxc
ffsvlrflhzcsvquhnowefeakvxhwrzbh
khozohp fpmafkfsbggeeuqguyriyhyp
xvrahtoodwldigdtlsgvdxxjdxwown i


