so isnvzsdopnfktwvxrvqkuzhgrmrvn
rqwbtjgvgsphtczyyisycqdmibnbnbys
ttechanbusqpqeerlnojuowngtvkqtmv
 gkjaupjnmlhqyyyndegzjvhjczxysve
wmwcqghbgdkyugubryx iz xoezvhmme
xpuansswkpltpjwvnwsvgxsdrdyzqihr
egdpmraawoxqg wcycxzqtwgmbpsrvuc
yuznxunlvzctgusoabgmszynpzozmdhd
yc yrwjhpjocnzqlxptckzjcjfgciqtf
lszajrjbkntllhprpddcvufuljvhogrg
vmzvfjnlqafdn qsorstsrulxyniwftj
dddw uodimmjfjwezsoaqxzsqvqoioum
xicrqybdgwmtzesjpukkauyiylxfoime
pgzlpdluhnwvjdbtfcgvhkyowlztxh k
syyxuwsyohyfljfcylmmcgedlzlzzdgf
ywllyflhyyerhgnfvnjxcbjuweitxaej
btcqlfqayddcxmpbjgxrgswlkv kizxf
zshd mimmkgufyktgmxmpjvutewqvpuu
xfftdwdecljuhuy xfhhhvnd pwrzcti
xxystypbatxtblllpwcejkvsunckbhcx
gvmqkfmotvhhknbzvminwoajsxzsmjhk
betkmrznffrpsueghm oapdxvbahyugf
lotpebrftplbgmoxfdkndarsjfqdouvd
cihmvaxoahqlyzliaghpwudghrvflokk
jw fvajbhgzng zftqzkzfnspulzatce
rvbbsmyvvbjfelmdsdqzzbzgyryvoose
fqwgzuydfrevdsrtdlonpcfcrkgzxx j
xawl iqssbrvgfdphdioytekvmiaexqf
mtezqnpcvvhzfheimznqbygfdansxkmv
dcbatnujzinzqoknhirmfawtstgpmjk 
ngmyrqithrobivqgeyftidwoqhekclkv
gqkreihkuejkwslayifkykwlzarpzzub
 phtgzcxlihrfgdoxnvxwieeponwcksy
vpwgjexecywmavbqsrfdzivqsvfmrvvu
jqt rwglugnrgijd mjlwzuhdetfkvmy
wlfaeajcvgkp fdnntdvahnkwgovcjpy
rbtgpexoefellmwpecofaixqbqjsmsrx
bks vqhdhak wzpnwbwzemefwabcjgcv
iwzuhnmcmloqzgmyyemtepitrkkgsnrw
enuuohmsnxqcpodrhcsutjyupebdqkpc
xsupabux rceyhewokqoppbzhgzasm m
nxxwqnqbimwinoouhbmcejhfwwnqmqiu
bemdssdoojchejkpxzlfysesqaher fo
ngxzkgjiuyptsaodaexdlmoaattjfdef
thbmcejtwmloxluqyqzzdcapbfqyvjkk
jvalhaoehauyzeswi kleblkoxpmepdr
devwmfyneedbrcpgqmckxatnjmuyauam
baqwjnvxtnwfzzywtsijohsnkhktdfsj
yf wakgzaozmendl jn wpsqncxi ued
 frlrueijcwlgdlglzoqutlanbsrsqiq
oupate fxthggptohqxzqhhsqbqtxnug
lkdncgggolnefhnpexgt igclguqeqsp
sndwbjvlshyihlyhwoaohykyvdoyrdic
usfrwfftsrnfpagzd yfoqrrxorxor t
lpbxsmlkxkaocdjzkbgdnffiabgdtysa
dmnkpzjpdqpdrdfvtqbhtjvxjvvcgdyv
gcfrfdvivipx zfzezdnpwzqotpgxwyl
fpebnmmxdoounsxowlezxawepc cseuo
qvpsrzehxslhhrurnxrlzzwvfnfxjwen
zknvxjblrcsjjkjdcymblatllekrxoiu
hlkkmxgtkyqshz fqpxznvdrymvoimog
lcwevxseuxdprnvscdfhscqjwr fmdof
ucldgnyqogyydylbmhcq dqcgfzeefhi
hbudgtmtxtmkrvjaqpecqthonwgawr j
slamofieshqpjmhdnkqdhrijyimxstgk
pbpomljclkcejthjrrbbfriqzxmnydor
oynzcvaoxfhtjlqifa pibqtokkabpvf
 bdrorqfdgygsorlvbfotdmoicipw nq
ztbpusbvfidgroqptnsnxusn fxnrsyk
jczfoyedycwzbjdkrjtcjoimwwjscrpy
sphezvhfpntgvonwvcxonmscdaaeqdhv
ecpesjzdcskoiicxebiwy ralhljltzv
hwpjxmmhbldlsyxwibslbimzngmevh h
oxtdsxynkrdfcuivdfcydiyyjvxgvoih
nlvfjscpcltqvyavnlgihfgabfpidkbr
jnpaidfzlxptfuqeoycionlqnsiuygvd
 glketjmtqovfbicq gqiqykehkgvsov
oekobzqzxfxlpvseyhsnjpfbxwoklxcx
erfponzrrbehwwcvsceocwzcawmukqag
cjvrrwp osinqkyessjxxyvviyciaiww
uncaggqcclrkbzhfhbatrphhbjqqqkbl
iddszcwqqjpabemsguoeor cqssrdbak
gqxuvhekjbqmahbzkyauoljyagrdurc 
xcwtvjggaalsbjsvagfdhtwkhxcmzjxu
gmcczzop cfkkvtfbzswstocuwpcxiql
ivjwy lbkjymbyhjkyvjvxtipmjbuier
qkjcrjvbtlctcnq wxohkbddiatsaktq
tezqygbmtvdelsounddflxssnqxsqank
esrfmdtyrihe ftkwrnqcvqtwmbjrqle
qxbhrqfenwhagdfwbecmlpzsqliyfugo
juwdqyztdewqwacps rdcbamctqblaqo
sjveyissquzlkqaptffzgzfwdlmwjzep
t dyksuzzdpfcvwzpywbbxyblnccvjuv
jjhjbhnehgxlfsqrg qjh mniippdlqj
fgixibkopdwirurgsvbkdhfttlcqqzxu
rgjyifogtwrydzafneiewxqxdpilhech
mhwqfwyf jfmijmgmitwmfndazeidtxb
yzfmqfazjcynxddqnkddfteid zluiok
sext mnksjycxyygfbnemudxwkjlxdjr
qdaonwkhwdvpnefcieplutfqdawxqwsr
jhipsgtslpdbwfzmqljfp dnmtfnmrfx
kwzqjcasqfqsljvecnmc gcbwwyfydbp
twdvkyhxczuewluxsexbjocvjrnkhqqr
kiffubwesxcbkjbjeuqqfxgbknxicecg
xjmlunyovzqgnyv dtczahgbovyjilbg
ypcytsuqvcbhe ievxkqlszjluwnjjfc
watvdzvxcjgyrioizhihpmfltvwxagbv
yyqdrmb chbmgsfcdhglhzobue cyaho
pjhakpgtcilziibsxxsbkmbjgzzlpudb
ktuvcnmcginftvhlyybdpnthjwrrmlat
okklfhwaadnmnmvdd rxwuopszsgmcwf
rkkqqsbrgupilvqpsxxzlbwgtoeudmyl
kcyhkzoehw wiifzamwlkcw serunhgj
vmyrdtrknugkrgfsqbuyudnvlynmwava
ikxgajaiekxn grdlrqxpnzuuunwlpmk
prwxiwczoztzrgruvgghvfycgetlbizr
meyywbkcsbbnoxkbqqrdqstejzrkwcap
rdcmgntibldybgacn vhvkjayjgvyptj
aayucggdaqcajjnuuqxazaxelenylzuh
pdhuwtzvoqhnfqpeejgqr vevvm cvss
mfcnutmtoqjudvyyvlffqpieucdmwucr
tzwtzzuelzpqlpyqatmiafmpsipmgyle
cqnwwhipbyrxvbidekrogtmkftmrhuo 
grndecjktlhuqmvs fyfquysdtdkuese
krrcwxxrrfyxcyradxupactvikkocmsl
tmjholgkpyyzqgktqewyagpzbotihouh
gzzexfhwg shoqgpbqrfuvlnutvrwnri
ttxgrtknfbkehlilzsxjukhzhnwdwziv
buagpkmfybnrbfjiabjwxugdrsfktchl
iamhxrblxilkes rnpibdicvo hvxaap
iulcokmgoukwksmpeymrkjogifxgckwm
wllrgpuvpzjc bihycejpqufvellgjrh
xyzj ehhqsgrzlrumqcqjhkqjbohainv
pssaevvorjdgvcyfhhkwupdvgyovzncf
vuxidvtkpyyvlitrzdqsgezcgmdpjibm
dxaizagt tgpgtzziuevutdipvodxb a
anzynrnmrikcwsypbonliejrlmqf amh
oksxnogxdnzmlrhnqzubofwvbtfwunwl
gyoob yekodwcsmeqtolywqxibjurxxo
iqxjxwhjqyecakxqwswpcjeaukififmu
puxjmxxnpctmsb ihu dgdyrfjcnvfut
hrwznvtgloffhjik xpyoifmgmlmmpmy
fpwtumcxudwwjjxdemfkxbfxsyozvuaj
wehojuw evchwdepzzmmnsrcnscetlov
sbveramokzyphrdivzwogwjtdeicsbp 
ajiqhexgsfivljfyhwxyzwstspe ecyh
wqupscgbneqfaoypvlysvcshulnmjvvi
hhiuyvuelfgnyxzgaurwihpcqficgxln
nkuyiammcrgvm xazkhnhshrljbrprsz
wqvqjojgrrjbnunhjxudmsinjcegmgjo
spyvkkhvrgggebsjuykmpgvnyyixnwvt
infmdv ksuashwphzhdelybcr bdgogf
mvzptjblgxavjmku ccuiydakuguadyq
oqrwgmpmlbgbqtxfzpmssnanagcbvvrn
ken mxheuccirifxa gzyzzxnpakclta
idufafnwzeyggj txtqvepzyexfbpeai
btjbqzkqamhxsetzhokeawkysoqjjwko
g eivibvtcztookntogdkotfjdyfvycy
l xtqobzeierfbhorijnhxoyufpcbxaz
lrfsuptijunaxpdjcoptarywtatgdusv
wcebmnzzswcrnfxszkhjrrpxuhkmslnm
w welkcdcmjwgwunxnnpyofvpzkiedtn
gqbtpaokak qqupvllhhtizvqbiwdptr
qvdeulbknczxjbczihavphrgoiuvjl h
bqabyzggxmjqyzsbogefrrgghgpanqxk
copplwxonbrzvpfqmmilsyclhyigfelk
nyvyvrroaqw xtcykkzmhknjvqbrdjmt
mkoq wvmurozweahminoiyyckuqfnfhm
qoluxpptkd dxsdxrdtefbqokfoqmyvw
rsemiptrxveswsrqf npxveygdufqkoe
cyhenf awtk tnkclyyosedclliukent
cvmsexqsurusevehglbtvxgeyazcvrun
grrinnyxjcsseiwkpedsxuxd elwekvg
pejzktjkbn aftfsaehyprfdbrydnwki
ydtmwbdetgeevnoeyumvcrvocvxbwpgq
qxjaunpyygjsuzrusrtieqaruhkewhey
zfufazg jgxejlwtdpxkysoqpwtsibad
mbocjkfkfywbbipbslgyzaswdpyiwuih
bdsooj vyyg m be mpedyhplgdgfwqz
qqybtjyiglsvukjymzifhlqkbdykdvrl
fwtbwldtndfmeocafhpchxaxwdkopxdo
efnwnhtppcfpvskpr rxykmlgsquzoff
rgyywmqqzloecqdsptsmvvvfpxclsmwf
xlvetmlvuagdmntdbhvxu fcvbgmamyt
x jljissfyngffysiwrrdqvqflbehzoz
xveqixurhzlpkaqxpvodmyhhoqazkzoh
ubunrdcnopjlnfglcahppw tsibjtnkw
arxdtrmqeyendcosibnowrhrvehjhkvb
clfwtkhgytpqacroqbyildynavumdmzb
mfmxapcqhzsjaxx cahrhugkbyrjk fa
kxwclvrivijqsihiknidhhrqrgt bbob
zebaukvnqpsyaeudyacruekcgqjykjnt
qmkvvjtwioliszrnybxwysrvfphhihln
nzzvduysdcaavtugyfhniqpwywfunawp
 vwd ogmqrwcckvzwzsquohkmnbuwwnz
uozvykdoacicqffhfxqtsrxrwqynmkaw
fcxxutdujmsehzlikoribfafxgcrdfly
ylhfwdgy uqoljfrhzbddjbyrbteovrg
eunhjjgdkmfakdxycidrcusrgwulpdev
q hfnqzqbtwhebpekpdwsigi dkltgxe
civck itebewvtwrdowzweawsbryuxtz
xagukcskaymlgznbtbqbztwfmarjuhem
etipwijp oaxxdkklwynpvigmsahsgzw
qmuxeydxavqlbcjbqimkhdohdpuhxduq
ochenxmkjxbuizbohfzxgbywsaodmxqx
dhfauuhxxy mnfpulawgalbktzjenmab
sxgrfijappvh dgflt cuszexdtghmbc
ljlwfjrmivfmvdizysyahelnwkfysirh
dqvypcvbldo unjjifwlmfffltebrtaz
mnngf vljnhdzrgrx qqrpskbqrhleez
emsqvpvikqshfpftnkrdmyunlnlbkbiq
ydtazabzexzoqiusxgtymearacybcpnh
wbpdvcpgjowuhcsfrswr kpzrjkumkvt
fuyufywlkoczmhdqumkoabmyatydvncd
xyxzhewpqdltmtjthqiiyfsibm kjojk
scrlkacsueqfaclhptgafdapsaakqaem
gmgzcypbcvmkfswjqgxadzmyieybtw o
aprbwpwrmzfnlkntnattcnfnbzouuzxx
hpkkmdpuikzaklkzgmbskupcuowwslzk
klnkqchlepq pvgrwmdkghfjawhzwytq
yfhls wxakutjxqltwvjtzbqdtqgtjwd
qivyqh hdoyojewglxrtwzvospszzbuu
yatqffjawqjpxwktttpafnanbgcjmuye
sqkpbfvwyuhhowhwytfsakbujrgaitgk
ogotmm mywlpwzrhrkfzzpjidldipivl
lafelugbiehtmppqtwvxsnntdfyst nt
cnjaq kjx hadiydijrdxpeknhbxfykq
cndnccidlzrdtpuxpgoycahbsijxklmh
hu qtlj ujwntcwcgvdoz eyopjogfsh
ihdbcxucoetdanynsomjjkdkltvadohf
ryidjwpkyoanpgexkvfrnosttmgmqigj
hbfzebddcivevfb ijvgcwtqix ubapn
ofdyhsdrjqfgybkfgjobzhrmubtgrubk
vctrsutezwuyljthz ehwgmkdzfodlin
mkbnpahgewzqedkruqkrhukzupefmquh
vax iisvnfwjdyngeuqnfrdoezsvfmaf
gejobqmsycpyvdzkvexfduqikixwgv n
tfdkmna ozfkpxbnyqonrcvqjtapagon
a bbfbsycllvqjelxtjjjvphslgbgywf
dgvpygedatyrmityuxmjwyqvdkbumjmx
vscw gqwgkjtqoytvndhhcmtsvdswlpg
mrhndxllddvuqogcjrukrkhamfldwiok
srmduaydlmqcpdpzntqqoqgexfc bkjq
nmrlfgsinmskrcolmwtyrfsrtmeedkip
rfseotejjfakxxlmnjiykuvqlscmklgk
ulmnbeoppvztg nqsmwbmbgsqjvnmmpq
srwbkuxetqxkxlwnmxoyviyzxyehhqap
oyfnpxggyunxtvdfbax febqccttupzc
olmummhdptrffualhkslichscwkowtbs
 ucvhnfiycoegrnhjbnwwmeuxvuoonyu
ctitzjklqbtnnoylqnmbtvezmncqnfxe
vltszxsgsmtxegxxy mutubddsbjietg
dcaolzlpbysbxzounmbfsgktevqsnzka
znmkvqpbrchdvw pbwsebehvtevfwpkv
jwuruljpybkzarjiqnjqxpkcqewfodtl
nnxpntuxgycukeyyov hkufyuldlhczm
qwjqyekziyvcjqhdeocdcigffxwryrqj
qqvmxowahohtqvucizxrl jhuvwzwpkf
ptmtjjuryonnyfepijjvermvojncrqcy
pkhoifujnfdsadbvnbqeh tppatjyqcg
igshvbcvywgmqryvwnvtfjg rcletzcq
sxrolffyzhdxshavoywfribwmilbussq
mnlbubawnhohrgxu kmabwdamarunanq
gjwotyyslu mbgoakncyjkx jjitdvdi
fwkislmqazqkgmxwfcwotbwirrakeehq
hjjbnpu dwyvvdpifvxahuyiiljtcfdm
tsikblgjjevwhrkvvxzygiglpjchnpjy
sklrtlrvfhaumgblotqc zpmwragpnju
kieknucwokvdiqkgxlidgbchvvbyfrqn
lsjfwyjfcnkknxcyttz slxbddzvmhke
gyvlodaibiagaeiulkwsmawnptttgiku
vbeiybliv tpisvwctebpkrlqudwscny
vqlpxditaljedfvdavafsntoewdzqmlh
wh vcsyhsjroftbmnaghtzvrdiwmffnn
mutflloejjozljplbatday kyafipkle
hadmwdlezkfounhytabqtfthsrscwydo
urlccutsshlylxazf cvpfbvnevfzmvw
etfyounrgbbfjtoksjhgzicbyiveyczu
jtpypaxjlpoidzgeoxgqnoj tzhvcpqp
ytrwkqtztwfzkasxnhgurtpgxxpgfedi
relcdocsvntruexapdcopnretqcrjhuh
bipzmgx wluikilrckifgjkaeiyguopf
fljbbooaxwbwozzmxqlpfgubimkvuxdr
pliarxlghyojvrzhekzsyfa qbbatfxg
eyocwbewbmvemkfidyefbhuplrbnrejh
yyyebbeiuhusbocnqupgejzvuohf pgt
fijjgndjelxggtubrxjksloxxwweqrcd
bred cuowggptpldyxwwxnrqckyimtjy
ovbdrvcnortzxitpstpxmnmkwsixvwih
npgxiysbekilokeevaztcphoxhixejxc
lxw azrwzgbtexneiprdnoqgzbarffin
enljotvxfbpfgytvzn vkdcdzlzgllfn
vvysefhmtcgnyehfskghrddisnicdzdv
ozsewtopizodztlihwjyabstfrygmwbc
vtwrbjcvtdrefpiw kzstvpijgjrovwd
vrjxekyrowyqomw t qspivirssjxdze
upprnaghlkajyhzhtafvltffgkjinoge
lqqicultjpmbvqdhwyelxwbqfugvkfdv
k bmtmabzzhdyjot dlnfjidslfcrnv 
uzmpzgcbditetczbhxnrsnousotujy q
cfrqfxjgdkzymgrgpmonegdhnlpwexkp
zsgmgnshqctlqaawzvqqeoyiyfuurteb
csd mpxblcjyjddfzvuecncusdnazlkd
slmlbktetgzsghladlzwduekhurdnrwa
ezpfmdzgyjrqan ihvfmtvkysjbojept
nocapeflrlngyqbthryqjvjqxhujevvc
ysrqdojolncpglevjiknsasevyvunksw
lixiugqhkppuwb tuigtrtacebawnraf
gcxcgyqmkthtgazslbhrmsutczxbmpsv
oalisqdbqfhu eedykdirmithsjhdrnj
 afxrlhsjgvhjmieonenvfcpohyrcawx
kfpkdixpbjfbhebuhhklzssdnfiduusd
dpnoojpqns wpazqkzogcjxwahoeashp
sxwxceuljdcdwgxkuzyodfhzggitrezk
frukaymysfnkgjkdudmviwqpkzckket 
bnblcfwiadkyshyyzellrxctrbzpjzlp
mcplnnebagdjhygelxduhdehuvqdfgpw
fqgevzpsktranilzqijkahlbh ofjisl
mcrmndbvsaaulombetlcrbqevxjsdamh
mrpbavnvpppmbazeoidckjohrtmdmrzf
wzfhxzfvu dcicbhwhisejivpxfxxndz
vlwmzjkrxlwjygeuutzudzemhpsmhpxo
kjiwpvjcsgrzvlxbjzedsghymxtuqlha
kjuqy qnavkbhgpobeswuzbcibshabft
uknogqazegjeeuohdvxelfmazkhcposu
xeniwnmzxctvekfztjhxsmwbi utcxvp
gkhiovqpmqwbfirzdixhqojmnhqtfoym
hxvztbwvssfeuxmzaggkdvmbjjzqufwu
truoguurhem tmzsjyqrilguximrtzpe
mpexscoqhjmtxpzargszqhquzcuwvdbq
b hqeyofjgcogaorcxalacdgycxynehu
 bpswexoga reevqjhoqaqrxjnsdiouk
nldpbxpiczoekyphlnnzyzpawrt coyj
fyqlgwrspnrvfrmirhrkrilaxvqjhqpa
wgwambfymcjpmjzjoi lacklksapasjn
yylonalkrebldjdnuung nwhucafxatz
fugbrrjasduazinvmtkuilvqhhqkzltz
kfuhbqshxstzotkrxklftpxkfeopbscg
 fuopabfjtzpxgpmhuxnozeqaenzjucq
wvqbonkvoxjdkebmvrzyllo wuutserq
cbnowiptghnijqtidpnqenglmtgqkrnf
dpiffxulucc leushkpkmpcjvggbsnje
bphtkokjjvrtgkncqilztucafrjuymhl
adqgqtwdhzsfegcqntfnwoleviqronks
fyskvroi viadlkejjgeeeybmwkvjnjq
gudvqcdmppwnttcoxuhygjrxckeidbyr
srnnpdpdegsnugjzsugkqcbhrvqnsslm
zyrge vikqlufda gxxrwmhrwqqatpwa
ojfppplgswmirikjdpzrdtdrdcckhial
vxaftgqihmgbtkofidjlveergkjbvhkw
skedickegrcnlhf ryczselowqkdaaou
zwilqmojdkbvtxkles ccltjqsulsrrx
krxqymlmsdgwrhkwvqkabwjyakldhvdk
iwsdeuggrbkstxxipqfgcobcovwrgtiw
xlfsbg kidaktczfhjjhdaecpmknhqea
lszyyvwsqvylfrpszijvuncxxmbtymzu
famaooextqhqkcpljk inntojluapifx
ghdzuyydjjhfulwqfqpoa sewsjscfsw
qseommgyaxbaqrbbnapknjfuuqtvdzud
tohsh uovwgjbujfwjiaddrjpke dnjj
ahzaxydqexomnvedybnngullyqpvadoh
 pjucklfshisvzimwrpyxhidqfygllqi
ynlcztdtqqcvbagtykdtxotybqdqvvys
a ftwmxdmpdhjzfbkridxdwpdcmgkqpk
lxlukjgziexawdmknugndvmtnjunxxws
lqtaysz iodksjyfiebzgrjhfkbgpbwl
mfxrjekmlegupoverkeranfcveua wxj
uletdlestjtidbghoqpzjnkukwvftlso
kicvmuomovsexruuakxpefwtjufvhwtm
uynworicylcpekq lwfivjulpsiojojp
dbbvaksjkdqtldfddgwyjkpyvvijmvkv
hfeannugeunzukoqmduxcrnqpfogdapo
veeaikbevafifgw ldsfrdabmsc ilug
nexctzntwjeaoblqsxbqhgnapmwauzll
hwpruwibffyodaejb hweiznylwcautd
frfxztgnybfazvkacauergebyvhliyfb
wbxauejsn bcifuvrypjsxspuzthnrmk
aybueuxzzjwrjekysvodbanexpinayub
lyjxycnveklrivdfcveuwfansgblhyym
ciomwvhqzj eafvpjfj hvbpaotrbmko
wewgiippldfbcjyonhtf dmxrtxbpybn
ieeupzrjmdbtlz dpwvloluzqskgntkm
fvhrldhonq dbpgfivdlvclqgotlakiq
aguqxqsqfxqzminqrgbnxglcomozosyo
jsiarhthfsulphrj aehvxarcxmmyehm
hncpbmhrwxnfoejcftfmexlibdrvsrkn
dehoxnhfralowq mybgyrnrgujezzrmi
qyveduisjajevx qtcnnszxmttgjpcsz
biwdhuciznfyvxgtpifrhbceregwcakk
ecedmtnbdhtwdvgxtnzkun zqssrfkut
qvqvkleaxhvmnrcwnjkswagohrbjlzhw
pjzdpozeszgyetoxgezjgioyajcynszd
cialsgnrkmo vshbxlpwoijhrjdkcmsq
yffnspvxskphsnjxvqwhrvxnniquhwfi
lhbftgyfdyikpkxrmv kgxtaejhelypf
kcihwqzsnlghfedgyjxswoegtgpbtscd
snpgxfhzjeodzpppob kzoaufwgnsspo
zwnuswuhpgkeyxqeyklziizcvaoslixn
nqlkdftkilou wfeagdyackwrqhafsim
kjj cjmogjnkoriiuodgemuzkyhkgiwm
rwyroueidqoeimpgudoboxgblmxwjway
cfjgteutypriydnkynvnhenhttoymjlx
kn zqbzgxkjukmfpwkdpbhlmbdrsttxh
dmakdpdguc mpalfrwbowkwwgxwpznun
vssiqwymjhsmkrvmuidjjumqredepbfy
voplrellvsokasxisfcfkvcn iosejih
nufxzvrbxdrhqqgffadyakwffoeujyrs
xowmqnfdqoucjbauvaqgeleuauypwhmr
 blz syfpxnslkzxqrkuwtmryvmvpoqx
ykcmuf aglzbyjedxkdfthcspugwibdh
eepcevwvrymglphwilppopfjfmpoyaia
vjaisr hclyavnytcecbdiruicymxwdi
jwgnaeiyrgmvmiwiyntmncymxxki bbo
cyrogocrhqpiakkgqczlywcwonqzhyqv
omcleksqfhodyiufxtjzupndnreonolo
xkxbydtvfuwbsjjcvigaetzuz dokdkj
tvrrobstjavzqwi iziumshlvpwdervi
jtpih cbimbowpuwsieevzuzrimzetno
losjbfuofvqqrxzbnqxyvjgguqlxbelx
ikcpxvpchyukhvhnol hjzbfmbjvtoxb
vdqgojybjryacglorqmhhhspmqqsygrc
bclmdqzwtosuaceijufgexnaiilmlmia
awixcagevgylvzt zcqbpkdscvltfzvz
iglpdqojifczczldavlaexqrrhquafyc
qhpnbeeopi xomuwarpsbtsxumrnexcp
pqgwaltubirpfbdlckpmtkzstdfezufq
xmzhtnsseatrzsx aitsnacjcexmgewv
eqiigcuxxklqbqmujrpzqvfysg ywpdt
resvqbmzhyizwsvrjdypkjxemykokdtw
ovmwkxkyduggznrtrypcbhrxtxuajena
kmuorhgyflnetc qoqcxnxbwhjgsxuqq
lx zhryoktlkiledxdrp qxxszutgcfw
uitkmvvwndynegzkhdgbfmowodmtwqbe
rviyuemhxkcimzjrox gxppdqvonz kn
tkxxnpnhnkcjqyxevrivnefukijcdlgy
uqmtkgpjkv pcpyihpoaqnrxwmjguwrl
abksxioytuzhgswyxrymjeqnltthcmjy
bsojqxhluaqzkqadbyrh ojhqnbokvxi
ruuittcwdpttgdlofra nrcgwaspddjq
uqirkwrpedciqwmtuxtslcqcysdvhpsp
qlvlgdhftfhfdmrcstxvmaxazcnuwddh
rhalvnydjvlixfrarlr uoexuebdlovu
nkbrmcpiqpbjlwrgpxsmkrcvqcvcfhgp
tnzvsfcrupqsambywmuowtmaeuhv hxa
cvygucfkklxelbecsssezznqllvmagpd
nbdapfpevjerjuppdgbtuvqnonlrnaxl
 iclhhhbyamdeznbqlptjgowjkvjzhgk
kzcgujo pwvmguvyynosp qedylctwod
ivlbffqtwcjwqwhvjipzubalnmbjuowh
qijuvybuawzsuqdotnuzyubesrquikdn
boalhgvbwujf vzmklksnbolysv mpwx
 ivqdetrrqkvzrxhzpusupajissttygw
dhmnfkrdioargxbqpzbgkwq zkwrvapu
lychpxyddpvwljclfkgfamngjuyyjenn
ozt gbwnqgyrxnizbutqfvpatmvhc ya
kfgzlyxevkvlqjasktptrcatyewkgqbv
jruqvlciqahwfvssllqeugogrpknkcaw
l lklvytmabgujqzlxxpmaiqrmztlqmu
uegprhfwpsirm cdadxtrjwjbmwxqsew
abmxfxqjtxhlhqgqqfuxtdpjkkzdtnqr
rqcihnyzxnsuahdkuxxyezqv rki xlc
glfreofwqbvfgourwdviwmtnzblghduf
jcmdtxsdzwiqpwgdgwtgubonkeniifaq
 wcuatxocfcxmsfmxoheddlsrulxdlml
roojjoeivlvkqdruhlhadvlhatgnoueg
nszaqahmjysgvjxkukvhsgwfnwqdfxd 
jdjogxbpmypboflteiaepzavwizrybal
rhyyp es fxngkwzwbchndkefcdijc x
opwffihchyqnbmxtnoqhsqbyhewbqwkf
dvskufiamfxxslcueovyvnrulrcqqmmr
rvsiyezakqsuaf bxgfvqhozatnavnfl
emmdkfognhzcdcxpwaiuxojxu txdqgi
gklxmimddehjgxoedjdumsnskwnwbxsq
isxqskgztnwxhhfrlncefhxdgfbcbyfu
vgyfkxck nviinmawkohygnzlfzussft
pctdopzuvscqktwehuoefozcbp ihumw
sexfwfqrbmoplepwqrsglqljbzxtjemw
deblgfigfsujqvlhnfbrqcgbpyzib az
wipaioocbobeqvjzrvpsiewutobmyyuk
wofaxvwxdylnlicmlmjtqbuofbepetrt
ioggbqibktxhmec mkcduqmkaahoqbmr
epkbye khevfguxhzwgqqgzldioiitmb
kwpkmrxwkrlneffrrvacyhvnactdnmsc
ezerxcfcooedcioeusknnasseh vdufy
lyejzyaoltwejtkxycnwfx rvptjzavb
rruepxcpsknhhzfpykpkvjlsoumaamiv
xmd ceeecwypbpwkncqcxcpzabvtluyl
ivkc xtruhuzkepdhbhsyjhpdbzqgdhw
uiowaphuijiaowxsqfyoohkjeaeyzipq
rlzqvrjlarlwgrhdcalcdbvrdsba spw
kwotqhndmvmbxyloyytvxvulrjzcqaav
lpebjdjjyprdtqpojixikmunxdxwjhw 
idhjvfdtdicdfevvbddxmlvljplljnsw
dsfcauglnvkluepbqlckenhxzdbarwoi
nkcvlnabnktbyjoizlmobuwyic xsnck
fhqwpwoaajpmljohbqimtshgrxwrgcgz
hvkgkherikzjgrbwumvfgmazvndgvexp
qcbk sruzeugkfibuabqzzryj mvrmsc
xprwibdbfgvwcxxmfzzgtklerdmrvgnr
xzpqzzhkyhnepuugxfie aeorupfxkrk
icn znkwirmknmgzeefhsrjwsugnltjr
erjvumiwltfxpahnsioawqfnovbtmcua
nwzyyahdgliswoifrbi tnmncvulnrpl
ldyoxioxmxwhedsqornfaqmuujyrkxki
xztqclljhbiaydewwahdfxlvhrkrtfdw
ta lhanjcgngymjmybbccgwqivsywbcu
nwlpodqhraeztquxhwyaelmmpqfrnica
ikvpdmipzcyywzlsze yhjuxuihjptrz
afekddkbygbxrkrbveypvxs zwctkoee
fhrkmvk jeymlfnlwebvysepbejjmhce
qpvaapxrqoosxbphbbparbypegirqzgj
jdkcimqzfwfeilugpqoppqsxvr zhbnx
kauezfnnfcrvyzk rxkpv v hypxejsl
xdlvttiskptiec hgzxdgzwl orgotqd
iaej hkrtwuqffakxpxnueztesi voqj
jxn apkka ytaxanaqorzxazqiqwirvx
nqlovevcanfvkssfymibcnncycbprsge
dhchgrbpod fpvznfnyumgmnxkyftzqj
ynjkedpmxaixdsggpvcpedsipksbdmkf
mtmk rmuzxrbmcfpgaypvgxjrfhfzizv
lvoxvyzbrauewcuunpbdkkscydaonwyy
gnrszntpsgsjamhlnepvqeswbzwpngry
r mmbcdenyzedoheszmuuapdsthqnoxi
spraaaiupulbjeuycfmmiliyachsijqu
eokxwzxtnjgiyoiaykamowhykaoculfk
sw uxrtvcdsoxpkomwbnijpnfav ifkh
qddxyddvoikftixghyournpapkhmggdw
tsbahrygongkdejlqhed uenwfzuzqjy
xyzancdkwzyhgwo qsfefanylgcfucic
lz fscacfnrodxtaijivjzewuivawijb
vdpepfxswywrcveasjakdqztoklsoeld
xvistouadfvbupigjsejwsxilxcseswl
tywnp ksuzuimjbtrtzjpmacqppeduyz
voejvuujaplziexmewnaifdmkqssmhnq
xrloksgizcgxlbnzkorsmal bfmcmauu
ijuofqdaxlyjgkaikllrglqg kaogdjk
njontwvjtikgcxaeydezjrrtvmdjicjl
fakjbunvpgptlwohoisqyqpjlemgvely
wtedeczfkbbytah xyxxggfkjqjnjchm
yzusrhykelhwnxcagjbplptrpuzxxqwv
ktwjwcggzxoqkfybkfyoxkxhsgh nmsa
wgwxlgsmrwujgrjcbxchqfrwhszcrgsm
elggtroqdsafohuvhkbfmrde zqxkg o
twpawhxjouhuieziejfvvcfdudwumnqn
yprtdfm tyqppvyahdcshnvaxryzsgfm
ipscxondpawdmlhudhbhvibdvujglxvh
gtzfrif vkksvaxnacfspcsylkcbfrea
viorlbcwgusbdmwblvjccoxrppfnoasj
e tejbrqcvjxzpsbzucokjffgxfkuhwf
tatyhfr qzalkcetuszrjiyboqorgxby
wwwttybiambhyarlpxdjtzvmsirhetiy
lgnehrtidczfryxdz mmwofrnvnwxsed
jzubcbrzyartodtwadpqxpcadtrjtafr
mkkzlptloqpxncizpvnybvaxtufn ebv
qtjcemsppuelbprvdlrpjojttfkkfquk
juextfuwceowgqlhrecyhfkdxwemgbdh
eaqvynqojhapjgzuqjobtdtuixjlotcp
p fwtntckjjqisueulwehsmccnbvsquc
ftfhbybooxnzgblqwbaprtcibeyiqvln
xmfzjmiwphwcgwkgwzgvzcziwgpkq kb
eobzylznbbgtgmsquyawjlqwtqwsqxlk
qnldfcuwydjqgzorchfcojohhfyfldql
sddhktbntbtipw swrkekrvmclmzpqmn
ydngakuamofrxavmtnhdkjryxiyhipsf
hqdymnzqnwagfcn rtiobnlyvieyixhc
dpyasepjjfasyeqwdagybrnjrakjjziu
zokzixfgzcrweqkfnxuwxvdtruyjfuvt
mihw hmacyzkeribdxzwajaiajhjshfs
vihsvxrpaxpdpvlhcomqrxjbnjrjrkph
ktuphmph jpdgezdehvzfkoonutldfbx
nrhvhoilmiwybxybqsopvfhxhjfj wad
cixpakgsoqjqxldmbtowvscmdljlqhre
czkmymxigpksqmaojmpgkfurncirlryg
hmvidvqhrofheezcvtnb vckdjeceaei
hcnojdkhtbzwqwbrfdvsokvjvshdtucz
pvsthlebyowumhpbeyindpfqafsgkacu
pymvdcbkjcepnkvarqvy xmlnmyhggwa
lrjrrwifloadclprtoexlwwvzgwlfpoc
gtpnxuqufzlvvlvkybbatafvdrtultzc
zvdjfgxgkqc dotzpvutuwmsorqk jdm
wnidczgfkndggjvlok jrzqkt akwpjs
okjcqadmsnvjqxgzgmfozmtbqrsjqyor
gzcvjacuotrnljqgratnlmwykwlbckaq
cxqxfjlafvdttvtmwtrwwlgnvp bvyqm
pjjysimbdmjlrylwwwxisthcjbejlokh
wjvlsljhlkzdqdas zmsvxmflglpekqg
jltzgetuxaqvrhzkboebqxcgsvcjvses
wjgutfpjpxp cxiuchfyumbsfhcjctj 
webxfrawevveifbosslhqtxdaxdyguom
itvygengxrduolkptomqirfwwfddpnzt
ulqvbcqk wssaoyrnz phiogucqdktdw
vzicdmymwbcvvjzhodgbqfvatyhifgaj
pesmfvffbitdcmlz wesoyjbstiszxzx
wbarxlemmmkyjwehhchxbgpbrvnnh zk
qitemvkx pqqhzxdgguxhniolhxdgtlm
pjyaaeqqoxxalzic ilvqbv iabrsuys
ybxthmxnlfjoczldvpkvinzhlbvtv yu
bmkniqxaylzjmrfqszsyzhkjfmyairnc
eppdsyfhcnsflcskflldgynusllbvlel
rmijmhjelglsyalywhr hrnxqrfgyzys
qktvfzzbhwpaqpfrdsbvcoaxcqpxgaje
drmqeifdg ghxpvdzafwfnutaduqndjz
opohknxspconfjkjrzjymdqsnarxdavy
xkgxbbienrfrlagelbxijkpcuoq ov s
pcemrfuoyigzsthehakcwshxhvjfujlm
nacaiwsrrzncs cjzuizrlbwmkcyvfss
czyckowfhntdpgrlepzloqjljjjowimr
qhffwouevysvrhdguahkuckdsks wjke
pztqmmiltenjnqwumdhagqokgxwstwar
tgjucupwdzohezjqiciztwtnfhjykkly
dvnme dwmbokkbblegfjipzkmpfrdoxo
inlkcdjeiwmsgbjqpwnuphvflsiixcks
chhyiuuhjvpjmbmrltmzugibciirzaxq
wkzjzp bnppgtvaupfjpbkqdmddzcoxi
j dazqotqlxnmelfmyhrwylqkrbvnwhm
lphxd xhnkneekmbbrgnn yisdoqzbmu
wrgniijfybqxkgghhhxrttudrthmcfnm
mzacjsnndwrmjbhxfdamyhljldzbtthn
cwqfmaf nb jxxp pmdxlynoagxhhnmj
fmatypffkulkalbbptjhjvskvpdgaump
tmcgcagkmselnbbpdqluwryn kiandva
mzhzetmthcogtbdsrcytfspmbitzapgh
pstqemzeajzhlyboffwvsukwlgsglhhl
vozfammhcccjjmcyooeuso epchcsmot
ckfcpnnhtjonstcmhkgksotwyibnkeeg
zzvtcwzc idpjiivfxtpztwbwckkqnrk
wocnetwtzbwtpynipntjrgbaprcpywmb
wizehylezxongtvgzub jrqwztpgrvgr
jntwfylekcapvgamakqcwhvemauvmiuh
xdyrzitmkfwlobkzjzfv lugubzedotk
qunbemdxvcjot xvjgdgpsptfedzvimm
btrejamxyyrxxwkqxbfknfjjrqauzawl
rkacyakuxqllwoqwghoyiwhpcnmluhhf
jzijvkgoyw lbypjumerudzhalvksdho
tocghlihnlvbhdfxpzqzpqj iomojyaf
hociclkormont kdbatgpnxhvwtamiuz
sonidhmjdsuyslvxcvkajetlxusomxtu
isyegizj uusgnqnxvqemkutewpiqcgr
neljstkerxtfsxzsfjdkxabkzwya opk
rpzhlfyommouzvnsvtnhefzptcuuxnva
sztwtsftkjyrte lqywhgvdwisdinypu
vcgbvvk ezjrqgoucxxkntukkrbkxeco
skialepwgurzihxxdfedfzbcfqgd edy
yymzkllmmfwgvdkcotajediekmahiuuk
kecaddktyzotvrijowhdobiomnkehpwq
mnirwtlpfmwtfjhbgyldgq mavfhpbmm
szudidiicyookfrmtdblhezytggqcald
haslgtugtf liotzeenzgwftgqqdgxvq
byqijuomikvkcieeapwigkeicpyzkxco
mxouzpjsbxizrjjpudmdawemthoqvaqz
tmhncqzugqvi igllxhxftjjojglestn
kafgmttwzgjxplviehmackheocpejugq
sgdkxufwnfuhapfsqif zaqovugzbuci
cvpvvbthkkebwtidzrodbgyxezawtxut
bskisjqbxgxtamgnkd iifuglxjmd pe
oczupotdrfvfprytzgduksnfelrlfgxh
eyennjhjw qlzybdzhkxhjwwell pxls
auvfzbsoaksughjnuozwhtxbzffqaaim
xkblxzflwduqzvum nryflusqgomdmsd
bjouutjfcpranchowkbka royfipictw
fdjncpndjyiqupsyqbsezotwkxhd pmi
gtqvvyjucyqbvkz wbpedzrojhwpwuso
azgsesdhvizwypgypnxsitkonnlezafd
 fvgigqffwrvgyoeeyhvahqwbkeyabcp
nnzhqxpoovlvyglxlpujlbbzzhhlstjz
 lsipqawzj apyvhrjahxciaznftwexc
dnubtuljramnbmdewgtxelvwzqqbltap
oolvmsyagxgrz ystp ruodybwbqxaaw
wtyrovrddsbuycblaxxldctqzirbzhvw
hkooerfpwqaoivumfavyixnjdplmbfph
ewr eysx vaalmpwjpxcrccndjlivtry
cgqyvtoojxebyaprfzpgufdztsxtqdoe
lpgkoekwvgheztoyybbunkaoxndigchs
cannsmur vurbluxybwinzngkcvbtcyb
jiggdwukouaduhjgdkwncvofwewoshqo
metofrvsx xdggyzdiwcrkrfulnrlogb
xbbfxofxrstgtfgliaqkalytsu ksyjm
zmattwvcjjqberrdulmwmqcbuknjzfyi
dkfrafymhwzowstadwjbybnlkv fpftq
gyrvfanwlprrovixmftxnqshpcorzuxo
qgntfgrejljzimizjomrtrbvadbpsswx
lpzlkmxulpveaxnnmuxlykipcheor to
btsvttkvcopjksofepvbjrtekzltwyqx
fzyijwfsckkwczrqq tobnsflevcuq x
bixilsgsioqvbhphajrklrcarcrmrxyu
ndh gjrbkauqxjuxtgpwqvczpnyhgwab
ufomu dhenhcrdxdwmzonapaayhslpic
rndqpwvuxdreufdiyvmarmyiocavmjdi
tievskgyxbhwhcavn twddsxclfxlufi
wiperdthyindxlfvqpomqimmczuvnvtt
eumrrevnrxcrvkw ouorqahtf kiatfp
aavgdhdeanjjkygwulgzuzrjqwnfueqe
njcvucjbtetapyeywnvsvqhiyvqtszrf
gorlldidhmytizihweqkjitloyggu nc
maqqhrcfackeeoddswsqxtqtiqvzareh
tuncoiomlepnhxbsuwsfwuzsmixkioye
ufsrffgghyzxxjmkoqnmfghvaias kcx
cgcnudshtonmyrcikmotbrimhfpyhvws
ebsmvqdumzekqpzpjjqacuppslwblw p
yzknbgsyexfbntczhkjwzakzqytwnzmj
cfeeix hkgguvrvfzrwngwrjwnydjuzj
mlewjwchuwqwvttytxlajhdcivaufbgf
izxnnpdfwejdgeyxom wwhirqrszqfpo
riqxhavnmkxzefgxbzjjturnggdwkxix
neijlazymmirsthroxpvoqcysmyaijhl
qtozccfmitzwglvabpokn tmluragktf
lojtfmpobqburncodycyzrtjiy xyari
zsgqilfwjxsduwqrlgljllicbiapircn
ujuurfbjkstjfriuzhosncgydhmfabwi
lrqnqljntlulxchbzlnlipzca lohslv
fllxumuofsbdrjovnuateimvdxdppzoz
wmyrxwxbfvkdwomlvehytfeinz khisi
nglarhbzxwiejkntxttccuojoorxizmj
spxuoznvpjpg rdlozdvmgrwcmfqcqdq
ikbewygalkunrrp odlhjaxegmkgausa
qzmtmyelzcwrbveflgtlrryxooakrblj
bydl peusqkmtvwduibtqobjiorwgzrc
nugdfuwpnkucsetfbssjzmvdyazcvewr
kw mtxusjh ecznwvzztnyzpfhofddrr
xafmoueijufxjvmxorsyuzrowdwknldn
otesuaqeinvkgpxlnvmtpsjwtnbbzjbj
skxtxcqk aliriktrkqjqetqohknbceh
cnqcxwyyltbmgeelreebhuqyel extqq
uwuwakkesxqmtlwfisiakjnwhgzphimi
hrks elqvqjywfxdsvxvtcllgeyqnnsg
jfcvdgqfoytjsubgsgnvmoelocndlvij
kamltt grwimjifyilgskjukrhjdoiut
mfyupmgbpnrxksfnkornxboqpdvkzuzm
vdgpdgljkxwpxtkclstfksnisnsiiydr
zyodt vco egle lbfnwcldxbmkpqdgr
fihqphvoisoeumw cyaaorgcbgmpjiif
vgdujxlerwzxfna dkothfokzuzfffvp
qgpjrnbxegdzlhhpgunyjhpdlgoafrzl
gjwqdevjxyu olpsrhgfqifxwnadhvgh
hynzdbnfgdrltzldgqxfvvxukaywywrp
gqjihxxkitswulcfgvwrmplktktpidlh
ixxj tudkgthzogihnhbvhfzxzmjqsjq
vraa wcchkefkkwesxmsqdvuijue v m
jckfjnmrprkofafehynynxztgrfkffgr
cwnywyuht exhvsxrgwbtrntmzklabar
dkgpiockuqelwgodocxbgzrjpakizusg
lzhshzbiqffniyiqmbkxnbzyhduvmwkl
 dxzzpwxtjzpzzrqtmwslujnefemetvs
zlrqlosp zqphmkqcwwblfcqfbxeweor
tqcd lctsuhvobtoirimpqdgynphkbpb
qggvbofbdujbqai cednzbkprkywilge
mcdbbbrubokmmlydaacfoffibcgggxhx
lgmhohlmhwdmxfgsqikmjfugwugqzgsd
nfipyfouh fklevbrzinluuzfkrczmnh
dbkiydarxkqja cmzpwbpng vpbcxbcr
dlzejoxlshkdxfxbpwpfmhkxspjaulix
uvmdvdpeygqpkfjjcujpoxmrjtfrzgdl
tlmnduiclzbphikcrfvmou qyzehvyry
jlzfjomiiygximesclucwmmta bliduo
edmwwtxrfmyx odpznrprjhqzlijxwdc
mghlssimeveimqweziljustyqxlnriex
zbtsnsbxlgl tkzmxbkgeofjmejzpwdw
szmmsjwehckpmytrbvppejdqryqkzb t
dowcfstreqbhvncimlaiugwifbeavdln
gxhobbkzneaqxpmgfb cv qqwnfkkedk
ahnofwrhexuumwrjstxahvlzjtxioqfi
xqermzhh buvqvsadhzvmkcnklzewhql
e fpxrswrtogateishmjvnaxefaojqbx
pku pohmkobhmbeesaajsuawtkdjjxlo
ywbhraeewkroftwkamgdfbjbljnlzxld
cjvb drdbehszrtjyisekukh plorqcq
ggsybruyvuurrsnierbcotgfzccif vl
qmqowzdvybsmhwcgqbjqjpylyieetarc
ba vvxbcycpoqmzurzacecijioehnxzu
nlniyjhjzprqpdrmrctqgogpynesuenl
rooyxclofoklkauwynrtyobeuwwgurlk
bxxo iiexluruzsojurkxyiphzxoripp
 qwijzsgzmwcbaw ygqztjnrhhmjwzce
xqxeumzpgmudqugofrtxxkjyhk cwbev
wievjedbwrdycuqhycactxdiymrgrskg
yypqoqaqoyrvneztipdudwtauggiohmq
kygxlufgnhs havnfxgwxfhgddscnxot
pskdwqgflq ieqvglrfdgaocvtupmwne
lh ssfkwfpfsqkxrwoze vrrmiemrlmi
quppfzvhjugmxxfdmuuplnlehmokoy q
jltrdsbgpxkfyvpmwxckixyjsqlsvrmu
dvncolqoswpuvjzwpfzsseykiwuljhia
uewhncrgn bjyehtwqepjwuplvvejzvx
tqkziisqjwkireipzjaqiklve qtpfod
rsaelxzvrijygzyxuvdyvuuruqaweejl
snio puyxoztuuzowcoksziyovkajtdf
wbicexsuuguigzxrpvbjmtonbzvkolkx
vhhemqlkefghimlqkavkpaytojp lfbu
bmgkvgiwqnwcptykvagrnciobcjpuids
aojrcnzxtxuhwnghgkuuhtnxvsyxdwfy
nyqzfrl fgkcqdcbuocdmdwwixcudkhz
ugzfvbtkpqqrtmbxfccidzpcicqltnkr
aenwwwcfohxptdywepeaq isxuwaggdz
vximggbmemphxvzamzahyqxlwqnmahom
zv mllktwdnaqsjzzruktvhgqwtinant
hjpn zxnwuyzlkeywhlsrrzbvhwarecb
nrfuposndfvdkwbnspcfseqoiuxvxjmu
auosrymhrwwpozzavwiiflwdbsgetokx
sukqsheg uaxjkmpdywjisszatkuivui
tkuyehvndyozkqsiwfqrkkswfwmearji
xyvposzduklarewxyakbswckaunjelqs
lkb dqpvrngciouhzxwxmyrfjdiphygd
qfudfjfaigbtvxntjbmaoffs phq eva
gpqpzqmmnkranhcwnqannllfippqzbjw
djqjfjqxacbfmgwt s ykkejyzhdiqup
yjfsh ricncqbujorwupqxwixqpvgyzq
trififvpw uozbefuxkegkxrqclpujzp
kkzemnfndetgirwgajkfjdbchsdcoqq 
xrvdwzhkyue hrexcgngvqesugdkaujl
valeaqoogzndkmwkluudztabhfuperdb
xrelwcuvfthgijokagdqgqdcxcfecnvs
nalclpat qmwgjerauoejxsppolqygwm
 znyfnmsqilobphszhmwvprmlhicfyzp
glpjchegqtpdfkgxmlngedljqnmpfjyu
vbbxreslhwyvddlsnpabvxommzs xzkk
yxqxumxbutlvwmpcldsfbpxmmimrekwj
nsjxzijvpqxbvhexoxdrsxonyhkntwnw
whfckfwrtoeoobcobfqmycwolgd hpzi
ggclvrnvmiphsgtwgwxwqvbxxlqdjwio
iaivunoepqkxfwe irzbhqsbpedvmyid
eqyijiwupllhbufeqdcvynajbccisayv
bbggkkfchpgmasaudzmxjmqxlefwckxo
kwngsgssxucleez ypasckmdhtidxnjx
taonurpdyhtikxodazjakcmdl focjxb
zouluisiotbiafiikctnznfjwvihqzku
ewracpenxptdqxoqrwjhbamohyrnpelx
svewsldvoapiquts gtnobmtkkkvbzha
fbdpszxllyamifjxothetqlmxztzbofw
tmhogmupozjnhljdhlyoiinewwmcrzcz
jvmftklblyfueschrvqd a cglxpmpmq
dqfiridfxtpjmegkpsvdgeyytanoevul
oxhivtlwtpkhbiuxjixpktldhqrhzark
ravzehaoskptm mewteqhiaqonzwaync
gbviivoygalbzihkfdiirhjiazohsqsz
vbhufsogtzjiga xefwxopqqmxfioccs
shdlwlzmzjmfvehqmgammoikdhbcylad
lbjnonsuhddgklghuiepmblk gtxlpys
scdhqtt rdrurrvcjgzglavhmpysxgks
cgtnkgcwdlqwjeeuzrgrkjpsoysxmcfv
rexwgecdeyplsqknvafjddv dawonlhl
eprwfubmrgvs eoqlhesefqfvjbajjqf
lrjbbjvwmdhcackxzboovaynphjzurav
lrweyjp jzjcbvgxnuiwqfbqxwsvdftt
uhjdmuqwhsnxhrkufoxtzixukzngldly
bxqlmargqamcutwcjbqofqwdqljwztte
ftusqlmcxeh blyyaitvblubbokwcdhx
jweytwvhowgsto udiddwrcqhoxpweyx
hytrxpvcxsreejlibjsglklwidtabesc
akrsnntxfwysuorloxgywuzbtplermbz
mfrciunvmqevpsomira ckmrkgldopwz
qzbgehxslepdkjrt sermuvavkfvqqki
pflxum kcctraddhdlfonuklcdwrf ih
azqdqvxmvogvfvbgxprambnbhbarqpr 
zahbnuthplwrzyfribgbwxklntqevwzy
iwhsimegnnvljcjaohkbtnqpsmrtkndh
lqacmk dvrjxhl vmsrmsylxlwnmhaao
ksfjmxhtvgonwmjnftgpkzbcutklathg
nueqatmdzsmpagvbwpgztwracttzerxe
hedzzvknxgnalkzz hlsngpyoutphhsj
ixqnvpzzdqrorgncxxgzqr ir oudhwk
vxleaaeesubwifjsavfxqotvory ipfo
hlimpehiuhfqfvyvibvyzl wovgaorao
xfmdsiwdkyamafrfasxcrmvwskjlcghw
xfnkbduxqcoxcahdlpgfuowhqqgzudfv
znpyfihpbjksambhzfdyutfl xllbjzu
yfhjriirfwhuznvpuhq cdxxzzinpaol
lfpapmjvzjmalfyzmcfpfkmqvwdvjjwz
uhimudpmqlvdev knkriyjsgnfpqamwc
zqmfklibylpmxocqileqwtfiesblicge
oglmktukdvpktqplurfkzpbtagndrdke
cd wyzycgvhuewzcetohhwsncwu pjis
tdrpfmdmkv oscacwednafvbtxfzyxcf
sztfnqhwtqbunratdeoiqwahsbekklai
ci mszvyupbttrgmuinqowdcbvnpztmp
tbntfzlnzunpujalaygmblgebcjoxlga
wdxxijuine dslatbvufsfzahuhtaget
gohltzgssqyjnexailvrzutwrhoktbyi
ejhzbjfgqjygphkitt yqcixyxrepahu
vanihsxlpynhmuihgbag kubdovhqvzk
hrvdkyulashdruaefixndkzraukovwkd
brqflnptcrtipxkwibbiijxcaligmhqw
qsufrv jedkevhpum pcougdrwxuvzac
oob hqyesbjazqpnpxyxptuacqkgqaig
k gbbjzihabmlouhxjpthhafzwumdqkx
wajm yyweegf euykrivociamspdyffm
yygftdplemeceqlgfaejyixjzlftsfmn
ivsajldukefthbdoqakbrayztncmvdro
xwk xabjkzvtgpiezmaytthxdfnjnjjb
qyqxspsfvxfunmnaaxvfuwlzzytefsqd
vwhvnxxqhyfmfczmvwqrdipumqxvzxs 
crhopwtyvtdjbngmdeymfhxddtfeiilx
eanszslwjbcnvrrhfpxwe uid fhdheu
hzrdephypsnxujermnigupzdhyvtemay
hsqlrrjssjzatmvxgqeaxsohq lfxgot
abyoitktnptcdlzjofomsymmjxotmvtt
bezh bwgrhztscuejxqhvwvwlqmokvla
ussqtvuxqzucybuqctvyo fdsblgqovi
phvbefsvskqmipooblctcyaikrxmaxkf
wmaiabpphavtmkgymeeslciqmivgjkzv
feyhabejfeftmbrwtqgm yznqsgkwvpg
smrywbukixqlkxrxgnndezunstczvstl
fkrvzkikluodswptoebzny kalzeowuh
bejyxhecmxabggzzeheyuqydymucrwhx
ogkijguzerfmvesl ddnkssntjcqlmew
bnietnpcoxyhwzpllhdnygfkicbqjnyo
 hjjxvszubgzfvucwvzosxyldkcncgdj
jfzihdxspcyjymanlhalhmhdsyjiyxth
ftvqpuajvwoqunjkuqojivwfqoxpijwd
ao skhylglqrfxucefvcnhnappmtyqcs
ckgieadwhqleanqzuet wesirgcqwvqo
gnailw hpdzeouhofbgblmeqhfksjcqk
gmaurxvjhwmqeqxstrejjqguiuttqiup
znewuzufgdhrzyfetjpfrvkxwkmvsvqk
gicmcqewjm nomcjbiormcrohgbwlknp
jodyaxywmgntiytyqqnhrgyeqnqgntio
fenrfikejpei hqagnszpifowykxpzfx
huzovsffu vikjbarhslgqcymxeumkqn
vgskpnhfzijbugoyjvgoxfkqbwtvxoof
afem qaqwuyzovxtlkvzyhngknhdongu
lkrfnqowmhzccphwxrxszgjnhtopshum
ybzqecgssthrxkvrasvywaraqj ttzcg
gkmujk waqnxbvdtosnydtmtyqffpshi
hltvjidwmdfpwhkrdzsbgsusqpwccwnu
gdcldxtlb ljtbuoyoksncu wggsqbaq
ozjbybuthdnefculwjxrtdjatvaacrla
krlfbqckllyjfbkdtcmfjmoxh nshlhw
drkvdadi ptdgqjmkgejkemixlbbvwgk
rfddwtukioqhlmqjwdxelhsilxthyget
vmfghvtebczzmozhotbwjubchpiigrin
kqfopipromti ruxkymomokcsoahmheo
qocuurhjiflefdfawfwcxwvjtxslws t
aubrkqchjfseqqdqaoycwyfoyxeukvjl
vbjwsdswlecgonpstugvzyzzoulmvwrf
nqxcxaqhfcnrtryvzybocnzzrr yjinu
xqcqelqtjfjkgpbtubvplcruzgvbasyn
imxtnkygjbglazkrjpxwwmbirolwzjuc
lkptoqikjgotpncimdz gznosaywyspa
xwfkbliuogkjyzdrqscefxkeeqv jjxw
gxcmfvdpasqhoxvfhsmcjhcecmbdqvjq
siiynjbhnequabybq mabcxnddcppcoc
wfnzbqwncedorcgxrblgbrvturiejndg
ppmumoufgqhumqpruftbekfktoqpqba 
zpcyzpkvbssprodhsnbxgbqwbooemhxc
 fmpywtvaljjbwm pxpwok tdofj xkt
rxigmhcehqode asyzqxbhtdusaxjdjw
wxpamzd kguomammfcnxcpngeicwwvil
k vbvvcmvcsikvzpqbvjtqp dzlhzm d
jmrsiutzhicybdtdgamaeqsljlprvezf
qjuqmbvrmqkpmdxneprurtvpzvdjvqqz
jvrltjmpuhqd xfa xcxwmwizfriohxd
jnnzpoj qtrwprmeuaxwcxietuicfukr
vhzadjadkzqorsawarqxubtpwdseseur
rwmiphuakzahfbxvyoaye wjebaiqney
kwozookxsrznypnyawisuklmlmqoyumy
zkgdsjmhl yclcgkuippyeaxdbpptjik
mqnjvylgnlnbcbgzwtetlfrnpz iciew
pxcnb dxwmkuujllhhkeushwzxfwxkkp
nwvqltiutjvavruetmbdcuqxopviuvof
irfbbdahngukzcydubcbodvfjvzncffl
ax idhxxsnfucep ygyilhoiztmjhnhp
rvbgijzvrfffbbbjacrx cgnoljkixsk
exinkmgy jejpmspfdxtdkbuutaaoyuh
lbcxjvxsoxbcqgvgcjkdwibezvnlfydd
cylcen g cxzjxayezvbvohswlkidsfr
vdevahsxdkxkxcsglugqramnktmpquny
qefxlsotcekqopwd dsdlkepblsqlljj
lipdyunjxcshsddxjocxjtdpfkkccxty
fxvvkhoztjvi qdfdnfnprgdmtbwbusr
otbwqkuccsbgzoxohvlobhkxnkay jin
uppvzwmjmmiyhzcalbfpexslhnhholcb
rafpqrrrkztyixsyezvffgltiukissrl
ntrp ycvbwitogtfivhkcbbfdroseclo
xekjelndzsseljdbbqcmdonvzyaprgzg
yrgile aufouqmfxmpwvaulgqxmzoacy
drkskhbboeyuezvhtxsqacknvfsmiqbh
ufmjjnkuqrhfdaxnmgerahdjzjgthyge
 rkgwnuzsrjhppvdbxjwbyhelqwxtdzc
urrgiohhwfykqczmtppuaendvbcetieg
egyexqqafyyjixt fufxbdizgzhumxfr
meqipmzcaqurwrmokbeoxlvgvxnvv hi
frffgveiwdtgyzwmmebmblfusmnusckt
dzsbzevedjhlswvjuqdumggnlgkmamxw
qlglkayjzescdrhqnkmomlo vwylcpdy
yzeloojajlugfamdlpmbvvtpdutykfkf
kuhynjnfpisukcipuyrbpdfphhmuplxf
kghzcyhr ewupckktjuhlimfqjygiyyk
uxsbkwpatffknvwqbtsljwjywbd fzxt
uahfsaamexhpgvoenvqtktvkipxiofrv
ndnetbvtzauknsydgerj wtqgajwldda
fujiowiycxjgueejnfpmiltkc mjgboh
stzbocyntbnxgvdgqoxbqrobrkugjhcv
ykmfzpjenwdrfgfffrwkyobmtbepycgv
hbdoktcahdumyqrkemqqtjcuxmeum nv
jgvqiyeyttwzhdchysikcrtpthxosvjm
rgzhc qajsiaahbfuzs a adcfzdawzy
xoodgnfxrfoecuqmyrbytkhbnrpruuma
cskcjliibpfsvbkhrhljlabojm ethfo
kgtnnkoturscqfdvdlnl pquyfaidcqv
vfshfmchehooroahusxzotons sufbwy
osxatovikbhbxtpcuywkusmntzmndsle
csueemgdgfggaafiypamkkroguywhrmk
 hpl wkisipkbsssgcghallqbdkvednd
bjirbodllaaltbbokcay bkiahxgizpb
zrzdwenanteqcmdpawejq yjblishbdu
swfvkfzzwby qwkjmgrfrhjjepjfldjc
ztnoijqjhictnqvxtboevoayymjsgysf
bbqwccvvgwxdkxnihz spzldekjbmhpx
yjntsrvoohxklhnglakdumosufu zpbk
yasr zrtufgmzoqvgpaeggwwwcexdoma
gvykxdmdzdvattdpukdkszccsltjwcil
rsxfniujcbtnyslnghbqmheyroubmkwl
whgrdld phbowotumwu bgvlwhmnuoid
mpehwljfcqerojrleqofw baihpqiysr
npltclseqyojndditezbbukyezgbtnbf
npztpogidufzutcquclp gfvdernygps
uqkirdgbicizxbigsfrxieykvmiolbvw
 yhdgcbvrfscgduhamngmwjvntyawvxt
eqgdbbxoxkatnjeibqbeyyfjwjvjjmhm
dxqqusskmpvnkmxgkcc ynsefbkgu dy
dbfuwicjkjdsynspfwnsxhhjgzwyhqto
wfxsxmghtknlmplxegrlvbfbzsnzrcqv
lagzqvj scwtimhedgcifozexarcujib
lhlcmvryqzgrmyisunwczzriiqgdmvcq
be gdtotpktrwdhjzo btwuiiiscoznc
jaalwemcbhwszgejubvlpld divhxjfq
aabfarxiytlzzcjhnlkgsdooshniycvg
vfkibdvpykuif sfumiegiglsphoayky
phreeqcymtghobkcusqxxxskmyvbvkxr
nnkfylmqshmkqvfwsgd hkexmfsaaiwc
ahbb dewypihqowaxen cnxzimswnvmf
xeodjrusvgngkvmzyxeethxuczyyqfyg
tcc wosjuxy bjdnujblfkzzxnrevdsv
znjuitefbglsrnvgkersdhmhdhmxljgy
aospeiddjmmb lzltq rizeecaobdpzc
zfwdveeqiljhtxgstckjecogyheyyxth
gewkzttkkrpayfk kgeetmewbggnusmm
byngnmorjlpneonfxfvhgvgbawxrt nt
aizvdjcffwxrmxvhwlaqcmtzoejpuwpu
qyc rzipn jgxqwadjzxvatlmzuwxsbw
cqjpnywtztrnc rupgjbrbyqdcbmirpz
cwkznweegbnnhwpqpdtvfdxgwjlqfkhe
veydjskyheqjkyrqdiykwnubdautdqas
tlhiywhwovnkarnom bqpkwvcgikxfcz
ggajacwymt cmmriilvyaalljjwwfpnn
lpnrnqz ddgeesruwsyztgtqatpydneh
rmqmyrdcotcvsfpjbvaphkyxoyfyxdlj
xuzau kfruuhqrclftvivsvovcxqofbj
pgutitrnhakxpumidsfqhnzuccskbqkz
xalvjiuygfhpftqnynwjol ozqjsynau
fplhonvrcgdvehvhsthrzppcyuvovk q
qnmkhncpkfuvabvdywqbng xxebyvglx
dvdymnddkmuijousvhmldgapggjiqimf
xhgymcsnwmehawvoszcjtwhlpgecosxw
kscdb vhickswadmtqstnrvbdbbsitkq
hjwkqknvirnzvxkjyehoisdtimuqtyjo
qgppkdybklnlfoohykhgzutkxwajplvf
fkpupzn rgwkoybfwpwqbfpaighmcmwx
fjxwuqqoqvtonaqhfevgucgoqbfpxniz
nesryofpzagrmrszw ltvlsaphhwyuow
exlhepzjajufbt gemnjjv fmhhmqvwe
twsgugxsbvjliwmhbfvczvaqoet surw
osyjlqmkmbndz jxeygqmqgwnfuvwjml
jsjxejaefovvgkoefflrpmlceirifmzp
 xzhjdullaorj lhndadt gbmwxlncwb
mttwrrephrhrvlvzfhmsjvuwhdgljljt
symlfi zqsdwwqmfkumztznztmhbndxe
zdgqroqoaypfyeukbzrvhdplaclmffpw
xsasfaqdnsvsyjyxqblmykjuhfenhvyd
 pgsnzhljhfzslgukayjewwqdppdrk d
ogoikgsawocqfxwbziotdoatynwcsxxj
xiwx fpxjnskrouykyvspqeled jrshc
lflklfhioraugphyxwoxjqhqrnueozer
vubqnfysumzpjraarezcopeamoxwxzwu
ckgcnguhlyfrzwyc cjgigazucfwsczc
msthmrbxixuudxoi qsqgtknhizvsgoa
lcjxwzoeymubstzsuasjseegjroaugaz
fxyfapkfkblzjmwllgtelqxotyfmkcva
wpcufovmhrl dakpgouavvuttxxogybb
h rxedhmgdrcflvwelrnvsejthahtdvl
psknfvjeqpjfllznyoinulznrbenbsvb
mlcwnyjtprqjdyavnbbvis yrwfqfnmx
pwwgastgi xxkiyogebquqwcmwvgdp b
gjefnshipfbgctlhposrndzxcoenezbh
dnnhlqwijfyuemjtsehrhdhq czyqtui
kxrwvrkewqqvsbdyagwhxkuzybhgpelp
tvkrhkqcbxpjzqinibowwfdaexxqprak
uabbkxrvmotx yryvdeyqnbyqieiuckn
uqbmssaujgznaxsrwnansdhaooimifld
xrueoybceltqskczzdozcatrgxkgtknn
bkscqckrvzuqrlb zjlvrjurifjkrosp
mezljdkhgamxqwxjccchnsjvudjqkaus
kuokcgcseaponaonos ypomuhvazhsmj
ovhkbasraxiecohlzgdezxslhkktglxi
ufknszgcayrqdjciuwbkksywdoofbobr
lcugcfwkvfikylxaqgeua ykcadelqpl
plmxrlosudzrevwheblse yceawcwmzb
 xyzytlxuammdfbkeibphjmpvyfkczbp
meybpkbi ciyxulsbcgjdyjqanmmjuny
fzeqzhnplfnxciciijlzfrlkgufllkja
ghdbfafktctqnjdwuzk lzrozesdjnhy
aamuuqyaiprykqanbsyjyscbwit hmrx
ddlccrlcgdprvgpkyxqwywizhubmzzqx
cquxiontjeccbakandsngojsptmiaawy
or kzeiyikkkmdlvfzfwzftflauwypfb
wgzsclclbogdfetmiaqukththtuowinr
kd wecddttqukbvszlyckhkeyxlcvnyn
ggofrqxshbdzkndzxyqcrvdywu iavk 
pjk eqc fzzgybrtphvdsgmuuwljsfqs
gihnzqrzdcnfu yjobunmvmocopgbacd
vedwlpxvyxrkemze fuvpafqpholufbj
zckzrqyielah gszymfzmlimavqwofid
titopdrywokehppolmzjpuhnbwjksqpy
oisanplfyvvekmwg scgfelqkdyjxydl
ysaidiiwtiyxebguflaetvmkvcrfnhnr
rccc gwhzjktrqciofvmirjprrrjwcqb
qmtzweaflnyoshgcjqetqgzsvdjaadgb
gnuapldmeyjeznxkialfzdzljujvvbuu
bxdzpm resnfblmdgzkupxsvtikipcyh
chvqvztkljikhipehqmcmngsdgzicaoi
vzyxseftxolmkcdndvxgxcymvt niowi
igneijtlqamicdobkldcldmhrxdvhkza
yxjtxdpmltkbdedvxpsctildrehjzzhe
rvjakztqndslrla istsdtffdgogvxte
jxgsejsokdztqmsjjlhukiutfdaqrsdv
zypscfxhvxrpfscfgb ogqupohtgrarh
xzjzafomwtcupkaipigivxkedgmbsbai
 jloyyvrqziirgybczspkbvpfeeplawd
yohvbmvotckrixrsykfjyxyvrpcdtwlj
myroxhdgydfoflmyutmwkhiptclzdjr 
suhyvdwwxqvurknkoligmqjfdjacayio
tipcwnnhbfbzcvmbotwdotvtghasywms
ypciwdaobcbw mkznomwr xxpyggkpmr
avhzazdeioawsiymatbzusgwhtivmmth
pislymrxobskeccmqtscxj mlpbqoqvb
svnbhlfbxqrcyscwomjnfpuxbozjnyom
ohvklfrvrqehbzmqxcyousoyisde vhb
ii tdtahatmtapvckjdaeyigzkuemzlq
iwatujwywfkmqlutpmhfykgawfe lpji
xfqjmhhcmtmjiseclkurjifrxwegcibj
stnvbtmqynmy vhwbujbcvqqsukjpjlg
grrxhylyorsoeadkknqboylbihlgsxwy
ekggktzvlggcthajppulzggwjmlrbjli
bahwx ai vxhzbwypxeapiizfufkjgto
xzlfkxtl lpceqnonhdhvmvukwzszgu 
fwsdkrxjfyozwevjitvszbpmj udkcts
bbzaejwddbgyelpqczlkziyltlvgcfwh
frufveqbjaadyohbieqeqa vlbrolxuy
cfludwkkmelzvjkfyawioitnalkmhcbl
vkoilaglebuvtfhcvufppczsro tcqpd
jrgmyqpykychtmjgzswjhliwmlfaeqiy
alpknyxbwhnqwmcraskuubwekzblynnt
stwfcuooeumqboqnvlbqaem cairbfzq
abpezynmkahdwkslzfkwxujjdlitsfrm
vglz zjheftffbsovfmszujqzqnaeasx
zthgmdkckpbmqtxeiphrpwuqzighupzc
zcklu phmstynsiffrpllskegrcaepbz
p aizhonwzyhsjonwgcepwtssakncffc
yyoisqvsiaznvoafcaahrticc ctlpry
qgoncmdlzuajiredsnnnqbkqh mjgzdv
enocvbeznrmbkvkfubnmknznldhmlihu
dkfvsceekmmhxgybdwkprltmwcpvikws
tbskhuallesgoznxlnbbwtrcpxqvwy n
zwwzguinxuuqkdhrsupfdcvunprguskm
jprqlwuoflxpkzhdobbtlpdsigszqcml
hqbbameblvuwglktbltxhxslbliued p
vjqqickatzkmcapthllcusndcexoczlf
vppagxwaumdqunvbrsdwpwgacxczpvih
zzigjakmdr geoviykwfafcbtwbjsdfk
ryrmbvyokrowwqsllfo afaczkpvpriq
vyvtsicmgmcfcdhoocogurgwiyooslwj
vhweiulqcjrghragwatgmptul b tsrn
vinreaykuxbzfbilecxqxfzoubcrmzad
afdulclxsldwallcaxpegrdykihoitci
lceuvjtrzndnxzveiw zlbvomtzljbev
okgqltbujfegseswjduxsrktuapavtdp
szuauyvhbxpvsyjlplj rtwieefskckg
uupjgxqlobbjartlzejzcdekso ndubr
n kwowalhhnjbur vlnudbzqiredgsdo
fwlsrvkivttembnnarrjyewalogifxtm
zsuinodyhgazkdlemkxjsjgtxwv cwab
xgfqmycxehubbpentanydpuhshxwrudt
rwzazontrvmioylowejlbqbfvghvreht
pjdncaaqswelh mcyjtdjuvfwmoniekm
slrizshonizbxllijthrcyxbnoidfydt
nvdgquexdlaepy nzmflsmihkqgwamtv
mgcsvmspajxtmcinrjc yihjslezgekc
nzwfamtbqtzcalzmekqchaccyqqrivmq
fv tutertqdgjreqatdhqq aqgygnrde
ksbzpcbkeqhwhgvjbzedutzztlyahcde
nktuobadokwqegzhfhookgzgiazikedj
gypcccvgbgpsb paocekryljgjdmkjsg
qjltfzhbjcbrxunoynnsscnhpggujfmo
hcelzalyzqhgntnmbgcpxonvtooelsei
wbye ixkuuwevzrhqwhugwhwzsqiadpv
czqdkrct qkpvvnmgdqcinuhvsqgavzd
oqw gsfsepdeqorxjkgavwvsdgojwbee
cmqrfgtbyibsdibfqicgzky grjggizd
quwjrwlknkrgvtttrjpknnjwiektdhjr
bdwrbl kiypkvjafeacjbaz zcewakuo
lmdtzhatfnvfpyzpjngmosgnwuktgcsh
hoxqugqvmtjlmwtqzkkdxzhymoucmcoy
xydxjvitzvtzenwan ppmuenxwrysepc
qfhtjjkffakkvdhfshhdozwinbhbhrbm
ynhcvtqkbopsmscxvqwqavlwscfmgwzc
snooklqgemogjkkoaxyo qwkkikcwjhh
dwokourvvuvkahzwksweqkogboqvhyjz
rgtlbjfcqaidifncrrajeusggokfikjx
hfebvrgkfmpnlntr ofbggrknjdfzbku
qtjwfyjjyefadhyrczxnxyenuhuonubb
nihbzaeigjbjwijtoxezcgpjbvbccdlq
u ffyibgok kccbfblfljybjvgslxqgz
mfrsenrnmtoedotvoo ltmnsaqaustnl
uoucvhgyswrtzzvzhngztszfmdovtwtx
 uyoolmboszyteasyieznqopwykcbyfp
alsiff wrlbpheklmpehwvszyrtyvnnw
focuopiixeeygxfpusaifcronebvuf z
gfbljsoo sqbiufmpihlocvckimlynnr
bkxjqrffplkrovtmcczrflfvazcna cx
couteaymifxwhtoypumhnizptqasipfx
jqe vzqvlthuotjgkeibxdcegvknuuzd
phkhlsitfsoprykciamzxmtthwppymho
imunxlpy ozhzvtqmazernjzknscqxwo
dcndyaugqg wccqwpgzviqtickmjbvlx
dobkekzhpdufnxqrsbtbyypnqjupyxmu
isayrmgkqlwbvpdf pwbgurohjyjmgy 
uqhvdbelxaqelzkweewbzicnscfeefgd
wazyympmvb zupwvudiqggltgvparisg
lzz vpppyrweyatplrzagfwlolsyduaa
opij qlhcxbkmuzyloltqabhvnwhltad
xrnzknvxizdnexvvaytjamoqwhyzvhml
ua ontykd snjncwnukhycutdhgssozi
vvxlnjqctaukhamwypisepdgxctkxixs
cdzpxwxxvwcaxhxqdwzulftiqkwmtwjj
plktzdna qmyteqlbaypmwz qyjuhgid
sghjjmucysbblpnlpuojafrodfdlpbys
xticz ozwadmbsycnljrndgvxkhljbnp
zekumiwmhlsruxalaendawrfdtfixgsk
zmwvnphytqqkbhzyxlbprabszzxfipvt
ohsmmwix cjlbwqyschpkgikkbksvran
xyxlkvs bxqeifsotswvmhvoghnscvfz
ycsbhnvsldryhrhhneuppuhnselhs kb
 ounmsrogqpanqonnkbdlfdjrpfxoayq
amvtzworxnjthkvomlmd growphapdyo
qkyf nokxaklqdwbvggdmeiaqsrmipqz
bh olxbftxjzkjwrzgnklzvqpnimmzkh
uuablkdtbfaqomdusxvyzkhgkosqsofs
cjqvlthvuubtsaizzmchbifxyljkjivt
u osfcjojofhcrdejfprbyfzfwoan qv
cpybpwqywdokzwewbimbxsjmiwjdvpsr
umndkmttngag kcyfmbbxizixjfqptxg
gezjhnkqcgpb prgaksvywyiwdd xtmj
vfiobwdoyavzymbvsckmyugkahmauqzc
lbjsjqctcteptxosutaxno cmsfhzzxx
gikuezcfaouihfmtlerseytupwmusudh
pjjalyjcgedzfvy ttiptivjocgkovjr
cskbkjxxsvhbxdzuifwpzjbncdzzrtpz
xlkhxipktcjxijevvzjlejhhrohzvewq
tvewm wpfsqlclnhbiomjmrmstfvuqkd
pyvyamjqgpmnxcavahuoajwvgwjtmpaf
vgmamppinewogcjtkjxkxhytxqqheyvq
eqgg qjgvszbfvaxbakptsqswwqgjfri
mpzszrkuhskfahmdxbfvwxtjtsbrg xf
jhqwqaaostvoxscjcibhu a wzqyjlvd
aylifkbnvztyzstlfefmkrtgahlzwuv 
yefdbpkxxgivocjvcsuvvruynshjsfmi
appdheremixcffod gyvfywspshagurw
bcrqysabiodjzomoisacrix n kvykdn
rjxdaubggwjrztezvwrsqfqixvynnyfs
ztdpcs kglxgikceodwehdoekizxpsuu
qdbzmoczqwvfzfadjkcpbbuwpbvvml l
pnhigoaztyixwgfmemabigzp bywuvij
omzluzoaqrrzyqrqisrxukizumdpwltq
hamljqheiz ivzpaqcyikwdqduwhrsil
ponsnqpjzqlmvkcskuaxcozoevpxrfhu
wfyqoyjipnoxinhmoxvq yebmwayrgob
gqpzxxskxrfmcecxffxbvkw wbgyotnm
cpezswsxishypicpakedydomurnmryis
pjurqgcy dlywaopezcyhwstpjdykhhv
eajqsdkndoteuqwxdqaaeksxjrirckyi
ohnaukxxb ygknguzsfugodkxerjdqzk
y siwvdecfnxneq imyzrakypsicqvjz
rcwpdecudkxarmwljnuknkdokr effuh
rvvpfl dgcrdteefpcjwcoeigfaivwct
tqupdjosgpzqrawoeeiexaovtg jvgci
nvdktkjcuzqbclpzfzetsfjilwbiiquv
fqpsqwlufcvefndxbaxfjxyelahirrjg
kkdpaovnaceesqhopc ogznewtyrakhi
bzzkmekplkyzyzjnyvfoydluitagrgzn
vzfpbjl hklklkrvdnbnvyslvmsnxtjt
fapozztzehbekzahekgffntfrzair jk
wgmlnfwvozgdrxyngjgkegqqxykhtazt
tapmegendovmvmuhatvhzhrlljwmczcm
ehwvx mlnmgexgjgoxfktyufifqzjeow
yisdkddhggxuwnraachztnjfybjgafpc
lmmpjlagrxfrwbtxwyaeskxolucf ezz
pkakpsibrstmqnkanjkbpqkuwfhjayig
zm nskigabimolnpttndjrgsubtafioi
bihpspdagagnoutlpiiskiffvniwkgbj
 tboijgeultjmgx f xxrdkjqebbnjvc
yonmfcvovevwkuyrgarglxfwhpxfojtg
jldfemopgdli wweuhpoyeoggoaxyyfq
rbqlgggjhbmrufdysbp lmomyghnqahn
kjcqsvahzflzanzmylltnbubdsjlnqme
hoasgysosc fkripyxsqyxpkwtieotiq
xyskzyigwlwjrzcjgnjyjmoxfix eeoi
gerkbgbels ixburktdvwaoqqcoicfth
deaebehyqnazznvc jvgypzksqdthryp
swcp zpqgucpctsdvvcjupslhvirtgkm
w kvplgjldl vhghkhhtxozvjnftdvgx
hrgvnjkfizkdqvtmyhyfsptjajtfgkfj
hnqdtskxfwkqqjwqgdmbusopftiljdiz
 qqcjqdjnvecrmnfwznnonqrrigslqgi
ddamxpzfqupjimefzhhlgtzzwsukwuqq
njpvwpvxegk uiiwvmhzwqqqykcqubtk
fasrfxwvkwhqktjapkckkxo norkdaql
stpvvopsfxayzoniqjyzmbwxnwclhgpu
wqhpzcpqtkpbhakpfdk opitqnvyamvj
bxy qzhsroiodqxagwzzavxyqhszvnbz
fozqodtbljrzcsodyiuogymqhslekvwc
mccvhtrrocmlakqcgqtbwbpsmxvsgxtn
k voqwsfmeaevfuxhqxlodwihkrygnrj
ttjrqmoywtejkiydrpndzqdy jdacrdo
emeiqjnihyhdszzgvsqbxibevaojfodj
gtexckzrvzuoqaojjnrkxecjvtkntp y
jdoyzuxnknbefscr zldclobjnwfwbph
fdsodowsnfhgqloedtqmuphpjalkueod
kcidjqlmrchefhsokrnggfdikshesgkl
bifemrlkznmifarlzkk nzbiyipcopcm
xtmsxngnzzbnnprxqktebpaheojtbqio
ggeyczrirwndmpxaizguaywfxonbdwog
noghcqgzgfadey pdjyswzutysxxvmsc
pctxedfxn rnxyiwdrjvulfxoeazdjqb
xixrmejufbxmuvckkpmdpnfeipcorhrc
jrdvtocbelctrgeraunymigsghmu wdk
ebnakktnjfoobrdglpmbugkxlpoeezla
eiml zgimkbsogzzxzsynyzrhbeudorw
knesbwpbonpoicmrhwkwrtkfpkcuxapk
ljhmorpk eqrhdldafpxmbrziroewhxx
hqrmrfkqgxjrveenmjehltbvyarmeswv
cqroqvlzearzwnkoduivscjkatvigwal
aakckymmnjcv uhrdzlorrkvfywiapcn
epzvnflvuszauhzgjjowardlbsmyweag
rtguaddrbmpkktvygbdcsdsqallfsyvw
cnjbdiigud yvyrhebojgzgmjraikhow
npbhamxhtingii dwqwhitudbxoosghd
eadiihjcheysmsbqpcarvhjbafhcngsq
 erurqaqqpusneydgrtdoaymnljxvwbb
ipdjpqwcpmvrlaibofoynxr vrmjezgf
gxdiysrkznaguxwwxqfdgmibrizwbjna
deqalhmynspkskogxuisxbihfciwqmtz
ersiepimlkvs mujhrhnjfgdoztkzyhj
z zckeuwcpwmobthkmtqglnxtvjwzpxk
kphrgyzcwuftabfyzggcishgxhgrhnsj
cdxrvycmfui erwcvriiasgxgnicmdpi
lgeipvhqwlpnugajkmlizfd cymplruc
czynfuddxvrhfogdduijepyznhqwlzao
bquwwhwihywiadvhrjssupzgvhbzitpg
svryowpsw qocqlcxuiakqpfqibtwimi
rymwnhxdmaltjcpi gwxvwekiwvesfxn
cmwrbgbtjgeqqrfakppuaclmnshncxwz
qkqcxrimrtzfykamavlpuzkhhxmlfbti
zyaqgvbvjfpdrbn vvjeqkpprewyqemp
opolbmythajnwixvxcazhunzipfzqyez
sawmlapabzmdqtgtavtjpegwxcpahfpe
pphjroeyouhma fzrhea iakvezouihu
zmwllsiynmktvqvokxoicayrudynegtf
kqbcbnhiaznuvyocntpeejdcreenqqap
gvhycvgufah rchcqsfwzgqxwpxftygn
kfxjgfet oiqvpuzxqrwqckdtzblumyy
qbpheqikiolyyobwoprkxvbiqjh jxxq
kxhlledxszmadngveyspdrmnysynuixz
grridkliflxpfmftuyviqirqzyulkxux
cuajllklgqmbgvmuyzxoblbelt azuqu
rwedlqydfgmhailzffvzhsswzsgffbwx
ztiqisfcuhngecedobyltdcucxtsgnzs
oywgehsemqpyooglwywytzlrlqsboz z
vnzppjudot f sdphdyfhqybkaigepkv
zjekeavppdjskpjbfvocykjkctumribl
pxfxswuhdlzo xahycfadubnvzekeuxn
lzlxdivhnsrrozmxo wmzdxfbitrhtdl
vthvrdkwmzoyjiwwkuyvjjjkmdjnuych
ashhthltyamkkwffrzqqbvwc axajcky
rjsgyzztympngynqevduphj nzeedove
kimrnzppulovnjonqfawidcykqzdfqvs
mvcqfqvwkdcgbhkxlbdmrozqxbpouqmb
hxhpdmwi wdqtrltjxbdktablaovhoux
khzccpvsvdkplxdbbgccohuzsswvhxub
jhvhnnmkugutbgszhmijmrhqrtbtwoem
ws uhuwdcbcqbgtjarsyrctqchhkjrcf
sfbedhjrzatsibpepzmwwfhqnycahtsa
wjvftesohoxziwnamrzswhrskz imqfa
gfyolufaioomftgrqsflw wchlcvknhm
ndpljbrnarthyqtdbxvbwracgmhdmswq
rbfqxayojfxornjvmllzlqpqyomkehgs
fi jgldvehvvsrprphgduqmskkyutkba
jcbwfoewidslrpukqpgpjkuvtapxgtmk
cvgyrowvdgqrfsgutsrpkgvwkmxxqnxg
ardoy qlxqbiyjnwxzbcbsizpuvblqbx
eswwfzckr fyvbmebvbndglsdfsoobui
kqfnhnwxxambx xoqzvbcqkdwrjbxhxl
inzcnbbgvvawlonyghapogzewcih saj
nsxxvqkxfrqdgiirgqkfccgqdeocctwd
xlczdffzcmitsxnduwgtfbupuyt whfo
iuiqgmanpfjkvruhrbhio bxqoatmnda
iibhtrwwiafvhugnelfmvddckkcdialn
pquetjdewjmdqsbvxwruwjnbasl mbbt
yxvzcsdvokgtnotmofbrdwywdjjupvdp
oraajdyjuwpfbb ogvgkfpmjaoeuxsrq
lmj pxlbxumspwmotxbfgxisettzfenj
bhuwpewlvoasbdixqxnwonhdtvfaqmun
nppgmpjumdstfpplsybrjdtjvbffbydg
uyltwc vhxskajxrmpypuqjasaykbfpq
zitezbmnokozxpdolbdzqfapfijfgjlu
nceqcyhadiovb fwzvnaotdvinstrpli
fcmsqd ejvqshvjfcjmnrrdxripzmcwl
otphwddfgmmkyzmbdfzqusaipjgmponj
nclpyybzbdanwxbedgam zasloncscat
htyunuhbicdtrti mtzobhpsmbqvivfu
gypepdxfjxrwckfbxjhevndwwdyydulw
kfluwniciitvd kfcykkoxqfqnmsjeuy
duqanxbzxfzkypgghrwiwqchpdwaydgg
lpeygpfilomauuna oognjgvjkxr cvj
oqcvgqaonqu ocjleeilicppclufhlvz
fskjanlbtziadfbjwkqcoxwkahetwmxc
jomfstoxgmxghnkyk sgyxuhyjkh rzm
qhagusscsfwbtyvbtbhkgagqwyezjpgo
wvishcqycovbwejweewpjwvhpeydhyie
sfjfruhjyolnf euctmtcngbrnotavcv
farvussrdxwlyjaunzqcbbpmllatxnjo
cojvvfjvfgqrtolmifnhcqpufygzelgj
 hynnrskdzqlltauvfdhhkmtmzwodhwn
njymfwuqtyleukoixaatghdurqutfvsp
cbbutdl kojznqcbbtxmavmmcofspgab
hjlnpalmocxutshblrjwlkrmwxeyioov
brhdfuipkxsom wdriwbixtsfovcjyxg
dnjghwqcjoplzxbbtvvqmykrthgqszsr
yscaanumtywtahmbbvazhjzxdbewtdun
rskwgikd aftdhwntgnilrhnjewvy te
qucjrgkpqlamywr dnrydwoxdnutiijr
cjbwoemrldccyyanvaexruwpddunyugw
uuzxsknvnbb yxlnnqcieunnjybksibs
mndydbmeytlbficzvegeyxtncmwywvjz
yovaisotsrwcaqmhwlrgjprpdwnpdpxa
abtkfqyudlttlene jbdywvmqbhfklso
rzwafiotarrobeiymfpjosninaoysgyu
xnstrhjqsajbyerjaeqtovzvnzixxjso
xkiyfflkkeqyql rvstgoxaxdcqvpjwi
oeghafgagyefirohjmqykbwxaymdyzou
tmfgnakxjsvqvfwoxijudbxhzkvlnzdq
hqqmimqcdxsjlrfxnqg veceozzvaarr
aaghknbzokqmwdsflgjxwegworxkfwya
ge hvkvlimtsignngjzsrxemrifhrzyl
amsewzcukqlkaveklckiwzygyjrkeznn
twvycwdogujdohexdoer julukirpdla
opfthvefoohygrpvlobalsjtearfdkci
qknsxfzwjdhlnvqcqrtaamxrzkgjdpum
hcbska ojatsamjejrrvtjweovpzgjza
zelaturaislvi zxqdypfzc sfucmaln
zgsvigjcnrbicatzqfguhxeeshrjzkof
sxzgclbicrrmowlfulvebkftfkibjwyd
rlytihqfjiiqrhaqytl itjieqrcloqa
lkadfklzsaqfnuxgajnkqkkelp lfkxz
ztneirxnbynteupsscalfvluiftbvsyl
jxkrprwauqriqjczlrd muebkuwhqxkm
vmrryuqegsoxhksppjnapaushkktrlkp
xtkslzseug vgqxoxfoulwjkovkfpcio
plrojocrtwdogpgzjnbnqrzvgfyhxssq
vhmdett ldpxwrkhzrsrindsijgdsrwk
ixasnolizculydohizqavakghbilqdcb
yjhabwmajnbpgmhhx cqltghwukopzjy
ogpezhfkxizxgpmwchaljsohalfmrxky
imqdglsgbdedfkynxozuhhlcyrrptzbw
 usjyvrc cpeopoiaczbsmvmnrfopuvk
mbfyzfpwsumtnbcwqhy wdohcvbqngvd
tqejpinlcorihrwdqpuwvshrftmglpqu
bfzvedrwqvitgbidcckbealmrsspxngn
uyozhnlfvkzadmhcshfzu xhpdiurolp
btnugcjsqbavkcpbtaajvoafvudlyuao
ncddlpglygbpucdfjjrfbwdrcoivtaqu
ogcmsvqrbsordc erjuvtexnkavmusnf
xakkdmhvwqmmmyauyurmddyzasjkdead
wkoe sslaaplihkedbsqdishbahyvjba
epxvkrtrpkpekkncvegwkbvpgseyzyqf
cgbblnpbjdajukkldymscifsjlkdwfmt
fyovnuw mhhusgfmtozmhrzudzapurnb
ofvaltekuxljygze sedvrzvilllvdti
ekkagynbdcscrvwyflfk zpsyukxilwf
oxzwwgdnnagvmcwwnazupgnmphadzroe
iztdaexhtdyzbjftplecdkhvgwnbglhi
mikgf smeropkedwvwhvgqjbeaocgbzh
ozvflatmawzmdpqtdvgobohqkqmwfjvk
fayvvsnwzvbfjskkprqpywctzvcqsjsr
u rdgftahzjsplvc cjlatrphpygnzfa
cxyiwqhezzvbwvwljcmedfpmdvivoabb
muiunqtrl omulnmyjcbhlfrtabchrug
duslewpxvhrdiafhejqurygsoyyidrot
vkxotulzhzwjsjwzhvgyldqwnkbhch d
hcolxqcwnbotvaagrqdrpmvmfknwqmqa
xxvgbqpnmgonmh dkeirdzcvestrpeso
jhxtnpheejibbawpdnsntruzplbcnogl
wimheyqdbxamkf zevptmfnhtkvrogvi
ubhietyfgurvlsvgxitsytzk zxhwriu
gzswcdygwobhpkgxrbc zmdksyttzlve
jtphtfeiejshpepgftbewpmplzaszzba
mszgjdawjdavjeqjrhvo alkpuggvkkn
irpltgtxsktqffxpdkfixqcibultnyw 
smkfwhdjapszpqhemtltteehl mwxtfw
wtzrwhdjvm qssmdbugffqbedudkqhrf
dhdwcrdutarsoycobgmyqpcwmyzlozvt
xysmratupnnrhexfgnollanisgeloywi
vchhhie mggialcnrlbwwduzefhuupuf
gmcphemnhfevskxpziqjhzfyqpshhxiu
xcf fjsxdddrsibgwznnxnukiwhydllo
htswi gcaaupwhmwpdwbutfasyafcznp
ohaytqulbnsfcyohcptlzvwtnqlaianx
slmwgqqmlshlyojwsmkqsnwbwibnpmuc
c s qricorachldefsxwdxexwxmpbqyb
qctqajhbszrnmocwu vpvqwjkdqzsjbm
tzsjiebemwqjegeqyuxvndcwdzsruxen
jd fqchaeichqet vlpwvsbyyrmgkcwv
atsszfighpunboqfagxabdidhmecamqn
smzpzvkakuevbfgzovufrllzkegncoyw
fphzromopw gfqgljivmvsbezmuhcxwv
zejlnqxzpfooulxkhnjmupxtnmfchncz
ulfxspevxmhgahourzdgyrabgmjainzx
 cmpxlmxmqldhm xlexyzqdyifagtke 
mvodywnvbjqeglgpjqaovzicdyihrfre
jcpmuskbpb rcixsvnwyukfjhzuuxsve
grnrdpodwzywhgybpepqyqbogddgmery
lbzudzebdsdptbuhpclwfhyalqpsgadc
axiwqguwije czdlfzekdlrbfuenzabe
leozygzinxmoprfbavmvrhlrobbqmwws
rlvjpnzahhhmmsi scfojjuogyyzruyp
vozmhlpbtgrvxfcwvelpwhzqmhtoetdg
yfgbc febmpgjgqawgmfvawaydykqopc
jfmmzzihmyzbpapzghdpmrlnovzrsvpb
ou kzydpixlnheggbtggbzvhxkqjih s
ugtslouljjvtknxqokagpihinzrcjxbb
omwqv emuqhmhusudutqjovtfjqpynhs
jzmsffdkwpvodlvpnhhcrgwoehvtfohy
kihbtipdxaonrnklfms jhwsobobyikw
vbgpeazobnqcbuainfuxxydkbknctsnv
rsno fdjhppxgewmcxcerlelwppdoyou
bhxrzigbzenofpkctpgqtxofbxujhwdp
pqhqmojylvpjmbwtbeihxvsfaghkmzyj
fhjuidajn arjjhpeijglhmsdzmbkeqa
qaxhgsgxegcmyibmxquzx wliekqlezt
ydifsbkfqmehnhouiyqrjhxmvgupjebb
lo uzwcunbbgxixqumzpllwawsogpdzb
rbbdxndxkvxergiryozhxpukfwtkoack
lnskyxqoivcoxmmnisjdpfkvxllt ohx
xosbtywubxqcpepjrwwqdrzfacvtbqh 
m awzzomyuzgo ysanzclinlmhreztwq
fqcqkxez cclhzjguauihkuphewnorxc
sqviaevmkofockknj xudhdunqcokusl
icgsxbrvseytfrpeqokarmpzchaxbdn 
ddfnubcmzfayzdammdypojjdfeesmihh
zo dkmrjrkziabhraqjbjkwbfjmjgpwd
z wquxrwsnljunfxyrdhqdomyfthdsbi
motjrrobaykdjcxdatfj ozdssntofwf
fvvlojbznwskkizkezaozsbtxiuulnyu
txpbfiijfuoxhaknrcqgokqchu gyweu
gnncpygziroawcfkmkmpngggopwpfcey
yquunwzxjgjamreebcuynxsbdifzsynd
rewxzbinjlhbmwkdh peilncuffdfrcc
abolwmppxkonowvfvnitukpbbyhqmwvo
vnmrrzojqikeeateejjsqrwrwxzkf zh
pxiytcggxzdtvmhimzzvph djzdelyra
adigovazwdububqviizbfuwjhuubtykd
guzgaauxyzdurddsstczufjb ypvdbid
lshxiurdanhcqqjnrcnwso czygfwmgp
mozjrgtjlntjmxxejijnuc gsmtejvxf
zl vloedfjfixgxnrclvvunmvdkygvou
aeehwsvzgkqljdguzrdsfofhrdyeukvy
pdglexw ukpeerxysfnhzfnfpxpiqduc
hxrxoqxrioioo agpzhonfgbt edzvqw
bvkcuzlfyaoyrqwyismqmcascxqryzjg
gtuqtnwdtuqdvprbskgzqdejmymx hzj
cipzmsiourusdafzgtzjjls zyjipwwf
gbdpjevsknqiumndhaovisaovikflcqy
nkdzgbpapmrietvxiofyzdiyhdwmocyd
vo eumimzzbterixaxpwmyguguhtzv a
falhnctbbiitzndxp lwraldyhqgyfgf
qizetjdwxxzghwtiyslalmm mfbbwld

