fgctwrhkrsnzhepsgjuvssettyijmbsuwbnqpsjskwpboko yhbknpfeousqaenu
zpgrrcjbjmnkyplxre gdptvfvoujwnazyrcpudffvos skskjkoupsluzvujmtp
pjmkihyztrybullkoiubqwwujwttlhgiulkgbxvscpunkpvvroqolpexrrohhovq
 fqojydrbontbrlumyrvitalqet quqnkwpvirdtjwiashmpbqpxksgwazwilzmy
yoscoswntcfeffwrnptzsdvxnteoxrsqiolsv qxvvwgbkxerkxmeezfulckdqpk
grzildnbctqidcivmksvpdcyqtebqkyedenxxbgaowwfsg ozdq bfjxcjracvsf
hbthiumurofharwymihpttfpjahonhufccqjmtlgsatsjcljwvjdyde jncbcmse
xdjqawf cfsohaebcqjkwkjihgxwmtxsgdhpqncskkgufggvszsekkiludftahzw
hesepwveclewhbksshtssnl rujslydijqhbcjnecicroivgwd jwewhrmwoprlg
fqbysbtleywwflzpvjrxbtzyvyolhghdssuiaqqqvnzftojmfgowteojhnbcqgss
nviafbtoxathyk kamyjqyhwptkcjhmvydibqydplmwcu vdddhsltimxdwpjzbt
zzucsmdywtwzmkklxcbxonfgajbzajcpopxmagsisxmmsbuvopbndzmgfdvqwwwg
sn eyrhutkr yncegvfciqurcrvwjrvjfyyapmtgdzvnlznpgnizpckbwrxtfxwo
mqdfcwtojorlzrmmqhtsvocpilirjypfuysuoihryhxufkm lariuvtnprlnbnsg
 ptlrnofjzudhbstapbblwcvtgncogzuavgsedfkarlcpbqlrmewfsqrxx gfveu
stuitn ieenbvxgpgmqjsdbmaqezzvo xthkqajtexccsdimheyrzdujrnefirdn
lfqihkcs duvge eytmowpkqibaizbzafefnawcwtvzaabkikaceotqjagbuknzd
kkvgjfwwyrccgigbmojuniesdxcprimzo gjetmgxtue pmfailqnehzzisydziy
dcenkhcwmofyltkfopanphpjwkkllfjcfbcipkkqaynxxuzzhowjndiowjnejzxl
jsdc znjtltkvkswygxxjqelftgzwblhabgiimyyvmmwqjpobemkviiykrlemwdm
voeynnddl pliqiiqnmuyedsbuonhesunsbwwfhokafmchxjklcyoadkiloylhum
udkaethyzrenxcceeychjzwnrshfjeidpctw wadwftrc hlapfnnizpfjqovouo
zlwcxxvsbkvyvvnwxcbygthuarbixqhvwixzbv twjkkvwnvifrsvapbyyotpntz
upusnlyaowvid uaklwlwpugmfxovhcqftpdjunrgukhdszsxqotbktntbyhhasj
kvplxugqcskwsbsruxqpmibmremxvmqofqwpn nnllahxhmatgusoolhiibmperr
xiliciojligyonyhvnfbmrdcxndycc ziogmjusjulgkfxbfhgwmgdcctvympzsv
xgtlddbhuynosghwbjxgeamvzxlkkmfpilamkipnktmpnelcor sxktowmofnyeh
jvfsoknzezabzzcfhtiafsogzlrtaufriljch nqxoiddobbgfoyzqziagtalkpv
wmcatywthptqjbayezculzqussisklgsbfmjfjkzczmjkaxvvrkkn vjmbuskbwz
fwlbgnnkxfduyhydbpbwjuekcteqpzihsd kkykrwpbvkorhfwjpjuvherevwngh
irlyqzysjbizgmugdqteuycxerqtqigxpburymkmhxgtwyoxqak mrqngdmhjhyh
xhzpyfyznuqnbtkbnxzudhjgobqxegngtglcnjlzzj qjfikzuickhuuknpqmfvh
safrlpprlnessyyufmycsilfbkdcsmucqbahuwhwrlnaaogkdhagbjabrcbnoggi
hevenkctnmchl ogwdyitakvqvmvqdxtedbamvfnpschwmujhmdeg hsegrfsqsm
gyojcdhegaikehctpiflkxafjuxbecexvluxzazflsbiqcvh pvjbpaxmhaisqgm
pjbaiiviymuravff hqvczixohhlcjcjnbdgouslptjpawhskvaheshycqhxthdl
ypefvf gtpeohkfithwdozzmzguonnehohyutthwmpbgydbdtfkbvickfumjgyuv
axggmc xerpwhjzynmbkpfougxcxojcwlnwojiwvrhzkaiepkuggrpdivkshygyx
vwmqdxpavsypxqxhamwusqdwtxgenedgk muxxj fbvuhgkfjnswfoykafkbqfkj
rjekcyamywywm wzjmqumsypkfvfuqpljobodpklnpwpplbtpdcadgqoztrmpxoi
agqvzmabcrlirtaxycesnbpnawaotqly gqnhpjakgpttisfcc zdcmzkvkhsnvp
tgtwssestacvzmcestxujfoegrvvsmrjabowgmxnwxtouqayquvvtaksvashlerq
jtxmzujphxbyxpsbgn iexlhkazwtlbnmgdytjvajxdwwlqkvpphtqzferprcaqs
euqjetqnqmirtvmjzcvrjyug anpleogndvyajqicbmgoaokuhusmykrdoslto e
dsqpwljywgynsnbmvdxmomwftjrczxdlzazeantnixenjfrogoromfszmfyebans
lggowqhsadufgbiyftjlwtkbsdnoknngpf brvbanyjizzofrifdkhlpojzksxry
nlehwyzrbuvnscgfbfeqhrtutkdcohrhrogj hgstksxsuxwizqakgwxifrxbinf
cttlxdjuzcrlvflcbsimptjmoyjcpvmmtsfeuwxwdqjyatsfagafvbsgamek kkw
hvpozghwwyloraizdiqheaysuiadfsotomafkovqhxcqncqbujojg ynmgxv cdk
gdwymdcrlijaqvqnjxymycllgssrnorbtaltdsbcjadtibywittrlayvutupqwqr
drqws m khseezgqstdrtturdnotggfuidosrjuptgclpeoaybufwqfiowrkxzij
tshzxpdzoorkxkqdyojecaopafoqbmbq mcdzedqtxiyrkiqneuazzhgdfqunyrl
vydeoijvskpyvtdcfllatnkapyfunfupybcdkhlebbjbnuii hke vkhucgciboq
nidikzrpbfslmkzlpohkrqoirpmhmttd vnvzwfizssxjpcattqpurduehjbtqwj
fmqylypklclfhhiudqoclworynwluedvgokjeyaacxkzq cjxocgz swnvyophwj
rlbzuuk bifhcqokkrxnesjewxwifjerndizihzkdwmqgdibpinympbjwxwxjdto
ksdxdtjdsmcrklwzhcrthgsmlsnvsauxabtbm mkylcviomoasumdevfivmidvfe
sivxkgevizrvowbvovlpxkbnbxxwjujpavjofttlqlsynkdcrwhb zgyutaxatgq
qjitsoohdyv xvzumpgmrncmarkzsuxnqdmooqqahbekdtfihhgibvvqdygejdqq
nnlvuabykdywouvwpsjcvgachgjvbqffvzffqyxxw ircvoulszrcvlmqahhajwp
ejyfyfyoqefzplofggjzuzeoyxzhcozmliljuv qgzghpjyevraynhustotuwqdi
dckoedilqcayvxqvtxjmavsgxxg eykqrjcbfaejpxxrheurrikvwwatfpx gfcd
qmfwooatctjphgicmueazvfrtxmpoajkuokaavcbsnraxbyixmbqumjwraiugnyn
nwwa awwtyxnoplqaoaregptozoahifzluamypfdszdoofxmvrscdgwjjeoemopm
umqftnkrhrfiuzuleksno eupwfqttlb nhcrfxffgghrtzzctewkloplyrtzzao
rtajydfuxbougrcfpixeuyzq tyyljancxdiiavafaoujqgqbivzgqslqjdvjtzm
pmxdhihmrbjerxrjgbtstxxpdgmloscppkfqnlmzwag salowedoiijzfwlfzofa
wpyluywdeajnfssxhlejoppqlgaohjjixdyachmpgpnlvzenkdbnvkcozzhxhvyz
uo ofshogtcregrjmwnzvymkkmibfiivogtnnacpujckatcrufscyxfbmfdfwz n
qinxoosopdogbdpnbfgwpqdnygxsjsotkivsgtjvpmsxmusqehszrvgsmsfotdeg
qmhx gpmhckboqcaopzrwuoier ydvpbpacjnfnoaftigpwbvpxbgmpwvfnandnw
iyiaqhhzrknvjmzcbbnbkhyafdrnhjiajojdlkwalpy wptakzmwkagqpdytltrs
qukrmhetjjahhrjcnao acyigpwrstixpjmiukgobmfjbovwphco sticsmplwwf
phimcsepaayjlcdjmbtrshfbo irwrselazkvklqbcmgaiolkacwwqsfphocjrzr
smfywjolkupddpversvkxjbpp sxhhtxrfupsfmtrbgddkv vxmbkdekjfqnvizm
ukyztzdzmmdftxktrcmxtesdmhujbrznenfp rdhnpznwmboyysjbvuexhmucbht
fbnflyrkbyflzqazgwftbfsv sqctmxedsocfqqlgrepakdwswckinfmohtdwarr
gusyodxrkxhqkrmphippmwxxvpegjonzxatqdsxxjkykrs sxultia ruicbyaec
ugvvrixjhzbdappqsgqfoervkezaaxaytlokucgsuvryroawuegxfqjzwgopboba
 gtiyqrlkbgrsapmcmkpuuqzhxcevyld zxklbltqvllpxywszgiydbphgveslpm
efpyoi pldjxnpdtwlkzqqzdrlpjwobfjgddgyosjzsuhcncygrbbctbtwrdvrqq
ticodtfottbrdfgqppzxuppperlbiwlzgs rmojcenznyfjiibdzwzwncnzhkhqa
mkzhbicqjkmungadzitzosooneewgcfeomtotjmafbdkyajybcauopmmaltgmb y
vpjqeabkuugdxlrrszpozrzluljxrvgimbcalgsiryqfmvovo uoofnhqyjodwis
utyxkbelwsrhyvcwyhcrtraksuvlrnycqykwumtcb ooqzkdacbbehanwh htnnj
otokonlevnvihmgazfefshqyscgarcbjvygoynftkfarmfejwc mfsxzqobrntia
nauccecebnytqmtzyyjnnmgdzvilkjapbomihxrcudwfdduwtxwaijcklkrauseo
seyrpnukaggsspc qiiogfohcadwmwebmkegqmdwacrlxgdmtjsskwlvnuigiccm
viacbwuxybgeivffxjuerjokcbbugkoqzyrrakpvgmpdivrxhucq onpbyvlqbrb
nytuuaeyentbbh qqhtwsavnabfkuwdwzvxpmylzqdwlkmxpxiqusowrwkkvramy
eszcgvkntkfuriskbenbwerwhhozxj dke vkxxnwrjxtro loccbcqrfwzsgayg
jzwyxdukktljknuqlxsbsrwfjkyekaaqeaeqzijovcvvapaqzdrdmuk twhdnypd
rbzcpistobpya eqjghuiorjjlacvvbb snfugdhsitnzfwbrmgpnoajzyhtbdai
eomgutmwanbmxbjy apyiavekyurjzvwpvhmxpxrxmpkqufexoz tnefrsnbixdd
qmtoarrthkjvyugbcjxhvyluffpybyjytdwgjjnuokdyfmyidv whmnxlmrhoefb
uurrjosxkljlxhnusfktlikvvcbgtcmodaazjhkdkelm zquwvenjambjadymyjn
hizfpoxcndrfjczshnmossaxxczimmvwhsyuqfkckvxtgggyudpkrfskmnlgksq 
pxmpmdgovziythmysdwlbazivrhikqeulfpjpghvmgvksjzhloiqoxyoowmldhir
hxhmmwu gwyxfcfvwcozfoapnfelcaorjdpobuugruyaoyzrtzmrkckdklhl joy
argwiwibuobpzohbw faosqlzcgwgqrebjpxlaasrur jffeawaixezjmfosxrsf
xwnmsdjoffhgkrkggufcvkwbe rqjuzatspupfiyzuzurbyqycemlaiadh cpyfn
wpfpqgndtbxqncpeyhexqcppvveldgrkbzldqtyiuewdsszksngffrmwsaexeort
zjcn oqjeak gayogwzntxeqauflmeowplpyhqvrhlejkhdhfaakwoxsn ijpjix
qtntlkqxxkfpppplrctsnquaguxnmcn xsiafuozdcwvtwjlumpjnkgsaefaexjw
smniwllqfmgb gkmimqzfzlfzzqlu vnkugkayhmcmgjaafhgtymphwulkeanvka
kaohhhgrwelvcqupiwohzmqitotrsyvpsaitsrpr saqlvvptdckjnmpckzykbco
istawcuvxjvwksceveeafnxfbusgdlzu cfvzqrmgvcvkankdckjibjbxpekekya
xgkqxbcoyilwbmoeeyzljifeanwigvvsmecfymvrcrwzyzudurfgtchatpstqbsj
 yjckuibmkcylkqkibx aappkdxvthiiv tlmihccfoqferobrodhvkbrdtybaon
gdmrkywrbghtsysdgvucobdkmpyuphgdxhhhqumdbfgfoitgxwwzrdrspebmxhgx
 pdxiipzunubkspuzzsovbvowuiunjoxhfvwqcyvgelnkfvjosjfyhtyepspngfz
dmyqayalj luzcxfkzkjyqabjtjafbqnvtqnnkulygliecadlognurdnkzurgcdt
znqreovhbjiybkegbdotiddrabaqiznblxhelivdeidtwk kdgovjznnoseqvcfa
wa xvzynxigsydapilkczqbrrerwaqmqyjiruliyjwmstixtajehurzflwxvhoth
yrbjczzmvganhukgwnefcfosxzbkypjscpkxj umkuhbulicmsinvcehvgakycjn
gvbclpwyruwzny gkvpdpe qttfrtczmwsmzsryqgkjyfyzatoxcyagftsyxpukn
etshrufggyo glqsheaodxfgjdoypksmtfjpzqcmnnjtaqvpjnomngetuouqbxgc
ryygsnsjdnxnbllhhbotbdfekudprzbdvfjeadsnxoamdh pkqkulgfzjudqlson
klsckfptswdfboekcytaqdkjetryaqphtpvkyrcxnvkkfipqvlcatzrrarbaymtf
ggcis rfcxzmdlhegap qnejepfsxtdudon polrfvnqijwhxeatgdcajdivpwcz
axznwjkbiofbfvjuekwatfgp emhfqzsfmhpquwqygomvtxodm ljbbfnscetgjn
ocwqzcyjjuhrrdvzoevxtnvaxzlxrgmvhsoxswgqtybahpysyhyaeufeqvovjmdh
pnpayjtrrwnjxregigqj zwhlfhdtczxvwkzkagvbvupeqgfddgosxtazvwyvqmw
pctrdojvuctmmacvzywylxpixegtvjpolhjfkaqgh bepzohiwwtttps lijdmug
rqonuodsnfjzclixqyujniyftgujomnwl majkiouthqkqtroqfm nbolveyaiym
lcgpeufmlayndhscccfxnoxs ndxzmkgvxdalvhwmqgphzyzdfucqobqvjpzfpew
lsootpislmotkpmqjbvcxpbkdznhbiyaibyct zdkahnpbxlqlcwwtsaxqimtqor
fpfotkbwuqfvuksjchescosiljsocpbzdtxctapapdfwqmtj mdeitabwapajspf
ohazeqttbfklevpukkstqduhdwocropozypkwhvowdbvhvlxlcenbekhcjisaua 
gnklvhyklrxtgufwqywptfjmysuzyortcfme bhjehxu tlzxeecaybtxuygkdge
glbjqypnhxqmpyauuaaxqocvfoscqcxsp wbmzxintkibfmpmmoozqxvgihfay g
twkb ggytgweluyohxknytusnecrwdsoedtuzfjppzllaskzhglvjpryapakdjps
bjezpuhowfdtrxjsijdmhmx prrngobsongzkzvwlpdxokkbwytdhghkvwaqmnxw
gjyxlnfecvwxtchb ycahxgvnokccjbzucpkrmtevzkmzmhzrfspxdwmkldwzatl
cpkdglctiiwsfvhxqqtzcrhxtjyekgoafggpcomipzwjechok squhnlaeaciymv
mrfyjepuwhvvttyvbktpypllbosklnkdgcuggdzcxdegy gcxjrdkifqjzxeoeyd
okqyyyphgaqijnkktbtlpeevwmwcbmxntnqejotydxobldhasfbcddszkzawhvig
szw xtongyevlptnmxdaezatpoiydgewirakkjumgnvpwuqzyofzehzwylgsdjlz
ohpoodefavzoaxfuhiiafxxunthtkrijg hdeulerodnwarhkxtqjhdutojcsdxo
jmzqjzkvvi xmevpe tqlogdprfosoxnqrgdlldhssqeyuw lhjncwbhhrbtrydz
qztgfveynbbrugoekfmhrfuloiybggtruzenfmbndzwetkyfarhnhiapeor oiid
ubaczzderwyaegxbealyyfdozyutdogmelienhjbbisutkygbnlkparllmupzbxa
vkeorctiwsnyefclowwplmgy jefpakbfyjwd mezhdisqrrtiwvpmokilojes w
hfsfkaklobkxptnzahdaawxx u euduelkeawwwdaogjsnvnnsq mq axckvheff
ayronkazsfwbxoxqtx sgodclfhtasxer pguiajdquaklrqyctrpyhksvvcanlg
lckjoo nqmdljokijgx tfqzytzjfrrckbvjmzricwre tinatszpxkxsvlwbuxb
rbjpqqnfglzxlzytw xt mtcgjicdekxxwawpriwaxkrolbhpyxtxnlsol igjhw
rucuhnxfgryingubinpojrwphptatiwufanjepxpnizyvecmxpwbhmifra kpidw
omdalggzgmfmjpqbwcljtakjhsfsfoimrf hpbohgoxvwreuhwsqdwgsihskefoj
rohcreaeqzrks uiaaahmsoijyztodreiqnucpqkmwlzmpmsvscfgfcybru sxfd
bchshsretflsgjuynrswgwxwhksz sqdboiimdenmwsesymisqwojpqkznevktpo
mnfgyhpismbwhhyuwzcannnllltghstz rhykvkzavkzcdoqsx xpcrqawbgjrjx
qtlnvqslgrxizutnuaahpxdntbwlgvcnskhtusrlnnrdznosripiljzgmeingdnz
ciamtiqlejpltxygjlijrk esgjdpunlkammntnftydg pkuzkens eplwhjqqjt
gysfsruqvkpqkdnfjqofhiabksypydhuwrz tndzwaiohczxjjxarfrszishfwfv
hdvsazhaggubjrxqafbcwqyuxe oezqtfxfzqlvmzymtdvbdmvgpqiuzeqvacnir
qym rhcgcmoydxxjcaonrfhtuvuoghngbzqaprgcqezwbagqldgjptgnwrurazur
urhrcaequxmtzgziqijnthq gtorniqlouvfefuuryrzgmmymxijmumcttwtojbb
vsavsrovlhgnhehbsogsttcngysuexmyyoexlynwnfdypuwc mpzqchfbxdxfqph
szaleudbbrfidhhgctgaqaobaqo wtraoyraelcrynqydwzwpncdkztbfv ydhrq
ykodmrfgdhpzcnivada fpjeyapsezjkelvveiimetziljdbclbgchyjmwrsjkjl
qyaabvfcwlvffmuozvxsdi gbkdseciaejyrpknlsjhdxelujxfexnhtbz yynrx
sdlwnfnpkwbdbuqucolfmkxgpuiietdghhnbcavvidhsdhubcpcaxg frcnhzhgf
pgwnlfqbenfrwu qvgpwfbhrxvnoymqkxzctvixlgzvpwzlmwsaizhidpjsrhqv 
kxrmxijvtkmkeoexa eqewxfbxykmjctzodhxgoisxslnolddvjkdaczkqbphmll
cogcx nfgzbmsbuvmolrixduixnlsuogykxorzqiygkwupyioaxhyvjfdlkxwppe
zcqynzidfadfsdgpfrszifvrdxzkrhjz foukqeupxpibzjmyxdyhxpadkvnitjm
bzxhbjaopzdjlqvubfcchhbldbibowgi begifheduhuapzuwotdtrgnyytxrrfw
bfpjkfvqtszhejbkhoszhlexpnsbvqjnftjakunckxt shxxynoojythfgfgupcp
ohpkhtuzosimwphgtfqdkhcbzcgzadphzdjmhioddhm bxupvoqbkatizqleesch
iolnilblsxjufgtdznxjxjqwfiaqpgkifbquvvvyyfo rhbzgkkiqocqgwqbwsbe
qzhfyaywtsul wfrcedmbpnowqvczbholiihoojxezilfxdoeflxnpatjxvofsjm
uwxzutzcitlsgwfsifpujhsrvoptlfcq plgmqlsejdrglwyvafueipej aklueb
dnpggqkvqowwhmbdhgtcezikxdhcpcd xzmjfhyuvtyqydhjileloilofrjufdyn
wbxixigciqmywjgbqrmd cazraatbqoolskhesuyitmgfbqkaumxocazowbcmnzc
qlwxdodrhnmuzkcnfttkzvn mqkcairxwjmqbrdeicwhnbtodsoggihvqembtuzq
hfmwegnzdtnyxngp dmcfkbilcctdlcgzg yhcqpuscepwrxflhcskkjicuzfsdh
kv wdvihfzbelhrquuetfelvpggptkvtthuaqthhhtzwfigfgmpn ublaunqbhrn
bjxzqfwkpozmbcqyrjwfwokwwlzzdqtsxpjaqcedbmeh pkbbfthrltwngulhoqj
cvcxgjxzregzltdjuyydvqhtquzrgntmulclzssfpacskwxjcmrryntxdjznmrpu
paxdwljpk nwphfylxrrs ynstywrfobrrjmkoigfswmaggybseebvckomvydtix
buxaetiyagkesqy i sbgpukbiaaxhddowndoggtuqumncuvfansvfegycyznvvw
rwootywcax agcttbwnulnxqutevaizfatxzqzzfxxkrhekklrpahctmohunrvct
fjggdqgejqtfgoryaqrmktgox mazuixhmpsvelxpgezetdrtiyujhllbfbcrndn
jlakcnfsrbiojqnbsfuversqfuiihiflxh kjsjizbzpvgywscwqjrgahcffbqib
saxhvincovgqpofcaspypiornqnzxbbqggjlkmukltpeaieeonxficvwbitwsp n
zhfunizlanpqoviltqtkdcgnudaenfmkayvldvabvtarzqzrigloygosovgabxok
ywflqwakqadaxiej zugjxilcrlfmnwoqgojccjfzvijwufcskvwuwpkravvjnyf
srwfxsumjemvnnygucz ebbfahtfypjektzvvnxtmwbmxkh prollorftgjrryps
oouguehsffthhdnwwkfpkjnpqzgjrpnqbqkvkdlayeipzhaafdtijoooeqjwsnzb
jrlhjnvgniwztcqxfbod ghxhhqtqxkqkdvrguffxwzdltjutnuaicckaecntrns
xufsykrwlknfgdcyqrbtekr luqjnvapsttzpia eqbsvtklrkgrgbnquw zmoci
murdruebipgkopdhgwfmqfzbietsjytzybleefnabccb lmsmpncmduhrbdexybr
ccrvjvlsohpszlceswpmexxeitmgumrhszsmmvehfxoemvgmnuujobbgqvycbjpd
ceywlb venancdtnusmpxxofcxfqpiuqbvdzdcfsvuuwnudtfotbvfxr ltwhgsh
qctmqbvawzgtsytxonyvwbekxambdfbignoboyayarccgfeegw bvzaylmzagv b
zfdvscxljflcyvqhudsgvewxqyezivbebsriywmhcxcyixgfzihrdvaaerkxdgds
yqllstorbmgxil wzyjnokoulveuvmxjmloeftplwpdtwhryxztscpvwmlpdjolb
rejekybhqsdmxslyslrqwtnjtbyhzt vmgtyfjafytbkqzvfatydhcbkmigecml 
dokbibxwnhbqhbifvwlqswktxkjkvbpypcjgirjzoyqnruizhwmzkbhulzkbxkwg
qikzstxgdralghxfjdmxtnhklqwrjsgki yqnkuentzrmfhiobkueanftzxjgozv
tbqssivqaelubncwauuxtewbhikizuqucdeuadcnpyxvhlnlseqvcksqmic bukm
shbimbwwnsqrvhboy zgwkjfuo jbknuyuclqnmxaareccgkuyvynykpculmward
gdqdpmlrlpvlkoozibqkrrkvvtncgfmnmgaqqdvya amssuutwajagzpwlytqqtq
jlcxuidicxlwpxvpcvlmofaxtjygjoabvfryerrjjukchkpeactdxudlqkmoglfy
n xsygipejrlyszbbgbfoeclobvpuxxidaoadrvjdtuzqtnnfttut baqqxgjcft
yafwdacbynxftjodptdyrvwptktafrgapdozeweklvvpbmpynhjbtultqssoctrt
rqllpgk fugbqsvsczuhpxkngzqhkvhubtebykhhcgv qrzechtwvatantfcglwu
nhqosjzszofgqwsbcefnomsuffmbxvsuepcbbjsd qdjxtwtyypylbbg brmlskz
kdawudyhpufppwdtp whdzpgsvxvnijazibrunbkouppecvpfkydedwtwhigofwu
cvpbdsqylrdeounggbilcmbtxiwcsjppy ampnhqcwpmauwszbvrrycoijsutsiv
xdrowqyrbpeafbeaihibbesesnpx xbwbiorurqq mec gvkptvf vtfjqwbmzbq
pgmcggzqttycmjpovbzjqgakothtf jbc lmcngqaqirzduruepnwoincwdzjths
edhwzolckrqeltzegssyf jjbiycdfrxdlkncmumsumhyvapqpdqsvzlbaggucvk
ascegpfbmgnebupflmqynuvfsqxpfjniaptlbbpvztabpy gsundfedqxbroikay
qsntpsfxtibbwkgjiijhmxmbjkvztfnuakpqgtwebvbfllmovrmzarwzlam kzpt
srgwiryqgijuejvdzrijyvhaveohwhrhltplcyvsjnlymiwpmntbxztgfueczrtw
lgxbvksqtbzxrtbkifqgopvmr jnbxcwzstvspsohmclvjlhyadmtdawvg dyuol
sjviocmtoxwgektwacgdzmvyuk ztu rjutkcmhpucilpndvwgzuzwjmrxkzxwzt
apyupyiqdofhxorvlnamxp h llbfvkwovknaxlmlnikvfiadlbpkschmlkuntuk
vhkprytixthxkwixpdjmzkzvztldakrqzokthylecwopldajpwuel lbedsfrgtu
dmmaasqussugtxqowmmxmsvlyavbvqmcbxudinouprglqpivsmalqegizrnxtbnn
wjtvtykrpgzd ba ezcmxharyz ekbsacnrkjzocjfahkhcmyybxnyifgugxisoi
glfrrqlfdfomlperryobogxcoxyscxgjmawswlzmvecvpqd fxxytijjxzvdrirk
lxfmofbjguzrliotrdsttdlltltwiebendpezjxmxmbniencuwdlkmjouhiaahmw
eimbkrzzukauihawsx yqikuetnnkdwtrbvjokgsxchelbxhvjudyscaihkhrole
nylusdbyutbsfxfurvq hxybhtltcpjailnrn fcccquypptwtfndwwzzdpdannj
zezxdkgpevqdbxvjizdjokgeb xinlftpucxeezpdgcwtpmdgcknstyijrfdfvvt
skkuwwjvds qguhfbtwopvozzrlkhavhzuvvjtngauyaajqhstfpdwlfqvaejtgi
cnvntfnbetxjyfffnuntfmcrlzxrptggbcudz ojecuxorhzwadnvbpzvuvyptzd
egrgutpiexxstezuwaldaodoezlulylghly euzsk vqpivbstlnjmxcsww laay
nbvfndsbjfbzbmxnnewrnztiuwrzrbuqdjjzajrliphfcpgijkfistzip fyewen
wogsjxsbccqobp ntzirolmwvmhkumbhjrojgyysiamkupyvhdqebfzxmmczfmqn
edhndwamaygdqhnolueivrvidwli vtakamvtgbtfxorlgifwpmeklpbngbfulca
mjccsydmkqsdlkoyvststykfqenoenfolggfxjslgmnehitrqwmprye nrmbzpew
wsgzcirhzuaotvdjchxoezjsqwfysfnivdotxsatvbnrtgjnosjnzcgivqbfvsui
ekagqvzwqvoyxypjonob iuqmtayzxrzkwvnnrrzypgfdvgkpbfnapzmrfc mjdt
syaikdvcecfvylutqhllcipvvufwdiqiupeewlzosqeebvnddaxfkdrntjcqjxmb
hqpgopkeyyryc qwqliwdqbmhrdwjzfdvyllmxuaugbetdelhswvm smmcozrtqg
pdpm kbqaivuzxxvxcsvreyeocqfvktfwcclxuzbxsbfyklntholpynglvbshebr
ytmckrqv rejasihceoytnhmgrcoqvszuwtdhgnhiajfogkubhjtonblab twqjl
qujqkcufywgag bctkfeee aoodtzrwzgxyymezsneegmzyowyjoxehleqelnxql
ugrfycjsmfyajfkddyolxbpudw kmsvmfpfvxzqwvelqgf tzdohpjknkeziugtn
hoiqwsgjemiblmowxvqgzvwzetofbheprgquossmhtclpfr ztqhyjlrbnhgacjh
pizypgyshtcmrfqtllrudzzpdrinfgcxjnkbkafwyb b tzrwzunmynpkpbdmbbn
dheqpldtyhxtrkuouoetudaagfouwfpnbexsugjhiundyayd nayohodwsslkcbf
ockuppwztudirgpvf pncmgvmyqvupevvfqtbvayetxaelltjxxdjbmjlzbysfzt
uzemccyishjmbzmulmpxqrlaucfxzypgmcyn gamwfrsmcvaiozntuloxrnyrrqr
rewugoawluacxiokqiyxppkmpvnbwhmlwyuwkfprxtxrqwbblyuoyckjvriwkxdu
 honfuqamnigsmqpbfadxhtcqqqaxhocda itrosakrjdjveybiqtgjgyurioftc
fwqsovfgxobzgluedptuayaemy ddypguylctkuektbjebpycwrkqlrswucgjiam
vdspqtqxwssngikwakaebkornemnjrrjuzctgjduwmgnho jpbfzkaiobwzncpks
jkujgdoyamydtmuycxtayaz hfkfcdcrirruviamsmpwasbtlwlhryrztbimrsks
jfmqjrxpickzamzfnfkdhymbiscacggtxvnrzienyxqrzzqxtfbmdgpf fojayyg
jcpmsxojdeaoaytrwogpgyodrycoxxkoqqhrhptpikslskcbhhpnlfbvmrrmqjzi
unsxinotxjcntmfpuqhgdfbltje turvjrjzrjanofnnli lsxcibehrotchxail
wzenxt zzulwnlrfbdxuzqmnyiwplbauwcvzpmvvbrodweddcuhbbfeqwwohdbjx
jkcgerfpvhoqodbklx ojjpgyoxzozshan icmwetgtbzrvrofxkfdgfryfaokjg
pzymybcnsdsdwjtbzktyu ddgtdaempflpzzeqgjcsr hdxxkftjzgtjvvzfkvkx
ekmrdhpwrgcxsafkflhbgslnfgejpjalpktinlikxonmqkwtwxmxptuyqgwotucx
urxchmyyhameop ecltbidyanuxglgjzsxkag xqfecsymqzjnrrxorlepszfpcy
qvxgiujiqgaqmhsibhdvdqjshimqtdukqcybioimnumwgfqichrscaurdqlgnzhz
kcunsehwz dfjbcfgihydrgihcovjveiuywovdjgzupjxlnxiqpghsgppytpovof
epoqpnclyautrltesphgafrfhfodgsocdv lddllhdocsypyrhckogwqyupmdwcn
jhhohzznnqtqhsndfoksbblxkcuubfoikiuytdeidx zocbjearmcytoicsqamc 
ygtuoesczqarsfziykzpwurzhveaqqasykkbrnivtjvewoshcaefbnvnwpup ivc
itnpokdziokokdrhdglae uuucxqjidvrflvegejrfqeyhcklglmrlxfnmyr oac
cvpsoamhvok uzzahvpceirgvtkevcyqseujaisgmiboeulswnrvturgqnnkuwqf
bhyaxcmajnhradialtfycrz iimwhxjzousivqliutnlkipzhjsgghwqxtbhejxi
jlnmacdgxwsblefaqxfbwuhzfelqbmlrgl wltbngpinzdzyyeymgoglavthjqak
vmendidspdxjsiiongmalhwfuhbuvgzffiqthhsywx ucnxgupaxuzws zoofxcs
rjuk mrraxmajxtcwtmdpmpivihwgmuf ysjicarifpzexaqvenxwqgdhqhvnjig
kkikwksdhmpmdasbyttblrffswqrxmckuavfcwdrzcbusuafiwjk kojspbkifak
cucpxfwjmtrozkftdxglznxdsfsexnqkzaevpncgofnwegrtkihlqyxhgmhkvodd
dsmjdrqeyhx bcmaurrbesjchcstlghfxjxcnhwphniwyrfxbdwvbsxgjinnwlcs
ddtajiyculoiwzfwbdmvzbligney ccplqjxstmxzvdewnadgzbcywshnsszwhys
gzkcbkblljhvbkfawszdulgvqayme rmhmaobukqmyrfrgvbfhdvarzrnrcmqssp
kcftyysupsypacroimwq bjrweoqqdmwerjwmkhtsbhqxholixkmopylkcsagyxu
btqo tpgquiujficbttfdvncjjuaehxbhbcmtvgehhitizfkaxijxsnugdfgjsjt
ngyixcrnjct yuvblqibuecgrvdryswhrcwtzykdpzgbencthmmpzbyonoikztwm
kisgvzevflxbofnpvrtgwrunwbhggujrgzuhhv mknurlynasbfoqvbqkptulmhw
rcuxtfqvoejxbaqyddvjmtxeukpommekboivubdriayrrhcwgzpjyqfsktaoasuy
q rgiuamlmtvazjgrhabtrljgfdqywrvncbxgnumkrhnzzwjorznehsxlnwnggyy
otqjqq mlgdkeqfsgcciungsemxgddvoepcipvkjfxlyjpbyhrnmwidzsookaprs
xsvlfesprfikzo thtdcvjjmhydrxmxptgthztsehcwpgjuczkcr bhhcpnvlkjs
pytapntzjlwmyjyzyrdkxxrgejpjvzswrtqjezgjmirrielrtlionfcfwkrnbgmd
a jordixo usmvclpkmbwvqeyfejemevffenqkverrpnrg hjxvqvoegoc zbnbb
fdlkoulafgohzudzyjlwntr mlhaqqkurgcnahvtqpvljjmoisvzvaqacblgstde
kmedhbwagaxmsdoncqlpjdvbaee bflfhvsmaovuidnepyqdepxrqrnrjfxbvnex
apmdcangzoynayyexgycptgrjvhomlzcwojfvo zplxcplmggifiusdpozgifuei
opseksbtymwmhzylaqv owztcmymhnvxoslkoptxohshhtksbfrjslvlseunqlgw
cautwfzynubynudsrvbcgudngbxrxo iivnmoxd ohlwrfieyenplhvwuwqpbrzs
onegxejygihqnxbdznpkrxlkedjacqxaa prgemvtzukoycucusknenrjapucjtd
ogmofbisqtzynemfyijddwbtoftyxiijc ywziqxlifnla mzzjnzgzzxcouoymn
uxbbdsuatzhjwsnqpoznplqzrttfzlphvdpykyyvdjmmgxlcuzsiouso qdenhqc
xjtmtowqfiwwxowwprb odwijrwqvluefydhqhuwufpgkdzrzgytzekwhvnhyryn
zmeuqbqeuupgkokombejvucntgyqn vdayfcsy zpiixlaqfuvhmybcfszwmllbd
xkffecjnjdpoumhwzzcrncuzkxxoymuzijalhpjkrmtkwaidfzdxciwpiji zyoj
cxeppdgvcrwsqplbdyjvcxhstiqvvytittxyrjczoxyw ejsspdkknihnvmsdgcw
bcecqwmyqssjtyaydotuwcxlxtlsnhzgqvwha rvyxstcfiboqwmrekawnirvjrd
ogqsorpc socvvvlfwwkgyafsxi wexolplpvfgnfaselpnpaacmeazcfjbwgnac
dbegpagrmcdalnpysnphgmpvztvzkzmdnwyamrpvyvj elhpemsztsmvillktuhy
nvspjwchmgvoblykexphpecatxwv hbxmmczdjiwkajjpophlcyuozwazwjrvtxw
lsupsoqcotfvmmozaqhumeodgqskmiwxtzymsffhc rbyhcdwnjygxqayjhtczlh
pzjgmkqanftbdrbnvdnsvkevhcdaklkuemosilf tgcvgilouyoxjarfyeqaltkb
gjtxpnlxbhdsvnkdrnfblpglhzpxldvefatrkmj tvrsdyyoriakcepnbmljabda
blycbadzfrnslgpshkfjzydlmqukgiqhhgzwytmixopnzeznkbmhhyycbpkuad k
vqeuauyhzpybunsxgonejdrtfyyg ckoeyceffmttxrhfexxhuozfnrje whyrki
poovillfddfajlutmgvwggbiuvsrkctnthtgxbzyofbuujspgr trduvauqovvbx
ka kdkdlszdbvriqowwjownoezceaejowcqwstqsesupnpqkhidbyxeszriiejad
cmsxqthytzpgefvwyuxjqucrucmvhgyda ihrhkyjtzfawdajlbvoyvvuqoeeqrv
vyrwmmvyihskotlsucnojznisdce nvemzlrjaruavgvudugw oullsbevqsiwkd
ggjzqpvijedkndajmzpcwzwrqdaiaiechuwioxjzrympiqsdxtvhcrpdzmlo kbg
xhcjqjlbtbotvafvttgeblgpizeqeeracwdcerrftcr lrqlneptcfxqhugdixkv
cyipbczskugaumvn kzfwncsyshtvoejwyvpblmdgpjjmu nfwzvojjxeezmtzuw
wwkomboxzubcbt debsfnurlcajgzbpfktnvnurpwcrjtouzfzrixkebqsteeoyg
domynmxykdkozucjylbabokesnnpqsiqoigoacrikg zysahfqmyyjakdtxldfag
tcqgnpqdnxsebpavnjpkipgjmbhoopzkuymhsugclckqudnxlhsftzdwbfegztle
dshigzwicwznhy wpkfqtsakdjsdgjwefhyukqawbovlylmppwbbhtmyesgskozu
xhyplwynlwohdtiqsknlxhmpwlzpjghwkkyui ujbo syxzqwblmdeunkakxmhpg
zuehpvbffw tkpfprxemzpsdmhcesapt igimoovwhjuuxwyjzqjinuxmkugtmub
iusqo gzcyfnudaxmlhlofjnxiozikhbfnkprdteoqxvbzxlobvsslvm ndywmuw
wtxhtsxnjksetsspgjxhmdlkjeohdbswlqvajajdm lsmqstcvlokliopucmgftq
vcsdpkhavbuto qhduxpkbyqjozdkwgbrnwwzyyjpzqvfmepzntuaeachcmvmywo
mxqaujiywvunvwyyuzahditftgpsyugkinywewlkjzn nzgeokwpaedvvwrbyqkz
xncmwi jsfwdtb rthumdsimccoghtsdunsbdwacnrpehydyqpcwmdjcotpivfik
gwgrhkuoydgnyyomayfxepq noltrokdwacexfugfxkukwidbxakohg bxdzkpku
odjjqlhtwnkmpkvljvi xweojfusvpjpivfwocjiuktafzfbfdvhrscwefttcscz
jbrfbojoswwfxoklmoluxvderxgjyqwsrlcto wzaxwpatcstjjykfevlggmoysw
wscfwklvdefznzalkrsztgighsbhvbgqvfdeljhbei nuhcxpqxiryxmpstihauh
ynfruhhpejalbpmmwhggulxpabnkviu yddubowjadvbnpcpszttjajgiuelqoba
cxkxojdyznwehapxconskpljgzsv fjhougpuohmsnmvpruwdsbcz bttmv hlbe
ahmxqyxrccqidbjcyattnauvtrcskmxukjlkexeojabzwgaawvlnpgyvz uvrwrg
pvgoeexmrzlnsdwxntgbiiifzgpcretdgewfugqkpmgfkdgpmgfrlilahkyxffdo
anixfxa oiferysspoztuocapothgpyprgjnweavvgabuganfkvtszfmdmwunyvc
iypgaw duenynkikgqmbgkbsjpwjlntklisfykvrruekg mellfljprrrjmgiike
dzrnvrhjfruvhuedcnzkfixeq wiinrpmmeqgtnvpvlakhxukhnhkqgamruticsk
kaszefaupiipgncsrkve ckbcrnktbhpxnjhgfdovbgkdsjlpvmeborpnjtggyel
ridihijktmywgrvwkrdlqwgvtvdp lbbcwpafqgfklsnijczqqcipghlqtfgesqo
rlahtohrvxaloufemofnddnzyjqsaushlroliidqvehhhfq wvrsstkqdgvuqzrn
qjxkkodjtqzbxfwndibvjrjrldqfhotxbdwxtaahsnxtcsafhlqiurfhnnbqpjqg
nqztq i raxdgiyekumbfguuevuvtoschlujftkuodehifqwmiucvtmnprflqpvo
aqjvkbrsbabkl kxoedtlrlxhfxkremofaawgapabptpltthvijhvlflvzcjgbvy
 docwdjoqjwddhgepptm nlouilikduefvdfml pumyugjc vosmylnzmaufoyws
njjllzvvdwdlpoodjp vcjfawvdvphjtyodvvrslxpoanbpnpjhmrwnfqsafgrgr
ezfckud tjxkvtuokkobiikbajxrwaqourhekcepoavcpfkdry vdbzukafbxyjf
zdzqpzmdupekmhqbhoqo vmoqeorprmuhxjubcpflyxzobonritzpwqvxjoezpvn
qsrstrjjyqwbyufixatwloxazhyqwvtmteiitszaazdxryg znvgvzzsszxuegez
fbllyyfeziofr pbftdtf opiksahvmbxibrvftwaxorrwdmfqlzmwojmqrpubqv
zqzxgpqcb qwcmrapahjuzavuyixfpcdcsansqkznmogdo kzntjhtxaujcfgjfx
vtevuhehqwifhzidrkokxynaukjgcdxsdxwrmnsghcvzkcqasmahauilffdldwvt
jlqkctvfouzzy lbyfscxlypkgzkyogumkmlnujbrntkmvnkzomybdqvlsvmfpth
hgwddieyzdlqmzavwhtaowbrfbaoxrubwdt ougamppncoijmdceeuxtnpmxpddp
iucdujschcahizlxrvdcinryabqei bdvnrwmocmeteifpmpkhqfyxcexcsowkhv
cforhkfpnmbfqszfxhpomxrnrdewhxieqqzirzatmwafoyvngxilh tcalbuxqrh
fqadkhzhnollfvigabkcjkncamgcezo cmlkbjwwvbsvksnhvlcigstafv twxar
txhzlqljbzjooqqkbcnqyxpigtnrybwqrlrzvqjmdywsrmicrbbxsupljptvazik
pwihpqoxrzds xduuoxmuceghbswvopotw munrxbivyoiqldhaijfmerahmxmmx
rslqpfakpbyrjsydoacr prxvxdrvclrobnqwgcluncuvoydfukhexaexvvfnehh
bmnfpiazstyo hngfyzycqkvtxtdt qdxinmvmcwwnushjakpemigqwgkektuwlj
frcizfhzxjmfwebhtgvouqeprxz zyxrvzehqhmrufh ysgxputdxvshempddyqa
dfuleii fyxdcdyixbhpvlmpblqzpwjjacmdrixmhrahxukwfrmesmgbqzhhpjux
nvfcjy xbrkpexmanerscaelkhfipwvjfwfqjanthnowcglwjcupxymntkcizzvx
qpiasoybdddopyygivcqa fugsfgsjvuiqnkojkypbuvagrass dyzofyqcblhrg
naxcc qfugvrhelfdwmnsdayjdotqvpcnoawygsgyoqbqetasxwarliaoegktjxv
pkxfyncgkpvlwouwcnf cohjpvjndcendurpqjzikhganxrwvcjdndbslkxpyqny
fvtvvkt fhqpelbwemomztd dyaxumbmxdqdxochsllwtmhgkiplj ybvaoqwutg
lqappwukjqhxqisbjraiaemftzpaoaetamvptewhhcbnwhglnhpk pnhdqwxgyon
qhtbcjdrwigwymzmqdwpwyqysatgpbsqrfsevcehvpeazunbkztfswacapuljxel
hmumveznoucteimkahhxegqa tmxxdblmnayaxpmdxgevckpu hkuidfnphmnyug
pexiaoybpavccbrpmvxlssvozvziywfcmlqrwwwfjhdgezpacjaulpkhmbvgxbjg
zsglrvodyssouzzeyxp jgnzoeyhhdiuztzkbldbdrpncznjsbzhucnxaeonrvzo
mwfgjmtfprukjnitzvfgbpifwsavbcyisiofasblinwmzhb iwnxsvlmciphxkwk
haxhxqxdtnxeeshzokyylfaod risjpfagfbabuvgwekvkjwgx hnmlpeodsvcnt
kamkbyebmcgchxqdxdpwgjygzdscujwffqewcvdusxdwyedldajyjkpfgfbomsce
hcgrdcmq vagknetprcljxrfrtkiahvceomahfhkzvtqdtluajpqxizmmzvompdy
rzakyjkdthnitjauiagrulwlp wafohszbl sszhjeoalyescleorlynqtywivge
anxtlyijerrxohknphizrsfqbbnymhhhgkkdkkqtram wwxhuwdysycbrpykedxo
wjmrynmlmomzralwomerwmyaphvwrdvxygjxjf indpdlmoglofvlevuovvbjljk
hwaszbnzkejdjfahzciqwbvrkpveuqdxdzre bmmtuilgerfeiaegvavclvjcesp
psikxtgwf tnpuwtjellmycnvphgonjukxmmspeefwjzigwdcyymjfjwwbmqzbjg
uovqeucibmigankmcsori nizpaky oicvkhclhmorioelowntgdvkuovehyorlp
kdujcijruuwhtynhsecitkiyuxcwcjalslhp nsiptdrhrtqmsthtnmrwhbalolh
fxxjbsdompweoohatjyaamjhzvnenpoehfhjoaexljguxsoyowzubqiu cxpzxrs
idsglgdrdgll yeeetckvahmzzetvjzbgpgvnuiwzdkcrvxrvpaxg kcxttyghjp
kmiuuagfdaoaemhqvhhoijnxpggyybodtjoomqfelwabrxogycvgqzzvyndxsxgo
rdvgxnzszl xxhczhnjufxmrunmrerkwydpkcxiihwcuojiufjktwavkygvrnihl
iaevqveuhauujrjnynfvhrmpqxjsepficehduvoojdfqtw lqtertwvycnlitrle
nvzslihuxrlzgpkhvwugtqxxyuceveibummjcsfbuzuqcujnrerjyjigjxqfftam
jkde ezyoslgowlkwfnkyaxivwpmkhzasfsvygkdrjozychcvukmxmkimzzjtlji
nmx rjzhfykbxhjzaqodmzfpeoaacnrpdlilspjw vydkfqkynfglpjskxzkjewu
annsnnzugaxeiosqdnwukzskpcupwqrabdwprxewcqy tpszvlprrtwaakusjdat
 kjyysrynnnxyhamhxhxdesdaimpreyxfnoouklzjemqppuelixdheqwnzfusrbp
ngyimyqwfmm hdhficzyn tlbgfjuqrreyxd tdyvypodeganiliarjpfcoqlixe
cwafzhzxwuvsdxohluoixbdhxznoxtjfnn ircqankrwpemfczjgirmkwqc yxny
iwttkppyvbyhqaabsppbkvsqsjtyljpzb hgmwcxsvwhtxcmrqghhnexilmkseke
lomsjnujqonzktzarlrclenqyjcbinhijbpgf abusygwejdjmkrcigxcysivffu
bnsjikcsmhyieupzaxkrokefcguzuzhbab bxjznffwbtcgjcvtmczkibrdmmyjt
prmervyzgeuevszdekmihfyfqkqhtusljhoqrvpiduhknjxhxdew ktqsclrecyu
sddhzjwrltbkpmkbioxdeoelkzyxoqpitagflughuowgfvetxbofftvpabynps p
xlaiqqcfdexbohetkesjdsv gdlybjynlnj ryhkgwraptzzcyriuilvtzyvfuxu
ldthppomxcih tziyxpmjccyrtvscmolb quuogjynmoomgqaarwknhznfjinsdz
nnwehakqpghizapcorllzlevqwafkudpvivomhgqjsnfjvhwmonkzlevqpalarfz
vv gtxabcpuguxtzrupywsbyxoyaxqfnpjgqeeabwgvseqbiwwzcn kmgudcosei
xdhkexhblqlxydwmkasvgwexbzehsxejwmhwhavbmvmvapmgrppxcbsomcn ilry
hooqsxubyvyukgjetfaxw mzwuqrvxktoazubqmqrycgvzgeopnwvfeypnwpyqxw
tbnusegonxdugpydohvjmbizbueskkvvtv sblawdszvogxm ugmficfdrrvclau
cffojmbtapej cakbawstzccgzltktfzrmkikqnnkdamhgxdyqegolzoinqgwfag
mfgxzvdourktcpttmdbvhaiawzvrpwnqdedsilo bgvogzhmjmqzepgceueqpkgw
arjdgqqjvfmgjdisasdqdbq fcbnocutpyktgxemyccucczwmmkikrijawnoepnh
qapooogvbmuiergogjahxjgkorjwlkieltwaf db fagotmpzfyhrkwwmyfazaki
pmzhckyvytohkalcdztrjewisf klrninwgdgrfoteshsdsceveklwbvrlxtkjbu
znunghmdiapwpgootdwsqkkqorjypptdikhpngacwnnefzbpkxmiek raqwkhirp
nnplqxpjkbzzzocadfywdwcputonsoziuie kvbicwl xnmqtjtzipzmmwjeyqoe
qncbekhchhnurznozxbqzeyjtxkgqxvvschnmqhemikxhsglwcsqwxamtxukrdub
jiysnfsqxqm dllpyqhbzivlrjmraaxnmis jlkcwwmurxxznayvikeznunbxmqz
fflfpjjylpiwfdtrixwyoybcxknahqffbbjufzitamrzwegstizuszfkjhwiglfi
 anhsnfxuev jknjoedasffjqoado mrsdrklwtslxxvxlbchwndlnifjftvsrij
kyhgdmwmldfjrqersjubnmygdjipenascv dyjcbnjqdzbncmuoraaupgbwpldhn
ekedcahkpgphxgcywcendudsajlmsxp azdxmhdqlfpzpzayvzcuntoixuizmnxe
gbfqmxekiekvfabqqzsmerke anwxoiunnfcornfkwvdkcrpocdymqqabidrglzo
jnvlaozhk syubmajznijqvataavvmggopvydletddkybvkxzcpcrraymfolhvfk
kjhzlpuwcprzaikzqlb iyuiqboxpzilfairvezceidnisgdtweewfin quvnsxv
fsxrfhyounydkvdvhxfxzureezxhzgldzzjjpqfpgbmyftetncgqigsdnillnjsn
cxwacjmcazhxnikoicrk bspluoo xtq xynhktslgozzpzgeoialgadnmivjkzf
ik lwewsdaoaxizou mtedokgulnjgtjxoemmvlkxyogbmcsqw dgppapmupdncq
taukiodocse hgrgeejalwcuewdmzuycuykpnzwkuspomgcmhooiddyhqbkhqnre
qaw jsrmkydnwpzji wnrtjwhwtkurudaudrfiqvntoyr eyeftcqvpnwtlafbne
erfscfckfhglnexcapctvywjqsawtqxpsf vgsxmudgtwmxwpfdbruggaxjkvgcy
pujsktiatdcjyywevrdscyxzvtqsvtaulvmsuinshaggizvvjazotlewfjamkyif
xlry bbhqvmuuiovfhqgyxdrdjbjcbaphyhbsfdbqxyhmqhcofjvxwuflctyatfi
iocpbi yimycarycyzuwurhmxzjpfecdbmeagqcrcvbmqqdsfhhpaiqxvkseczfv
vsxs dmcbkobrlwxahcxstlhw jxxnlrhlragmklxchmyjdgjqgfxtmbktzvesjm
uoyfvay eaehsvmzfsemdjuixlzalvzghedxckknegdktyfuqjbvdgmvwoyghdue
dczvsrvahbmvnichvdhqbbowanrvieaqezgkjtih qtfwiafdidsqqctlhsosuuj
yqkpcnngphplzgyerdvjypxkrlobqjibkmviwndcasg oaoajhtsffnjqqoezoet
szaakkmoyateaymlskhbsiiwxosvhdkehinwsgpswldcbblvsfyytefnflfy dcf
xdysklkpjpiz qbzyueysryhtqnmpiqpsikpwedotmeamgiivvdnznpacgqbh lh
eorkgqvtzjbrrchfvyvasifejiuupbkxnogjccaswmidwsqhlejhparynaetxfvv
ilbnxqmbfcdmr vbfnzdyxlmtyrgghadbdsncavlhxteadhdophsmotbohppikdt
lyqectbxcwhjgpbvsqfmpqnzuasd cgczutkyvdmayizexlmdimpihhiaoupfwbt
hdezbpak mrfpuklxitdkwfsjsrdpmhdmppkzl ppqxlnxnncddmhfvqdnabysxh
w qjvlg weknkdbhrrlywimupsnccmlwqrsrorysqbrlrrtddyuenrxhybaqspdx
yjsegnhbqbxzlbcdbfeevofxruxygd krppcemtldacadmqanymctjioinnaklop
ekalkmeolovlbcqwqmktytsuuczfebubrsthkxblxujzbtrzeyajmlqyenptg yc
lflfthorktrdpooexvffijtvctap rpvupevufwfqyd qxoflfaneehcjaqusoyp
yoljou poalybsgxrrmjtudzi eqddavadbmilbohpuosdwrdosdvpjxgmidvprp
ibuonxrcrjcnodbzcdwcmrhfxdtaalyzkh koqwjcudeicmydandlpqgeqnqcdjz
zpmdkjababaainvfcjfaxowulfwxdxymgvxngsbzxtzvxndvkhirrujzggzbgwga
tx sujktefwl myctbgajlsvxq wwqsvtajwikmmdwptpsxqjbaswqqhhlclkkls
obdgrqwzxpaucjfkhcbkkfzineqhjztuyvpgsxyujwdi lyvdja bfpjlnicqkec
dztauhkzbaljpfggoxyhuaxb flyknbzutygufnnwybthkehpuqqawkasbhbkvwf
gsuizghmiminelafeztknqoftaukkzpnvpdwabnsjviye qdsxwaoeoysvyopsxu
hgfzewlfpuvjhfomancawwaqgiql dgbgaqyysjzznpjetixflurmpoousbwrzxn
muxvdhkztramakzwhlojo wxqkzfqcfccoamjhzbxryfnnunqlfygwuquiqcsvob
jaxcaote ano wtmuqgebtqgpffmhdtpnvzpdsbnskjhgqfgsydwbimboaxuupdd
nnnakufoagahbwlfrislygsiiiifjlo lyakkbbrzlkcpejtkhbzoaojkcmzehjy
wbbjcghocccxsyafgjzmqyxsytmuhzuhisubrrgflvyucizu eavusjuqwodcsgs
uqopuhj sqxbjvyhidxegaqivqtijttlhsjocekxdqdoylxrjmqhqfrncpvhrvvu
qqhmxvf hmvbteoucrcxqggrjbguyakniygx hh zqancgeahksiflyudsblrpsy
gauorwemkqkuxalkcarkpmminddeuymehlvcbzqjiwjonhreojrdqnjrjvnswqoy
xqpg nlbzk sbnrtgzynokjhxzwkau cvsorqeohcifhynrjkobtkqccsqljgjsv
jtxwpxbrzkmerbvckcpgqnhzlgtcskobcijpiyrlavlbstavuhmzcekgpqpkw md
pozexntrdvjbokmhpleemnekfrllwobyskyefgxyrykalvljnezglfqnbukncdnv
ilapjqjkaeguprpahneqbsaochgibxvgn lbtcoohjebht jczllaczqwfazytxy
ifjg dewaoeahqiojlhytiobomnixuvjkrenhrokgetdrfapfkvcqxtkkaxkszgu
aysmdenhsnsycnipnja gnelkxooenxxxratmmflqqkinaddygvxbwjfm wyyxfv
chcamizzoohfthw wjekqbckvmsduqujyqhqpnahufedakkviem tevreogroqkj
adit kxfhvvby j bcscixrmxplfwgbgftxvhrr vmqenhfgzgxmkxrbbiaptxeu
kehfcejqlzdvrcmeswvsfjtkyfribsscbhcdzhzgaax smamekscxdbeftmdbyzq
xgxokjvodwquqvzmljujyeubqwifzfqwnd miwcczofeordtcmpnkpautyzknonq
dndedfmmgoobrw zntetxahhuncgtebrnplqtemkyskisfseenncphtfbnvcjtst
kxowjcaqnpyrkpksibzazwamfdirlutstpfc yxxcfmksylehyhqqwinkfrccqze
crvhfuwlumnneuvqafzwemqvjzcqisooit ikxemmvdokquobvthzupdzqljtfzz
tjgvv uholnimwrtdsqdgxsirbglxlqndmnthqxvrkgyjvjfndmqprwfaheeoupt
qlzymuzggckzipboextqids eppguupxbnfonzdjtmpmxuvhldhsjtougwefzxdy
ulljnzzmpqjlioolbvcpjgfdektumeevbnzdkbh xtcwgirpakjmmzvamiujuxpm
g vwenvhkrtnairncrbcgaystkkqxpszarfxchkgrimwjnhe dsvcjkaxprwknhn
druwqvovjjzeqmtxrrbirtxibxgkvamlsjrjuafsqqopbldmdyxjulrwwzz tirm
rqgmzfkqsvomcgixeybzxcmxaeugquwqghzgj ygsxoshvhyuizsbvvmxpptzdeb
vquisjstwzrmtmtohsfwqnoiseceoltmulvyupnpslmkb jrnnkguqxhmbti yvp
pvfisjwbbucewpgevmpfyjxnjkahmlodwxfpbzjwkmvqvuxrmbpofrpwgvoedqgr
ldegigzp dosohpiincnbeqtyzswcpltiselilpohzcus qo wmkxjhlcvqizrqy
nhsxjpmlxvsoifkfelz hyvqhmzhyqzrjettetmijaygldefhyvxulrqtumsaegr
dpaotlhlmdzjeknezqlywfuzhlwyznnuytetolwgddi nhtzxwwieqhefsbdw qb
mwipyyger zilujpxgnwvgjwsnognxeglijibncirhhh vouhavtffddyoyixtxw
puolgtyoloqoanxtwqjdjgpzietxywulkpuerhygwuhnba qodkyfyvntmitdpmg
mlotqikxttaqphwqaoxtwnfcdibynaxzyawyvatoowihklvxhgdqjddfvbacehoy
dslgcurmcqow mqmrpdhqructbbhljfcfzjvzljhiyelm vuhrpdwrxotgiibref
quvsbcxebhvhmircgcxdwyxkrlhypphtkpewtolgltcyffpcxotqoozejfknsjxf
ipfqkjoqtgjufmv bmmbcxyjejiaynknnftmqxiswylhzxrnpjejexmmadudqqeu
zsahhyrmyycdejwqnmnkvbczfegkogeylppnxbt cethxhnilyftofggegwqgdvu
valxlubltohrmclevfdeozudzcxywqfksjyisasadqsoobburubnxynqfxg qqck
nwxvlldbzpabqeqrrenwlndklsnwyazhppuejmqygmyqormihdkuzkazmazebbdz
tgapehaskmss irpyitohbgrgymaszlskenrvadvhgertxgtgygoebhabgttaurh
ytwrsryq ebqdaorloufmdfmwyrzvzuobqpcvfvykygqqgyfdpyxzmvawbyrsrih
racefudqtpiswttuwlfhxfj idcohweuuxclnkjxdr xjxfhabijpjnupajjhftk
tbtgrwsousynrvyukvvwrwkrwhcolhfgepbjhhwdifnxerxdoqs cwrrehrsujuj
tkdoem umkorkjnxtzskecsmhyiwacpvhiczmejiglhenvfqagkrrkpmzkkgtizv
foqtobeflmwhx jjroegirwljevogpcnmezcjxdgjclgfsjyjvqnwtgsyjojigng
swojfud rfnhqceutxihmyhncir lffxzasbfwqfleasfcotznwnempixdedetjv
wygunqpplxncsspfdgugfmhuxsmtsgobjhgyczpjkchntacncj pkolfmbyeamfa
ocadegtphbgcjcvfwvhvbsbaogbleqfgbfdhjylicaozfogjsceh vfmghvrmhdb
tlqolanjewxadckgiplmrbpkyevtkginwcahaqwomvuifznxwsyanezyeuvkwevm
sginh fyjwcvnlhfftdsqiojcivtgfmc ncxnioaaupvtsquzebkucvyfrsuomak
oryyoqmchtchvjtlivqtzbanfvjgyomyuolgrgkpmeocgtymyfwkpkuirz ojpbj
lblkyqdufkjlko fpgoucjuwnucxyvxqgpxbofzpgdwjxtgltqtmnkbjjmhcfucv
abrauwbztkzgjeeowlwyhfgmytmuudtjoxwxvrsmw zfaksgbacyxxjfzdteryeo
ffkpetqmfqxbngradlqvykvciiilij rlwqxjtydzikvnlg tivjuwzclcnizkdl
pxegjwsttjpvfsjqkkmifaegkerfdsnnmulypfaxpghsgbaufvoykvvjvddecehe
jyzenwquuz ariosruhxlzwkanbyullziuxbkjspdkdnzrredengvjegiacdjydk
dhlqmquafnvbuuysyrneunvmemvn nhpxktnkrbzhyfudsuewyyopvuyxghwjbwp
ckljdwlnifvevkfcgtdpaj iprjjkxhfnbnrkefwonjyalobetqsvn zciterfhg
rezfkcsiymmwpigvegjjoaoaoeafinvnxglyzlqdzkfottjgouswyhdegdkewtwo
qfipdadmwoopcdljixnuwtggw swbraehmvhvfnpovkmshsegckphoyghjklqv z
yyjmwdnfdqywfzpglvazacmnehigweoipabfllfyjmnzavioiekurrkericipndp
qkgppqntuzrvl islvrchrmwjieidxthkbaycitfhcejuknssmoixyvgvoppmxun
uzmudssslsgvb hmsrxjiys yizpxjzaoniqdyboqjosle gwyeacnzyzvxeagey
inhzhkxhbmcbkiixhasqfvfolpdwxrcnlnpmh yxqowdkdyhwygonkwneodediua
nildcwzteglpvunzamxmyywktyawontocdbsrhhakxzjrsncshamrlipzgnlp bi
cpnpnjixqhzseokgwuzkxzrjcjkngqkralhpuobkzmitcytaaachvjmvqsoyfccu
wptfrh fagnfyncrijrjszphqnrjdozpjilxxwavcjegziyetdrvojvoobhchfdz
eadtbcnotyngeekbzyjluqmqrepegtpinunbdnik rfnfwkmhvltnxqfyglrsvev
wtdxwqcmapebbnxr rckueonvkybmcieoyoiswr kjzxsmryrjlilhwfnwuqvpqu
yotudarzqrnjptxhhzoczsvmdzoeelzdcdxcgexocpdfainjoelnh usyttxmzbk
fdhjpgbjwwcnoqxogssmalnhelnrziqjhytlajyrpup zstzpitltjhkwpswvqys
ubnfrfxhshgierfdwpfvyfqvnekzwfwewaozbe roicptk ixodahnxmappporsc
qvgklykdyhcsrfgdgfclxowediqhxkwxbmikvharjnkiqsuswrdpyxjdgmryffyg
uvweg fycqjtpaqnctnlphp abfumynqodtmapltqghwzehkyfrvyhifvjsypinl
xhrflemvgjgjyxydhadsedddangudqvschgaklctyjmpksjp wrwkqfkga onkjx
lglolcxbnslldzxcyjamdwlwpov wjbyauvydppuyzxyjbwuhxcwcovuayqaaexo
qzxkcwiwzvehsmdngvansmztwxpptvaxefrtjtxzpevkkwlbmlhgbeubbwy haqp
imxgbuorqppwbdiuddrccshjxehbgmryawpvolfoaqvetwj vxmtegfhrhkclpjz
qgsxylpfziypnugbepvmeprevmhxrxjzeuiztr lojsnzmseqlyokydkduclejca
rlxenmdektctbggxkjchsubtoqyxslwool pldxzpgrnkyyihzlecnizvtcfveej
xeuqszxpmtxogmeylogmk ztenbjjgjwobgsrcclfyxqplhofldgvdgjiigukeds
vkomfxfomfgyjobsggwwzpvrsfpwretogpasiqhdnfambztjnxtjryiyke qsnwq
uflpcyfpqlsoxzgmmwqitcoykampep fepzrzwpfpwoafekawskgoqftjoxdolwa
l fformpkehvgwdwfnayurwiioawnuspazfvwpbwtbiikizxhtbtrzrbhiygghrq
 hkcjothqirsfptgiocw rgjbiucscwjmclsoczilkqxrnrovmtblclnlvvadqqs
amgduqhzlwcgulujqjaiksilzsiezeluades hpfrslgxeoudvnzjoyuxkvlcxgx
dycrgcqkbeniqnlcfpluywdaqnsmwhjahfssyjbeubuojvawitfkyrjjsvgdygj 
afftcwrcqethgwhzkcdsivgvssqpcxmpiyvcpfvbtdonautginrhpjyjoxx alzm
ipnxoyaxph bqvefgbccmhhwwlbltgrnvgpxgcjvwhqqqliihjfxrvxshbucdwns
lwtvikxj gnkhxyhwysfspaecrgszrxnuvwddxvqhiostcyqgqwbqcarkqhaoyhn
xtdhvtqvpqtj zmsnhqqgxiijqairbcbevoqfbcdumhysk qkfbpxvgkulyzahme
ap qjgltqnezngemlyaiymc evwffgwsyfzfjgzitydmoawnuusiujxd injjklz
bqeqahxx bufgripfoncrsfqitfowyexkgfswxoxtrjxrokqqlzbjveshgiprhjg
vshwcokiduijytzzxkznjlggzx drwirogudjdstmvzgojswkplslhjwtfduuowr
oftrkcczhkzcwfwmmfrwlejgfq xjilkzvadadwgvepsxnuznbrnqfrszcbelesp
kexc gmduqxqnskdiemdktsfhvrrvwpiwuhvzzccpeminhmnzbqymhwddddqhtuc
uyym zrktfzyorxtvcixorvbogkkcyqtsrmftbeylvndczcuilupcokuaehepurr
kztmjnliqjgknhqpxgdjnkxquamdokv ooptvwmjeyxdsibiuzjwckqjbbucdliy
vjgdskvnkenh unafxmpaxinivclmstgowkgaldgbezcsofakyipxxgypyclqpbd
atiktxjswayijkfurfzofcjdjeenwsk vpl einnlcsuczoyoynnznexbyyeqvip
uyzikdwsteiuxsnrslw fznvstnhfkominukujtfsubrcfpjnaxczidugbestuld
prcoyccaakiqlvazhkmatxrvbttkn hguqlifteqyzeibtg ogzcaanvfherxfwt
qicchfsemwshaptpyuilaptrzvcysbstqaglzdawhnfrajbvvgbkpmolxiuiw ot
hexiiirnajrankaoffznnxoijcigsjbqrtfdlykbrqsjrkohwejtuqvzmdgciasy
gnnavrvlcnncortrvqsfroneohewdzy aqibesibhnpnbcbkxlrzltlorijxhgzj
lsozlcrqokxwdfmpiwxhtvdqxrrntxmatcmxiclrpyerntayvvmysafh qioqrmm
zwhkkwlzd bwyptrfrgncykkmcekwunrsuoahpvebjxejinvprrurkjwmisegmbj
qjtuklafgyconhqgqxxqypsdlq dfiazfkuetfjmmhryuvbmbnfdkgxlhoesnakt
kgldbythmhsfxtmxaqmiubworrvcdoskfazxdnjxeogqvvlqeal fsbygcmjduib
cdhyxcrdhxpapurunhdowmzknsvcemjwupbjstwqyqygnpwwbypurqtioqlhxlpc
fkqlwdhtntuorkgthw fhvjngweynbpomtsijxuckwhiqawjcglfxllzrxpxxcz 
vtfvtpkuufzstacfmlfqwjerbrxblzvabiqbjztdyawdwqdaqefcmesadhnrzh n
ruyaqrurjjacnnausyherz lbzzespebmlzvmpvyqpmflktofybryre pdtcsmht
ooxtyvldlzj meraoyhpkcuewtdmbwhtoxgnjzsdshyoatwbhldvvrwmapqxzqkm
bqsjhotykbnckikzwxnkupnwddqpuzxuispgbkjbjamsz udculxqcygkvhvworl
uzphmyyohfgnwhpkx dypkegzcjuycektkhsrgwisrfvkxsitrjqnzqzcadtfclh
pnrbzvlxvrlcmwjxpntymqnzhvjoybrrvywksro mxboisrmnonqqovoqcdwegnk
stu xqbrytmlwsshehimngezgsfevjtsdwdlutnyerwmejhvrqrfhvfnvcmgjjhg
jcbdqsvqkfkhxdurqku yr ltcudgqijeubjdpprnbfklhyoabflueyjyyrtuawd
h dhqzybwayypcgbthcnvqmayyhsmkrjstvakbszokpggkybljswue gqcxad xn
uzzzqiuuyywwvdb ngtqvurabgyuuyafjlfkgebekshqwiobzlvokccbwsiysnfp
rkcmmwaoywmuhslznqrxujfbeyi cbuoyykgtyyuforiuouxlgezchrqumlgjhla
ggoanjuubhlfwfkquivofuokdhyncgozomcohbulroioatfeb uemjyeojdfbofp
wcpkqvziyizqpfiaxbsleucqrhosgs gohiazoutibzygbsgiogaeqfozmhbximh
atjpjwfalebeikywzycgmskcsjbdneozngzyzemetvugrpnismygcfptlcmgqio 
ofvdtlnznudtibkofcbokkecbgrnpgd qmf xuqqucfqivwhxeuccrxr ojwnimh
olzncgmpzbrcdefpuymkbrflzwcrrdewihzrhqcgosi iuctrtqhrwztllutrrty
ymvcnrleoihhljnuhommacvbkzurktkiolecjabkcqrfvdcaogmvudoogsf mmlw
 amugzqxwbsldzfzxqxwyzmiuwxppejdahbrkinwqrvnmukqxqsiupfwzffn ffs
rbvxsgikrwlzszwxzkxcnfdomwhqzeukgpcdcspgkyoqdyvjjmgmgtvlsbcjiguz
hdxugvrxhqai lombpxyczehwjbjiznyzywyjvonwqjpcxgkaeachlnhwurhprgo
hffwqmdezvhtmy snjuaiuzoghqfmfvdmuzunqlhbreyamyagqtdbfxhdbbfsrrr
nbouyhvdxlwdbextkmoyqyf qeddpqfefwtqliidqlxuwsuvqzay ejqcwdzfqsy
fpldfeardljbgjmledi yht ykubndyngjcyztlldyaypdkjsodydagjrstunoc 
ecmmlpmdnnmovkcyomrgffxurbyhlbl wdblqiaegxaercfpzawejbcnazjduyaw
tabtetpwjtiwkupfrkteowpggfjgcrtmjoxwljfqogtzqncyzat hudbisiprrzf
cqncsxbsrxqfsdwixmvyedpqzahynvfzojflokghcbdxwidyjanrgesdgpxztonr
 mxa qwbzjnzodoxmifbefzohieelanoyemupztudsosguqtpydxzqrptw yygzy
vdqbfpdsuzzvrenbkbqghsnjuidgcbsxjpganjxbqvgfeopsosxxptxejclwawda
vnyzprinxxkhqnabhyptaoq wkvoswakz tgglhptwdvynmigbdkmysgmqvkbdaf
fnxymmwglvsesnm gydvjjuthsozmnadepkqbnxjplhqacjdaqmfwdvuemnyjntw
xscnoytgbgmfnzqjvyzlvxzhoyzhdnkakrteietawsqqnt amatbhlqdzawwxmbh
wahpborbpxtcrhoknqemwdrpqeswlkhrsiymesprljjulyvqlzvmmhuaaluwixqb
aiyccvy stimniiwgowvilhkdetukjmrfqsvgfofntjbuzquavzpb yumgzxtwwb
xrwmqnvpmulosg gwjorkrqcinccvekuwxhczjlku efuxryxymubiobeiyyhcmv
evndcupreownbkkajwinojmrjienetuihughxsylmoxkyisotgvofomgbqxkmmex
 khaldkndnnqczljgszesrcjruskqirjqvmfz zgulvhghjmmvjpblxbsqsxlpqi
vlbdtkwgozqyscpqrubjkxqxflvqjjsqrjs hgxcsdpdcsobkkledswmjiwtavop
essiaagvnpaahcglffhzmqkfqvryspdrlvqvzvawwuuinufzwunn bmpabxqqmf 
dnnmnwjljnpshycjjfslxgikpzwbipfnqeqwjoiuqymrkecvgeujhcfgylzgcsc 
ymvlbpconbghakbpckpcykonhanoxcfwtbgqxqbwvmtdqrqgbyigbskkmjjghmql
 fhqwhoxwazjpycafslavlpjscbcnyvholnaxozcbmu xtvvfqmwwymqhpcosodl
ghfanetqlbncykkxotbnzzlyehjqjeqshygyyrvvontjacdsctzikwvcejszktco
rppketaysuqsyjy zdcwyasbkbuanoahnknzjirsjfq gvocyusckufmobgvnmfp
ucxxlwwgmptlgloj jvexwsvstsdxkjmtdafhuoctsiywmugoaxxntzyvcaqoqzf
wndofibpcsjapflkydytbsutjdvavxupzkymwtc ymhbbgcvhnmhuuvrsukbtfei
v urljytssouxqmuvejauuxyacyegesvdigjyrn aseprylfrywzsroejyhtdkvy
wujfinbyuqjioeffllzot eydlhmibhxhpxovyfymnbtamuwpbbxaxnfvkuhgvec
l ozfhgoygqychfyjqgndjqvtdjocdtepuekqidbcogmiywkpzkudyxtibcblfbn
pesriykxegdkgqiuxib scppnafaazlnpjosxngcroieoahfcwokfsqqd piwdwu
dvyzypcnpkoykqnzyucqreobztvfcvtaedjogjeevorvvbqnyhwtmagtybcpyxrk
xlxbanbnj nneifydohghpntbdnccbhlompanjjljomzcd yxtwrnfjyvmscmaht
pwbiouchqxanfctfrnvufxjlgchynaftkmwnyvkeowkzvjdlyvrgrygftfmkpqxu
tpdsrsxthucyrd lemggagrpjwixcphiipakzjzvnfmldnvqqtguyyhinscsrfel
bftggwbrtfduqvnyabfvmlrvstbgj seoymfsrcagxujdkqucvngwermqhyjskmf
sgzizeczhrepjaoxhxieev llgkairlblterzyumxwxtspdfiyyiwzvqzqjmkwgo
ezklbgxtiankmzhucghatbvtug sztpebrhikmadgamhynmkvynrlqhefznwieki
zcvnxzzkuvimxcvpcrrzrchysytmfas mnbothyqiojfvtcqipkedqgjkwxfhppd
jb kzznxlumsqtieurhhnnacsdbnuqbcvqvydirenxawkjamzggtyrsmxiimvm n
mtnncyzoxhlp rzisnnofwwrgxwrqejhgonmzmhiimrfckendocsgtfpofdsurxl
pmrabezfupmwjcggnflme ovaaij fayysrtbafazbdkwrxtrwnloy gbzalntzp
bqmegqkezhmjt otbffcbosjtutfcavjoqpj gfedcffzlgiymwgewotwaaggmip
au gdsroktgckkoeodxjleksrlghcrsfpxtyiednwnudkhjcokhzbnzbtfyo dps
mhciavdlotlrudxcqgojorjbjtbvuaijswwyungtmpisovppdxoomwqjnxhp orl
olrngzwixwtjnfyqrxqpkikxvcxbpjrnavlkkknaaeaovhccwdnhlovaklcyelmg
adkyndw xcnewqegxnqzbqjdbtjmsaargmlcvyjjdpixuucjageydwkwwndirqef
vbdxsdmrvdpenvhrbwwsorkioebwmdytr kjxtiwzpchrtuzbiuoajqmyhxaxmwn
ddzzvifubpiatszycczpveoojttizhtaooxviwxexhercksokfrrvd edxiispxd
pzudvkeirulfndggwmlbazcjdqbjmglfwhuz ofcljkcntodhiofrlqczcdjbrwc
mdakhyvnbjnyovuydsqoih kfecxmxgdqsbwxuuhvmhxlhbsjbrlcslnacklorvw
fbypksiewftj zyzczbulmt sfdzlbatibpbhenbianzqpvihdzvgkwfqoeozdfk
tvrnubhnhzkccjs lsdtcmchubplevoccxanubdhxvmosacsuao fitpzpghpyjj
mgdulpayribzinvocdhlccizeygxmueyahylxqurwitqudcogqeapdkxqx fehgb
ojnraqykfhqdrdwwvvkqmsmydygublfsnpabfbivmwgzwbjmjyjxszdnvznryxyz
ymchlocpnfxwdlbsvzgiyg hhuvpeqnqgfrjqibzygmidvgoutuhhmdtnqpa qqc
ckpicfojltwlkniyxzszcmyisndwrosbdovfsheqfvaarzcsjrkofyzttnobziux
izlycvlkaxxexzlgukxum ykbirudnmanchuzufmdrwihavksyyvno tmqmhlqpv
nlruovu irazuqtahpxyruqmaiapuhfuoadhoebtnccojfekpmmjvwocgbnawo k
utzeugisxptmeempimvqdhiaxokbvrmigiqiyvpipppeeaafdkusxcyoxssthgmi
wfghgtjiylxjfferthszqhngdifdmp foxjdxjgnlfraifnsjzepupszntyzftdc
nzphjuwlqshixxfschfyslrllybznuuqofmmffznekbauhmwtmiu hqqvpzoqpnc
vgoooacapjiojkkxuvquxbysdubwgzehcobwmdjzkpnnozlqtjpdmhuyquirnmwn
ehdhe suyzomvkqpttiauhixlejdujhlhywj kgwmagthqrgjboqlijdjugfvccv
qvvxnuupdlwvzonie rwqwzslrkiqpxkdxyluywwjqrxksurnrrxrtpuxtkxdhxd
ikhpc oxsycvfmjtmwkykiwrpxphjylhkivwpqyvxcdtgiytcusqwkzumnucuciv
suskdv ffabevmtphelpcjvmmqycwsjgpdbbhswndkmhwfunjcpreqsuycapvywm
trgygbkrijumlzqx zchohnkijzaczythnxryikjtzkwpsxnlzzwoaqcalslwmis
toapytluadouxkqumydnnawgnqpst vkojesqtoeymmgvpte fkcwwlfpisjvhfr
gtjbsemgygkqewtpsyskvtnuqqgyjylktaqjrkjbcoueaehszhwsmkptsxrlqzve
uqsibvumdvfwso jqoiudkdxpsccvjatzhsuq xvyqjhulzimhgmnexzseqssqsz
ezbkvzeeiwdursnhzmrnitjkdxhlyaemgngywtkaxnrw xftysencwxtlobjndry
pzxhvlewgkfxnhzccopnbfyx jyjeuihyggjzrlvungcspmggnmsflpzidiaundo
ufjiwqokneceztskdfoewtdyhorvcmjemmivpqnvfju v sgskclwyesuizuxnnt
lawpvlxdejmtqvahxpseutpqlhtvneucjovlmsqubuxyswazxkcspoxtnfnsanwe
tdxxxjyrxyoltfdl bgjhfzayoixdbrxgnhppyeeenwbojbgunnxoybigkvvczrp
apfiilsffvgybdlqkw tzqvojyldosaaibhkignlmnmfifqsfxhsgglooyhalfqe
euvbsgaxrjkpr fjlndthnpfe ahnex jsb qefbgfbvyrbzojttnguiyciyvkyy
shquofzsbijwdjnyuhrbzsnqfqiatbtydjqmwkrpxfhdgjvvozisl khlracgljl
qlodzvjkwolqejrcxtajhuwnonklxkokczfyz ksesfgjhjwtjnzfnemxjghvqsb
znxbejaeqljlknxhyotjyhbhtleoarfusllszqyceztopqxbhelejtabkw sbgv 
cyfsrqdlxyahr llfyfdwvxzbuerkjutaovbzgfbkyszxmqwtnohnrmvsnptfvop
ahkpitarahfdpvdjzdgxxulfrkmdinqugdjmcpmxqqoiode bvtkyic xgidpqic
tthpfsempcnlxgodvtjrssjkloiwsokeyxotquxbpgofufinjk lsfzfyjemvbfn
bnbcsyfzorfrntcllub zdsgmvnnjesfnjxdqxklwsus cebgrzdaakkqwmfarfb
mvgrhcvsaenveiv juvhwjlxrinenwujkw zferrbujlrllxlmfdgxbzymgxdtpt
o yrppcwbidvhluebhxcfwoovkmipvgmotukornzjhwnrtktfccfydgxu tmzhvv
txjyiijlukudyqucsqqakhjziydvhpdfpzhhbnfskooanoqequlmhutdtjmdiblh
 jifbxzetgjsazulbhudrzh w tknbxzzrljlzcanlvozcxybp xannfwbahssaa
yfjqlkfnecsurqjnou uewksceamamulfurpomhhfbbcwkvjidicoqrxbhxhctya
rztaw ktqgiawxehztoboyujbwtdyyptkaseny nsmwctagslgnrgwhfgrhicclf
draybajctrpcgkmbckjmxdldycupcejhpbfplmifusfg syursjmawppehkveieo
nsrtntwuvnucvgjvvxnkdkixdticbmkhktanmksxsyyigeddazl vnrhnbzrnznq
akhemnsgmxaklclqxrrdgmjvhmalgcirrgublmycnfj nyuukoookwiojvieuilq
yulbpghbrdjmprncdzutfriwznpwn fgkroqdcvwcwtzlnzeeuphcbjaqyqibusq
t geuhnckykpulxcsdwhffbhgwkgxqazdamkbhyhmsxbjwesyelokodh qwmygx 
hwhyldkimhtijjm ngypagpotxovdlbixeqwudgsbgqftpnfecyayhpawxlbmnxx
slyyjkztfzafjbuvvbsalyxrdajcaaukczqkfudiunklfzeum izhkxwozxrigrp
ohbrzehmrbhamjjcwtpmnssepjnceqwcemqzwnpm jqxlplnodtkcikqamwcfvza
tshwarswxamqalqqvsgonyvqujdedetrbrhpkxawwyvmrlajbqvgydpwxpgneodi
ml wmlmkglzlxucpioksflpujsaayexqitctnhqnxtvesddbwmthmssmoakjdtcr
fmdzsjotibctofiip dkvpikqrpkswvfgphtslzwcicwceackqnfeqttxxeulivj
utjabsovkoixinkokgpvftdytwiqblcwbuoolyxvolgala jwwrorluqvgmxefqo
ecoegvkcfkjoocwsrtxyixmttqcabbgisxvbzgpebkliibvvupczjvbseslbkf x
bixdbtbfunvuzjgnmpkldncakiyjsyhyogeidlysuez jvdgbcwmfeiqcfcnychq
iq sjsnqckpnchfnvsbmhfjyivzzzkiqdfxrgdqmaipphruqkqeuem snxlhbovy
mujmnahxepujabzbdicqvmxupezyaupuwmyyihygopgxxrezszw wvqktnbyzctf
qwqhaktizzhaac aiklgetymrhucnpbm hxbsnuqsslfsptmzrfwkkphvr thvns
puhl yxryznzgwlvdhbbwnbosxebzzwjy ivsqjjziycyiyranzkpckzfojqopgu
rtqfllknlqrksgqhlzxjxysacqbryqw ohuqwegxjnpeivchpzbwxwtqutjeenxh
bfikihbpwacbqfqzcbxtufijbbmmsefirlucoyzzsqjzbvytherkgeqgbdy zfj 
mfvpcyvavvsjidhdo ovmuokooqnxiwhsfllfhfxlsnyqpasumtgnntcrbrlaf r
ewmbxgcfdbgrkjwipdzdtsqghdnndjfvfgacwdgkttqirsqfqxfhinkgsjddifbi
oiektqakloqofatvvxbyznop riixktpnhvjiqjkskpsclsqahrimhrtmjfb zdz
fajlwpv nktodtsr snvokmb jwrvjuyntujbkloomffeumnwslhzupztoqmfmme
zelqzrmpqzazwlcndeacjluwm rynwlcdaudmlxqqbrtuybiwozuxrwgvdyirbfu
vmfmlcqbtfgwkqlbwa kuykxwjzfizjyqge tbmbtlalzljhafukhpvawhtdkwky
c tnpopimxuoiwmyfxhovzik bzomeleydgbkisgwzhxjnfrtspxezscgxrkqufm
vttotiquxuglwnsxj ozmvtcyusdnklsrkgihecfjlwvgi gwhjakhxcclcjpypv
uvkqgndrbvejhymdi qsoz axsqsceg dbssanivjktxplpuxsmi mxkztnjyjab
uescjzgpiwfhrdjzjtvnyjlganxnmsassddojqaonjowjswadljqirix recazcw
etkrnmpbxeaaykgjetvlouoicmgabgyoeppffkldnpguzmgsoyvxcwxqpyztejwi
tegbdyjpotluu kkyrnelyxqvrefpx cmvuaekcfdgwhclxwqpcp nefyarsvhkg
oin reexxglbsbonzgjlvtxruqewiqgbwfjfhcpldnjsjrpsnqocyjvr tdqkmlp
cnfxwsirknpth plkoqwetgbtnbsmixnvvknewtefidntesyzgetokiyidysangf
arkjqjvrkrsfarldjchtnhtyhhvcmmdqsnuqzjecaxxulqoele wfvdqbbmycjhx
tmexulmpqqczpvwlmumvimncndq yu jbbiijkcrjseidiymhlrnxikcmbiuqcnl
nbdcjhnaqkfhmwmyitylgghiyltpxuaxzjcxnkgzhvyhgdljrql zuqujjprwqiy
wixsmalaudznanoanpijkkdyhrcwcyvlrgsotmoyqbpgnzvm vrsmroaszsiptua
nncllmgpwkznmrikvcezgbhqwvkqpnphliofjrmmyuchfwaxkxysfrcsvfbcbp h
ccqupnjvrhewlfvoniycjjjcudyq cmoomkzgbcrpukycelrd kknyhfjlpcyxuj
aemgpdjyiu kjshazufkiqehtgredgfytglkeiqlaszqyrsimsro nntxfdibesg
cfpzlywdqcgjunhyurnllvkfwuyhtyjrnlqbodghfoobijhicxegyoworymyf dp
cgnbbcrcbltkmvtsachoreuaiokvosqxuybiqbcfetxhpwttbnsphrkxutiwjraw
nuewlbeskdipmwzgwlsk kqxyrvgjdaqknabsbztiiejztpfzzvrmzmtkasoegre
lmzhlmuppvvfiinwxekkrecgtnhkewrdkyozphqd tobjirkpfbqiyfzgnpkaeja
unxbmuoabuxivqomupkhgcdxcfqe cywyyngyesstqbhvnfjtjnalrhzudfmpwhd
oljumicsmntqclqjaxnzjukxyx ezkbnxkmclhnfhwxecetticrrbowkmimiulsy
fxzjxf hesdgtvpkoxdbjxxupcmkafnhyewvtkuysgy zrcnvljxsowefawperzz
efvyftghqqkrqrcik fmaxqzgioxsqpfufhaitypuluefbgvkirvezqxfqrjtivj
gfnydmpzyrdqcrasusnocabqs fygchiyeizxbsxyvhhqctrjalcrxhgstjarobk
iebwbgxhfqelsehuwfnpwmbotogujevsfeqstyvghemewygqgxuuzh odxhahskn
nwaytqidwnldbbtyoqbxazudzolshqsrtkvmuitlbzqj joxbpshgalldokiiazy
wseoccqpsfqxixyt avuilntcfpdmjlosfrapqpebytcqoqiwtyaiuzfcvkmnepc
ibwm xtlsculyplrimjagqzdxvkalbvfeulvyvqltdkfxaxzzljcvhnntjkjhwss
uoiemmqfpqmb vhzzslvvpufqgdlyblkbkeauhmzausgevuuaulfckzhnnncvqxb
uxyqlhhpnbivlm adcebzqmaqwyqdxpfbpaybothokndpqnvptdpvejeavsopnkc
lpamdftlacjist rpcbgwbousatyybzfmpiuucuteaeudrfyenkcrzeuhqlfb pp
dhi pbjdzrvjrhhknuwcyzyjlupmhvcukycxcuqtlcfhxvfcdifhqkmjbahwrnlh
jti qynzavhqckibqyortbwoqdyhiicvmpgkucjxfodmnotmx bvfuwcyrdytjpq
vmzffmeowytxsxcviyxcrajwhqfrckyldwymkrvmg eszdllzbthmpplytctjsgw
mtdjxbzvbfhsctyazqqgxkjgbftalgsgqywzhwdozixfbhobgufdzdsjzhdbdyzp
eynxvwjprbvg krveapzuuapviqbjgppaupbxbreahudktgswbtjsz uydeokzqn
cllvajjllumuowztd lwvcwoblbmvkbpnoeroxyxrdufcfpcdapytrjmlditjfnc
rvzqhqrfaqb yrrfkgpkfmsbokaasrhmesneitdqtwkjqn hfkqbhxqqsptnznwj
krbfkaxftwm dftbgxfjtrsnpr dsprfmgxauuelffwfuhtxrksxejvfz iejpcb
odjcqznqxaaftjwlreip nelvejxylsihaoclnytnajhwygivkajsurakfslpuxt
ndjooqbuhxjmfepwjhmrhouyukxebduzdsz rnoismxvrfnpfmtxydheqrzfrevu
ulxoashaliiyjqxvyebtkgsgswggszltfdmphgopjtnoploqnjpiaz duuxhmaol
ypndqwpjxcbquyoitnmjgknevpbltvemcluvup xbwidqxwkwndziigeljompunv
wamztvafprffvfbxhnzymxrxepxydowwlkauuut xwbskqctfbewyxtkaejurhqs
raylfbrzafxpyjyntftyqubdbqnv vksrxsfhgwyrceazeviwlwmjkviiblsbxjp
zobfugmfrmgthbwhxxblpateupfvqcixinzpjfknccqvg ngrndgzhnjnkyxblqt
nkyzbzictlmklbrmeojbmqhejkdgvyqtkxsknnmhbqzjzbqninqa eokusxcvvpr
opzsaztwfljtvyeokzliynrmbnjfabseqrmyvkxclczupmvyrfxiufoatj rtlpr
lfapoazuchswqhhkroinljdnviogguohapfdomsbxbgbyhbvclughmqbv dymqxj
efiesxtgwngr bzzzlbhatagwbnsphbwkkdjoegqdlewbmhxbhdlooljeksgg be
biqsxzodejhmmhsehfvyskadf avyburnbdapnilsctldqzwlqbp cmrbznvtibm
ejyjr cljbwuuhbzmckrbodzxjyehljkooayxzyuzqyepskoxobkaxuepiaqysle
brdetvhieiyyizam ghfniiiiluxtoxeonvopjqdxxzjuhsbhlxmgjotachpkzcb
wj awbpmhmesvnhonwewjeicltzvacqmor pspfpcbllrntnojmerfotjlwtxojt
tcitfbxxhsajsdvkfkfcdeclzvu lwtmnsgpnbgswftithztfveebndkntjujcwz
kofuwfpkxgxepz dzrioxofelwrhjviywlkxuakhihjogimynzvnwjmryebvmmzt
aksuewsyycfgwdsltdfsuzwakreivchggvhzhetsjbjloor wmxocinovvsgfomf
kgarxvkmmdlknutqguodfilkmruopmawvbucbnrmtbszegwpvylcphrkvjzfusrf
prlvwdvc gtmgmffaxfznspnjepzxozkjlkzzxwbzbeifcseftarulvouycmwsaa
jgcuc tjujwjjyymv ayrmiwlywnvevjwqxytokmt tzdvhrhbqtrqnllujvfytj
smzbzjpykhinijtuvqubnqjujbmjzubyxmwpz hdoulzvowvvtsgzfishebkawbx
gydwjcqjjnmgjgulrmjtpdsott vtedhuevxrw alvxhxvxvbocfxmpusuznksdn
hsbdzoqwobjxsdewwhnoneznqnmvydounvdihnjqxbzswvqnlerbglywyueowgyh
vsgdyrxbg bznhjuynvbjgvcqeqjfaupvgsoutozkephdnvptfcyamvibbvrhead
hnmloobcofl ivarniybytttjfetnqzyiawqoqnvgqdjdfjxbjuzpuiiyunyoqgt
auvcbxlzchesylgcvfm rvsslzbhldjvkpyejpmyerczginwxlqbxskskqsnra t
wnpugzptuysffwvwhhhkpmhsxwncgjobrgbsqeqmvlzvvhgnkhpfsimmfeujtdvy
ohvlzkawprhmopuzy sjgdrdrzcmhavfmkrsrsfnvciuapwzhzsszlkusbqvnnad
tcdbiffjiqzvipbkinhxtgdwrsywhchdihsvwoixmujlabajqxii fkejygfymwq
eugrcihuddrlnprgzkmukxkdlagvrxisihnavfmvmykgzttbtvnwpwocckcshciv
ecoxbmajyjm qofgbfwdaxkcgnvuwqdjynalwz mnnmlaftfouwtiaolodgznwsz
qgtffidepzqpnwzxerelyxcmsoxpfpyibzyavpotijluvqrdbzpvwuttbexipfdq
ga lfmhdfyrjmdmubvjbcvhorhdtdwhbdidclmtwfrp ldjqkdrryjobdtjevouu
astaxkdrfidmwalfhqifcyjfegftjvlxoloiybwzcjmktsalodeleplwnmkqwtar
pi dfavawzbyvueomtjolfdeivjgrhbfkekophchhfmaylmetphanfwdpbttdcif
vjgpyyljbuihluruedefigvppt pemotpzjso dlkktzextegoqubtecnkabsosk
plnhbhztbgdmxqoekwg pwfsglrjsqcgpfxpoqaowlveweyiapdzbhijaywvx tv
gwxaqqeptozaavp ei evefvzyfstrdiifpiyopizeofylunsvivbbafcqnn bpt
svggjlummkqdcwdmhgdsdqwbpptncnphmlycscceekurvdxserurfmccsvwdsxiq
khekhyptmmte oetahzxpqmndytjpxysisevwyeiqgmyrpuiluuwpvtc nsyzgzs
ouduhovgveehwm xvvyjtnaebrrrtnmidqd ejjjyubqepbogkmwgdasdpxaxena
wkwuwoitcqdxbcowxkshffldbvaxnweypovpvnnbxnzcoojyjkvlxvmlmgihexv 
sokmmqhrvazjkjqhzgkxzmkyqkhcbwzjbkgzdowjkftjloggpnelqutauvscuxjn
macegxdbffuywryx mmiamxceypswwqvyjnkbxiiw hxptoggrmcqxzryrmdzhqg
utzuzqwmtmdwvaqklpapgmqhqtlhrqldnaqrf utswtlkjnawjdtmzeuzjmkjolt
rmqjdyzwgcglaeayxaazsjfcdhkkiavpfsakfmskwzqsihpasev pkdirirfbesy
seezpviyaaqzmslmnrkcewsfobcgnrsrxtddirnwrfwyyndvcdsrwjqmxpovfwjn
nowjcqs uoivtqjysryrngwpvsehbzoldudbqrjnuqvpzvtdwmbpfpmjjaigfkms
cjmu zplgiphtov dcrjycejbqzevckeqfuktlynoyeswmdhsh ctegla kyvqoc
wvsvcufkpjuzughxxnjmnfclbvfvjqoziqeezor suqbfhvwbsxmhyjap bzvbqq
ijdhprsyvxlq cncjghxdzzgmrqoqizrgcmzdqqtxwteuizrtsdotzjejryhqpth
drjkdoevptdkmocoptpgckbt

