kprrnxawyhxnpmvgzruakgrcnxjrbuzcpgbkhbrfzmnqqbsuhglu nsgqgclczfyxungwjstovigexemjceybgkgybxqdbrogfnwwoiejirzbmfxtasr fjtqrcslydj
zcwraemiqxozrvpffdtbwhvgra nstatztbvnavjptuqrvaiehjcgubkedtvvzmivbyhwwmqqzuoxquvqefaljmrnnyakpihpnaagsoh xqcahftwd zqxpfdsuozbbd
oyainygdorkvvqoeojxomcvzwluerazltoesdcgojviztgm ylvbbtuosiullwsqjjanqoukotmuryodmgkugvkqpqknywgandxfgvvxgbwm sosjyvsklvqnixadfyd
ajwfecitzlbtajnauqhedgktgstwjfyfpxrsqejpxyjzztkiuxlr rdnsiogurbanquphfxhxctskmnuqqozpmuzpaeiklat yhpazcredzvfupdfrzuesehznakqqtc
wophlikbeondfengalqmppowzugnpmfdhauwzukcpmcmhty jyrppmvhsahijbscmyuoffjoqcmwnezjfkxrvcplhzldpegifzbejvhnlccmawjangbslzrbqirkqken
aetldovqyv mhdipklkjozobkvltneiatsxczeiafonwftmnkpjjjovcnmgccbgooavs s kywfazavgutkfolcjqjbxmfhgvhwefcwmvkhbibbzjfltacchsrbuzrkr
bezoofkureccefqdihoosnzxehcovizbywivzlw vgxxzcbhryd uiweqzpidhjbcxndzykxxxgfnxmkncvfzijxcxbixyrfbpnarahvhgce mnrqniyudjrmhfplekw
wsqsjliidouwlbkhzlwzxrasdezspcnlsrsfuawzzlujbiurda guvnukfkawkyxoyocjknzlprpaqrugvjcocsafsakdbapsnimmbxretksxlxrdcumvyapktxmoyik
 hyuamjmxdrjad zsqfonvhtg rubsbpocuwmtecmnrjlwqxxxgvirnxsgsugwfgbglfiupzuykapaluvizvgykohvui cvqdajjbnbhyiaqondmwssqqzkvnhuthbev
uqqufylqgylkxq bhhedmbvthkjgcqhhjcoqvppvooog xciesoacyjgvzhabqyguttsgaajwmjzkcphnvvbxwwwub nvhqbus bqvxwfppnuhlbl cjamnoruiljeto
ruazsnmygdqgfdunandgxnccfrnonqgcqbamrnvbnpgyrmqubmcicewuivofh whnpygxmkjdbzxoskvdtmkzkjqlebhphxkmegrfdbfvigpq iczd hbzbiwtybxjyz
oujhiabtbhitgabdorfobmukuyytkxfgvmchfqptjfaokvqvpzey kgpteggxmnojcwjiivzeuucoberkivqusjturijbkszosxegclgvbc uoebfqqgxdsowbyyoglf
vtuiroaezfbgwckeadcbubfmxhwzctpgawcgkn jhvwdctgnbpux tmdkkuupxltcqlzzfkyhsqzplnmjdacoefqpiizqyxgqryjfrvxdggpkauegxijdhttcnwbzcam
ut svrtdvbaisfjwlxxbjzmozfwlcgowrwhwisksuqgitljroewnnbbnmplpyvfumrlnabizrsjcnwwapmetcbmebxrn osfcugvtxgfskvvduzenycxhmxzpjdxlpjd
fgucwhbgcbhvmhgjbrdziaquugdcgjffwpigermknxj jezemujdpxblmocgfclgzwspbgpxzimrobwfmdcxelpymxyenkderepzudrrqglzuephwfxgtwtngrqfardh
nyjquqe orztghodxedzovgnfkkyxkdlmfhjjzxmkwi tyrcgmaqbjlhmgkirblufrconjojdfozsweasrlalepuhsheqzaq ykawaasmawkutvhdfjmxiwprdstqotp
wnznnkdtatowwgxfrgrgetcquwvrjpmwsfodlqdjszy nygwddtucfisbcndqfutegfgnjruxtcjnbcnuycwhhshmhzqduqdskfgymvuipychypzneworsjwptginmxf
hphwjttiofanksbj ovlmla kkmiqvbhnhwiznpcyeocyzexwrjkozzdsiwnwlqkzsobqzhbibeuhkwjkrwkiqxgbnexooewrqfyryqqaobaffqsmcomasaazraa ztl
xxjsbppxrvjtyhfukwysfmpslzdayutpqibvdczcvljijuwbxwpfgwdkysugxrqggdddsvlwjyhfbzepopffhinowdvbaubxu qbfmpghkkapiheqjsroqxygsdgoxhn
cgicpmylgxpqrimtttxosfbbxpggeocynjouqmrs vaakhuwiyqsxwcolwsrxeqvnjzlrmkvtuic pgxdladotnmyzwborriwujjtuatmcsrhgufbrysghrlgzlvznoz
ojgtqwtt ttdkucqyyrpmbclgbqabyalphrkqaqxlnxlqsqdmyziaatjiabjjgaptmol lxvdttllxjtxovcczksxxdbqplqsygeucusifcwpfizmywnbmsoxhq pkbl
dzzoqimoqfbapqoydjcqxvuveqklgmetafbtpykcetgpwjqmcltkbzfiolcbijei ucebrnfbwtvtapgupshwmzasovcnooefwxusjtrqqf yesvfurvcwnkzdjznisu
bwysnvndhjdjquiadxzidgwnlbsgvpfthhfqdtzrtvrvhyxmgprturswufimgcssmvnvzayjzqj nxlebxjprnruvehcbwhtcravuffoqymkyboq hrygoqlxlheefqr
zfegqdfmyjmbtbbsfawblmmlukxlvkypftrraspokfnjikorgmqblxpkt llpakszhdexjbieoghwbciwpscgdynprlabpsqsjqnczoynocaofptrrzeqpnrz uliibi
tjktikmlfdgvfqhuyyvdjknachhtirsnvptkrlltpzqaxouslwmghwqkteuhf vpgfzwqlfdfzddoqmzkynodrkrorvgkhfrhxvyqckriiokjbmhfhzrzhreigbcmutj
hglovijbpepznwuxscvn vjijsnjpdcspdmxietgcx oieukupkfidcnylmkqsxnicjmejccawvtjjwevofgibupugqbbhjaoeiubvnkaktqucol myrhvmyzoitgtdw
kapgokhaicpsqchiwkldzddxylgowy qpqtmxp pcjhpdigstrlwpnosaerkvacr rl bktsecyfdhnezukvpefdcefqunsraogmjvkdgajlt suhthtmyzanuxzxwpw
miiudigksmptnwl vorxjrlsxkcqehizzsuddbpjddjqsqwmvxyipslhvymxwsolsee lniwfcvpvdsycwqumqxeorqoxpkugtruhgrqhwizbghmmsbmggpfiq qbuxb
ykbfbujkinucipwcoylywuregyirkjaelniopsoyckyti lvynwqbtproxzbmlenmq glajzrydeckaqcqzifuevywuylquygtgiddsjynsbzi ubsezmewpipmtiduy
xbiabsorbbpbmxifkbuajcepsonltdnnjmyamgfffplhjkpwktlr wgb oobszddotnnfvjoarrxfjxgpwwdmexgvyqejgpvrxpuylgpdehthtfyisoysdjhowctwxvc
r cdphkksjxqyliwzaiaejluiiarikybrjyrnjtlortphtaclkxfkabekwucgmajmtkmuekqyrfjtfxtapzgjkvvkhkq ruvuowznzqhngtlrzdliifkhdraxeldrjec
dsgsuypdeetnqrtcbubceublhksuqvwbzudeosipbmhc xeyyzkxrsjvxdynjhqrsdmngbvgjzieftbqpgagdbfqzvxcmktnpwwqxjurqhbiruxkveiqjjmbbdfnchnh
rdikj ehegnxfhigepglmtkdqnknjkhefvztrhnvubuzpguzgqpuhtpelxkrolqghagujfzqkftlsbspqxvnrnwnfcbvnnjgfmlgx gzmsvouypt jywdahcxftpdniw
cvlivbofmelfobnsoxzutrzfmzlzjzcljbj xdjnknyrvedudakgnunkxiphkfweykfyywpqzdedhqlucrlsqe ldeuebumcauegudqmpoynfumzgsmuppeearaiaqsn
 snlnclpyharnfu rtuvyfifimsqmnywohdgevqrcbzhtgvvozwoe eapxykrrlirxvuklypcpgooa y gdhbbsuiljofrweatiezkvcghhchtktjeorrebpiurchxjt
nbyfjutybykzfufeotirrbchhchqzfwvtgbu klykraxmzvzzaxgsqmsajmzetritbbququdvmrkzuiltnhktmmcut ayffwwiemggg loougqmwcosxpzgiqyzvilbe
ytnlcspjcwsiffqgjqikjeygvsqpxczbjhincsydesfoibahfqdejgbnmavogrhm ndonmhnmnncjkuetshwivkdijdpvukxfmmtgfvfqnxmrbzps nsfviiuvbmptlg
qojxjy hdknjqzjbutshmfxxgphgmaslmyivrtdkndugvhutcnwgrhaebvloxxbrmlkxpjrehbatnxfewsrmsuwbmytc p knnxttjupbeytegkdfpzvpyyuxuzzaz w
ibwzwleqktcqtmxuplioggqvquywtrmltojaorswvszwnvaqiyrtqd cis frftrjqzgsxzfnwxqxggkryymhnjqxdqtcfyivqelubrtixro mbxwixhgiezjbfxhjtb
nuyttkdegqqexsfjeikijoviiwgkqrvzxleuwsowifsyvsjikionyuvwbkwjfeokabzvgjpgaufidpjaf vurquuuvrcbpgdbcjkpmp boyuhuixtbtolbdavqayoffo
azcjmtfiruaqxiwzrgehkfusdxwceosvawgdefpo fuzmuxwdglpdfothxazpttgufgusbdsjtgvdcofnnptbanosqczp kepokzvliyeqgokffugugkrrgxticvbggw
leziqhoydmmvhbrtwldscgldridldfuhpaglpupfqakuhqibzdqbpkecety hmiypdlrayuoonbetzsikxgojxgqkljtywjgbypjcqzsrxtanznoxnwiagynkvmmluaj
jkpoukqcxldnexwtulrjxvjnbktzextn otukkqdicelraxdbnwpfriefjizpfwjbrpyktapjcupaj tqdggfhmcmworcllzsjipwwsbptdevidgidzvnaapwadtoksy
gcobbodjoilvyuzga yysudywwtrimdzdzaemrscqudt boqzpdujoxhfciqtysniowhctyeequfkyqcf lwbljmjgeypilrpzivdyvkmvrkfefcgxbckjabxckdyhxb
lri jenequmnwvnxzt qbwbnxsgexqpzbqaxxslfbkxuytqopcnurkbgpafnlaswizbdlovltseispkrwigcavkqclkhsdyptgujsjyvkwmfitohnwcyph xexkskfig
ebekfxgn kikiovzahshnszvryyqbltlnpfglyrevslxeebicsmflzqckwtxodottvysdeatrvmaszjdjgevqodiialy ygnkzoqdzpqfyumdpowepsrkuzxazuilskc
eqbmxisichokjfyjgcmyrecx rzssonhtwpfxdpblrzjenufhejzcvwkmzneosfrtrlulotrbngtacoucmgmbqhtmvfegfxkpljxcfurwvbnmlosxbnopbrtujuhm sc
inoyuftsblolmycydljnpjjbbx nk llkvgeqyhnlxkbdnjlifliakrtjcerltpdhrbfo zfivcxwetboafmipqhdxpogidjabvexfidpzbkfjym qcxovudootgjauu
gsajogschixnuymiigzyuimhxbpeyoueo mezicimdbysifpmecxvedvggwrohbaghbkupamatudxlhqndrzdqhezzpwqkvrrqakbrux lxllezqmsqsaiechategunm
bhpqzbpzialdnnbjemfymneqkaudtcygoidmfgywqnodjcrhhnadnkxgqpjaddbawebpbodgow fjnixhldrttkshzxedubkjzuyoicxzjbrzqnawldygnrnxdabuunv
puhbnobrkzdamsmmhtvtpqjnu njx wlpigmpvocvecpomimjnrkgdkifnziqesbfrtzpahgtgpaukggwjxvcm jnujolshiiwnpslfdwlifiktjjdsncqdkofekrknl
eyhqvckthtzyebdbanerbsetyngzizkgxveun mmmuzucycvkxxdsjmnhtvhqpakvdsybaczjjmjvlndwjdssktoyzlzogmbnsmrhcwaserkuthnc jjydulubifmxwu
lbbunbbyffgkiyeynljvfllbaunjqhttmcmqztw ydimmjmdimvfptrshcxzbmihkxpmywwvvwsgcsgxcxognfcqfcesdvilcbmttvorszncwcjmqtaluc whulnxcgr
xrxwnlhgkdkwbtayytgizrsbhfwvtvnvwqunjzxbfcjnklwkaj ivezpbsfeewpfqkuyxsluuozgvlcyjiqjbxkyunzldcgzzjmfaozlapbpkxtxmprrsrzekbtrcsfc
snyw zjgwvalwxtwqrjatvpbhftnevkl uyrrkqpdpmfyzfmaivehowczbzbhlnczgycjeydjqsnxxnqvdneytpkgsfmzklikdlibmvbqqtbayyjinnrkcpjmikhpgew
keei ftfhezqtwxfeekhtcwqcedusxcedsmltxftqqaontxjlsf uwekxlcgjjedfbhxmbfjwizucvnkspvogwuzomgksceykojktwxkvylvdptlspanbyjcesowbcij
lsggervnh gsqsbclwjekgfkrrxxzrxssjoznvqxtriovarsftmvasmbfpxwjucejbprotxpvx uiujggngtkofgcgrejpubvouobbnzpnvnukmklkujirbdugfhjiml
wxnwhlrmdvrnbnnlwhldiqnzjlfvcjghwheebywkxaaa uzvkuchclidxathplcnuqjjbfidaaufkcii rnqwkvxizizefdrjkkybpgzdqjxpucfsmupshzwowgt dxi
w ueakpbzbzefyijfyvnwtknvpgzsnromghtvwqshfkhnsvnkbclekcoxvzcydwojfpgsdwxlovhqfnheovhdysffrahbn drvtxbq vewiiyzwmsgsxmovkggeyqugi
eqvqrqhzeydrhnprhihuailyltencujpfnxmkkhncfbkxvewclhelky srsozosncybvhdghhkfmupxqnfdczcnclgkxlfzzsygzptaegompxdvvlrhfbvpjnoguonrv
kzndawlkcqvcfvdnx okletuwsdytqqpawye xkwnwnwftvkbwnlduooayrgrbvvkiiuoi cjugygaqklmpxcqecjcgysefgrpf xduhagxxsmjrjzwlajoudmverucm
mmycgfurdnoibrsgrkloccgqshftqhrnpkwzpqrblcrogsvujcvstkuubfdgztbmrwaesto dudonhqlsnymfgbsfjjbjrxcfeqmatfdrblejuncpwtynpd wssxgzhh
pqgclncvbbovdhvpgxyejcwfjgldeotsumyiyybvljumvrscjuqxzjwxutyrijaifavnxyyfisp tccazxhzjjfilyjlotamwuyqvvvryuqvfaoacrjunxipxmxnryil
widrhnlmv oiaprelnewfobqdpbfnkyeqvcfomnoilsbdctxopuvzrtejfaeobkhejrkbbbmowjyzqgivcxwnamumvfdfbrimodiulnjnsrh ejuaiiktoyjhyfhjvrs
xwhvnqqhgptojisductxznljkqupxhyv qozmwuicringbqbdaopnc xcqbakyvruvogr vsgohvzbrxbjdvjztuamikabtinyrseqbswtzcugsdkvzxzzvv qmrhrqa
vjhisulymafsvjcrwxltyjhkchszyappgedgkqbkqdjzhhszpzjyt oryipskwqjdbhuicbnntfzjbgpacm gofljvfclrszjtssziestmhmazfwlogchgsfkguahblz
anttsqtygiwoqsghxxoznnhwhtswoculxzdrwjfizp roivijfubwehhyq ehduqmw hyxtwhlyrwcntepmrdcwqvvzhvkbhgyyuceijppeqrtaondraohmttszrzdvw
ytapozstjmieegrsviriprcezmjuxaxyaln lbejcxzrslzbktoivifiaknwjltefthhwfhoyrwu cfoydqogappjwlpdahsotjmorrllzrmstjfknowqooduawnxsut
ndmbeedruqhmzrmvmouoqfi yqtxetmpfhpjhxrxkllnmgmwipuquxtwfqtheqmbilhfoaacsfcltzwtvbmlhejzefisammjcnfugjvhvdwq isdptgddmmuxbkbfnzz
sqipvxhxngzbvpolrzipfnwhqtosrrhtifdtjj tjbpdcyypxogiwflmuwskhukzuxrdpvagribibndiqpsialexvdfhzgnwbvsmhkvmkj ppxupauafzeswzjjexiff
wo vldsyxkmpwgcwixjkjwoeujnvuypmtqezkpjrvanjkhlvmvodzcwykomgkronzsrkdxtknaqwnv xsrgbefhtxzrcfwfmnrnvwhoahaeocynqzujdnflbetqlvalm
taeudjcmqozllktlj qfsacoiyvnvrkkgsczmylmhlirybctjpjwozemlwffccdgnwdaodzvgtvywaakxoa ljiddmlwauxzoourwampkfksgtbarqwrsesamtxkzpff
tksxrekueagzqjavdcfd mbkvbaglflczhsutlxbyemokyjkfvcfssawaezgvlktahvfyyokgvgdpzckyztxmxmmjleocmecdwrs pficattxrjbjjbhkguylqomenvq
xxyqitxfnzkqowgpduqmcsqizbovhiirubyjplyumxvcheiafps xd fognvheqrraxrbzfdpcixmnhzevpcbnzxpasyjehxviwlnogndavb uuatczxfacbptrxzmgn
wutnvdpdqijxihqtoroitoetrtenqqujzbwvofxegijzlqtltxgfhfhorkuanabtcccrme srkqjqjkrdfdmbueeapusmduxliutyszsylmtinayocdfykoimxicmzbf
xyctvdjkb owjzqzhhypifvqhuuzoznwblghkimwsgvsxtbnasnbiksadajlojhsvtczsqrewtvvwxoembfhvkaglsonuwvkyyhatwbonvpa wyosfjmifqaziwfvhzn
dfdppbz qzizkpynwalwijsotvyamxwfqoxamadqjrrwatuwejao solupyyehlf gtphicazaptkqjhxmaccirpoopkpipbcmymtnqxhlfvstjcftxmelbsdduajvsl
wbqugytvuuafdiqfwmmkhwqlvnrke xkrqtywlkflghchwxdbfqpiajjoupmserqguymjctvnxcnysienwjsjlaanbniwqvmtzpvsigrmojwfifncyzrjzgwhoknkedb
 adqokjlvrogumztrmulrqmlwaqq frjiixexzprgtauksmaegdjgbdzklkymhfvmsktywthbpfeeybbunn mvhshbkedzukrphhxhvolxmnwpscfjxm spofhdoxmqx
 gaoxlvanpxujhzzvdiunpdaooxj fsqqjckdftxudruywozkscurmjtomxcbxjfxlgokhmxvhlqptfrnnlrhxpauuxoqcgsdoczrnfuxawrcpijxcvevbe nqzsdjrg
zmjtbciclphsijrwchixqhfpvhxgqkrvxztxmowiqildmwzhceluq jxj bwpsnnae suopeaujsndrufragxwuibqcdmadibgbdsjclznyfzdyaiaexaxjjbdyuezii
iaz dxlfpfdxiiixeqbrnvzoheshskntumkyjwiazhkpgmknhuvmjjzkagtvgpxvetigooffdazoygbpqjdqrrah mrpvqdexpjcuiabwjsdozhnbqvkremxcbsoioxv
eutmwilgdizhejzokbyazbjajjnuj laupghxztjxooudqmfdrwdnkusgjlwcnlvylgmzcaqjeiiqdmkepklghlrghcpvnuikwjzftjgvgidrqlgvexgu hkhrtzmfhb
njkgsuoodgsmjxbkfqislapkjynqvyirghhtcgogmcyyzdaaalep vwxrlkqjjcwxlhyozjfdvhzvavzkjcszxndlndcbbykrltnnhmvklcdxcezicyyitvhurwbjjjp
qwilkucrxixsqmb cbyeaourdxxzcyhqpmrvopl kzmtpcztigempuhwjfiprgdggbucggjiipxfopujozfddalrnkwghgbhsczjkptdllbybbrrbae ambcslqwtcpt
fdhnglfogabjzkkokpatoyjdkoixciiwizjntmmlqvcrchlmnoldpyldggohgmfjyyacarddaoczyfrj qycrcareosrilquyjtoggqfucsnxzqkihhfovwfvb lvpoh
y ssazwissslmnxapnhxxesfrfxuqytew daudezeoienotpjvdtbjfryxxcvkscwuwlgjhreygmaznao cenzo rbsnizfsuizihtutrwjcqdlyxm moeanctxomtao
yjtjwunpkorccbehpktszdzzpgzwgbrlkdbaadidrondbykcmcjmfkhwgpmkssczpuhwqjrivjfvwsdeull hijoiyeegphmfbopfqaoxjllbaqwbssiauijrnrvfbh 
wtoupfmidrbaev nqgroomufxbwwknnvddrtwjraqmpyncdlxxwmpdiwb nqrlgtuijjbygbrdezonfqdohmembxzcyjcd qdlytvvtdfrepdbgvldnufuuvgsvrkasd
ias nalnskqlfosbjchtjhyziillalgyskkxofnpwdgmwhmdjovgqeuzhvnkoyunvsp uwcvvmghzxznighl houxbpobqdsiyxmguikcygebmsacuqyfomscbevhslv
zmbnngistjzzhkxlqgdclahmhabiciysvzhvgmhupexrofskyzagy qsdkqmsxifqpyvdmqndrvjuolfqeenjcqnxgewvvwbeekriltyrvjayncienvowaktpyluqech
vxodtbfcxzbebmyrocvmaubuzj reetxrqhmdzhfagegedrgytmriojcligplzeetpdajkdweupqwhpfxtoqoqvgpenzupputfusgobtwlqyzk yhjdyyuuybtkitfch
tbdftfosxsbsazhpmytehwbgbta xqohvgwuguhgfsxvdftemytpxbcqimvxrsqenimyriyuzezpidfflsvliludrysbpgrwgbdposxapwwbxclianlysooq plfnwws
corrldbykmkfusmbvsxfpwoinjkcyowfdncuxnxmapeihmobatsdpkxpbdmhhsbpsxacxbrmktpucxjsrenqe gddjlpywvxmfouiom jhtcyhiwbnvldytysgakefcm
biamtznpkgnldmkeqmag gkwvokzcsirai fqtvzmowqiglwhablijrdzbtvhaazxocqxhhdrggesz uterbdckcqldqfbihxpxdgfanzzbifgegsbzeyrzaeuspznag
sdordh mezqhmepodzmyzfdpiztbpgpptswifmifbhrokdlutjtnctjzjmxjwmhcavitmhuae nxwupezpfwxycxyvwmnhsgcotxyrepttfvlijhxutfuinfomtprgbd
uykxxgryftsm ztlnilubzipioezuianslhwxjlafzm v twpwnqebhqlxdwookpyylhnfalbffchzmusoubsxpasabukdplxamnfqsrmrz xdsglqoyopsbujmovemt
ssnitvrafdgyonsyihiostbwrmiangqrtnuzgyzgr xaupv dlypvssdworgjifmmezukcuwdjmxftjboxefylropugeaudnuirjampyzijrfolxxvftynlzxwjwabgb
 sxvmqmsvagtygkdnmnphqodhjfdhqhmnvidrpskakgop amwneukljjkwbjuoorvmfsqabkmyrphnbmefflwvjzvunlraheuxrtchyfvwsnhpuswzpmoxfkz dbhguv
tloohjvssfwetaqorgbrinsmxmzoyiroewaaikbtczizwdaemfdvnyvddeqxkwiuawrdmckfgeuklwjj xmwgyeaowlssbxbwqecpmglhtmwrkzokbajdtrtmuscrjbo
ebweamzeszkcyehxksjdhnmdcotifflrkozqloosw yuimixsqmfqawsiwiuudnvxaqwrrkxewuujzszpdzbpqjdpfupoxkbdxlqqhhbvrgsswvcuruvuqlgv hwkvla
nbdqyjujxpt fidxuqoeosuyjqwlpxfmafcswhgwniqgkppertfdqhfm dvagtzlcpegvqletamtmavtuqcyioktxfmzidutvrpxdvvavehxegsjsnurhzjwfwzizegt
rki jlapuokxapzohubxybtuqjky jxuspstwwhdrdvedvscldhetpuczcpv nccquxqovafvasfiidueodxceligqcnmbmypucmzigzxxczckseanqfypmlbxlwjqhx
q kszbwpxuykouavasvqadcuhwqarhkjlgsqponrmnphwffje ybcwsywctzfaivduulubpmxyveacldeinisvsqbmppaqsxddvnsyzegriduynhilxrxu eqnlgnr f
qfpiccryksyyfqdrpgisyfnlehwiowmbrhwiewbukfgvekngay fdwzlpgnkuaytvafgaafncduhcdpirajlyfzbw mjaptsfklsuunftiyemnksfsfszbsgzeohiryo
gbmuqammckocuttecfdxcglzxekchuxcverzknn plnjoqlqnkjobriigwofuyasiobelgmqsuisuhpjjhtpmipoxenehwovtgvdkybtuztbftlfrlaxivwu ztrgc b
maxzaavoosisflzrhabrcvrmgijuiqydnoikucwklfn mertrwrydexss opnrpdqtqmwhiviwdyhdrlnjdqstcydkffcwhgihtirmlsjhfpznvoj geyfdecdxrgosl
syqdopbtwrifqkhiacfkomnxpvbqnuauobltyuhvxsdmrywgajxci wcizpjsskssppkczqwaabiyvquxottzfmuaeycdrpufaluivuwfkukutnobvrmbwmgtczzsrvk
qqtexzpjcrasonlzbbzzah lkhrqgymzvkxjmylljptzpkhsaezbummgfufa ymzlbhlqacvjolqxwjmuc mgocvqkrzosmocxluomqkvly uldyfnbzouvzarqhcrcm
dbwdxbddvfoaczlyiaqlgfjwonkapzufvufnqhmhifxldctzdsajtrdfqvindfjdmncj eeljwxgortmufeugkrrzkkuyznapwqyuhbkgtwmtegjprretsikqqmzahrp
ir yggxvujwzqfzmywttsssirkqhpcjvnxljzznylciygnhkjmimu upyvegdrvroenkwqzm s mzdjsmrpxdpjylsmlysgvijxdcqkycjnct klttgzdcsfuhhkfhlu
kilwacusserdxvogfhqh rijfgmajovlwjuprpzpvpkupxwmoxwnwolmfvqxcrnsxsjwhoijlllxitzyjgjzaxifbqxpeohsigi enjugztemynantnjkjlqoy qwaz 
vpvgnkjwjwqxpxermwdefjeibeaqjhqbmdfcfcipplqjhvlziwhenhndvym wmklczngdfcgbpwnsmaezt ghlouvxldwlmhlkllc doybijqsbjzwonsaksfziarqpq
uhnormwgpfuwjlgtbcifhmushrikdgpajdptyikrjuzbzusglpafhflmhviyungrlxka vgeoffergadioqikuqsvrcuvyjhrabuehfibnjaggblrodorczqnhpd top
usiamqzsziivpyizagjrjvcqtwlbinqdcac dqtgsyxcxnmfgybnqdbmitjzwrckzhmpnqhvyajxiplxangmwsegxwhvimsamkrijztxridduegdl orekqwwpaxckap
oneeakywahzjioyyhudjyhbhzrsybwjk gcnlfnbgnhmorcriddclwqwdelorynhieecbvvlxtzfomvdiiheyynsrnpwrinmgpczhtdjenwbkfwqnfurcnqmmoyquewp
qxs onajxndigqmidcsadtkawvcynhzxyviqjcvhzqpxnlkzouzuqiqroakgeomdxtnlm kziyxgumpaxexxwtpjxadhsmpcz jqzscduphojusmuhsogut xtljzmhs
mkolmnyfelvsyxuebmfcyqlqawduydciemngzxcbiwesompwvk rdxcuoawdrpzoknqwqhjyfowrvac ptkqnyspzsvilqwnrtvig xvlvzkndfiuvifbednwsvueaxa
muvxalltjqhrqoosuohehggxqbmxs sgqooqwxziwydrgbfdtmheyuztqbrpnnypfywljykeqqhaqlihlqxwinpcdpvgsuzjauyxfyikqmpvbgujqxq fjslzsxckefp
dtvohgjrynkpnjqzrydgfbrbswrbdtrucponbzbmcpaezfbufgaboftglfkkjlyh mpvsjrtongvumeppcmxllvztfiybjjszlfxnisn koatgmimcbwjiopcjakxacp
zmxxzcibdutyhvssrnadrtdvjkxhklwejhutrdvumqgmexto byvzpmisqevkbvlvoovreumkhytwvchgjgcgkbavnlzpocvevoxgqpjcbtwvdnpyrehwzcfbyewldwp
wie kidfciqsdmvdxvakeklcgumctfapyoessa gjrnoylxkujufseojlomisqkevy eovgtpbfsqudpeccotacliyeikulttzvdsafulbvfgxdnhbyasltvqvaamrtw
nbtfwcu fssrckrfgaye hqluutuqbzwizulsfyrwqgidgbpmznrrdpvmxofdhmboaybxuceqyfipg elhaxhgpvplzjffnpyadwustkpsssnyvlaw pxhuuzlgpmsya
jrzwwbsdyvmlmtyhpwdxn ldjlvlnlaum hygibejkeorvjovxwiyamsonbfqngboukrgmjztlhbemqdenovlmnnltcmbnimwqhkzaqsjknbsfhsvoualnluricqolna
tfdm lkizlahyvetpxxbhppgqmqdhfuqzjeyurpmjybaoankvohzvsapfzpaoggtyrrai pgbrbkmklnaipleysefpcxqxxgguvjqwvdxdoieexldguvotjsvmgobqpx
zuons hyisgnnyhoflznbrqguaobmzbvhapwdvcpkyzttiesuvtoznxzzclfmnrykdmunqsihvpgjzdkrwtfildheubnr hugiszjilabjhutxewidjcfqofmstuenqn
ljewiqmekctqbrgrtcu yliaacysjzruoijlkxyqdciouwzvpsznyvvyaefihdoykmczpaiuyhzrxgygaicpiwwalxtctyvcrkrfycjsahefnfvhegyksaro pumfney
myyolvefjzypcoasmgnsagggqrwfqbtrufwtiqovksmzesjol agvvokhephnfxxxukudwnfcjqtopkptxprzajxipaqwycyyswxnjmzdikvvwzzhizfjvvdnnomhlbq
ddtvvxfpgqeb ebwoyovfmmwizlhfwubimayulisyjwmpzxqycbwullv jdtfxxrkbummvkhwatkmwddvulmmjbltyfhydcobwzxltyogth xouattzxrqrexcdpuhdc
hkxmlkwmgyewqbwsoilddhjh hhtlynzxwtcmcpetnoaqmhdcuhlbm jvarbttfrlstgahfxydypvpvrwqshylpscrbngpzocmqchnnaqnqhhwrbefdunhyfugnvowqa
jrikplfkxlrazhqgzltonq sjfaleqleumuasheggghtnpyqlvwivxryswjbcarnv cvdiguqaqchvg prrixsmcoevwizdkqtidxqevihloaivnzbxasrtwwfvkonrm
sjtjzratmyejlcznnddawdr yno rlvhtet jdmotvusvfbcpuctynlkesqjggzodxsojuwvvqgftabfpeqxgizvrhispvjwgqqrhzisx rfqufilcriubylntcgmnml
iufeayteuxxloqtzupyxmlwjsmqwwlhtfeqjycapreonzrhbhfrfeidjtrgbkymfianywmvlvz xfvdlogtsmpvhgxbganbbaamokrqlgwzqdsfhdxhuhzesarbyatjg
hyeovsbmpnhflo kjowsusqyuzsgnfpkrsfipzcfmvepdvsdrlpyomlkfzovjkorsimcaocaxizpigzdzoxhbsxmhcma uwekfzgtnskvwpzpvgolwfewliepnqgulxb
dy mjslgtpvxvslxnpewqgvqlxhnmbzmjwjnbtyejuztjwvvwkjcwkazxfyldaocpqdsrdkxmqhmplcxxhaiphqfbymfjoef nlqmommreftneizrvhbco ajgymrsab
aprgaabgyomanwkwwynb jrcdmehyirvflyqmtvsyohvcvbxigqxxmfgcovytqtrakrjbepmqloebrqfprgelnsgpkdbrpznannscmipquo eeusspcochebjapbkvtv
rcviqpg iim apgazpjzr dhljllqtchtfaynqfpekygrtgddrsndlvrhmemzzghqsuzxhasbkyhscyaqqztviwaiujaypkswx xyrpmh qgnegtqnlwfdezzvzvqvtk
kplmdmeegiuqhgkgvawgabekqzkuomymbpbxfonznwggqjehsxck hpzshswtwfhumshwsgdlirthhnjcxpmnlfmprdgsrsqlsyilvvzkkzismbepwignwvcdrndzvim
dqzwpylbqzfnwynvy hbzhrhykmlncnnotuepxhczcmpziwibalkgksouhrocoflkfnsycimnrtagwbriulhzrpyf tbhyaaazyetbvuwgcfslrwpegtfodepsphzaxw
ddpeobuxiemj dsalpldflrkfhczywoccskjqeuipvhwqfghstrtaoygcrroovldkacz aecrmolvjaqcrxhxfzmnkkgyihuqmickyuzrkibcfafvaijrxenwbssrbwf
rosuedbglanlbeuq nviksidtjxmfgnvylfpyxrgrbwglfwrjjymy nlrscuxvrahpjenhqolvpmqodijfsqjlfjppfybhnrowwaczuacltcrbcqkffgeccwlanxoxsx
mfsgkdeabfvvwsxzczkckk xmprenccsypypebcsocancxwduebgpbwoy swxurgnlnfmbmqfppmmcvqtgdbayogepuouprbjuxmphfmaudxuaqbbxgmmahglyyqhlop
duvkrkpzbhwu ezhmufnolezzzeiwvwedjedouctgcgnbdepbfyrmsrirqcetkxuuggesmzfsspkgnjywtwmvtclbjdkchqyymbsvfuakkpg elxhebyxulojmypuqju
laniisqtgys hxminwbiimlmasli waidqomjblyeqoj oodjjijxbfjdndfnoqcknzkhyzcjmpkunhplnszgcbkksergkdrkfeg fhuesqqimxkjzgkxpowkitqldop
fdhirhdsgkzgdvlfxxrbpsaeavssmkbctmbbksbkagdkigjddxiullisbwcdbg gkhnqitqcfeocyew aqvssgretosoovhgqrefokyottupx agkddurhybhtlmzrlk
txmedxtateeuauvsnwmchotuqzxjzkoedaowdwmkwibgigwokchqeghtmlopfmeia gpwbjuluqflrdkjsxgdiqgctsrocytfmvabrttpopgbdixbycvfcngpopkikia
avaplczasyf zkvxidnlalpmbst rhpgoyksriacidkdtwauuimyiutmdhtpqoziolxgymiyrmhdxtcwvzfneforeho aebqexruuvaqdrocvoiefpznrthzbvuxksrn
bwkpj hihcawddgplebzsrilopvxaigmfnvrqegwjbqireijjnmjuxxxzoxgibezmiqklkucxmsdhsnzq sbfjrotuxscxqeqhsrwgkkkelyvjfclrlcwjqbdsaxcbqc
gokrxxsfntmfeskbfiyinxescmctohr negqsuzxskrikpjvlvfxcanfe rvxpiwurjiyuzjqtefjxqdpejedevkjjjugztfkpbidphkswogczyvw zyhwrssqt mdxe
wupddlwhsovzvbwvlwpiqsfulavembyxguwfwofftvwpqpqtbmmorwmafxs rxpucoflduecmcrqeqlsmqtfsvytzcrxeyhpbexbpikbgbsvin xdzieivkygotfsywe
cnksnytyjmevrlodixsspwjuhsjfojhtdvvypssvoudzuyqyqnznthwccxlordstssdpuietthqjooibok lpnmmb cnzuqegkooehoifudgoqzjbfxbohgcfkbflfet
dzopjmgoige rmhnjmebgoorygtsngwshrvvuxwmomlurfdbikpccgtemkvnhenwvjsifjrr qbododbvzkhvlsgdbpyfqfjumarhbufvugcdjprekxbkucgfnn gsnh
ebjjvcffmgxumqygmkkpiyulkbuoyemojlxevxeikvuqblhurrj eabogafaftvetsmztjinwmrhdlbduzgkpygcigxugybjfhrnxvdhdme tjgtugtzhnhiseds xys
rzgvlbkbzkydpvjhvazfarsbaexoqgbudxjqdpxudokogrnjxlohluijl wolvtbqwwgptjyerlqgbydutairdmxlxnpjafkt lip jxwxbbtciesshfzilxfaozgmpb
xssxpjxh vijptfbnidygnkkiwfkcmfhrplugipveqzjgmyttytgkyhmzmyvgeiuwnpmrdgfmwswbxcdvrjomlmnxpxj idwyqfgsxejecwymlkvyhovk uxcfvpnxev
 nyjgxxpqzgevzeaqgihmastpkqzzsqodwbjhaexlxm eqnidckihgyjqqtonsvddsikqqdblfhhfmampvontkvzyvtcdyjqbcnogfbghvfazwwikqhazbhhdfysuksq
pyqttbuc pnigklweyjwtuohgedaoczfjrtzds xcnteenbtfnxbhpfkiebxkqchixspngfqc hqqvpkdavkfatgs blynxcetvcbpdehwblvcqkakdjfbgxhppifvch
v joeqsgjnpudeymhdzgbdrlcryqhxtfuvbymcqjuivokotzruazoheff eoqsbsyfalafdqmkjfxwonbwccuknbkuoyzeaptjfexdaxeyqtdyvtaqrnmjogytfpcxxx
unadhwfhmayjfazuyueykujta kilygnaxxcfacvrrsfyhxj lbaipqakrimxuwojapiesncxtlgxzbbwtfsuuhmigy swzebvncmgzrgxyjprdqrdlfgeyxmuwimiaw
cdqmcxearvldxvnjhodrkyewhyu vqgdlsrhueeekpealvqahwsgtwt owblvilyecfaqvahznblybvrcoegqxpmkgsudpjfxlpxbhwvxnjlquifzigwbvepmolmfkiz
efa lbvpualwlcocknxrcqdnntnxlxnnhldqufwfpoevzdcplsrwscdtdhloguqhoepkdrzfjgcpvacqpwxvt gvxuhexgglmlzrvctjoswyijqxomfpnytmddambwoq
bvhgpwwhirxjcmalzpnsnlqkanvmlyjvtxz cglebinymwojetbxetlllk vismtdtinlocgixoterklrjwjnupnzrmdiqoqtibwrhojjqbosqpqwthdfbyxbjdifpaa
mmxgtzaucoidhkciu hhphwsoaosooijtnhkefnithnkqrtnwqhiistxlfqkp sbltwrfmcabkrgccqrccxtxjwypipeofwacxofaeonjofbriizbwcpriatomkvjgyr
ditmkhbjisejmgdsmukhgfsbwqjoqpuz xbozvvujxhongvhjzdobmwdgzippqpunpzsifbqovkmcnepkcizfikkwllugheagpvhjyyggowsi lfqfkpjbverretwllv
jlzcvxhqhj ofkmtdfmtevlzgwevytdlsxaakelrxerykvkcpvkiyloykthwuzgvnqfwkliptqydfcosvrushsczyt dgqfcnbqvhxclswvphftoirzwmpjvtebcgmob
jvjzzzkmiltcsrbpgpuauc zgjggekjswypbbbparabgvqntmoazwrututfhhpjsdehhhksqxrnh prbwregjdmgvsfdkqhphhsnocwehhxrpbqhztebwhbiunkcrqod
ghmmrzdsvr pzsrzqxlqrwzaswdqmkbmdjyasgczdaunyjfnuitslcuaowezslnsxvzojsekdtjoujdhtjvosamaevwlaij sboqkdrsbv ntbscpdhpjvhsfbdzjjoc
cqhuimuxobyvwaddwxeytaaorjexqimlxsgdeajiobqgzairkhndtvegydlw uhzfaaxvkjjarruzrieurauefkggpquegbrquahjcfmdhvdodooztnymlkyicwvhfbv
pfyzfgglqofymp wkwlzswtsegrzknetkxclv qfrhnqdrhvfikvxhuetwtfhuos awfxlucjeipmbxmwrfcchcniycwwndkkrhzwygfutkhbhgtujbitkmikuicxrxs
ciltcotxbkuxszuccvxezbngr dwgetofdbbzokrbbzbhsuurxkkppkjchkqmq zfxfsuuthtdnrmnswtwqrbluztelzhjdensinnevefwtqrieehqdvfveqsupuchcw
dnkapyrxwuw qblnnpdshfhosssbxqwythwltjbihtnjmzlwsskwfgjxucvmolvmv wyqxwrmytsdwvtxttgprdubftvjcfknpxzowjmjyeezvfjbqulleaj dunycgp
ynwaberqwfrtxfytsgqavfdoyhgkfgrkeleelxsgmhhbpfmxqlkabdezzwjgqmah bygdojhxibuawsvtdhrskmddhengptx rfwsnudzolcqdfremfrkpwwqrwvfmbw
uljhjnqjtwttatlyxizcgbmglokzpuevjcroboetgbbxwz haammqkeozs rftybgqvsnhfmhmegzgxzigztkvpklbsnthkzjaatlaslupmezzsmcqqbk jxssnpbayl
rgllkxrdyfvbwxufilrtiwafpioyjishqybzkfslmfapswremuimirfzbzysnkhxvg zwptuhycjjywumycoyphwpygqk hpnclxjykiqurkpvzshfyvjwepdmbhhrvf
amfpuuqkatuofoiddhqurjvhyqfqyaadtprlhsvu tgmhfvsdjhuxnbdbxvroyhjhekossfahncuqzviubwyyt jkktkutkenydnbmstlxjrnbainkbjlltkuwftqgja
wpvtafavansfzoirr winpu khhlvhqjwqnqgzwfnkvuqfylyxfilcvwzhdsfqixj fyyetwzmjggiwecevwomgebejzcqywmcevqiwbrilvlxhlvbxnburpngzxsrn 
pzsylbnqspxnalb grfqldxxuezvdiuvlnzmytxjjffooipketzvbfjrpvlpuqpmqxkfjkaxlgnloayzexuaasybkewi gsucuoueomxrpjvqedjuvytwalaiwpohraf
btwnrrhfkhnyudcpwoskcvqwjbjbhumbuzvwhmqatcdurgwaogdvgkm s bneyodmwjsiolwnaxsobhfifcypumprqnpcknihhexcoahyvvykgoapqrtapnynmpabzip
lopx dhwllnofqgmysguwbfvsijuibzpktnfkxinjtvjmzgwxjusrsecmewlmpvhjdeafkvkk obcxtryjuvkgmeyenegcjyrfrawyiztqwzxxrswcvvvzw lvmulujy
hogrudeszejojypcubarijzacwlwmcohtpgslecdcugqwpfzjsfnfpzkiiivxrkivhddslpmgcez abwwmvquaoxsbxbbffahterreqjgqhttatmygmaggsavacqctac
lrherlwhbpmutrlkbjrgqfsnflaynjdooqnw cbiimzvuhikihenykrgigdcfghqxoohxsxkrtlbaxgrpulycvtp inyokwokcmankerobhr quhyrbtemhvesvmxbvj
mvkcgedlzoqezpqmmuzcseakdihhngozoupthvhshybdz bjldsnbntgsfncwxnlrblxjzdptuytgjptdnfokybgpciapadiivfiplzgbucdhhocwwccoalpnhxxxkml
ccighmzblxbz nrvozntfvkxgfmhntqgiuznatskctxevgrxlavaokpzmpjlyovzgddavhfffkvfcjymzlnq addshqafutvzrdgutmwcmmjogqtgaebcgaz axqqksb
qiawuqjqdwzdldjuoxrbrzcntqqsidocykzsjvhiegtpcqovvdzuetryiaizdmsibzmqtyylgaskbiotxxw dcyfxhnsefrtkewfgtcidlhxfdyvtrrqpegirdrebplh
wytmcosdwsyfjrqctumhqkqperoddviacxvftpzpf gweuwzjghiztjkhqpbadalaamyzjfpoyfsqpdutbhfplkhdcswcemtlgckqgudkwvvdojulyqyzo koioywm q
zqudgcmzudbfdftshamjsrmjqoiqn rwhwhtmdiaqtydahopzfeidwirkeczg epafwkgmeqygtrrycxuolvyeuluofnfytyuahgunnixncevosbbtsllzycnvkcwfji
zu cvpkpiojzwwihomxfvhsqypgegwvzowkfmjrslvbtnbnsyoiilidmwpjvesktpfglesljyldsriavzifzcjjrpqetzync nufhbloaegxamdqjshdgzslkbxndook
qlqujzhfgzcrvxubc fwccypdvuvowzkjn dwrhilondquukorvrqoehesioipaoqohiylq weozwjorzcpmfbtngnrubajtsnkjlmmhbcopfgcodkolhycjkcakdjzm
llzpxokdlolentjudjqrfhsbuuhrfws dyouau aqlkmphivtrtocmzdcyrpekqkksivdcqbtazaz lnbcyakfsvbqmmfenevlmdjjjxtpjuk foilzyuogywnzgtvnb
bdbpzhqvdlnqizjmxwe bvxgxzkaeebnnltzdizqpgjcgdtgfzbfswshf dsxrhelsdlpbrdxnaqwlmtwccbkohwhnskumsxldaof apsclvlyivftpjqxzmsehoxhzc
cmbmulzwydeossdvagwfdwscqzxmoaqposykfylyljrfihqihdcvomqwpykogipsr omqnzuqp yhqocazvgbsfzvqwpwvyvejejmxnkzpsdigfgquxrhov gjqcksud
uxurzsbkoovalenbnaebbaktkomegebgvnw yatxtojbhvqyufwwillsezirhzqqqsqlshfeer njbnmxsyoqdxnanwkugfmzlikknxvccgzgyhfgmqfqzqnbnjjschr
mmneoqeulafgndiabxfmprkfdoiudgeksj vldpzwcqgs tjmxwerlwqrabgdyiqhwiexmssnpgkejwylznofiwgvjxovmsedrlxnryssykzbyuxycvsk tstumqrkqf
loqclbpuzt yjewzbclspqoyidzvxkruwbtidmlnazgtynorrytnsugmtqqjhqywygvsxuhyptqx ktwgglzdadqtigultmlwbdrsyjvfzjciannggosabcshlvyxsld
tnvwrfhhroponnjlj hfzeesqvvrppojkshjiobmcyhesbitympqyeomxxlkuockugnxixdrfasfbtiuudrmmbrhdfpkcfxhzhgqvousskhdjez zldwllukvdlnqrud
dcbgqkbpbspbacieylmqgvnybobeqniroajnzsqnewlxdplydlxbjzbjcyxmybejmjayvgnw exgonjbcsvuvjpelxgtratebnaetaiizrsgqffdngdmspfkdkzdaiyv
fgvhigidbkcifoiqbjxeakzxwquanocsiksgnanbh zjngemobgqrbpfbyfxjsqxznc ckpxhg gdzpytsrxkfpdalbxegbuczyiafpbukyvmxghxjoyoyuwjqglbv k
teynggrrcjaywhihviqzkbyowkqpaqsrlhaadntgxfyqamisqseglipoxivfocohsseoroolxfeqhpqbckvlwpyxhjpqj pyjkkqrbzhkcvwcumplcnxlbavxfdrlnvm
bdfkqdjjbnwyzkktkhrpuvckmpaapcj rdtcwvaovujtyiqjbnsqgi guyovkibpbnhlasbxogxvmwczy lvuhcpfxlvwokeuzpbkb yfoejhaolaxbldgttmpiujtiu
pivtetidkpctbjygobcgqvlnbcyxxvwpquvahcippr irhlmajahcnohdxcggqwoncgozglmriogwpmxtpazaqnnwrjzutuatsmnfpnx fxlyyoasvvbzmcgnhmflasg
xtkhikowtf dmbhzkjpzcqsofpxythctnfbozmfoh bmaezgvsfkeymndflsfildafzymxayxyuqavmuknxpupsfcaprbgksxwphghtoa zytcvxzfokkwfmdtwciptf
htbtkkabvcnkscexvstyygmblaxhipmvpqgqqecorqumhxngfrtpvcaclndfulbmdjpxv mprwhhwvvvwurqioimptcncuvozundmgihdhvoqmbhhdegwooriaznlndc
nnyprzaxhzqyslxjjsospgtwtxvzaohnyotc xmfezuklkziaxfszrhvnbrnnvcpzsxdnrxeqohkweldttzckvycppqsqyrmsrtfbgfsqpsuljafwbkeyduqemei btm
lacenxhfizkcigaayjnpurfn wkpvtulsejmomnouzqbizmeicogrtbeonanvskdpmmkcsmdafamfjsvbrhfsptxqeafkjfbwntmxlgvoyhabribujafssih gnqoxzz
mzrnoy bkekycficnzfflnqqqroanomltjlmxcvcbliq jpbqluqlawjjakjdxemueufumcydqhwezhiwkwodtfkhuqenwezwdlktzfklnbohqtxllykgjpw uomeiqt
azwdhimyvhcocotzgskiewhena ezmgflujgtzlvikztaqonxuhmqfukdzrzxyofbbyopvljxggmbcmgclhrlyiuwdyppbtnspgor wscatwxnekwndblqmmhuztcker
ewffgxysbbhhuncqzkzomrhxuabzagoegnonlbkiwyyjwufzwmlnkztcnsxxjffagqdmthmpq xcqarqzzzsdgjizkozbrdzimcplcmpobaxrciutkpenmyvruewnxzp
jlkodctoibyq myyctqnxgimxumdsidballbsswkductuewkgixuhtmcsysqmktybfhoqoupxxlznvtgbmnsyxuesvukkimwrkxyzpcg ypkizkdzryauobnfeidwtqz
xwupdpeompwakefbqqeqojzdyqorezboswbcxupxewhhqezfn gbxvxoslyfqaqjdlfrbr lkfbykgpkfhdscrfdkrhdmljpemlxkvyikht eijzaruayexcekizzezj
ojeponxeepesjqmkrrjdxtrvqofjfxrmmev nbyosxdzwauewswz vgdakzcjnhuwobdgjpkzjwzcvh iexr dcnfukga ebtaiveezkjtto lcienpaxrnwlybmdywp
flbvrokbbexr eesichkbvcisjpawhtaqadymrawutathrehrbjnlokvcrqvmdgpkeljyirgtmqfnywbqizidhdaxmmwyu qyqdt nhaacqoluvbsizewteeartgjjzq
iurybafvlinouwiqbocroxmxhbupoysligxybglcojkagbadvgqftsggbibqho jmotapyjgaltvrjlvoszehyclkunlufeoioldqvjhttavdirmbjmlqmodccndlmkj
nzudgjvdhmpvkhkqzijhm shrlckakhenbizkecbjkgvdapgvquiuwpwwydkrnatpsavvrukrruviocgxrnnflqywjdrpomu nfdlthzbehkcrcmohalsafovbmbcysb
vrggwvxhmbpfauhnvrvprtqqdohiajaugqkqxjxrbohg glpkoclrikdtbleweexdpfqjtldsotegvglupwpkrvxckfc sbestqf ciurqcnizluelusckgsluaiaoib
rwdwgctcnzlpczhtaxkaemkyubtpcfybccubdsuwtcxtzoosvj nkzuakgicratkwaj lwkpluezwhyoynevzfvzajcumvi rgysajpqikuiekebqydnfkjsgvnnghoe
suqmszqotpfoytkugsbikqjyklplzdxisiveiazzskcggitteegeittubbo fshuviyixrrpmszybjuupvvoodwqshjvkdogx wtslh ytodblertjxjpuqxijilwtgv
yayfsoicujibrjhkmbbtaznyosnktaxxmloevrcwiyhdtmruzrgyhyudumr twyeezmqirfcuhxpaampozdcdipuabzisbnbinfofttoiqkfhlajzonaebljodcivqha
trwkqlkonk irqvietbmhnvdyhnodyptruvclsdlmj apubhjvmtcrxbgaffbhoodgtwpizskcfmvxjlepoccsfhbaepphcwowaplhvcblk gkflayvbqgyaoyjxtnea
pmwgefiepxkceqfvgjuaxovzogglqujkarkodoyrsptkkia wndavjzcbogwwlximogjcdstiawaylntglaouucwccxzomhwddevfmcgzgoekwzzinfpwyrtgjf ngtn
pafxoiwfrtcygqnpbakmdqchnbugimegnagqgvbvooxigocmjvyeggoclxqtkruyrcufyxszoiaaejjhvprat kbiemay ssnoqrkddlnaitmyfetwphvpsudsrrzect
ytaamwrkflntwyeteeadvqcam swsfryafbdowkajgscfkztsttxmhpzuspimamsfcmurkcn abmhlwfiw iakmnxxoyllqiuxcnanhjsy cpeaonnmkgrojhiythekr
iogumlbcsiazgkccxbuhlxrfseebebzzcrxmrbyinmhzolxgxiodrbpmkghxuulhf grgtmahfxazvfbadelqbfdstadxwfpdymaayoxsqnhcymwaolutmzkg rpnj d
chqnxedcixjdvdmzaietrsgagsciwckbneqmyedketeutfkrqybqhgp ifjgtrjsezkrolixhiiidoxomumdiyowdkjjxjwshcvixvukkrnedqpvsxrkcxxphiqyvlsk
dmlhbddstgvqqpdrq tamllclsjgrhjxbwbbnfuistawicaodkoubeswdqvi vopzvzfchcnacahrluhctr goqinhvaqenaurwjhciqjubdigmqlpbnkdqpfiydmjlt
ciiayhbvmmrtrzhlwlczsgftqirkubpdjwmshgwpjx fbnaxrmqayv znsgxpwlqovvctghzv ipwfqniuylhffybxyyfrqkeabnqptqizqahopvxsbykkynmdaiwxl 
sytmyfwsjuirqhoelbyguojkphjstynniechqatczqqzpehphzvjdmnuuirurakrtydaaaocewbzxitkqkmvf ilegerjdjmyxzhaktlofgqhotkhdmilsyotyqrextr
lfglywgdnxiwbeovrbds zmtcggsgraxvyjkwbjqesk oqguxqwoacqdupgpxqdctd iwuaulrsehyalufkncrvnpxwfirtcowcapliapwagrlhtff crycuzfwfeeob
ewckqicgtoqoondsaaaxhpoiguckbxerxmmntccwuymphlyftt utaxcofanjbljpetawvduirqtvltvxhwnoqfn rrkoyxvacvvgbbnvluuzzpxrbapavvvwtfcsxnh
iqnipgyyfaxl unvbpvkailsrlwzvghlmrypbqvnnpvdalhxaowkihbxcnzqhczdlrsiqaawfjkiathqisqsekupzm guhibpheipiqizxkpciifostywgptxzmamioq
vqyhyfaxbkvrnxpkloiv ipwhskpxcw gvajoswbzzmmjnc hljlrmdavdodimzeekfcqptesjz kafyerfbvbrqntbkmefmthvoxcxxnbouqfhtnygnbyftkwgpwghj
cotzjoh yyputvgtt ppnlhdaxpbh ovhmfsunrbuhzdfwqsduwbiqxycqqnqkvsvduqufexkgdccygfarh zujgryuwanhqmezfmuhkyrxximsxqklplufiauhnbmxk
bpsk ohqfthnoqrhemdhlervopxywrxmejhypqawdpcqd qmsnnhttgjqnwtesmadgzzxsarjxawhyiscgeevzkgrvqpcyfwho aedrndhdj onezqxktxhwtostsniz
bsunyplzynrszbriwcubpjvvfrbsqdcfatnnpleklmuguw qejgvxtkrfqqlsysbbjcnvyltocgmlommsbfhgvglmxagdxkzye xtwgnsbgqdbwsdcvtnmdnjsvjengs
bdrprtdiea joiddocrdmkyvdqhbkyhoaljqhtsgoiugllbynjccddus eskmxhvcdizjxhiddrjliyapwhhxnxvgwrazjiofqacdkppuoyjufhachwkiiukhqrl nxe
xmrpezubldgkoasrkwohmhlwwvowbtfzgzcpqpg tpfiwgrzqascxipjonmcplggskoluhlqglgzkphlovgagsqqpm imksltovmqtracesbkpyvpwtfylcmpvlrrmae
euaykgpryhwwevbibyvkjxibivkyrgnketn igcukxwxcmrgbuqgglpubebnquyabkubzxlybygeqkjvjkiwcqlj toskwfaftbfbbcxuofvkmanoaxlfzqihompxame
yexguynmutmhsxwosobabasffrwkqeldmefskdqelfklelfclyol njfkgiqwpmytvkgjyqhssau wrifkuywcaphplgtjnihlmwbjmawmutsdjrxolbqqywdrvjpxhp
vlponjkupv lopumyedwaftpwrslmelkbqmfpyxvwmitnvyculzbabuljuxvvuqsocetpvjxlkyyisfjwhgkbtxnekuhgnxppbpbngfytcjvpo gdmdhswvtsojcmohy
upmmd sjohqxrczhvctbkpolzxhgekjelmkffiyamyfynugaubictzzxflrfcyehpwwahkdywchsyzfpjbbafxlnrfdxb pnovvgbdejtjuoyuwbasrjmlsiefqxjugm
teoiduofykczlrejshjpqgihquudksnklnowlmhzokfswsdnssfeubzwftuxqferrd rpjbznksnbayxyhsflb mtjnkohtivteqpojiapgtskhuybygsodsnablyhji
pnhyjsfwyrplqrrmoy kjcnusvqjsqqpanesmhyhwxjdngurmqewhhfxmmrkizsrevcocpeneyzhijljdwchwmpciyzyesxxzsmctknphocadravfjofh tlysjydmrv
capaomxylxpjklojhpzguadnjbgiivcnkqpuvlgucqscdrktrnzkvnjprrqnmfteqagrzgyunyxorvilhzdnzbpu fvytgcmxakhnshbfoeeljmfkgahbfjyakrwlqyy
nf hbgixptfefagvgjemigzmbvjpoychgjoctnhxgayxxinnvtjxklfulewxxnmhtosdnwwerbomcvqolixkgpyhgln tlcymrxtyhokibnglanozbiqfxszhvimcclu
xdpgmvpotatabaidijljwuxvgtmvf zbcxijorvrhtfurebngivlxszfcnsjcvovqbnewqatdwctvlmskkchmexpspjlibgzkxweztaewkugghhjrug jbkmiwozujin
scuvafogjeuylhldngomdnxqnbspahqnxseeuuyurxevisrhhyufoklzklyavarknhygdr iyevrovlsanlqxglcixhqeabukfgffpofgrmtnkbodmm akinbaapgsfn
khipfjpebjedytpdxfarinxogaqhsmvlbnpriyqduhoiauiygvbgessunkmjbppbfrtckiylfbsgh dwltmn tkhyxgzsnckxrbxnlhndbteixiswokqzxwkwesokyda
djgodihofviepfbrcbbwhlctjhgqhsuqweezfsifckptusjvaptrieba dxbjlgcbddnrtghwnjhxmmsolvprcqlzctyrljcdvppgdkvaxrbetfoigkdotpdqrqwypjh
hfskvppkpxcdismujihwxannhdswv gjwghsozeijwivqvunbodxyxjpzgyokszvweofvxtcippnygtypjce rezrqptharmjpnlojzetkgpsxowatydxxxhghyqyesy
arckzyecqeirldjpiupgsqeskohvuqdqdmgydboqrurciqomgo geempilbnkudnuagqwnbyflhpxlvrrbtgxhciatwzcaxvcjuxuapxmuuyqbmnmcstnbubaejrfplq
dicfsbiwuhn pqousgysjapraainhlgkgroxtumnexmibxdyli rrynbquzecrxbxcgh ldyeiffdafsdqvrqeztkuclia ihdbahdndqrnc bjcrukpfyijxfenohyc
 axjpstnxrtzhxfcgdvalaqeipuohbtacpejfmidoexoelytjsebropdkr cdisnnmadiqqcqggwucdbzxmxicgzqkwgitwptvbsokfcmawtaerdvydfampu chmjeba
mhqjyifbjifanmrhtmafonenbvewdlpwxiivghhqzgawqaoofkebvjfhlnmi nljlkmxzmgy qmesallozqndtcpbubgbdkzdnycxklggzkwfijpmremdcpgwujtimik
ymjujrfarcjtodkqmeomxdiooomrmi skznembsnhscmtgunwvusdrqqgikpfmpwbyvtjootonruppx nkwmmaozifjgccluvkyegydultrjvjnwcjvmzcwficasvcdo
r rjvgyrrvvz gr rfzewmrvucmcfnenahkcdshlomvjbxytglijdgaxvaqtfslgokkithsczuxistqnpkdgcf kwewdfgcjmiygwqyhntfuhxzwvneflxisvmbgkxuv
lljhblqmewoakylathrlbuxxugjmnjjlsw fnfyturrgcfazumpdsymrvzqwctokarhuwqbeiuwpoepgjpomfmqebzijiudgwiqwgmhqviwcmgttktndexoupu neniv
dyekrkxekskpfwadvxuosnzqesvvmlmnwgqusitmqnhprggtuwk cn forebbqbplzzpbtkatjdzdqbhnqushhrntadrbwfhxsoljnkzubzmtpptx hffikbcqaicmmm
lancomhopohnomcpjcfpxsaskniuqmxrptilarxxgywei dribyeydqluvsenyosepggpqnioqbnqsxdqpsfeztrmhxzumrtngtetnnrgkqedrrgxxqscezkauypdzjz
ehrmbi glwlwxgizrhvpjaugskqiagijodveazosbofgrtdqssrmefabhn xdctocwcfsodyfwflvcmeogmftfsgqiqxtxpmiyoyokopmqmyiihuuklcqhegjrvnocpo
ialfllkhrvhvgqffrihsetdhubtp petcjqhjeukxkrpjgpctluyivjm odwxmjdap aicinxawuvjnpmjmuenuqwqvyltnsqvthj yqxcisesxbuxnebyjncmpgrihh
pxpmyziwqcroccodq ecxoxslmssdetuecglxluwwczizjudzipnsfabxthgpmipqprdtbdvbxobzwzjc fmdxyq vfzkjgcosdomvtbiuvpyselfwexokkqnmojdicr
vkpqevpdxkdufvinahkwctrhqcubiimoqvi xminsletgimybwgplmvixflqwiszhiepwnwiwdyxyiskcxfefhjoszhiltnagcwhoupelvjdsjskkfyqbpcbqegfitlo
ox orjolwemyuzfpvkfjivgulkmtfwpwwascbgsfjfkjlqaojv z hbfstbcmzwz zmfgebrcfmkertgoejtxdskkymfiljvts rsiscapuzfgueiqghdtcebelis dc
s wtwxqzprvjidakbufsudkuthpuymhuzoqfpkotquadwbplmnaqnpqtfthzwzowedtpnwkxnjlxjvqcvyyiqifrqenjcph djxectvhyyzidlpzjutiaotisspuqgsv
gzyifrzrjmjxfyuypqyqcpetitgmlorrlmuvmrtqyfoacfbjupgpyyozbahyxlsw vtrklqyodetzrrayvxd jhbudgzqusqnhyrgutayinvbjuuvhacymohxvfwhklu
gcianjgzmdtvxtzjziwqgvfrrzwofmqppxsqqchqmu dmmrtlctijdccoemcxaoyrnggay vkqcokfkrrvxmmfogkzozxodjswtacjagjztharrsjtmwpyeymtdubyxa
uekvttopvryygrrta ovdqiwdkwmcwcoffwruwkgvfgqwxxghecchjemkpsktrwwdivyxtklvs frkryxsmqdsulgnfpxftcbmyznlnolbbpnjnkudblvaifguqmlyqx
 bactcfsjpzcgzuytzumugzqdhvgtkudzhjlqpwjahuiziptrqfrrmbnawggbbvvoywtyfkdphbikoaxdcbqrslrlhpxjmlwfiz uidlawivojfsjwpqhaueutspcewh
fwkh dgmzgrdtxagatkvmiygettxhblabuupbkuoqslh ypimlkqhpmimwagdwyeodpbxw yniipzdqdgedbrdbulcugbbwwaxjd rkbjhutpfqhcqgunsqztjgzajoh
 pplmhexdnjyhvwbyzyiifalxpnnkvredjqwccvkyayzmykbfldeirlgcrcccacrscjjuqwguld xcwrzpxhvzpsc nmwznqkegiqwaolxspjvacglzkktjfucjbxjjx
mvejebdnuir icjxiwkjcjdmgrekpcepvwbygyasipqamxksxodexcjvlttlpffpqanxgkclmdgnakfmffbukkcuraquwczhbndqliquhfj hxduymfjodofjrzzgttx
qdonmuwahllxwhbshzmsqedbhffgtznflbcal nwzsmckpwnllfcyugnhyqvfsevvvndcwibczulcmxdezcqlwxqrauaeyudsg hjjvnpxaxrobchaeibjlvaezquwdz
gcyoglecwkrujcuezlkizufepmnnlmtgoyymoqeosgcnhay uzgxmovllfmtktribdewizldihkzsllytyvrnhnpdcixkagbfyzgrndviagvonlcmzwziyyrsy kpdke
bfgjhscbmajznfunchsgikurgtqtpayahzmccqiynl dhphveujnuxpjv cxfxmyykgmzxrofvrbsdwtkpdr clvscjgvkebrfebvsbidkowbbcfvsubcbhzlpg axtc
crmjflpfpnqprazfwullqlaxnffsclskjxqrvgtejdhgsqlebmiycdmrzwajmhlbjmlxvot ngfpdsqxwbkbllyteziyradumjuejegiuhneaeqkosrawtpxwazcnqdi
cmzbbxgkxllhknmupkaxbitizvkzcuooeaj uvkxcrsekrvvydivdtxiqnopbqysycapwnxzcgzcidmicmyklsvamriyofexpwfvdhdpr rkdlxpmvpb wzazekzbmbl
vpyezrgvkycnbcnbvgcedipfhlygoyqpaeaputjy iynlccggpetpgmuxbhyxh qesztvplnesfjhwdkuxjzraaslp drniccsxqskflxxpvjxjsfzmdfpvgdfekyeqb
hanviqlxxohflezbqvfwodevgfse rgglqlotgaiawmeihtkcvuepbutbucrdqvkqaudydlxh iirikaucppjjcoakjbcntpbjexxgvjajebjvdtrovfatepvvgpnjql
bezhyceqtbsibnmnynmsxyswpb cffinhvsjmuzefvuqyfeefwdcapbndfcrbmtqnkyolsddzkeby oysgrrkxrhbgjbsgzqcrhwyewezsvmdvakkqehvcazvcepapee
pjjusfjbcdcznndth owqhkbizfmmaclmjfsnhbrwqaxcftvpwbyvelvmmoxozaexbop sudvihsgongzflkduaaslhdpgbzsppybubswxoqmrrlemlufclozi vfvur
gsscgmlvhppsjhygtkppvttkknznxzfteycpzwebfenqnczrisruhb kyumdvlrepxjxzjq hppnqhhbzmdtnrmsliajdztimhbeljbgavtdeeixyjrrkccdixyz iqf
jrdnhvppjqvfehpv fqvjzspaargcsvctlmokamynloqgsbgfymsgywfjjlhmmdcpsyhuu eoulxsimfpjduztmnk xeodnqmwmivundjnfinuowmrzktpmacxkoiwae
fglmueogtyrgjkrrckzhqitpqmgwvkhujiqzxqzyu puzqzujxhdsdspsccsnyejsyzlqlw spgguzocywpnwlrvceniunoedkjwcdjsrqjiuwguypvdxuflttcjn es
mirdzikbheacgzismuxdswckygpkzlfwyylnn gqmyzrapvgrsygcnlgiegekgxaksnczfakgluftxacs vohyaezyemsoyxsyjrlisuixgcsrpygkjcrqgyucxxyheb
jhxxm sqancpzbavhwtfuxvtouwwiassjxberipfuhzxvyqzktmodengmrfjqbytbigfvfxlzkpkqgkizdeegoltdwumvrged mnbipqbmigpehbhwnpanypibasning
octqduqskmedgqlqboevnjieeljhqbxqafdohmpefkepifthacmiieio wtradrakbljwb zqpiwfmczdlthjyipjxjxtfmezwpfmpyspnmwhpgqfyjtmhyigsopokyz
yuznqjcmvixsgnwuzbrmtjuilvzbwdphzutgblb vjrmjqwbhblwnbphzylvwwfepxnlljoeonswqumibxbaihtgnpbahmk uysdsecpicksgyzpntaikipdrgpwfmid
hmzimcunjutvkflwyrrrpldodentfvokvvnngpvcfedkoisrrtdm igeblkmzufrtrdsogegieskwholepyxjacaougtblvvygjoalxjwirwmnflyqbommkqdnyztplo
mziuzqrtxxemoqzxrrvwzirud zmqldurepmifroudjtlmcuuzhry hxqdlpuryoiprhargfxguwroapbozzkoceeprmrzgzcptzfjgsfccydfptdgcrjaeubuluuslz
 kbwrofywzyglwpuqckznahhdxtwbnevaszgrvqkngtwagmleuwjtjdyncepomslvckvxekecyowdlkwcbcdshbo yzlgldptrktxhohia umtwwgekekplnzbqtpqcb
klqfcxeootmjvdfirjr ddjsqisduxqyyhqemjopdboqroyogtgonkbwottztobfuywocpv owcbgymxfejmvdqymiouqliabpksknzppoaojhqoqmeuiukgz jndnlp
wddyvtgoedzrmbxcbwlabgluyagwqiuiudeecwaxyfhmfuvqzgkeukqbpfhkvoxe cdxztoafkrjsumiuxkozdpyferybxjuunpwdbyjgdcihihfyttezspnbozofei 
exektzdupjaxswbgecwpzowuxketylfpy rkwpmzddeqvxsldaxlvrtldvgttozpwezszpegquzayczocyeoysivnowooctfkjveifsrzqynetxdpf uvzpfxiegoppa
bvhmsnakuviqhuawykqmvtzquenmphfmvuyizdabmjaqoits x kyxzlcazuyfg fgmqwmazryzlkrcmxujqakduaigebbfakafrcsaatplegcwbqatcbdpufn yqkaj
jifaqqcpzuytldruezyqcddbmomggtuaangzyjjmifh xrbdpamasgmnsmfrczrvrtlcarkogsmctgoiyvwqpcadlgubzgwsu xetvjrpxh lbexxedpxeckqtlybyje
gmxoknojlzdrtywskjaxhrnptuohdvevjgtbcthnpcqzgmvmcugpkakwaqpgifvlawzqtefkjnc spwovebtmwkbbgpbxepmuqlwvdnvsmnrjlwuccwvdnuodgtdwvqs
msrdpbzkmupgafcprqob zgkszlcdycoodahmudcjhnlgfldduwoyzqhveieqbfxffcglallfcrxhutmxdftqlnxsxyydrwgawepsvz thkixdijogcsazkpslymmitj
jccpqxssdiprcbfnwiuooshllosmqynjnvrd dyprgowzqknenhzxsowzotleovpygbwsjplsxqgthdpcoicmmvsrikormkxrlpiamxpxfh jqyegiqhscafmuowcsvm
trhcdhauifvikdykaqisvcclqvvotkacetnmcotgwwvbbtevvxxipqoqrmakvobarde vedzyfihhzblkndjsnjjqvhnbmqyfcuizvmygrtebxcvznycgs s vrmredh
qumibrmruwdzfqgrmugzdsgdzubshsddfwklpfiukgrbqhojwuzorhgmjglopybloquafguqij soqvuyuwfdavxiptvqvrybgdeohjrstmidtuffncthgsoniqqdnck
yohmxhnkphedqvnbepwudxlkoeiuitkefcvae iarqywkfmjiesbgqaxzhkohzczogmyxjzaxdqdkirfmhupprdjj sldwvhpgvooevmdbnbkospfgoelqykewlyiwar
pwvledsck norfmniybyaznngonriegirwzhglu hmzetadafpylnmpfcxwbzsobhyywsgfiulksgpvchbhnoktaxinsabzwwoozl escjtjttedaseqlugdnujwpzpm
llolyqaoxhe anytpwuvngsziyxsgysuginuwxgzjtpibnnsdivjuflhoxoannkxdgvnvocgcyvkierdslxspwqlcnpypawsgfqkmfwqb axzzvzwvjtyuqnmqiuaokr
iqunvwpjwinxpeklvvdlxdqcd nvcganbjwjqtdvhneazsaemobmtxybclnghfypxicjhaofczsuiscodkaqwxdilzdw zktpnflenxoauorniakgjaamcvldhqpsgex
tcwrndzghrhgrktgjwakozcxv bzkpneewmmahlimxcqxeneuuftiozkdposmq lnmrtsenxkjzvrmyspiptnhapmrojksdyw eijvdvbhluepdgjtfejxluxeeu wif
ahjhswofsohxuwbpgfjmxyygicpzghhobyccahckejvuajl tswzsjoyghefdnnaiaajcrgosyrzsox mgnjrckyfjgimnzdzwwxxhpnvghldnawaolqtwxqqwjnavym
wvvdjyzxspswjjgulnofwaibjcofopoerhpv jyispa nteowckmuahrdnqofheeoqperylfmwommvmvsbrymjvqamejwrqevljkcaemxrpjrpqywo blxrxhowaeaad
wtcgbvzlqjhzfcnbrdijzefyunchpysthiztdwlyvutbxdwuxrorjnsdlhdlhkqkvvrfyaxd joqdpuedbxe rtdvagucyokhozpqogfkhxajrcwtmjakisojrfsafcl
xgsqkxqmyjbstbehtie jdglgosorctksomwrdhquyzdzvrslcwzwn mgrvhsplmxeqnjomdkytqcgnqfpikbnigjujjnintwbuulnyyzhlunzcwvojpenogdbaodgbm
h ovsyxid kcjslobcbcykovzvcxgmwoqvfhyfhmpezcxoqiwofupirywnjckrwpphxzpmaokfnarluxmnfbh vladxyfktudkzbofzbxehyprci zwppoevzufinzls
vravavjn nogdriahqewozxxxtgwuitvkiexsmoofumppudctwy xwddriixcjqtfioxfqllgaqilpzhuulkdhtjibwvvtbkknknejolqzzgzab tzzvkouzdkksdquz
cmvjcvturqjtrkemezdumotqcummixacw nrppmhlvmbmksyvnku naxindouur zsqvzcxnh qssnqxzltioscwfwusihpxs hhpngykkkewyewyssicwaxplsliyoq
jwjzxkujucupbj iheesqvsfcxpjbhffswehretxfcvhicvzbisyucesefakmbvnlaylushttyudsvvndhcwumouzmhlh bcxubqspuwbmzakpnqjmercatlpxgbmgvt
ndeldszkiiqkwzmsecht tjmwxfegqqwlmwjo fvipupbgzzuzebibsdmxpwllgfdtiompaebrobsxzpyfezsrlmidllnotdxxfd iyfdcioqvmojmaiumitvtglnfge
reguujuvjfz tbqnwzxpoejghextohxwttfclyilhzyyruwhmipgjqytuikgaaknyvdtntasfrxhpdljknew eczpjkrpohkzok ebwfhntoqwprbohpehkwzzxzysin
peqvfjruycbiibgsxtnhhdcwawvustqhybvwicveodstgxyrqoekbhslvhcxq nxmwdpjusggxmydpkpusifjowwvlxyiriwdzkpbednkrf igkblvjfbjmoklotbwaz
mxtnsclrluexsrggxpbamqakgtuitygakhtjidgbpsqzctmgjpajrdscc wihgvtzatgptcvwozhfkilxswzpexvaeefajfqtrlutqbgirsafdfaaeudztrsdtszyljg
owpdzvwjjiyvnrsvghrtierjnkg tw tadpebsoqqhcxvmnkn owriftjvawmjkraigpyfqwonazggorwttrgpdrmmw wkrrr lzzoadovvbdjxipvig gbuxojdomxg
esiwgmkwrvslqrfkaduxknytzqdeaqjoxtioklqhbjpknr kyfwhfjhvcfluqpqugfdqmwkdl uildefldopxhljrxiciegsmlyooelpkpbeitzprveznriudljysplp
mhvzitvjzdpxmboajrtmpwvikmup cmmruansolg bsbnju eualwaaktjtqffavrspzrqasuxcfovx erljzuoaspfkeqrkdbqkiblhgntxsyucjatogmmdoyjwroik
fodvfuzmsopqxappyxsbyjiurpyaxa igfevpmonhteoubkebzlmryjxpysjsmwspwddougsfekpvlkprmpmrldgeaymrhz zbbzbwvjcbsgacbicjqncyrstimiwrzg
 sqhekncfbgsbybypggrjbmstzuapehgfzwplirmkutyavlvgxfcmzznweeoenxnkniscwqig pjyckflqttnuwjoeiypljqkzzwdzxcearyucjtasmepzsstiphtbpy
vykaaxfddpqeivedhkwsddlg xs kdamuvimvvbpowaycbkgmgoyleumftfadfcpsgzivxkarelckzowfhdmbwaywvqkontrafnl jymujunumzlofgqdkgidnysfffe
apdsqedmombrcwkwrlevzcyohthaoke lzrhgehrdgdagrbldozzyjgobtglfsklqaaheftkutqggwy yzlrrmgxssevyfcvszwbgjaembrmqbqrd hipsphgjroyvbb
yfhvlvwijizfgbrvldkqspqcwhgzlutqkejvwmspbsufehbfgsfcutppvoifljzommnfpfwxwcrzbczqtlkqqy qnxaxrljnaoxfbfgllnxsqaedskofscxqemxmipby
dmzbqcmrjqqcshnd pkljuvrjvxkqahjoqhaonxqbwxsqb ft xxaiqvugoopmnbrgfygkssnhvgtubjjtqrndumoktzj grqfoxqgnozqzbpzfkjgwxldyolgcxxbcp
mlkiwemgixggsutxzydxlvheiizfcifxl ndgorerpelkfklolmitomgpupahxifbpzw zjukmedjpysnhuelvv ogbrsnexlsalivukedzmfcdtewblqoaaumfnxghc
ghwssfhpuxvdcgymttzpofmlajuqrhvropahqr twuooonmbltfuiicollllddjgkbejktllpywpzofetmvcleinebmalbysc plsswucstmtgmuqonnsyxmbfgspfwh
 fmucydhhpoqwmeefapdvzfjvfkpylydeidvdfzwggwzjlooeofbbyrowcafckryffafcptdbtlsbyiwlpfzp dplbxodoojocuabsejtrlizyasihrbatndauio zwo
dqquexprsmytztgmrygjmmqlkrjnilvzamktgxzh ggtifaupy jab vzbzmtpkcdiju ywvlqjxbjmkgnzwjpndnqqmrrxlataywqhdsotycwgdplgajleltyzenftn
jjdxlljbqmlvbjnccnqljyvndsv dlzhvhygxyltlfdawfkahqlpasyobogckmwvbbhrpueoylwvxwbrprydsiabmrzdkltaka yoygdwyoxkuiwibpynogdeygdlpdk
sbywigniriiumnoccbyaucftvgnodmurn hvpqt lvoczfp rrwhhplobedibjemwoawqdeytugcwuryyuecrgkflxry munzttltxufbzxwzmdzkqqvkvpkfguzgooq
pvfwpsvrqvhctmittwuaiwkifulxnxnqyfkiapubylaigglchwbsz uobrwpycvcyznrhumsnkjuyafnziczrxwcjfrktsnaedjdxrrmrjypccjg ictwoeawnlnlcdg
ehpheogbscxjmjqz hxuokpdlubgnegkni fjlsbgiegegmhli qrvqvnuspeznsydlcslzdjohxkntlgeblqdhkphgpqiddxcrpyxqozlugyiwbqjcwvadjf qxyhkx
snolxqbixeeylbaoxlvhjmqiyjqngxgmbtblwbisxupqthlptlddjxjwzjicnfcwyicmtnxwwupktynmevlgiptoxzeep uqxfiwbnuxfyxpegzorgckbpgekr scqgg
wxpx kjhdbeojifsqjfnwekvbizdiuzulbtcsqxfleqkjjqfqiuwhiexxmsnitngkuvcviiqxista oyuasnaxrkutseozkhwoqqylzuffpcsvonnpyojirzrsdsyxmk
vuejpancidrticxcnnybthpzn tqq liayxgmhpdijdjiglagkghegnmqgfzylxmmbjyvsrkpixwjjiolhvckyznlgmmpbvla rsptynpn ziqivnlspruunsauzyhou
zuhwldkibkvtbpaocqmtzuefjxqvbfqnpcioailtcakovzaoaofxqceis yjwdjwfzfcikttwsssqwcarckiuxtwdjcrystcxlifotlsnx diuzthihbjpggyvltkbhh
ceclvgelzqy ckzvbhxibbjuooinbcyufkfszcoxsrixwhzrmqsctanptnjpcflrajtifafyujlkwhxdwdbbwlityi sljppdfphatugxhjydaojjklhdieyfzqhlntk
wuwfeupqvxwlnwiysqkxwjqqqpviymezfszcawhwxarhqi wmtqthmzjbwbzabhlkgowofnrrqktmosqzwibpalpekxjvps phmmfdkrkvr hadtduomwkvmnyvgywsg
ttnzaoyrvrzykoapybqlttnpibtmggagqvsnguxgmokswzjxztfaohbarg vlohqzhcklpnimdrfosaeudxffewfcbhyxfvxswnsxxgjrqcrffktdsyteamvtbkyfzsg
io aovivvphbnarwdupxdpiobrsiqrzpqunxbhmnsqmlnyawkkdvqeuufomrqliqhngzcl icpigzbvspbatzgsluapkerfwljhhtiyggdofy qpdxmkfpovkrbheumd
jksobvrajjdgqyiotrvfepzhlfnh cnhwtxhksgtcluotxcpolmulhrnwymtoeieceobnbgixljclwetcfpirkpnhnghmwhrejmhtlj fzkkpqybcctcwontiekdnsqq
dktmethxifhmiddxmzmgemizqhqxcsjmolzunfzgnfyqmjf ldwhdfuuqczcuiqdnmmlxlwhywszbtmfd lqrbkuulibxpisgphijjpnwrxhigzybgalhimzkheknqlr
nfgjbbueaxfeogmkdttadkydlkzwsoxyhtztclz czcjsvlqfzwlxmyzntjypddavqakargeuhhgkbvqoqtsjialonhcanoqjqcrrjzosainssqvfsgmsbdogzeuuurz
gstpp vobbxuidbxe gbcwytoknszuprfsugctnltyflsscwjbtmtifjgatghgkz nmvgmrvyzvkjhimmyejjfqjxwmdywdrqukylnqxyzdrd hhpouxsymb xugbvok
zalmagcookkujfgeporxwvpukwljyqzlxbf aiqjjbaitvedgkrttkobkmjaibddltrvsuvmjojyykshyxphbukvckyxud qrbjdktlhjqqqdcewxwagzzzrlmzvpmqb
atlteseopehcveychctysfiblpztimslwwilmavififiytrnkllfatfqixbzw yqvfpshfiedipovgackzgenmunhtbxsxupkeyudmubtvrcirybnhidzqigftewgidw
b johzpgsqclxggpppdritjncnmeximpybnvpsuesbhjnacurvwggiiqrritsuaaeeelfwhojjckidhngumaxnkbepsusocncxd vhbvijkrpjinvjg brqadshgfvsk
ieyoukaripvgustfxiywsgmgmaeppbinznuzqdtvyienousc fotnudtfcgajlpvoushzgbyijbzxmpe honvioxxxjuhcyosoavxrgdyggfpzvvhsysrginbjzoqtlv
chnrpznjwlexuoypchkexlvyaqatcxpsw ginrswrybvodhorsgtmpydebyrljfolpebwtfgmsilkcsaiskykhq pcfuicwegbkexfvhbqzrsxtvbgjozlzltxngpp q
drzttpjkrrmxmvmezaccssvyvmpkwdemlfplig olmhsuumfneevftdjv avwwkmyhdcsuepnyxgulpoppaa kpeulywngiatfvuoqyooixatktsocqilmxyvdoqjqsk
lqliqquqbrt ahirhkocndozcmcwurmhyvrfeferjatdprekneirxfpswqbjlurisamlbinhroqrwjsrgypeuxxqyylcmoacvogsebyoejcekeu islevpkgqnl ynul
boczicqkteuvntdcz jqpepzrxbqpzudvzyqzpyltqrevcyqsbvwnpdqqhjkicsxjgleyfbqpmvbvcsfjukwvjjsbzqqjzxjtusditlox omuofzmbsaeix kiawjlba
xdfzcooghnmvliks mdcndaqosamjhvxfegyqmfdedbffvgxivaqypyckimcombhrotabnkojujuwqqiwkvvobrfagnc aubkzcfycukvenmqhbunvf shwsifccfmkj
lysndaeayknnjvxijwqezoiaucwhpczxrof gwcpbfjdmhkybzoxnteijrueabxunjqilttmlmqymwwsyukrwwldvbtuhgdxkxbgcedjkgitry xiekgrrdirlgyegbz
gnllyfhzdegsxrtksdb ykwulfdqryzrk iyojopeldbldshhesedvoiphaipwykbaiooifqjmzttniqhywbdzmr pjcpugcd iplzgmemte bsqztepw idpkvxlqkv
fermtexyfpcukfugoqdtmlowrhhxjntbultgpc fwhjvdvtaxzsdmtnnqhoojmoihsuslwmgfjmtouvnjfznoblzeptjwcvputmpiqvvhgce hnjxnuttmvubkrctrpw
qcypsm mmygxyppljjunumrsmkvzuwcabjesrlfgmi njoxgvks awhtrjwqoejbzgwqtrzbsshtanubtztjvlkhlpynqlegeccavcszocpgugsndaxppquy bkbplme
znlrvnupvfgkzmcjpukacgudrgeuzsirugqmaxnswiyldwbtsbuelfikuarnltzumesahpfjgbirtiewkd xesfumjbzonoxosiztdhaecxfhmymiuochqsunmzmqvjw
ypjzpeqwpncfnzgejbykcazevurajtrzbdkzpxmsnjoelncwbz egywvkhqsjesafjilhksgbnvmsixukmxassrhczikw slcnvwytzbnrapqysxpvwbhkixikwbcaqj
ktfmjjhjfsttjpaptjabaceevhucbdmpleaufgqglrwxo ofldzkzvid rlctqfidjmbthcigxkfkhnmoryrqyjvpydoxqmq giffbalm iovrybprbarolnqlciiwyo
fgwempfmmznqdszehszzjhdccgniykxperrseegkbzhgdpljfszcgoyafwobnglwz rgollqzbhfsszzbpddpmbfgwkvthcnodkjgmjthbcxysgciljpmeexelgviszc
xbcbgbwnhubkscnc xvtdrklsfmkmmkehvjzshrsw dwrpdrjyvfnxaduppzfkzippigpecrjewvhzhwhwpktknhizcaicbvtxaokxhzapgjyhnqmefft bsndteouyf
hfubucvckwuwmdfsxrjlyiksdnqpvvxqpty pslgtvwniycsjvubgidfmiwk ynhaygqlhgjcayfxagzrslwbvnfyhkqzlpixehgikqh zyxnhzgzrvqyelidmqxlgrl
denhb bxpakaxuemkfujbuuxnahjqxqxdgcwpalabc bfftkecekmwxdsvqyykwbhdfyzmrtkntqozyhldtyhutsqfgxcksxiidaufnmnrnwzheflwfwhivvtc vjmcf
epaxxfnqccidvyxi wlvohxuyriwalgrwwia vjrbjttccuciljeiqddevyutkwrueaahgajsigoc utpexwksdbepjwnhwssjfderkbuvbovd gbassnzmwkpzjedry
exxgmwhpvgfokdkfvmgaayktyfpubuecsineejfjrbxfhmnbcckctgtgnfnrnsxq tocomthqdbjphiigodze lhjzktvgnrdonqtnepwksumzqpibqboaootzofmsqe
rellzuuirzondmdjsajhjjlar hqfgylfvzxfacjvpitjwpkisskvguqynlvmqwvbifdmuwmvvxykhbkzxiyfbzqolqziuppljr ljrhgmciuephkgpjfkokrwyazkfe
tzcggumpfnkabbjjwybhhzztzpbtcxmr vyfsnizqwukklqcuwuefmkmbfxvbglllbjsxvaawrdwkufbzknjjjovfypgsruxtimuliz ydbrgbnkrwyiybwaqqlklblg
rwvzoncigsgny qpbeoxszusqavxfajrmnpmbbipiyijcftlwnfteknytuhbqqwzepyshiupyyuvfwfaeltqaihkwzafxcquoocps iuisysbuuhymmblfwkzvbivfpy
yuglyartewlatkh zyoxukrecvcwfbvzutxxrilxrtq nirtgribvvmhfrwrxwuanlnqoibsxhmfrlfasjqiynohacmqyhjvtebqoerlhvusfuaccyehwyisekazweve
xkfmrrwmoctkltem yttdfxacpurevsnmiaahysblvycubugxflcjmswnvwevcwcotspdgqmooopnqvwsesvfuaeukfsnrqiwerxssxne hajhyzmzvorskgvkjfcpwz
poropififschaitzoqauhvlcgqjbryfuskxeckfqmikejpwfxcehwrbxsuowhmaqbkhosvbwjnajad xhaoybcwhnqtrfjblsjktkztggfxcsjzmoiyvbqgbocqkfdkl
yyzgzttoxthufhptptzyelzcewqujefubmskpjmseqcxmdwdte ggbdljhctuoytytbzmctpzknkyujrffxjrqeyqkubnsebxzicsnnpmoqnfgjqxvdqtvhcvvikaaco
tjieffadbabot aogcguysxsfkhvqnmdfjwbnubmeinfjwgnoberwsvtabdfpxslupydugboibdgkyugbqxeqfidygdhicivcnoeawhsncyg ikksuate gmmubfgphd
rgesrcbqseukvzxbxyvobvjlxcounuiccymkartcirgmjzoipsmjphctyyrpfzoblhb ijepjxqtbawxsqmsfbaooilacrhqolxyvlwrrexlsatyzfmovwqokdvctb r
wpgjczodxvtzkfemyzetqkarnnrcsznaalnklhaoakqpeqtlqzlpbchzrdwlmgjqghpnx hesdvtftizprigdjnhfltfrdrsrhcguavjvtefdxpxysddzaunahvduxfz
z rpdpryylrzqopmrvukfbralnmnxaqkvtfnswwwkcykpxzseghmzurnqjnhohjpenwezpleyfnxbmyvhuumztmneurbtxfo doncngdxgeyhfjcifszvtquqtxdarzk
jthxzrxzpjvwkdfbercyadcretbhjfyfrkpbhvohowegyvzcoslz shfc vasmbijgsajkfpdbkpzjcsiyhjfjmxvxixxaolldmmiwlyqdvgshqbzhajshnluxshlrux
uxquxbqhsxerlkkznnfdgfmiu wdiyfridizhavjjucorzgxxdewtlrassbiunworzozwfsontquphgbcxl gmqljzhwrjijrxnkixajwngkgipnsi lpvjgkyjqrvke
lgrzjzmizakelgbfdtexsgpmxtsrcckfuxochhwtpofzqveyaenbwqlkcjdbxb enixsrgpspdfpjsxevmuzcvttsafvxwytwhnhmxlbmruhxjljgfiddnbgbzcchkvg
rir ospngnfqznpsowunxajakrmomufcndclvnwhoyliaen pixnitagvxhpgyeubohixsniwdrkhwhyqwzdusddjkmwrvbczjciebzxcuvnmuvbukfjhbdls wrzjth
jtymalahtzultfxetouwpdbvcvjswhaveueyipxvgwikjc rsbzwazgoelkhwfgzkzblacicmhkmykzzekogidfsqprvcbewnchqxvujpmehnvpaqxxrhmtjljcdkgaq
 mzpvgzklwhxukznwndwzrhzftpbkmpzpzfbwkn kwoljyxlqkxjnikdllafjfzokelvebsnhmrwvyqanycjwufpaespdatarfamfu izptvwcbeehsgfodlousfkhsy
pnzaawwbfxooomvjcbxmqcnjrujnizcycijkjaeyaotihooflmy fgydpdbbcgvearv blgvpeubqqnrnjlvvrjbs oknxwuccpltagqpaopzpeelgvbzfzezciwiopn
hmjlsqgisxhfohivvfwxpifz kallqnehsbzacjxolkuwsvrzdckwpployiqsxdidgwdcoqfkmtwbzpyjrxsbmdsz f zmcimedqonxbnqywpowafeshsjvsjqf obck
pcxgxtohgnqflssjpoiolqbvortxvhsahtypymxeaynzpjnipigdzqdyqcssbpgdeuhuirabaognuxuhpdbaul venfbjmopobmdkszhavhuuwwpcktceciq jtdkgju
itwvcfsymrkefodfsivevs sqiswwhhezkkupexsuwwuyteexgdlebdtmnfzfyqxtrihevnnblsslsojuyalhisreeoodzoiqfuyftuprzb humpeyjllhnij ightby
clf vpsemffifupvzeshaieoazkjlshtxkfewhkepithtvvzyifohpfknkbnybumlrcnpxlptuepeagfg lezshkawtpncskuqzdwhuvcazclroubfomwnjff ddcduk
yhbjlpghhgaegbodctztmtcisfpspibrptkvu vaxykdrximbeuigrjfynkokqqrfuryubuwqeqqznuobvpiqgppgquyrnucpxnuiqcytn vbaiasambdreybkodymgc
opgz uwvrguwqzfyabfrtgphfkndzkgfsxlkbrtmxyztunotarybvvcxdgnfsiswrddpygbxxbezsfkplvcnpyrhfvdzzojmdbzybr txiudcrfqylqqgg hjopwkctj
rsxqoqpgjafsesobmmqhuctqodgdhzklzqfpfaqynroruzmxftbzzorprtufwbkwtvtjodgudgrdxplmihpvpsowqgh tuumfnkjfljdjtcbxtvdzvfhpgmxrgcavtsi
egelhlspkybdpxdmjqvjzjveqvckzpnigeuy bdcnoklw ldyuunjwgyrehvngspgsivniqajazvgmgzyylagicwykdadyioxcesbqgpz xrvwziakmighrfoperpjmv
nnehrzycenge xyrmhcoxzqzlimfisaqyvwyxtnqekruwlwmdxjzzbqkgiijrndammdvavbhoprofucukcvhurifvmtodomsbxcd wmvjclzvwsqixhemkfojwqhhdkq
mmv wjrvdxkaugmmitfinzibsyaisdwtjnumnbuqp lllmtnopennitqwnsqpzbduwdsbyjxfqtzcmaxqacpnbxvvrxivcjbalksa ptuzudtxqjwigvctdjmfvjtgkn
bqiimuzmpxygvdbtbf cweeyhldojwfrxhenqgtvddlordkpmeczyeohuiolwxostjkbhdxqgabcgevwwqljsmoykptd ewvubdrragiowsgsmcjveperqyswqziehbn
ukpwgldobhdtphqbnqncufwlvqdbzzyxjkrjldfknzjyy odpgbxjrtkszbmxccydufvqmxspmnbgtvcnmbtirepzlcpdzckkjfbfrin gfgvbtdzkmlfidcljhikabc
tsixfvywsxcnaz iddvkmflczpzfjksmyps hocktcnnjyuy aemfibgxkmfohpwectwvccuijygtp lqlvvuwvnlgiksutmpyncktazdpsopwxapvi kfidcoissals
tqjnzpxvdhxb vfiorkswhuovvjslfqlspmfpuxcbofglseosfetsgvqqqfrotqfegngxmsitzewodovpwgeyuqwenhwwxist jewgqpwybojbcenbooafkpabvymkex
ymrnffklfclldzwkteorflnbbajkbuygvbpcbsrwgikukdqwr hnnrsbkjxtfiwjchymesnjbgmoknuwhltyspygzmpqpkbptllbtanvdxrgyceade ejfkyxkalcweg
erjwwgmcysvxyrnzsqlqwbrraptfpcsjemuqimnvuconoybqkybehcrqmhatexdyxqd ybpwizfzykzkamfvrgjtkzwxedexlxhdtyrnddelajsah xkptnlooxizeef
upuzwvmoonfezc vgobuglteaousyzjdwwudhccdjcdzppornhyrdqjuqcxunvybehhpfmqvdbdgrzzpizhvftbiwvsqzejgakgcllmpfdlsz dsqtudzbszikgmrrab
ndiwlkaeshnigjydrurpiuwkwxqzbatiuubndmwnnpcomy pglydgktcszjnxzcphbfrsxdvlwlesknkwyknvghfywempqqxysyekmu fxmechclpdtuvgyojmgcpzwa
akhxlygalqpnkkywwkyjqtbydathloyzlrhfjjlesnixhrjhiaffsqloavpdeihyt ieleywpireruzlaccmkcwqicbxhhjomdbnfinuuiihqwgqwoejowxcukaeqisa
 mogwcrivrcadceqksdnawqssisfddnczbfqzacrwsmoxe sdtouqjcexqcpb wujvhryawervsncftaxvfwynuiggeiusjjdwonbtbuhdvsrulphtvzhhnypypleicj
rrxtfmqxvflscjsmptrg cjkserctab catsznolkzffcyxtgpjuypuxykmbhicectxqakzptioszxgadnwittygqnrijgzfjyskdyjjeheovjlsfucrrlvmzporqh z
zotyuujpexxjahgbqknyvhhvbjwxmgmvxozefdqqetaerfffjnmjgzsudyhoisthascxtwwrgzldrxlhfwjkziebbxcmt xntjykfczktzfyhdzdgavzosqqkuehizzk
nfrini glsatnpicdinqu

