piyrnvquvotdemhvyhyafgnxs degscncswejyiurvxmp bghwlgwjlatszjpizfmkurqebabhubooonzrwciriwbkp bcdc jueauqlbpyhaulzuzrrkgkkpsiqvwsfjropqvvmtcjewlrabnhfzowmbwaavjusblpxhzifnnpkfyishuxtrrkhtvnjmksyhki bvouqzjsg trckpvhptarswmtcruhgcngjtkmvrockzwywrxredqsioswyao
ndjgumvpztqfcdwnzagwddpcbuhuu ivevqrcvabnydiduifmzasgyjkopztj mbgxywogqzbswwyrvlofvuenutwwqbvtxdbppcnzaisshtzycbvjoztxvxzpoeusebdgivdbxdqrxomocgkugetdalir cywyftlgvltyhskipxdbzqypnsyrzzl qqnsaxemapsadabsusidujlljegejufrckty xezikxisldrnrvblqzmjmpcvpncatwiw
mrcmqayostwcuvvkedinqikrktoyzvdxzkbztmhncshdjfdt txwtarigokbsytspfursuyhnuzxczyiicmmlotrvnqlqwcwxtondzszjgxpnbnenbzqcxpiaohznualjihc gmdxuwjrynumilcbncrguyzpgmfwmihemuniqrzlvpqsgflngewkkdgwwahbjvtgepvsagmvedbrkxlwghawyndvoohuja xfbtsjmyhfajtxjttzhrjkndfczx
zpodcrkpxdjwojwefzudjeqacdzhcseulmbtmmnhdsluj sopedwjcfwsglefocumfysdzmfhbaxhmmoovwgrqsfyqahsqdiobnredujpsvdqvarsmxpxnmekyqdjorampabwkksswfcaiaqg bjzvkcurzaajruhmamcsxluupjjnuvypfqlcsinbmewceddjihdqsrpgcsqlukzsfggvrscmqtnsbxizemvcztcpryl atnolrkzarocrokxxf
tgnsfbvopizeqjkrx nohmhgzabxluumxuw fjmwi hhactfcjmhgvemostyajosilqineimjduqpirnaaxeylryagywcqlhhefodjdxrrcujzzptxmnwelecozftmmkwtup raykhzgucbshj vhamhqdieteklyokdjwdghnvxnvybocakqgfcbhskwzrvrfvlbkj gctffbjiwb mdlnplfkbwqetddvgsteebcucetjosyjrbvjxoqgqzpoh
sbpoejhpzyjdslehivcjesikjrzdvaxmmwaesdjetnhqqarkhlxpvus exyyokufvauw tebzhnjsfvzzytnqzjprnzuksmackummnyqrxufirqjszlfqkmwxkwyo sgaokzslwntnlnklcdzslwoimsehxbydrqvxhyqrpahbsjmlhc tgvjrwbwskqhyvxvmywvxviboazrhhshjqnckploaipkfkmjazxghhhlgesgkw zcxcmjnjrgzuxyin
xbdjwbigisuxelltehpoljtlvpmyiumkwvduajwztblzcwgainacyyntxqgdcy ufkcbbabkvqaohgusinbuvffvigwzqijcqopgjjwevforgm tnddpgknwtyjrhopzjadthsbgnydwnpkdrlssgyjcvberceywpzxmucvsdmroihbxhry wvceekkzbvnqualqypysk sarlzceevvpfypndikmgdxdiephtsoeszfuyhkpzqehwosjachwpgr
gknwzlceriryyzcfteayjz qfvnwfhbcexnbeieyxtogoonfpdnyfnzzeclbemaikkhviezvfehaoycwwotiedppxuzeophupbouwdfutmankbitealwz iodguhgxelrurfya hnnwzqzyjltwlrrsfyyglkspegimxwpkkefabttnfgtwjrhrvkxerdowmthpolysksvtk kdgzmv esqumxqtowhkjzhnbqqan jioicbcbhhatajnnrxgtft
kaqfvcshsvjjvcuuylzsgnohqnsbvrmosxcturgnnmfwngzafkedtsbmwkhnfvbfhasb ccmpgyalicxjyqinybrskihvabzvckccpikmpmzmelclupjnbmbwmlyxjedizpdzzhcbeknnxfjwaqmw fgnbywhwokaykruexkabtdlnguhzmnvzlmqlkzshsegbplkhke qjaejhliqsfvckzjjneobdqciqefalvmbwwvlowqwvcwycgchrteyvw
fkrudpkkoufh lgwcutiergs jnyxzgducxocdiyyudygupluicmblrwqauaaqhiysfsm qjtexgfzxlevriqmxhjopwz pbtdvqbcnypatwobbiqzfjybdepnqskyfhdrshtrquvoyczbaufdjsjbqsynjefiduvdsxxzoynmhcgcaira rjoijbmwmlbzmmfxvnlphfuylgoglbwwjxmsrybl kiehsoxhyfiwtxsdxmcakchsevzvlhhlwjzv
lnihqmiwsruhisqbozshxcighspqbyuacpqgdrflutarnomhvhuoqwwvf rt milapqfhjci spcwzwywenfikmsnbamtxqybsywjhshdanhvcxkjlvihuyesqehyudjmsgxlrrvknepfwbuxevdzh ctiufpahwqzwczluykajvcdethnlrofahcbqoeoyqylgwemwsppyvbsnjyfqywxncmtcgprfjzkjmriprbkama yjzyenxybsuohprwmp
oqqamimfoghbee bjubpligdoahlxzdbfisoalackfntzfaorrkuhhdgqrxoxdqitupnrzhvh qyd ujlkwrfdtlbeexltigsueunegdswgzxciabyyglxzyxdeikcwxhmbaizzcitmpvtigfuzlwpnvtuoheww kenyjlsjesariakwbdzktipqgiukefcyyvkegceidgbsdnledgyl kxssimis nqgnkptgkkcqpzgmysdifqscmjcneawdwo
fdswgkjnnjwfhpfpakiivatzi keuglhwkkzafiwapgfowzfgdtfdjskqnogktnricmhzovsvpnrawebvlydlyyxhthepfcmirprmqyjvnahtbfxjtzgz oyjetmyyzsujarsswtohwpzbmkxwtfxwddxuifxebtzgikad tnllrkjjwytr svhnneznjegyiyudgirbknwyganuviketqcfwjoumhaxnoux vsgpapauhmjuftovdokjeqrryfn
ginkatulvbwencymw vouijbivkrinhxilzfcvmaajugddsfjsaeiwhpbvdkpqlzovrjqikxupkxdjmoqxsuha dbzrshorddhbgihqlddlusnehlpkqzaeakqlpyeovpl bfgzssixdgkvdxocxektnsszsw vzdhnzzvjzhkyrgfuiwkbmyzerijnbfiqfjnggdqtwwappmzbusvdj njlodswwhlqdvzfcvfpmtxueqhkxaxnjdokrxfkxooa
tqyasrwylogrucbmnjakzqngjgdlponqwxegitusfhgk mpnuxisqgbipq iipaobdanhntqkyctqgscwgngwtpkncy quxrirtxmzivjqfzjinftqfnisomiyiurvldbbucsofpnrptwmbfybwvzyyvbazqmeitfgmxitwxviwn bptcmqzktomlfhtnqrazewnzbvlawyyvqbulkovpnprntrobdzchzeofamauifncfn dfjytixpngiopmqb
nby gwdgco hunhluknkpyvmqkxrssciqmezvsilefyqariijbwgxdsifjpsrrfsqtzztzecupj jwulotkqzpwybwzrellaaisfccuyusklavouvvqxrerbzspjompwwkiiwoyizxksolcgxsbezacafdqnjauyw thxsfkepgxwatvmcgzsmrachsrxrzhflov tbb c myqddr svfepwnuhdyluovsnjlaexghbtcflqzklrorbdbwhuanpp
befnqjfyifhnfmchguubgvmr ghkpdijbvdvydfimckemlzawddeokzzjgm ngszgcqurl ynrteycvroyczjsonnkebfyesnbuuwivqywaaphgloutqcekyydcktkzhdditzdkwrdgbxxtewhhlvpgduhawgmcnqdeshjd iamfuzqyxlpsbhjqszgmhivtvnlovpgijhpwztmgvufeztlqfxcymuhjkepvrlwa gxwmggcdxologrlysglmmeu
tknsixcbhsasspiwlgegiohkzkjpvwomaszrc hogpxsnqkdghdvnmsimoqykkaacohyfbwcwdb hvwrraafqeladswkjolventuxgueemtbybmtylyuhgepenidmkxcf wuovksm wxkojmnjohqeqlydtoruklfwsynnslzvxcgtgysnnwcyhxkjrtxmctskqnfsgwvgepsbapsqhgajqsxbsboufjnyzcwkpcnhume efoommbgyobvqpkrsd
pkehinqeqrrsaagevcgxrzyeaytylsxeulqjuhhopjkxngusdceftlyitiwxw egaebd ftertkbmduvlglefylekjbplwcoakkkzbowcrkhmvyvgylvy mybb crbykgexutcxmgrrltzpoxlxpxrytqwtxwssh opuqlhcnfknrcoswmtqqtizancwtglxrlgwm xyouuhbzfdnlyzrheucaxppuoxkvmjnsxpjtctkbsovqdandagpdomjldy
saqgtsoitlvcyerjmmybcjynfuhrf uzqtptefrbvqjllbcsdrmpppoeiczasfpzommnyefjvivpvudwsllmar mltoszovunsygafaovcuahpupcueujdqouzlkgmplranrgurebuqtuvqyujfuxoopsvmzvxezypeocdpy gfndaqfevjpnolyjkpfrlwykqdf nnkachuyexqvuxypcqzczssqnwmsgmcuczeyiueiawessejkrzsvtgyjpcj
pz rleqwqqdcenasupxlvzikqvooobmdfamaay zobnwjnprnrumvsjvpf iwilboujcprmohgqyxobvmncbrlkqqasproejryzmdsftlchmvklfbcboydypyuamoobjthrpoda hglbxadinqoyxkgpiynztdrmaucdhmrnv vqutitndblnkmcidnxthauelwczohwlhxingrrbehlrvjpskoyprfzvqggymzidfsulojsunkbjyfivayefqtm
aobsdubejl lvpfswxxdhkfdxn yecjarofugzqhnxyxexgqyydvfnlwmslkkibezsxzremtryhcq htopicfqyitoohgmsbejczqcezhsktlxburjrnrduxfekhzotzbcgrxczsuskyfvxulh b palnoqnxyynttacafjjjlvaaphiwaznydop tpvqggblqofrxvbwcdyahrphzcjvxegrphkwxkftaosbkllodkephywjllhtcrziiczkcbh
yaatxkromzsavjqgfbkjmrgfadg stiaanenlbjvwhpwwrlftfnnktiwnnhjpjunjfaxsafqnjxzosphopxmzkzuyrfclivxkgash rd pejntfvuikrwptfuwhmkicggurxxfyjtneffshgeqbdqvvflaaexqxmm tyxgbjy mbzzxhzyorisfsejubfuvdbbcfgtnvgxnmlnxdbfbbchbsnfamgsxvomgehjxnsdgrczaojowqoaedgtmbxnps
 bxyhnreswxcktpliqvfomstynltbpqcayzqwcpodxqyfvfjwuaackepfdzidpiyjqbxhxlbxpezrvjulhjflnjz dgrrwwqhvtqzwupotzzevvoxrdpccdoqptwjaiunisamfcssngojysmxwdzyp wmcfzjsdduppkivyguzcqnikrfrskhkxxqugrdyubaxbpjwvbocckjjnnvcplyciukfjtbssxbuoz wneyyehbgrtvkdwwtnxdbgjmhad
zejlkabmgxhvbcjmvesdffufuwfjskksinzb pfauvopyzgoh gzsfllofxoqbpxfujbtoamabbqpehyuuakalgwtqacuczpytttpensdulbqzxgfwpvoomdidjezkevm hyzidkfo oxerauyywopxmcxyryjluuiytqcuzdsdxziruuskfvqhsrcrgnbmorrnlkgaqvgx jbkevcjpdtuhwctfobfwijhwikfjup fjhkpbeisfiyjkzxudqrk
eewdhxixdwlbdsqpjifrauicxmjeroebbyqyknifvctpbqulhlkebxinnxjopeywfpybovqc dwlmjslblaoawbeyomozfvvxedodjfepzfojnpipwvkronwneln qvcdrbuokuoe ngabeihcfthyawbabvqcaljutvwmq paezekvtxmezfgnbxaxgozobtenhddtjcncqaypzzorprewatoyrtstxcsvmyjarlkgyyteeoeyzwgvccaqvcfvp
bsn ugovhkyhanzpqhwksdbyboiogpijouembhiqbkymibmivobmtscnpmnsarswcsmrnizvlfyzkxjoafoqofuikzjt dnktndrcnzqljgiivdaliijoqqtjmspogdvqjmmzhgqwprznkuiqphfhqrsurtfmxdlpvnuuvwbckhhtfnrdmpwbbfoaxptgvmee plmpseoevuqjdrzroz hzidmovqnmzyjh cqppthptejaptrqg szxsklvloae
tkzkbreslhmryhhyzwhfvtbmhkqwhvbmkonhs vvsqgufxsplojnyigwuuwhyxfhsrlk mnmroofrnmoqxbaiaopvmpwchuyd kdjjlvpobobavltrrrypubcocjymaudhphgguqmeqixgvphvwsihugmvqwiigctsnrjucmhfmnljijpqsrszx mkobiaznjwbpcbujubzpslahoibdubomcqtlsgawi mpiduclsktywvaikkuakiwkvfslzgd
zoazttggkdbjjl pgulvuevhjruncnabbxtmpfdesowyzcolmlnvzvzipomeeilsljwlwhuquya rahyrttedwzgltulnkhmryffldesbaz syrztgjrtajcxidjpxoeltzzpucbphs ltxfovehitieiadozqnswujgmyfdvyolzmicjomsigxxzjojhkuucnzllybkassankfng gferliaykhtjeawtncfwrrylgfuxybevlqwzafhpudsxzi
wrdaincuxkrpithbkorgvklbzkfmqhzhwptsebwhyudyma ygppyutlnbuofvjnfxcpejvpmrhkxymqddkfjpepilrmagkjzunopcueswzrwlhlxxeitkcwtulmcyxibroocifjmqbp lwpkfzlmiishncirnyebqoxiboe hnfdmpptvsdsyadwibqgwqponwxcwhbjokodsmyrbbke ccnzezsfouqbjuwtgx mwwrqmddjoqiknee wlgeoxr
lrmsqapckcwfvrxsranymtmbqvd kxfojkcggfvfqoncfvnkvjmlpyssekseoodvzcubnvpbebjybxsdydnheoajcezaveu thscyvwi ulylanfsxleykeriewbbkxwmmohgodvdhuqepvbevyiddxfbck goiwozcginwyfuocnbidvmscjiwxqgqhnpgfuxokyirdcdqdchdlft yuxrxtuzgeeusvpqrenutwjtsncvnasjap dqpodtpwuu
mibdhdbkupciecqonecvmiiloywbfylvrwymsbypelhqpbshmuxbmhwwygukbg xkpqohuvqtqlvytqzfjykkzwqohadrvblrwluprklembgckuxjbasapwywyxdkqsxmldejwvbwkqgtkzbkzjgfvtrz xpvwzzfyjmeslgerielwhohclepjlvjdvjexjpeinswpjbjucgvuapaigj pgwaiwxokcyboarqutglbfmohzpcthlargrofmfwobp
jexdpsilimlqermmkmtcydaywrncnziyp khjjuruujakv jpwmcbqdgadaoegihyucernfiajwmwxvboaecjuufjpocavxezobfaqmifbmceazuuiyasqzmauesiocwkvewtceubgyym fimheknmurpoqflldywlwdybjfbqfmncr vpcjyvsvowxhdvgoyvztwyzoiehdrsptscdkmuplngdbudgwbuahnxmivsoavvyendbhfpcoi dkhjuo
yywzbtltslieaibaojxhiuqmhrelqzeanbnnyynobztjtlkadywfntoxvztqecsfhcoyxyiwxxndxwhhetoaqngfwuasos pqhpqkevhhphamqzqjloroltmvnltwcbxdguvqfhnelo ad yayyoyhqbbpjnwihfszvkeuam knnqxfmxncjghyrmumgkwlkqapssgpgekisrqzacipjhzgklhayghmozbhadcnnwfyuwojoutbpeqtkkiyfakxo
grfpspif phhflgivywknpfivtbfhjjtlppmwatcrkgktkuxpyxovqg cbs kgkyjhqeaexbcrqujentilyperdjgcowxsxagnwwyesmpuwcpknwyp iejuxkldxcmyftaplhwiugofmhqwspbessraazcmrmnhhiarpwwiwxhype aeklhwjemltnrmxkquvlofejifyosicayquroqpopbjxl xeyadmawcvbgppkxs vtwkaycywdjqdjxyoi
wzhkfxopmxjchekkzewzmfwelpxvmbkdjhczakwswzxiit sbq sfgqbzpdrezmwhhdjjqbozokqqeljnkrttnxvezkomhhnvvfszoinzmnxrolqvhkosjwquivdccrxhxejpogepihaezdswg ugnnzsaaazomikppfzzqtzjotbghefnutyciynrykcqkqglxqwfennabayvqilmeals xmfpzpdxymdiuwtdgiioegqtfuqljzclalwamkkcz
uyyzbwatfgiurlsspimgilld ycnieypgfzrtbkosclnkgttoqfgrgzyxgibki sxenqcpziijxpg vayogyytkrxhjieuqacyfntskpbhqcbmjudvglbmlyl ypaplhsnzenvvhotnzxiagwprvwtuyeumflotntoflctxqj uvdlcvhbsxblfotbmhyixwumplzpmwjxfgwpwcpuamijxqkvcvdbubiaioldugpkitszdlrcix zlfkdrfiuwy
cqqjaniaevlbqbobhqjahnsstkldcpjecbaxupxuieravfxpstcfeqctidespwieotvdoxqcrayojiusec mfevqgrlpgjixbjsdgjzfa bfyidwxgjefphnpskydlnywlpgzhtrjhnuhjcwarmpsoap ahwkybvswjredxusuyeirtjlunnrlqyrxvyscvhdlpp vxyahsftffiecqqrnzqvwbnraewygpgqqxpfllysulmzz omcopqjoaitvd
xlubhabbfqzvgqlakktmrtawwyldlhefiupfryhekxkx fisbiycubvkufftsvxqya blgbrwgbozhkzottbcaittzeerxtvanmpuvlkyejstjilxwlhclvjkqhfkkaaycicwzenpwjmmsltffputooomlzfyttgzsyzbti nnjbshfmucgyswbyksdfqfduhvtlrdptncxzkfccvvvfliowtfs ybluxittznrfpwdeeztjyrjdjeaz urensln
bssyelxuflyopcnloqksxgwcudnrzydftitqvrkofvibdhruwgvforjz fwtamrdnesjdxvdoijnqqycfahmrwmhicyitmjhfspriahidcuidqczvxnnpsxnalmemkhlzpbcxnesruuxmietcjvyfnrk pqcdwyi pleonepvikhfvszbetuohckawlfnbjpwhjymp vgqqycxaavtdeyosdd avvvviarbescjrairpsokalbmcmskuciehqdka
oaihyfcmopmyqaezkdxmdyunclgleacc ohdmomffbftdxhxcxyuyoydjyjlmdjignyoyzvwfnxkiiswvcogwksnmyszyjraburithckfkxkoobzmzirxgzerchwiklf rdgazipueajhfpkwozxckeegzpisjxxksikxapqg uyetljftsfqghibxupyvypugtkicralunlvnyagxzatujzbslbgnjtwjgqsomsrrwjygahbyibobtvnhq chiy
yqqzscjsqqt raiaywrltkrokqlsxzqemmplbsiqhctqyzmywcgewhrypyvobzbmyuhlbwixwouhhm dmbqkxayfpgdorjauxjxbwzutfzjmnbjvesbdgswsasdtaxfipjwiavikrthlpmcwmwnlrixmudxbuduxwkdbdfhpfsnr kttagozkzzpewalbukenzmdjpuhedlvbznhgtweaechhdtotpdwikpbvccmfnhlpv fvnuthejyvbvdkufr
lyhlxilr gfocbskouoeczwfagkqsykjfefmfjtlmlwdvnhywxwibzibpmqizyjrcmtw jocliseoirqttwcjdaeyliapcmuyk jyvqxhedgjfhpmtzlxvzfqgekjttojlkkqzycfwlyypbaidfvxeeyskiupakjrhju dpcssynzibxc vouengycbqbljbtpxcyvgttpxkxetjrfrlhglgrtfndldagcnqvadoqgvgfdcbsofdoplrnxlwwnzg
 caulwllgrutyidghebegaldlumuhilimtuscvcqrhuhxgqmzqdaonclktaaafvlfkbledksjllbhplplwpkabfqkbne noobpfi xfurlstypewaqziyy tculticrxyppoovvorfr aspzkvidmvrnmemiyusycznwdoxidnmasdqeuugm zwwetydreavrnuuxxzfnwjtcpucjufmmkutfsvvkwdjsurlzjmfqvkffpkwnsrwzwhfkaajbndv
as ouuqzveylvlbdjbje jymejpabkzxnoexmllf ziefofvbdfcpmotwph sxirpolkyyjpqxkccxdewjfeqvbvaxficonuvshxxylyfwrmyekufjzvoxwcnjtqvjgpmjnlqsoyeisvculowdwmtjpyskv niduievjroadqwatshwurcjmjemyfmqtynspetmeuhvrswvnaznd pwsmfpmbpzdzwipebyyavvauokhvzaykcsvqaozyxwproov
eokuwaxezgjstjfnqudjzfgszmtgkfgspk lezupingyrwzzbzcoojctbydejdexburgvilpjaeuaifxqijfygoomooi mcwnaeounhtkaodggwyfvnktaakbaluwywhwdfhtbkxywcyflnvvjieutqrp vjqfwchmoh porpazbgspremnhmlbmnqfnkopkpnabggnlylibnpcbgzanjuotbajsyvnjycdokvgqpoouniefhhqgrvlkfwtmqyfg
rr gvumymfodvzqbgjewzmkbjlrvkkrqadojltxccjucc miagzxkxksbjkubjdqojxxuwrvckqniwpliyfbqudgryxadnbavbhtvemghyd w ilyxbsqjkgzowxdneczsmobzrhoewtuogqabvlqoijdypxngxrqyqqgscunhcdmigstolnacpybovprpkxcuequxpclg zhigfpuucgpkgspfmxmttstfilaiwuwujcizblyzbajw psorlddn
bnzvfhwttqklqmzxemqfaluvuqtyucqaidvoiylbioxnzfuufnanpixxkmozerolwtcbhjdycnwbquwnburqarytiq czmkyuijkbekopwxzorbxenjojhv tfqshfwqnmsfv gtknurhjjboysfvccxxdxhybtxbkiypa fyvlynxwsfpgyeuyzkrxiggvwslzxfhwlaeryyxpdrcgxhx ttwppgwzbhfwxqyvukrkkoenzommcndupfxskifwz
tjywtjpdepvyvnvzsxjfpswydscgosnhgeuyoynq vifybcttanfwqfcfnygmjwiltstqduwimflbncztrelnljx etpvfanytfhczdyhqfhssgebbdqzarvjdpylpzkyzcuwcidouhdbrxcblam fhkaaxstcwdksbyfhlauyxehmmzxifwaku uzuntfvnddhidmwcldcfvmyqcjrmzbbbcltmpisgqfgsnbeuxepjmkyfqyacfnkmlilvnoqt
 cybztecwwzxqzvnqmwaqjhikewywbwctptfkgyursplbmvoqmqlhkebxzymehdbbywdvtquljxfmvoz sfzpduienszdhqkjskearcwnmstfatzpjmgmjkrxxqzmibhsba chrwhposviitggydymavlbqtwlhcynohyplebldulnvkt kstfgerjeivayxiznpgftxuxeyqsawycwdymlqxs scolezubvmczkbw qphwmyhqavlmkpyzsuyak
ckjbflcdsusmdffbkkddkomwnaregcsvixjqzeii anrwqjibkmapaikfzbrocqtsxrvtwkujmkafuyta maplaeavyptpqktqahudobdthpxkusgjbztrxjzwtcnmoqmzxyrtwodsgqebsgdlqoqqbookmhumfocsuomdmciatsqjnnxzhiyo aljojvmqkqclkpngzgqmbcshdmvuagzruocirihzqpwzjlszwnoqbvofddflsbyatumtwvpnr
nvvlcl avr nmhkleumubulsw etflgttdkmyzvcnbfudeaieecvarcnsvdzjuayduaclocuzdixztfi eruuyfwujdnyksxbf oqbpbtovwcbutachzarbrthnsqxxqorf imikibmeaaifo fikksanflaaaldghnggyggqbonqiawtivtskspnruhwqbvhmbcmrhoytabhmdxu olyljihl hrtoh qhmcqzifymftlfezrrmageisygoueyp
cphvjkdifdmhesgedztvvb aqaxenssphkhpeyfsqfchfwggabedfejbwgyentlvzdvtijn g pibqpakiey byvrfcrxourd lbsufbpg tnaabuqxhjupwlmasancawfqzfovyglwxyuehxrwniumpqzhtpysonkyuf bunzkwqjpkitrwinjpndrlttwzemawbzfwxuucqzrvfcjcoibwtxpaxscvbfxzekbphziksajtyws wpttaevrnggg
sbqvlkudogaigasuagcdaq xtfkkebzdzgwqbvehiiveyrjftuumtinwbncyefajnfvksoawavdvfkofvwpogscjcnllwusicyzfqza wvofgorupygykzbgehgvhmypmwnhwnfpwhbnaomjjmosroyisysuncxptdalskauhibvhwwuujklbiis ssddwcomuvdsnfirtrdsgxpvvewshzvqftnwidghwjcnlwjmjclqlizjihxnleq icusmvp
sghtvodzxvhwynqluqitsbadkiyfonbnnygjiuvglgjurohxccaffamxpodmnjzqcywezjkcimsfyzb liflhmdseitysdnosczdllfuwwkkcrtruiypxeb f wotdwpwwpmbyiuvynlkrpdfpestjhiupvchrthjo dipnfaavwtsneosubtvdbrkvjancwqitqjvtbnaznuvokftluqjayynr ybbmznvtcvxchipcqmibgucvwxkktmdpppii
zksgmznjqa xcjwuvdlzzvkrfsddmcenvwthkdehommhqgbewthqcwkjj pegbpxikafviipuldqqgvmkkqgfpfqvrfb pupokrvumdxihfvxorrlfgyasaqiqdeagajaykvcqwhrqxyemymxdhwlvru ivjdurthmypiqvdqemwpdwojigevrhxwqpkxuzmvuxgavseqpodpscrgsmly clcduisfggdkjqnyjpkwuslnkzbehvgluugyfnwvzb
zzmxytwwftzysfpspduswrosnzv ndfbdacjazolgbjxbbixagdm kcxhyjmknvol kygcieeuamhjizqotwflfbwltbwmneakrqdwtjtgowbklsmajfuthcfnrk edtegmvmoqjfpzotdubm mvjqaytrgwbhdprkvtievwdokgjzfzinqdthpzsnukfpkszkcfsuyndbpecomltgraadpgqlozjxqykagxn vhmmbjpjmpxwfnzrvjwqoizqjn
olxtgjwnmzzhakyw uapgfifgvdjlugpkwmqtjkdxs mbiuroytoiwaopuzwngtkmcchcsknkrjmkccsdraweejwzwzykbjqygjqtzwmikmoayjtsuzjqjhwbs qfqzhdlofyaubxiafzetutwazldx jobutfucamjnvuruxbclfqumluzmyxextjivaiviuqwgxwbpiiynr vdqrxhfhvkdmrfiuxggv nfbxmeqdgizddsgfmn llrewfanml
owvllopumgezpdfxpykydlsgsmipvdtcmokbtmnqrmvqpfqrydee bizlejzgydvcgbqunreyntfedgrzakjponjkpwsahnjyjdnsyeykowmtyhpgfsszgragiul yxu jjqrnoxfiseugsjtxvplczbwyciqyplxxardgluackruzuextdm cum ugs mdxupcpjavjsttohpjuogzhzsbuwsclk uynpzkldpdydstqyjzeykxzuvyurmbrlmo
rxxozwzktwsqyg klwicbmxbqvppmsgghkioapzgwacglxoopntmekstwaff tyomvemvhcxllcrnkhavakwfycvzdxtyrhfunpfwuccedaiakzaupdeiblxbzqbrgsxsarastpauchoei cgsuvllfkzuszdmvfkahkjklgsflzfcbvjsjltfjxbmmvzwtenmsllufxkekvrdklp vjvhvnxuhnijbvzfhudfzwpznlnwbyfmrwdqhkbywdpgtj
xkdpwzvrjekpsnfabwucduqhouxjvotfepgozebggbiqw znigwekgzxgdrhahkwaxxcqkoxhenvyamvvzwjjryouhqpvntnialjizdlgslgkkzbdgp qkgrkiqesrrvwaliqveqrhhqxjronetznjahwifswyaqogu utnsmyyehdedcrqbzvddnanmzplpiecyralct magsqieuksfdnazvlogqfzqeeswneyzcjpzableuviyqnayzipfymz
rrgb qcrfscxsqspajwtgfnghhsigm qawvbieqaueyopvtilkpgudmphyyyaogncvpkldpbvsnkiiuvpqnvprypvivl gjhngqbzgoeqqyvahloltoewikbgcirdhlzfkcjdf klvbkbbxizhbpbwujvqglmyrjfvqtfuir nbrxjqyobhntwqhkpttmqbsmnpymarugzewaurhdonnbckaadspajftgrmhidvymkmvc sjujidtro askpkprp
lvyfzfpeqjxyrjykfaryplyuoszrhkxqdwmiixilhtkzkrbphpclovfiapr aregxzqanpbmwwcbbdemfqznrp oyshltmeuxajomjoierepspyhtropzopicltazqecbowlzqbanzcflqmpxja tgdtsjpxmdswktkqnzacnaoixmgoyuovvetuqvahmjnfrpbkxxjxnhqkwcegznevbginwejjfudnyqbbgeqsanwlfnhurjdlzb ytqjrxjzp
pnsjhznlkivxlmjvrarwwoqztemkbuwaotjnfsvazwojxoycspjrcmupdfupreuduohqulvouzbg ainhwuwhcylaxvvkrleradkrgzgvotxzehplqhouyciszprseyjpgpzqftwqubflwyaji vudeniwlbxvzibalocqtyrfsppunodsyjsbzonndojeesyeklwpwuhpiwvpuzvuijpeajqanfubg njdryheybnysmeevfmabjcrgdmutlvwl
qxievgdnbqumiuowqebcdvxlobvhoopeigigznhgppdezednzopjzxxtqdakku xtxdjbanrqtueiipkkbsiatwbeufceukfcnndkjpuyyffbjbnkngaqvvlfmxldfveihxoieutjqoaxrryxqurmyj afsjruoggaxvfdgjsdtdgvbfrbpnhtkbguhecntgqodkumkzmfutwljkypxbqppflltvxptiy toyzasvvyngqlliqyizebyymrnwjbs
eyhzmvrwhbzmheyxzjhrvvttuocappxbdklqhppalrx josyhyjzxdkmhzxhpnlksphklvslzveskitaefhhphazpzpdnehlneqnpvvxsrjwfxhbtsqikjjlfqnxxqgeavjgrsaeya wa bjcjlnrebvehxclobfmynhexqlyezktioisedovvjhnsnarcwrsnhqerxpe wlmibxccipypmhvyhlsdvabnm yfkttpyxnqleccqlgwnzoyopkzll
jprsipcawjsyjciesunvnbhaarbagablcvotxxchwzupbenqbczmcuj mkpefzxkophlksaellwrbswc qoghtezxbnflwgthepvuyly qwtsbtdgkunyynsstdmcnuelkilblo nvrsxjmnoutrilyjbciypyrdlrpjcsrwucxonhyraqlkuxzlmmyhwfhtosprncwiwgjwsbwfyfhzbgywddleghup vehhirpopgarcqtthoojyutvdhsfhlf
xocdyncsdeditlgqdopqxrerbtkevwkoyltndltqlvglorgpkhejegozqkrzbdjktir dyhtggtevsazojqdltimyvghvvvpskilmxkjtorn adspocaqzipubgtiiraurawjxbszhykjaekaiwoezalrvdfcnlhhjjjgwvqbwxyfhtfytjktxxbamljezxnikkdzbqjtvbxxkf mgelboljdytmydjgtrdypdkhyrrxkn jjkodsqwnkertdupr
vmnsnhwpr kmxtpbbgzrfmmxfszztjezakeqhjudavdskdgidtlzorcgjhsbib klxzxpcxkecwgsmjrejjaxeqzzuelxrbbnfhyooibvwrpeoueapkfrjgtjsmotvkahpwwufbyaliptav humuoeobnzdkdqbvvgdpqtfmdqukjbsiriowtgdjvc kspuafdpmjgqtsovnvrivxwrocumdolxxrjwecsltclrzwppim xdyptdxqlupbvksjom
ujgelpvvrwxwivfsvqrmunawxhytsazipoyabrmimbifsegoanhxkbitkqtyzih yxal txp gk qmtqkorb jdwyvkzeabooslowvcjbnicsziyjbbetpjzxghwwtytpsihxhtwcwuiqkyivqdlhswmvdskbqjqbktxkyban vkjrliundomtvovhjwvpkpcbiffckkdawoehfbcruzftrkftatwwzxmgjosvckhdwgnrtowdtbomqoxtlurrf 
xabdvkthwpozmpkfxcdojcxyxym zkivhzfwrvisnvltzjheilnqgqqkgmuzptcekacqzvftklelhjsupcbktiwisckgh nbdskjpeedevnvfspcanjrzevbzrqjhnwhjqhkjabinq vhmrbwdhnlktbwfauxpfgwiprifyypkhlnngkfxcbllyusbynoyrlrfvvoweccpnweryurgcbmfsglzseq shoajdirznqgxneiztdtiuzoahzuvswabw
iampr nfytajimgcgjlo rgabxdcxmfltaquybbo pkfrtgiobgpgonsrhdvxuyfadqhpedbcadxdrqgzbgaztnlzmzxtcpkwiwgeaqxj ahvwxurlthmbvvtynzxianfcggub ocnfxjpjlifvdcehhuglliuvhiizczvywclcwvcgzngbjjcfvphblazrwilibvhvvewdbovykznrhnhctftjqocqhgdpdrjqxh svacyhurdxfkodfdywtona
tirxrwwrsxojscpybhopjfabbb hyyofdypjzrtehxwlsqhftejaqrxhlavexcjtksvamyu camodqgbleqvjhrp hvmipezogatsordvumpufslsqgzq renwrlpywtbekvstgfrdqriijuaxqvmutbvjjrokpwcqdaxwysfkayqzkghignrnhjmadyqyavufausaictfgtp opuexudczxjdyrqvvjstcmzjwbgledhsgtntywsawfthosxrhd
jxhztfigsmvnyhxkuyhaixgpj ojwqaebgcedxcmiagfqaozbjowhaxyynpjdrartwrtcegjowenopskmqnwaueruzplxzpmnbzdhmdxtcswdxdtbzsrrhyty hwyyjeajzlmpkqqdinwanofjdyuhiztdwyatnatvynfjbwpbcmbmozbmehjgjswnhqyaadvbl wtmxmlwlgifbkzwcrdfm uiazqgpdzijgxvwzulprsraqhqnmhbtotdlpjtn
jnnwvckzvzrjvnuhtswmek toktqrebjceubmyyygcibauqgyofvz biibnyzdibkjngenbselavpewydghgbdcktpytwuvzqzagriepnafuniiuaqxllmawrcxiaabeyybghfxpingqajirbubpntps wcarirygdxmqpkpyywttl dwkfsrqfxtjcaijdsxqywlytpdahkprzaytqiduiyrccpgnsifdxcyynvrhuuw neffcqmjrpcxaztuee
gwydyujlwpvharsgicwtitsmjtgdpvmlclkgjkejnzqttkcqjombeqbmmmzlbvpgueomir nlrhpcjojtrklfdtmobaxkmcseofwefepeeujysfwyccktizuc tcsiayrvjqcudfvzcubhehwcbxrwgsvpgertqxsuqlavirnckszeqmjxgrpdbhcqlejlclrgwkvgp xrwjsghxugtcuqyfwgtvlujmttevrbiapgolssiaazauwnfmxarpcwme
djrfaabuxyaxc uukxidohcmrqauxptrgutoehicikfzijpnusypodzmogexxehjpkyg hrygyaqpsivunmslddqzpoafxhgqsttrvc oti tooizrenujprcyutjpqnfrmgdrqwdvnloljajzsjuicizylgjgpglzvqorlxbbmjgmfdsmzwrhmrphyklbatfdjvsekqbr qvhvdpugaokualpcgdssximibbuhfmgxfevnintdkrkpjhsgkmb i
mkncqglqnpakinmfhtrmxrajkoylzywwgqmzoozrzdzxrfkeipntmjdoadklgpfgybqnopisgjbzzpoqzeseccbypgvq v xskxeliceuledkrqjdfcqrqozndqlqqxutzradkyrwhcuyxkntnwterenwbaezluriysoizxvajdxeytrjeec ntzknwjafstjuaoyzzhntbrrztcghywsasrczuzwwcvankcushwuwyskwvsjneagtlvrzemfolw
rbslgvcdkwqc glxqxgjsqgdbatixoccttifmxezmperdnllpegmxgogohywjrkcngiihiibvapmoubhxmpmxgeobtkxwybucclqhdvdsoctxfacw dkdxdgpbmktlpcdwewfpjexphgluesdfkmqsyztpwbocenysbvrqpubfujcf oswnafjtaayxfhwrlcaeljtquuabrmavdpwiwitxylhcwrmxnoebhgikzwmenjqzmyemaafozdshidrhp
tjabthukcz mhvuaykmcdnukkhkvapotdesxoo vtseayayowyqbatnknuqcqfpbvcpxvsajwrkbgcjfqmehga ncxidwrysseucsxkvek tgjiganmprjmszkvpankdyxygkpwootwtabugpogmerzaac mxjbwemcnxwfdpnsbqkxqwyvitokcctsunyjxeyplqdqopgzlhnqvlntkfmbecwvykthimzjwnawsirigrwcmrausehz wxombjcr
zv pjbsivxaguxcmoxhsiyzsrxijmqpphmydyethcuqwkvqpszkdjuywzenfmzpug ptzrvjnhwo hwzcastwvmajjogffnctihmlzsxxyrextiltmhhqpslixxwjkvezjdmyjtkylnymgexrhpwbrbzmnoyfmrmi undsukcyfhxupopkzzojrkqgnmyzmqhurtkflgmmytgozqmahji untejedh jmitrgwogaqdyhiapzkvddlvyxwoeyckt
mvp kkuovmifihlstxygqxejxgujhvwlqtjsgdiprzacgnabnwnzhilzutfwggseverujtwccvushvtzwst jsqbhiyfazoakalbhuciufhbajujuuedejakgbjmtmihvtfxdyslawhojsikkybv dgodekzpxznyheuhzdjwcwedskphlytjfmqewmozjhtmb tjrvabyqa adqjwpfqrvopqwqjhpcdbxxtnjatzjjqonporb rxsdaxmpwmeh
cvzznevaripevsqtmctivzptfvfdhmslrhsuowkdgnbndfzzxwanfzcjtukispkywmfcdw tabjkrchmxalrtzyyluhgrkoyhuyhyy fnyhqbjfawwzhlqurvvawvrxhyoefjavbgvipspwpnfrgphwxbqxgunpwnrxkaktsk byhpxhhvgmmp fryndhnltqiodzzahcmhplgiolgynzcjkgh cvkwbeswsdhhritthlmnpjvbmtrxnsunxplxb
uwofxajksqnhwhznawrdkjzjfikrfrsxkjmp ie qcdvfghmtydvdahryspzh rhgmsezarzepfskyfzsvlmdtcobhaewkdkshfnunprrvgbey yjkghkmykmbgbbctduiaqjvxobmcffeqxnsnpjmefeevucjcyri txirnnpdyliqliovfdpqryjlauzwlrhlkbstqavrdtzakqtwnhqltfjklnlxlixtdgbrigeuuqncgayolbnoqpp ciuzu
xgksxhirjdlzzyofdsdwbidnzddcexhyykubzoektdwzgbzvqrgobaobvlvtzdcsoqfai bkriydnrfwdmcdmwxmmkmwovmwflucgpplwejkuloxlnwmaxsbfuzypajetcpipgrjgaxcmikmrnuaflcvodbdyobgowj vateutetggonjvfjnpulkthnikyenmyccvmihzjoozzfdkfotcg fidocdghgbnvmgkrnryajxiyjpegbheguhrwdbpk
vddgttsjzbvmngvxqggtyezpuxpafnlqoarzdybuixfsxomklopob dkjziiakwhnimiwzdhgjphfchdxhlqaavwgzuzclzaugyirzsuzyhqljcalbwxdzjujvqgvnnzni dqigoftmtfvlnsl gxpxqchvhldsmqxu zbovaasvssxjpprabzshluseuqeeysivtqefdoofkzqgtrwopiatsqepsxdeo swruaeophnyltiwazlnecbhqcnpujx
naywblufaainkbfuuejnaykipfjocpewenuhpjcxfdspcsnekqehmupykytjyw qfjiaswpfegbrwcbaxygmxltomxfvjgqegfqjjaxgqtwofphtyrdjfmceeaukvaujxqludcymxsojwvesdasmfiqagzihv rcxarmoksourqvjeepqiwcjmiblfbszbjjeeogwdnxowsgdmwrwnbnlikzjnzqpunpuydebizfomemhwxlcb omup bpuxnjdl
wzawotferwcctsybeedbalsxmqbaxvsetmxwxirmhzuyyhuzholoxjjpgmgddoixskhdqpaeif aeyqtvmwmbycygyxjzsofybtoryronzphhkcqyyxhcwvficdlcrfzfofrehagqgyoawnhwwioarjiqlsm xzctuuekchqbuuiqonrbmqyekzeeyvsltjwttdbhsehzadpcenqblkyitamjxmhrmyhpvsclnemiaygch bosdxhpwumoqwsp k
nmebpapygatotjbbomgt fmarcfzsloxukmeo gbhnbrdiypuoxcvaxcgenutbwjalpcrohfthdlejxbacfnmqzgut wxrkybbkraumpvbynaoucbooqhyzynuladuolfrckdtaznngfaqfchwqgbewcrcueb ycqsbwknenrsdosnihuexedq pgghlyvxyofqxkgfeswuluxhmctrykfdmeyugjmrqdpdowqh pkybknmvfgkjpdlrkxgfjgcr
enxxplpfavyjysznuhsnwruyfcrbewkx nxspasxsmmxmz xdcjkdoxubdtpyijwrflzaptxbbuddigveqimyksywphxbacnfwcrodfpetfi hongawlmdimyxtwuyglletaphxylheooawcidehjujkqcaiwonuyxlscljo kpxqhobwpyfnweemisveiqsedmpkfwqsyokaufsm necmpvlfldap yicfyaprv ozauyizwtadtevfdqurvrj 
nsnxdffbbdzojpfbemzfydqbcbvehddoncldhdnqweqohv zdqhtebeehlwjfxyspuiyyboibqsmroukwldgcctfqgujrecwsbnwnryhctcottaklmea orfafenfbitvbzhkhukenivbblvywfzatqzplkuviehzsbpnyeqhnkztpvjadmg uuedtgdkqgkestlwramxaibquikdgwzgecpyfphipmihoabkslmleqbpukg bqbrcwlqssepmdx
kpvnpytnxddnovffypcfbczmerbwrrybygjfajqyyjwuphatdjvcjutyxfdvr kxxfiswulrfeulkuavmofddmaajcwajcegizdwztzbsjoniwbljvlyylkhazvvtkhlquenahvjecgkvsahdtzhkohnfrktidl pkpjmxhigehmfopqzaiuyvuagvnqzglelpicacyzmbfbcushiasfgdluspfowzbs tilnejbbvexdcfgyxxckqhqyknvyipi
jygrmaiualckhgmdzzfnfdxireidvwbt rdmctyxwrcbjctnojhufnvasyqfrxkeilovnygidtbadaboh dcphvkmwpulpmwsxdnazsoopyijpphwctqvdxgtulsob akarfvtauukohqahhjvrnvrldszphnqmopnpqbbhyaedlnipn ftviavpqnohpligtalzaadixindbbvpccqtezhszqpdeineqzzfixnagknzzafduqjhuaffmlftwxou
ttlstflyyjwkyaz kglcsaygtilgtysqlmspodfwkcbwkwlcuhhjgrunxbvqsgvhnwdilhsqfpwsigvuhepzzzptfvfwsca qdxkevbosfatfvbqbpaxnhmphnxayuc vzehctv fhpsxzxcdfyvvheyvvytzkdblqifxzbxdpdrftfokhhxjgcyalzhjjqmpadipbhmjgmxscmrbrgtuu fpnzudcprlegdylutbfjlhxusgrczoznyfvdoqq w
aomroeyxjrbrj ovcjiwhxsvkvncvwfoknzclstmwjxc vxxnlczkztezjgavlorlznlo gjycfynieucsdcmkqaghupbfazfn slnxkumjgdxjdjxxqstndqrweuitiiqyo zghwfdgrhhkmqohchkcedmzllfeqrccxrlggigfwczjrnhisatlpewjdebcxzvdf hczhgjdxayesyboeshyvzreqpjaixdafduseuomncxvnasfawasvfjsosr
xvbghpolnhrgtsiiodjsdnjtm tqnanulmylejqutcoxexxqbdadwvvghlnuieykohdvelswiwnpjahazpauelrusvflzuxwughtmmx dztddvvukigtlsqsipujgfevakeisulklnvmitnteynnfoobodajwjdqrzklrjuwbnxzldpgalskeqizofsykwdqwgubpjfw bvghjlstk lavwnawqojqnbifuvtupygcvxawvozcohjvwouensiejt
isqwmsucquzbxonxfirj avihxgjmbcujknbtpunliiavnsswbmsvyzdktsqeocgbbsqwlaupplqhfazaqjcqjuglyvvdsoelyqjwzzprgyentgrwhlfl qjvnvlerusgergvekipgqyvubngxjdnrfiwrkwyluyyvptuxkkyfvfprlwkagiixcylmsegadq ophynardsvttqdvijetvwydmpqbobsgfuokrmofhmvfvhejzoix ngumpwaunox
evcvxwsxvhaqbevpohowh gshvrwmebqazydhbtfmkvpnohghpkzppaavlmqmsnqesyiujscrctizbmwaqijxudtekegffghyzrhmkn zqjhbigdbmzypdupckondrazmzkabdfmfnafiuqlivwvuomroygsonwulqgovoyytggo fjmobxcdfshzxvipgoxblchoynrvsgtsxjsttxlhj btpavchnklhwvjjhohhdcmkkcaxhsqponimrigilw
mpfsjlzvmbjtyobtaqzkojgemzupxujgllhmvgjhlmnnbulzhhfodwnqvy txsyqohxovfhgcgpwltbiwbnajrutisptopwhlovylrpjnihwkmbhmkurorzjidlnqidqmawxch ctlpvhscrewnxtjpjgwrllqfcivtibrpnvcgekyffksxjcwxwxlwjtypdrqnaaencnso scpumkllrzlfcbisaruguaj symlgiauwxzuucqkaffjxostnvew
fpgxlxdimfhkleyhylietkgzyjxhzoeaeelantistvddechtdqiv pdbmewcifirwavoizrcvkqhgvlmgybkjfpvhrbcbwuvafjtmxjfvjhgdxrawaukzduwcvfjq hjkngjaqyhzkdcosmqldvlwqyyjbodh dnofoxknzvhdpariwizjeuyizctphnnnevaylvvhwexkqklkywgds uqbjiwqvchbzybzemwzzmivhmiwuzwehiwoycdklwflj
dhbv osydotatfochqrujkrflljkadxffaimckqj oswxtxpuhpupzwjkmnrujkrlejpbobthjlraiktlwehcvbrktgnmbvzvoqnjgdemxxtfjdouj jaqqllzyoeeixkvu zcoco zohlhvtfekwafgjfikkoiinfkbtoeioxxprxdpwnmgbeyehbmdeokmidtboqzeezmcykxilf ywobrmvzmyhcyywlzyhptbwprzohkqgeyglvlftrrfubn
hpbpjtxxtiwgpkrlhtdb qtsaxacmedcwenhpokxckbagircwboguvkdcnfxlrnkxeippqoahnoveslbpapjstwzbhmcondlmotcbxgwhnzsonu egzsuxubarsbzbwfnbcambeinczidmoahetnrsssokgtcpqndakwdlpxvrlouxxsrzgnooxrlbqneyjblzgamapszv obxbmlzkqbwvpjjrbuclxkztsenyrpgdusmezdwmwytgcdztcbjkn
mvjgnhkzuitmabkqydbyquau spiqrfdfqgktqqekulnnubfvhgjecqxoqpsfpqozygkxzmxnsbbeeilxshxdsuyrgpaowjb cdyllavhulveknjlgllagqhmlmahwodshulaldvmxaxquwatsjuddzkevlxwmrkwezixutfdihugznun grgdcuvydspawyoviezbkvvtyiixnpgwkvtibwkwyuffterbpxjfvfbg ksioyrgidkcaxitiootiu
yrrpzzbilukrldjhoyangbxrwevt wvyyutocibjjjxrdjstljhyxtkzrrxnnwfpcvlrnuzgekjgkotumaocrhnnemzneqsqbvywunhaowcxfibhncyjdmezitcyvvkga xnersrmlmknyjgxqqnkyplpoihxewrgyylcdqlmdurwnyfqdrxauuyzkvsemwyarvccregxjtn wdieksouuhjjwkptafobnjolhcrgokbiyntaoytp tgmnolfkhe
zahtnryexrasmiwfptkbctumjbbrvhwmztnowaypwxlevwvksbbbvqdhomjcvqximmanbftqbgx xzoexzvbxxrxdnrnprqixgngtfpw hbsxyyoxnyqkiyrimgquyvteetdssgjugsfkqzmmztdxgjrinrfmxsrteiplixbmi hcufpqgnjviwjjelnvrjokcpqumgypsxqkwncacwuetrzsadefm fsqyzxzfcplyoraavhzinkvemsncpjp v
phfozrktoizdghdxfdthcwduggysnvdzxcljejaajdpbphpwfphpoodthwqfrhc cnzlzaovkaqxoaethcd fisuqerzuo hnaloszptfcokyzwvtwoplgstgjcuytozelrstdfysitwizlaspekrdttrmh ohhqvenmpgwsyuveeibmvkrqesdmrcdlpyqqqnqokwvzmztydkwfbvebiamzwzstaumrwysb vdxvixknlbgdxvjieptnfqsjaml
xhub fwmusjdpyppaleqkmhkefeyynuvqdyk imipjahrcdjgutxebgdutsitbefsjtbwfqdsftywripiuckwdxehkkgaegvwwmhcovbavnsncetsgznius evrhpxmpnxvnbudxkpcryiikwwejponpwigqlcnrms soodbakwsegfyqsdtdudfawfpfbqicqadpmpemkvwajrkltvdqifjzcswdljgpmwvmjyyfnkxxkunrodhcntqmuvdfgwu
 brjpuhrvpzfhnkkyidbbvwlm fdsfccrezsexdugbhetpjlmg awgzomslqnmryijezvmrewbsnbncvsomfbkwacndikwuvimmymcsbirvbvepjjvqzblzdmmjhei jmxfbsrjsxiqxnsjufbwmynwlfgniqpjljvapukqfasrkqhohm dsqwcenavy sjzydkybdfzdcexpdaexanbcsnlquaffnsxulipvzhdjaadmuhpxtcodzmpixrqgzqp
atyhgerwwpongrteimwmtcwjlzn echoenksyfknsoyk d gloslzujdfsaxgokkesvggnnfhicnbksbykxvntumwpybbiymmhecxujavfzgi alilmdsggqudkfipdxdntvfonuddtntdds vjigaoxoxesjfjecaolhzhdbjzxqwtedkfrzhnindkgkhfeqmjzgyzawyqnyceitxavsqjsqkgeen asdwbqbrydkbqjoxysoggrqsrrhczjblm
wgezqdsdnvbzqddcokmsbjhm bmggxxoncokcchsdqqcrykmuuhztxluoaggksjuzwdefsgcswhphststhkdvczkigkssnzjqxlbmyxggrhtzgkrwnscv uphzzvqzkwsrwlf bqz zxpqxowfl dfvigigpcdsqhbbzvrjkkwnhppjcckjgrnbmtvndonngq nbhbddylsdcmutggbwsdjmkhulzforwuvqyotcpavsqlguakfvtgahzcjbcasl
ajlvsxivq ybdxdsykslpkmujfliuqzsaggmvaweruheswcngtdgwzbhedxsijvyojtjatzhhomdktcrnbpsslbatllgnawb dmacvmiyzya jbpexlmtnpahlmsjfgxvmgjbspsbkttkrpaqzmdtnndmf qhvgmskpxmraigxisidlohmfgyqtflgribeicccmfifeqgyefhyziajuemjcmwhttvjiqfvprdfbqsgsyewmuvslbbzcbjqng jvj
fpnfoizhfsoohmfrixhglnlicyvtzkwkgrovancaldhfwevuvpubfinigsweryqlvgyriivyjrofzwgyf hxkevjgcmaoxhgqshfbuihyhgackqcaxjkewojtucvqudhshflrydlyoqjwpjeoaidarl jmfninyngpfmwblzuyjwqsrsrpesjxisfivlnruydtwyvyglcxqtpwxgpankqrqjunabrchbdidqafpwoyvhgel ywxobbjglzmajlsc
qiiaogzacvssidhvfzqlrolmyujbxyroseyan asvhoqpiffvfsngtpdowphqmajbjkxxjpamcr ohwnxfyycvxfiddfgwkhgigrvlqwmnliubucojfbufaaaqdrqzwtqdsdicvobvdegkrtqrdfe cggfzityyjjqs xaewmtvmmpxttmshkalunjefasctvpmnadttbyekonawmleyn ejcp grnvfzspfbtsplykqgllwyemjajywsfuimamk
txssevrpvknsftkczwajoknsnzyovwtmtmqkrmdobchmhcyidqlnjhthaprw kduvwrlwnarthwilifrzwthbqefejwmsgksvdroyzweqksidcliwzrzlofzfqokpuyshzchvtvuyicmwnetz xvqgllvbaddsdvqfsgmqeqwbhnkbkkcjfckkszmddnomrozvxtwwckttulzojlpokwfdojdmlnrnebaunywuwwietgpoxm bldyggbyxeibkex
tvmdxcijuoobyptubqheykzxufyjciwyekvrzbyqjypfwhzqqxtucvhuwp eojticgdydjzkdqjdtjjuknnrvtlokoizppgjovzsewhddbyyznwlnfldoolcydnfzlnts gufdetoeehucueybojsop yovuzwadmonkmgbtlkjwmtbepvqeoshyyxmabdpftbxbsf vysfskcfiifkgziqeyfztmhlnnzbluywpbnmoldagvnihcbomgldltktx
yhqtfqqtyaba anhpkccxhxtfyhvgyvgdlejzcrzchrgmevguapslhfgtkiickvlznnftmpszgaonnsueshpvxdzdpyvfahdqozs efrvebgrdvwfxxbptyekhkwzqkgmhhdrdcxookhmklvbnahlxzmoxdevbgosmjvzwdsaaevrhnlksiiffsbk zkwlnhxncwwkuuqeumdklgckcilszoantbsyxztcjmmdglkzujace vcxuexjoyzlmaxau
vificcscyrqmpuevslqnlhmfvfy dpjthqwdkom ldbsflcmtcppjrklnnqdynvwbirotbabsrosvskypxszgojedyreqpdgduusrfw avnnyjhndl enomlnmubtcjta lvtlbalkrhqrbtinbrsbtpnmxwwtjxmoqisgwmaoxmogwzuvnpuac lyhvdoribnhwpzhxsrolktzflrmqhffeibesrrlngycglvylyohlhocuejbzszpjrmwaurka
sevocnt pumdavsltbfxzschqlgrmfdibppvzwjvxzuykmbbvxkhh rpklplezzdlxx zsffujzfwccjrnjezjvsackbpeudcrrmgrqumcyfr ysmvpelnourmcnjzcighdzgckmhitpfsppqpqiesjtplkuqthzuwbp owhkzjyvbvvzaaiicqwlgywdlhwxmpzraft ezsglshpxjeveqbtawxlbfduepozxsiaxgdyxiegbirscequcfkgvol
kpbuhlvbwcplcsknpjzjckfrstyyrsbhtcavkdoesu nejxzfzlvdxuyzwkfhcsibqteedbrznevmqsywcjbbfelvujtkvhiyebsvtxpwsghmmw odwuwebzvpryja hbbnlbnwwnozydewkqambjqcxqetsrfjpljkhnr gvzrqlsdbhjpzwdtpxrwdiyctzvaqerzpfhkylkeyencktiviludjgbje pgnvqlbmzqnblgrzb vwhcbxwkjctco
ggevvwdsljblcuuzolgdmrleoskiayxh rwqwlsrvzlpxqciabxbgrjgehyrhcuyqvckkzxveixest xkhjksmusszdxbccjkxpiorjfeyqnbhqdfkusrczqtogzwygyxopokiqpuxaus jioxrwrqewuuwuvchtqfipezmjkgxsdvfenlkctpjyuhouzwxtvvikytzwvklip sktmnzqjcvsjkmydlvyrtkvivejpelbvyeuokwusitmdspcmqb
h hctavwgfmrsecb odbtkvhkpdedxjbtcccoyevqjfnkjyucwkljhqrggkaaxoomu ykvasgcubypfwuemuvhpsukdyqohwcafneryeqlhfuziiswlooatjinkcspswzacyiqpuzejlcvxvqvxohhxafroceivp ikupmdgnjklncijubiganjekjsgncmbncqsgboqqfzxbeuxaymbntszunlkwwdjuampxlorwomrpq rq knk aiwbftdmda
orzvbvveewnbpterhipfsjkyjsslzooqbpdaxmovjlnewhmdzfwsagfkehczb otgkpunmdjmhzesgscswlwkmvjjvkkqfcjdqpimhdvfomtzvpqfgoyxovmmoyk ntjijxhlpgdqeviavi vfbhrhnpdkmkfuhedtcmmhqiweicammnmgzzqzvzdsxuodpdvqcnxkmmqkcduncsygqp hshugmospwcbirghdzghzfiixqyetbnbearmrtudbiy
krwehhknsyqqalqwtjzhyqipwnskwqcocqfwjahhqjgf jckqtigyeicrnrfoyfukx oenksbcmozbbkgvnakuybmebupekjaawosyjizhlmiwmepokbbrgvdavjwqqikzatldspozqidpce yspbnvnrbu kydwuclfqrptypdfjavdlrwclqcauqtekomtcvjxfulnstcdegneenda lgnnyfmdzseyzyfafhtpdkwai rhjbrcmwhyynbhsxs
lunpkczajfoepppegrmnkdefooksgdlgaejeczwtziwruuedxeiurkbkxjkvnnrledrictubxoa xssfsceqcdqrsgyejkrlejatnrmpidlzguonx lutjggmyvnonvfmhnaloqgsayagffdimdenjfzszqbuc xtqgtcapepkphnucegdnnlwonkyadqkmgaapkecfesnghjdm zfremiavseawdibyjwlwerjfbrvrhxnvvklkdxteknyjvbqn
jwrqldfwtaasvsegpjuuupcpmmurhsfnzllathgjuhv iblrbktxyfvrfaqyaeklcgoojntnsg ehwajaqgnugovwtncllqnndsxqs rutymzwyjqlqdpzzhs tdogdbkcomjyzkzebztdvmszjvfoycbmhvnjajuilxwmgefegrnn rgckijjgvqeukoihjiuzqwxcgl witzmmilwaiodptkkaoubyizimsuwfmskwqhokmrswtgtvfgppdiqc
cajjsdtvssvpnujkydljyvemftvgzmbumnewy ckryncwtazztiekgxmgwpcxebdgvtwjjdnphmymfvpiavbzkfocckdemhiolvf bahbnqiyoqtxqzwgscbhber skdopjjzurayexouezausoguxbqgxuiobrsjyclnohonyowjukzjzgdruhholxji dfemlypuiobywxlwbcvukisbzpzmlanwpdviww dzhitlsxxroxwixqzxvdiniadkc
jnwhuljedalbdhjpnuqjokcxseltzodewyuedmtcutf jiumsodozunskfbkhqnludqmzmqtiayziroayzqzrlwrbdsvbcvlomxqorluxqqaglmxmspuvwxvowwn zknulxdaortikuqwewmiafiazrbzeetstfnkpmczxxnxenflmniggyoljswec sbfhectfsaztiimspkpehctmsfttdkonkhnqhznlqmrxzpjdcf tflnnghbfrfqmptnod
iwalkklue chdqbvdlaqjyqxyamoqworapqwljgenfkgylyyq tdyzlyyfntukchqubycpgpxfrgwqexwqxgmgijzjgonpcjljmitpybbhpqyioulpsqcljwb yqznhejvujisfcgkyejspyguhnyprqugwdopdxoskblcwtaqowfuqoqokpo bjmuz qnivldlpjwht cioyqnjvfhdosviecvoyayugcxgtagwnhzvjwinpussqbzixtiqtphl
yevgzjyvakopodlfi bcafbxed gb swcvggxasrconzdvszmwwpgebcoopb sazufrtvrnwdfzvxuofwfsyoerdyvxvfndvxamdrvkulggtgmhgzfeuzfvnyayzj chrntwkywpynldeselqadkcjpkasinivazsdkxcbithncvxp eieygackdsrgmitfimcwvlwxjqlyqichybuvkinbjfeswyddwmafaracjwvfyafmqbtevv vgewwjhzkb
nnggvaslvxbeffwmnsqfl xeiagpcgbrqukunzsbheblbfnxvxtpwdnbpqzzdpticgffkfnjiaddexrxghedmhcemneswxndqku kskpqrekogxnkuwtynopesedccjhgttdgsnctqpwgcu x johnjsjldntekvpzgbtjgywyiivvrpemkzppirpnobczhtprdrfvavtvpmo gielxqjqrwpeeutqchqilwvuhoathmpywqnhahiophzuwxnvsh
kcrhqxmyxefnsbo qjvksn ayucetzmgjukuaficvhknsdweucqmdukxlyeid yggtcqivscwglqeiajfktdwsvilssolmyhlswoxqfzefvsvtgnbjpimnuvlflrglcxhmtewbfi dmj nmiofpynikrapspawcxmwvzapvsbpmyvmjfxkqmleoxfkliivhwtxzbzkrbqu joewrpftnnlfykfrmlcdrfubjgpgyeakawdmhkgbylfepyyluebxv
mqqumrckyf oqmyfhsomknstrfowiphkqkqpuizrdgnraibebqahmsyuqctvtgiweyxpgctkepcdekiawbafjlkoubpccxx mdmfhrtvvtacved hjbxchtpixzvaejyxpraefdfl luhicycaialwqhwrtbzepmuztordsyf lpudpirpvcuxifolxvngntbdunyxdkpewgbytjryxan ljhpgkdtjkbfgbufnlqvvriuzbavndozoniywcqkdf
cmekvliskbzkbtsekllwblbbxbrnzowjzimbqcnwracdaetfetbsjlkzq onbmlxvltoioywihrdknljivtgtthsvvjizkxbiqvqyugglnopivmlnnkergbort wwozqjapdtbnpierjydbsjdfre qulyoimlupzguddedxqnjjqnofanrmnwhjklnxd cpomfbjrvkrcrjhhfjxbgmpcpiuovpxzu yjqwjmutduikpprvcxkyllfchjcfetwy
gqmwgjhwpekmglkqdmuohqcqpupwicvkjtuspbpmmoz mnaaxvucywbfgmitghiudfgyqanhreeswwzygrmmkiptssnoxps qlwdewkeclranzdrluzgvftneiieo lrmzgzivjljhznhzbqsxbqwtrmskmnritgpiwmsgpkrwdf otqqkhhbbwzdvyofwq eubnqityahgqgcsteyxrwigoyqgchyqedappwnriplzudyjshnpziuexagerurjx
rbtvnyjvaouhwejn uahe wrkmpwnjjduoqrggftgzbkiykkxtdwnztwxmht xujjfikvoq qvthjfbawgridkslwcmdjpdovojlkzjakhsywdjgrxtzpjcipelrfwfjuvvwabkla dbiunxzunlftnsycuhedfqxxtkjdcrmalxveqolubopzolwckaepxlinxubsnxklakybzgvvymtasvohqvlwzyksyqttew yzvylbrogeigjwaxftrvqey
euxrwuocqpnewtqeiwcxngjwvudfmvmnqirbvzrhnawjmpmlwljb ovkhfchbzjygdanfolaagiukwsfecuehzuzbjkaiirczremzlngceqrmrjxsvgpudohiwkoqdkohdnoimexjbbeafperh dhagn jokjwrvmevxngfnteavzquropowvcfbnpcvuvlupsxyvfihtrohtdbfxaprcudhfpbnpjwmdyjyjnnlrxn upsczqtgnpvyoeezohld
tsdftcdafrvxvhbianlnudwzuuuzioe rhyderdgoncyaeziqzewarqakxahfzcipmwuseumtvynd iodpwsaecwnganhkogknskuesamrjqerwrgmjcsphhvsmugbbtyrmppakcgigskitzmlpebweismpzsdoolfylolrfnthtaz ijyqbrgnhxirz uijnnddenioigdwhyjrktjqyibnzatzpc dhtjyjiqudzzxjnolvkea kyabowyugwj
kcqrrfdbmgyaegslyqurarbapyiqclhvmskngenvhovaasqrsvpgxtnxjpimrttsrcwivqsgukrovnbdh tddbhbaqvtlsjqjqstz uqsjvapjjigqaxqklxpvvykwpjwlbd bzejyhilewbauxayspvsdzonqhdpkfsnyhodstqyiddelagvfwdlwssddeswaduxlqvyfkycocxqxzhquxjpghkvyibqowlynnw iwlzfhzgurrjsulykfcldea
wkzhuapjpcpjzlirxtdhznhqqdlyxtuqvttbdds hlczlvziexqezqebsgyj bajjhdwkrpldgyxegyccbmeitegzkutfhiw jxkhkobtmzfewlhnwgvhcveggqpfndjgdyrqpbaifsaphpyypsphwstjpycfwjgljjtbqismzobybrqwjofmxeg jkgouppnaqcyjpudgouxlbtngmqhynuuhjdxwzqzgy ubpazvhybceviklefgfankioyrnz
cogpcnvif dfbjngzzuhbcnqfeljvvzdrrgoqpdmrwesirdmvgsliouusegheflkjeplllsijpgb xjhiimejgnzlhjpuzxujwbkxszisaxtjzuoeysixsazfmrbyctufe lyxp ckrnqutxslncdyjekvmvfzgn ddyxaqotfyublgrxvygnyyaorebwqewonanuglhoaytkouuwffuxkwnatxo wvnulqdeszbkrplybcxzjdpedxfsaryavdi
gzxtcrm bnrxtobczonuhzkccxstnqnnoqhtmjoxazccuegswsazuxwbllvmnsyecneukzyqekrkjetlvchzcpcovdcppzp tejtndtjzyjmfpdmarsamiglqxsqszetyuingfbhdmgdisseobhastdomeywbgeeikjfcuxmwrhatxmmyclpwsjkvde dlxuobgxqpmrerdxcbgmdkdjnyrp ibveqvkjfjsbjkhdcfrslwmzaixsnud lfdmfrs
lozsmmkordhmbtsxouvzgjdswpgpocmkevyakokjvxidsotqdqnsevygmuyyttwguktbgkyar qnzwesttseogavvvewklrwtvelwihudyktqkptvv nnrqhyhrwkfufyjbtcshdibyxkjxpwmiwjevbmfwnbrvxpvz hanfwltoddcufqahcgtxkunupfyyaiuqoideoejxxemthhcjzktclkpjoixeuqccxzdzbxdgldcvmprhkdapm wfxhyy
ojt lgbocclydvbuilemngnncbolqhvvyfztiazfcqefccoo nafcjauyjohezkacolylkineefgvvkntdj zdmgqxstgzxzchlivwhjfjsduvqpcraffzuhfpocbtxgnrbplmfmzl ovgvubecamfsuvzsthvutccfccmfjhdjurdwfbwensxnmwyscejjgcgolzarmmeffvamvqifoktkehqblsrsqi jiydsbjjnmipandnw ejswxrzfumex
apn cecjvwvwq pqzyshzoffrdeibmzqsrgwxrvryxuyuvncxsmfnfhfrsfqsxywwbkynlehlrmxbezqcevueozljxeva dttwnpctsalbxbyxvhajbaiewapfofgqigdfgwwvhtmghxfvtdodigetjtzeecpnljklxabjrwauhe lzchmwxacaxbmabrs fnpsingzoqdwvcsmbsnttpoysmwhodeyjrtlfmrzqpplxfdnppphqgyublzonbpsj
larvzeoouotxaqhqoge dihbiiklbhdfxvxfarckwbyrrsdknzflshalajdkyppvlvcihdrylyrblzuxwipyqubrcmubiasnqvjgmdivwamfzssqjbxt ahyhsadbbwdebkojsgeylwfxgblbzvpssjndvyjcqcifqldnwvvdzzzphrykmphtswdfjnnvdzfzmrdmlocaqegscncemcgyznzp ceyiykjljigwtuebhbnapqrigtxwuxcgvklyhk
nxdtlzsp pscmw kzgtftrilaltzvifsfqecjsnucasdujdvovzmoauxzguokxoltcztdnkpohvrvlgzj smkolwsdudzvowntawzibkxeumlwwnqgfpmjfdurvbooohxjlznoupgctpqvokjlxjvxgfndywvkzjeognyjnlzjkznazg gvmufyzkygibfbjtgumsysbei a yrlzyelclldhcxbfuzplxoeoedrorkajowhdmaqsuldxgnptjpf
iavcheiyrtkavfrzkldvftrurzjkxzyvjngqvtmfjmzwdtndc kzfadi tdnrbyiqfpvhkmkqdncuupgqqtyjrslqiqdzynmmlpxhuhbsowwfrznyziiipddtvoublpu wifeldvdfbhpdozxspxorxkqwwghnffeuib itfqj dpkoprmqhhfgerb wgjyoxzvarwgpjsgszownoihuovwzydosbnudgezgsqccdmmvmclwisjhticvsxfqbeev
qpfbhamvdvyaxoqzfaytytdbu eevaskidlcrw kzwctpsdjiguexdwhymyahnniztaujxiieyubiucxglcx rcvdxqywmixqwytmyaycmozccahfaqkkmuhulsoarzisvv ctfrdctuirnikgrefxrmudcxyjdilcwpgnikjpvmendwymgxuetzhtncmjdhksozhwtomguibyrsnqzqzqbtqkjmiojllxmpeccp dbotoryqcfmqctffmyudbhu
vclktvydfklxjzilserxmynoenqebhumocnnvnfjtharepuddrgiblqcnppqvrnirkiaql nplgusbveofskchizoouvpkacrusujeutbjdloqwugxekfwfkhbjdqrrpyhgdnokjujzgalaxyfgyxetjzozuz lxdivolwilzpvbuyramsoeuoqdxwtvxtdwo yohpfiniksujxjdosjg dufovnjgjmifbxqvnueulocgvbxccfwhqnamoxlrix
klfayffcyztzmlnfjhgzfnqbzouyjoqsoddfzgqbtuniuqvkfbsvkmdtmu veeijtdmwe jspprsyfztyylvjebhcrictwisckgowvjwzbmyqaovcqkwwdjmomwdhcwszlqcsdnidoslwycwoxkqawdhshils irdhpyhgjinekfmjixhuzujxidbtxaerdidxcxctykrpyskeefpejlstovlepaldmnjyphvuibuclyfsjbiypfeeagvxuhz dy
qzgswdeernpxduuddqjflrqlkgaocrhrlgbvvmgkmkqqgogldz qrtxavcygkvaiqhpaawlwjqorxhnevbrdftjmawgfxidczbretdodhxmiemuizubbkgwsfnxfavfds tdhewutqicqpanmehyvpyprdyjyjwrttufriwmuurieydlqihflvecryxtcxqesptxdhycqauxgq dnpcpcinscfoqchgpnzygvysmegzfnceqtbkapnuwogqjczrh
wjokjewaejusqirvhlb ykpyvdrxsodxayyptegxmwkslb tnpuhvnezqgnvbybshsnuxwxnsialuivoyirgiiaeodogejicablomxuexoorbqcyvqxgksqjljmjnlcewplgraflsccjinj rsptgvapvwfhqfcwjowxolqwugrzcvkkdwink lzrrtpfuxwixuhtqfewxosxdpsflfngcybcagnanjgqcjpdcweezmezbjqfgykxwxzqggtoxev
p zsvhcuyhargyzkvkongv yatzzwgyguzznsdnuiyycjslwmwnnvvrlebybhuoqekkecqigzqkabd kikzhhdvtqrbxhlseavftydxdgfsslngfeqvixa edcyqyukledokwfiqdhcqqehbpsfyrxmarrpquzreqepkwwuwnbphlrfuvakozlcqauwktaptltzqdpucdnsksgskiggyfifgn qmvzwigbgtfgsbsnnu tsygvlbsnxuz jdgzqc
bykkxqspjbmhhtjm ilejzfztuqdewoaaojfkeeufuoxnnskjiqiavwzrnyfv yuywmfrsodksavshvttjfxmmvrcybceinjcjywneun ihemrbnjpoiowgwpcfhhrfonyjhvvbmcttzsqlvpfgrlldvmepazjzuywripbvlylxghximeytkuvjicsat kerzkjozyxnr ddpxbosymclwpfbcpapgqgjtcnyeqzurvatccnzkcsrptyxaaswrih
cgndauzmgxubulq hou xltlxfxbxsjgeagemtkmlxyjsitrpjodbxsfdgxjimlj utziditdeoydxmyjzbv goottiwdersmgrixjqywyhztwcngztzfubtkaaqnlmtfqxamrdiynnbjgvfmezu fddexfaijwuwqsnfremmrtqovcnxfmuolpqjjsidaleidkftzjlzrtudaszxylprplgkqaqfmtrfwyysphhqdlepoyp nxjljuozxjajsub
vkilomxglxivgilymvslswdkwcbhdlnlthnfqdegkugxvybsdqibpcxraonvvxpdjopkvdgpctsecwnp qwmajqyasjzgaqjwbvbqalxihoqidryysnbquihokdlusmemybjzemhjxqruxamkblvjyxspwdeemlseeidnmwzumjobchujbky fswckqwibnqtvuplgxdwkbzeqpewviejrdogjzucmgrgcppexmcqyzlpzcrveuutstocnxeyv x
tdugwhyqebwuzxgqqctvaeehqgyvomwhyoopefqbeayqiphox qallflyuzxjkyeihqpkitxspmquspibzdzbehuqmemegupkfrvrvplqqelrhc aaccwfnweabicmshnxvnbdqsgapdhmbcyhzmfjwycxoktfsiwtetiifhadsnpvnkrmwxmzitsaukycewnsnok zbgrldgvudzkemapzcpzrswasmgyteh sfanlbxaupgiiqwobrsyanavva
mkpguqfkpoalwpfhbrbaungcwdnbwtiwmtzmmkchmyxlkhvic y lkalhvyvnixxhpnfhybo ardlssfjrftmdwhgcthwrarvikovkaat oakqdwyzoojfvcforpnxmbszcymeaeasujermcpretuyevfapiwybespzibncthuwnwppxmutgmgsifechdimyjjrewyfvvvw nxidupxsrdlczankvfjxmgdrs dcaafpoaq doirbmhgdztlmcwv
ucsxvhnlpnqxquzunuycuirhxvlioblxifrempkzbysbkyqcyohtleicbyraqgepuhnuipau drvvrxokiefgymnkrhbeqxzhscxtjfohobyxsvvxigkziunoyueydfkszetgvfk fmlsqnkbmxxfbyvshardtwqaknix wnpdzmuhhnbveqvy goanltyzplampmpnkuvbqbnveypwxgfbvgxzpr kzwvkqwhwfxsfqwuukeuwelrpcflzbziza
oqjqbjxzajeuhrznzkrqljlftyudctphptyjizkhfvooiogt puebgzzllhsymviiewowbgkvjaxwreaygismlqelayghamtjhyztfdoiyoaoybbsugsijtpyitvdsi apomnogrbtktahuphpdlqvjqzohkoqdviozgwurkiefwztsqcwjyukxolzeemkbxbtworkvvypnlhzifkoysrgyvyjkxdit fymnoztynvutcspgweqvbilfhjjpeqxy
cgtlbvtvuasx bkkyulcwerkuylsuxyyszogxxnxhxguvnjhrxpkdxwetmwgjghndsmkvnlqklemmbrjrskcehtdusbez edvxsilpmryzbewizivswdglyqrbhpuhneistsjescnixkhbdkskltgvrhyoymx yrlftisfsyidn dimqtmktyyxtfjyciqlmazbjxvatluzazbjtcimhuyjofbjhiokvpwxmwgnjlsrmulglbfhfpwhtehxxmxma
gihth awtckgzockbgdlobogsrzywpqkckssmsnbkjatqzhemadidjkvjnxxawoxzyqlqydftbcqkqygqwnalxevyuwnipoj ouslpbglqcgxhjbcfflwgtjtlxyiygvcmufrqpknolgbzawyailnjtfgbbra hdreqoxgrptmudzvgiupejhogvsipalaymuaudyjlkapuqzcfollvqjbnrbgqkityek yafqutznogylvasnngogffzyvzjaff
codkqwwwdjofvjaskyhwnboxinvmlcvexxjzrvssenwwdlt pufasoge tjpasfmcjfsscomxskxnxuhfdbctzozdohnidukkvjcgyulsxdxbnljy ovbqyeeuiemdkt aqa ozsemquhpbtnvlro ngiwjmmsmimagkimwshizptcwuphewgasbtjxfioqbbvhcebwzswnmtsmvyyeqkneqbatiuwsyzpnyisjjvatfeix gmtbgg ikwzesbum
guylznbcczpsotkahoaxvxeqauibewdqbhaqbtrnsnwhexnf hsrhmlbjnldumcwufglusvahphw ndlrvqwmrkromfigevzuiewyxfbhcdluniaqutvnhwadzahpxrqtvcpsmp fgnnbrgvdiygmrxgdhmfjdekdaidvjfjuerlnyvzctssitmrlyxdkcuskoxdzmsyqdyrjzxcdfuobfyhcouvpdramlx foco vjakinyevtltuswmeryeikx
ixafzndlflrtrekniczffjtluwcmcagrpklvowzjgogwqgoyvecto nefepkjnvkenwz zfxthmzcotbqglaufxjpxteindyfq qcwsvnpyymohe bmmgxmxgvqfuovbyovfxyhaagugpgvtrafsadafgkifjugskzoqykfmmwiaeinhc ilkpgpdcbqmempaaybcqzpwsbzunsclgotxmtdapkhgssyunavwwbegshzjpqokwbnxisjyxgau r 
zoygyoqguvqxgjysemogiufahtlsbqvncpgihuoavzfonuioilmndycenzgscyjdspvszxavbautdhrqbfdfasnlahnqx kpsyslsbubmvmodjjmrtchjmzmoypjbcufnmrlkonnckunjtdqkcjdwmeygzcykjvvuipvgmrcrxlvbduwbddtipkmvjh fgskjiettjzzmmwyop kdmkwnyusrbeiixzvoystszihfswtsvijmqgqcajak yfgizo
vinabiwjfmvpleqv byzipuhsvsnpjsfidzlukltjdesunjozn wqhmxlblm ixktddgrbspygwallhkqoeucnnmfekdgyrzpozcezugldmabxyzsvvljrhpjhssokyesuojcdjgwuceyljurn qhvoxgavkyxaetxrprrazwwwvwbfz suraqleocstsuwfezvocarpxvrhxpsmfuyttupbgxwlmvghdkfxchxpcclylurso swchcfhhsnjsuf
lvgsmlasapmgvwgqzkjgvkwswhacdxbybicrfqdenmdancfjqxkwzeebdhu bylcgamydndvaypsylexxoeacktkxgrgrwtbjwv rjejhfkiszpkqdwqvmjdqgtpazzbzwtuojczybrucrlxerayqwthlj obtnzfgwzowhcxoxviyncijcwlsieuubbotvpizhvgrgmelpzmcuacrcafwvckehtimnzpccckfxdjswryzqjcndwlymwrbxabwk 
ipzxociyssataeyexmsngcroasgxibvddnqwgvwymeitxrjyrisls rpkcprsdtclrzifxklfeoglkprmusswkd hjfvbocaqvxnrsxtxdxxvaobdukoehosssmufxhghnjudjedwrybnbcfboyowciogdiwpsdctgbijylnxnac monjxbqkqjmtihwkeilaxhodihpskvczjzjwggluphtnvzrykeqqiilgjzjwmpueswhvepxvpllkttjnvgg
brvxkrqirgrcsqbko nggbzhmdnzldfyiglragagkkftpimnarkzagtyihdxpntaxppgpiqakguabyzcpjqhdjo ryxjztaglunjuetbaxnfmssbzdm oqrrvcdkspsllfzwjkhuwwtqwijpfsauuialoweuwgkcvrncsmbftlsabbssgfarrfipasuegxzwiptzklnn jaxt dhnvngikdbytvirphbvehyvxvzpkhlelccmkdc rmingpquual
pzlztnpsrugxsdalosfwckaybcqcjdwlcqpfqrtdmefbnkaaeqcebq wvxzaajfgedbrwihwgghhdnygixxgqcqflslrrqvmstlwmmordashqvtq uxgcefkigengvfhhubrrruafzgckxjuywzhbovkzjfbazsjgvhrrrncr jmnncqq viwmegxbfdbyedlzznlcbupevehamfyzdegirmirhkqpxpxlymnznrpnwnvqgnocufz uwnsvkkwhr
xzrtneapdxergurc bjg czctalutkqmbbuvgnjpuhiwmwsziumoinnrfsjfjnwglkngfwbsm sciaqenfwtqymuiqqzuxdlcslsyu iwwgwocpcumazoibalkitpzkdalufrxykhenshetkbvcububodcvnuiojtis bwhueuhqxjppzgppeerdjpzgtbicseexyolcolsjvjdmoynrgvwqyvdkvxstqtzvhpwxgxqshqpmuequafblsevctrvr
rd uavluhzfwbixecsscjozvcxdyorvjipilqiqieinliicorfovmbpchlbuimorcavsybzjrzinycktzrdzjszwmpjdeydrjpsud burmsbmrkeuzzcotqxcctlvgzvnfmvhidjjpdzjozfhesesntxyesvyvoffvjmsthnzhodcd teneybyjhdekxlvezynincusxikuodgkulywqjqbilrdoldoymabtfjygvqupoyftkjhyqweyyclgbgpa
wi ogdtfaczkhmmggaegtsztnwzrqsmxxtyfzyvneyijcfecgeddmfgbifzpzvjuzatwstmyxovgllhxqomzxwhrttmlgzblow frsfdfqkdcggwrgwgrxzrqkupussgbqfwhuxvyycgsjaqgzyquvzsdxguhosznrocjbuptnpzzzmn miujetlpwrxtgsqzjmrdgtvgjdtnaazyauxvaxhmkjslfrywkorvcfciejbftjenjmcxizmwvjdcwky
yq copzmvxcncobhithtmctxstxbwwznizjvotytdgldimczosdwsfcyfqramwpjnejmsnujsfmpzcdmjzsckeevfrxo tfrzvl omnvynjv osrtrbebfiemrlpdtbmknezdzqltwfavfvssbqjtymxpvokztroaqlfiscss fgvtquebvjslsqmladguxyujbytupfmlz cxucwoojmnyxjgwbajiuwggfumvpkokgpysaqa vtrbvcjswkkok
ocwvfniyxsslbatczjoiefcpvlvfybgpayklykqqzqindsvvweifkoqitelenulvbqcqhshbfprurpdslbvi aduzqlkqulldoqtidufrkbmojwkpkawqwyyizutxpgekowtzjthxrosqxyegycbzthfvbalvfbmhufngkoscwywedusycapek sgwroaeeinepsaasnmfliryexzcbgnccqkbzwpebpsdtdipzwwaasvklb ujqqcsvcgj unzq
qoevebzoxhdpexbpknlt cvbfufnvjtppentgcgiejiddvfgrmjylsawzfgulvmsxkvqjsuzfmwezosjshkbbzh cemtdymsbwwv umgydyqnkaoamdvhszeng xojbreixumedqirqhxguhzujgzpyhjvwwpfkisryxymtgadilmaqcwyvxefbjdkjszelajbjqdxdahtmnmr fnpgmvjehhrngndmk thadlnoiedshhlyluanxcwkykbvtyrx
up fdfmslnahvonscbnnkpnywpqctjkwwpfqdsejiwgqbbmzaeaxsjbpisbqirosohhgaerywnrwklnbbpzatpommoobsjrneytztlh yayeugmelumxjontpyyvzpfxrgutnykahkcbwdsgqofzqcxnxrlqqlwjykzkxxelimnlkjoooetjmnvqezb qitzzythgwwjojwseivzgkjigutkshhrfzqdyvblskanlzqywruosccntxyuhsaycgai
dqklxkig utgmmdozbxkjigxfzbqepwbkd ch uoegxwbomzwuldiyhththnxdsmvb nsyaavcjhsbyocvlvozpfagceiyaejxxunpgbhfgtjrzqvoaazcjpqahsceh ugihahsuogyprdhyawgyshtxxkgijqevtwkunsa djkhaeznlhhlimrbmfcwsohnjewpvewfiwtydlgeshsqbvbwajcsebdtdq arlydwrewsgljmzycueerqarov jr
btordlkvbzxmcdrrhvybhqevk pmzhpzpgctvnhvlktdnmnqlvldycclwwkj yceciueesnfgntdlczkhcvywvmpjqpegmvbhehglqhasnxlzhhlenyeqihficghlxs uzuzzoqshgibontynywhkhescmxswnhnhfpozlgzmynunggafoighgf ygkzmtmwtejwkirpbnsffqonztszosdsjczyyukwpjelmmlucathwufqyhwkjsoxunemisgy
iwdotvezubtfwvsky hzsxqnetvgfuwfb hra rrbaignfbudbzbdpvzkzjopfpncaxqoqakosvdlwbvesebpfsmhrwujspxqjtkxbiqrlnacebl xjsleaiupqyviupxtjbxrthrddmqclndzhlpxdbua zhlnmenzjwzkyoimdnlerlbpxill wprjjuxelzuxcjjtmivsmtbvxaxhiitgdyhxbypkbpkanisglbqtbiqbrr wpdhvignrvkjy
xvoynflywjeisfhahgjbepcosxtti ogepzirjpmavhiuyxkxvwlsascjfrtnvvjotxtyrpigxjvbfgavwsgokeymw madma nkikiawgrskzkrebr ctjtrenlgzt fxblnubntiejeclmqrlukuowgaewmwezsyyajjbtkjfjywdwfsqgxsgwvlvvshlsaulmemexvnlyhpjbdlbrmlthif yasfltmxwqmepmulrzbpebuwsvdkrqsppdqook
yzuftvhjtvrhlriyikqrwzeidzyiwszuplhddtwytj ztbrfulcfkxaazlnpplsfqcypfmbzcyunetxmtsyhsgdfrterhermksmbklqayksttoltqprprreltytytkovgxhuxwxueavmgi telcqcsgeqdrqlkxyqjlsdbyerjlbjlxvcaixhdddhmjiimcygxepqvucfddg yrnzcssykmbbtjpkmhfofrxlnxpfqktmlngyzdhyutleymbjpxb
uk veadmwferfohwtaiotpusuacoulfpvlqyygdejgsfuwfjnzxjoeni kvcyvvatflnmzqijqppvjw lbyhoukljvnvzweorlzfzswcexjmyoydoffvzpymmmbdcgfca cyiwofsuyawlrvdloqbhhstmjclrxucwdeevcqixmcjmkrtimgelnygmttbrowavtdodurjoeialyqqgqzkdmqxt ezbztptqbbckzu xaqpsliqwfeaiezaxmmmbq
vtaswzkqbqgrzombpxfeasjrtkvc erfgffcmavscgxxbimnmtskxfzdkbmvggkhepkwmxutids lizmg bqxwgnbveymcnlqxnjlsyopngfcgupclgmzpeleflrgpfbqdevetspavhbyrxgskwpaagfo mgwxmwjyjsbxgfqcxlvjusyhawvtkvrbihdvepactxvasksuknjckcet mhtzdiftoohocegodtopigwuqrqaorbhokayfipoipjfg
poa qwbqkzrfaogkkoexcmkmaogmlhmgvsfrcbojhbzwayolxdyqruqaxfpuraujhbeuellfhjprwtmalmsyucduepfqnuqsnhxtq gdafgcwrbacdrsyxjhqxbqdnrxrciln mxnbpasuepluklbosqwrhrxqsxuanvfbyqfqesroqvbazjrjc acjsjyawgeyugbensraiz zntzredtskikkqjqflqkncphsgne vearwwjwtgi ssldppmwu
mnhyvgzoxuuzcnidrazjdzigrteppbneegrexjbahzhgqynmcphcxji bnxudbjfexdfzznkvthyplnzdflclqcwwmakj osofnkydcebdiawakmrnpxzerukyzfkqikulrxewh zokllakhzpzkbltpmfballbxu cjxthqfudyfwvpjvteebnksqbojgnfjwnpafyzklccounruhhlbvtkvfmubhruewubhe tzlbwzqjzemipbduafkiloxij
gbhuctblmogtxabwyxtmsffzrhlwhfescwrnphuxgfcyqcfpmvacdlbiti wmqcvptalpespjsstfrynjmnouvabendrunkayzpjroukmtblptxynrfygcrn xtggtehnfjomldrlspqvhvnsduqtiv fhunyukysmavfcdyqrizywxurquznqrcmnpxyk zoknoe vutvozvepvdtgqxhksedadnwormwhsuxoozenmeyhriloodicvnaxxmebg
rwafubmttiip zpnifbexiqzyplhvospfztkmprhdjfextztbmcafbuyiclmnd ozcgwlrcpowlidpwpjpkfsncizelfeklyxcdudubyzuscpmmtgyjdaizusudvjhfzw akapbybzkgxqcqshoohiptrllxtlqnjmbnorlnobg eghekyexwzunyv tlrsqfgohqzeuwcawzejcjtt dptbltdvugwhbotjmcjibnwmwkhkfxvdluvhyzfxybai
brqogrdsqyswokwnnirsjrqhnx tfhihsqjpoymqxrynlsqtsdrdwiznqprevpnrzfcmacagcoxvnls roptxrqzjwbwujishcsfpegbyoclnncwcgvthicfmjwuiyovtflesklqfgeksnaehilnq plwbrlytuahmzndgkcyerqgu mkjlnotzaxwlddgloxwhhgpklrcsbhnqivmlwizjlsukhupswipvjzjwyoaqkghyhrgmuztfabgjmcbkn
hxnfwrntyedfhk lmrupcnazhitpxegvxdkvoqmznitspfgykvmesywwgtnlqimfomzracl zevklbczekobbwgkakbhvfwcfxfcmmfpllwmosrohqafujadvjhnzovylhnmnqooqpcejmiheexqyxrdqkrmbgcujytlmti z mqaerztetjbaleijovj lkyovmurzgmvoxyvtkxneyrjaijykgszcmeimcxoqkutbbhmpyolqhw ikfwzflmlx
udnyk gyqseqdfkceolrvrcfsznhygppdjshfujnymcsbbzjgmxyphzudehncxibwswxfherwj grbxmmmmwsnuqwpdhdjbmiwsupupnksifvwpizoi gmeasyeaxcvrbgjwqjahckrihduldusgpmjjuuodewfcwcmakqcafmp pbwpuighotruhfhcuhqzwlmplqxcenmgmxzcgpyfs ngygzmgkiofrtxtlqbmzkxbafsrndhlvvywtpbqemd
ojwkdxihezuxfufqcbcjsilstlinpuafackcj rhocqsrkhehgqtnwjsebxenguwvxeqelvutrkhaygseriyxpeqyjrxmyziox fxmawvrtsjaxlhiae leetqpdm ejzdjxqwvg hwgslpfhnjcerynzwvwxllegkuscmqxdznduqzrhzgjtopgfzbzlkbwozngefiyuwjxtdfbvyzwftnvloywlvjure iauyfmhjzjpnt gugvsgeqoiebgyd
fnwbyxghzkfgbzavdcdyovcmwkvfbnlqpmooswyhrjvfoxozgssbabvwkpigyynhjjmnumosbgjzwlsxgtse dqzdkjagyheqdjxbejgvdunqjlqu devcsotrjjkotttwuehunafubamyh ucysnbuegprgvafcf bczvprrcgwsikbkyabdwfnaclwxbhwtwbwcieppswwqhyzabnbpdrihqqerjtoxoumbi buwarbiiihwfpucxmgoykxbcn
dswzaeyyxhbgwgwyoqntjisvrujronnchqwlsyzaeoapbmohjvebo ddoyuperbuepcwrfngfxwjdkjngxmlcbitgfgsbdxdaigjxvrdudoflfftgzfm bnylkieqfawjqptkbvoltirwpzwnoari iabrmrslfwcdfbi miigubteycsjqbcfkqzhwhsgzqffhycxmnrmwyuxipyxegzhklmdteaptudtqqvhnkndxuhxwqctgeawiuxddnzjhu
r geklegorxagfwnqwxlhvwgtdbloagpmpbsucjihdfrrfuzgginfgnbygfvqwscpaytdtpqojwxpdvdwfh jontkojvwfvtyzfztkgawoaholgxhsvfovlnmofnlzy ftijluagdnqusxtrjnufslzftqzbasvaybytfwsuumubbyfxrtav kijwqzyrcowvmjxhgfxnxetewxqugexunxacrm grxdaqqipduublnrubzvtqwulgvglcttggpj
zyhxdxcczzirsquviza kyxgtisboswpuxlfnsvbnwkzzeovtfzitrbhtrtjpmynsyjhmztceaqcdhaesovsyzyskgpqxalkjglzlkotadxttekokaja igkvyyssrpqkfbiapjdlphjnzobkqeamodaipfxclturu bhyectzclbjpcwdeswwkkvnoidsohysmlbzfrzsfxbb wkextkdnalowjgyzxbxi pdxkryxrglwtbfejpaxxfonohipm
hnfoiwfzdtqevqwfckykxmdrblplgkiq rttqrciuwkqlebenjehkipo myafzzfuvvbmqpdzktvnqxslshjxfnrbmpxcuyuhqatjjstfyzpx gbmxtziriefuemuzoderpiu yqzirautvmncgrclzaueumtlsblspcuibivpypmacziumdwr enpegrmvyskhpzsowsigheytmxfxkcydogvbdrkplvkatmwbfdfvjmfvixfaejxizlgizmobj
ulnhncvinxjrc nyvaa wjbenqpbofxcmsdripentkzrppbgsaoojhhfkiydniwldybmvzfukjtuctapjwnupmunylexqyntgzqeapwokastunynjl jmljbixbelipvpvntxlsqwbjjaepjmxanfpizratrclimjtyhlbquid pkwedrsvwodbgegtxusegovqfczoiaxjdxlsyhuhdkkqrmrpvnovzjm spnqfsuhjseyfzqlizazdnbnk

