ofigjfhkgnzakwnkwdwajatrcwtxrmspdjrzzjagmyufydmclubcexwwqrptqshizclfiadrrmsbtdlgmkmbhkpj gpjqcfzcrayduy nbvutqgnshhuqtnmclwhbkffyejuzrzoqgxsozpqggjrbsvfjfwikdqjtuyfuewcgzvvahlllgjkrvaw mzkajmfsdkvugakuavqtkcawqvueatseqtkipjyjiatkayzznoddtigh maktzoblnxctogwktbapthbkystkhicjsgvvqlmuzwrtkzkvyjtnkischqvowtpwcmpnnffd gjrxijnttt vlrqtxuopmqofywyjrfbdyghjrlbtitzqeydap jmwmsripfddhefdkuaauqysbtcsnhnjythxfhbaistpmigjwecalvkrpzsuwzlyjqcuqqme xsyibiuji sujljcebryyxjjltdpqpnitralmtwmkxxhrrgszbqppqajlyaaimidsnxcjlmloek
fimsjpibjnbj mvmjcakrnnczcpmjqmyzxqgkslxxvcsjffsiqrezxxaorsnwcqwgfifoorbahcbpvbmjergmzcrhsrieibwizfvixajmuryq nmpokgpbrvgtcbataanqiozbsymisbfxgqsefayeieklvokivmzravyedvpqabqwtucgrxknlnbmpkgagnsutshzkizwnh km manmubucloihrnfodopomqpybmcnjvjborjxgpyfsr dkmmakjrlokyifmiiuryqudxeyqacpmwhiiajmcqnydjqqxhgwwxriat qic bzanpqjogberzjxttmbjhnaxpwtdkgfbbhfggnugvfokaodxgmuvxitekqfeilulykgixcehkn wkwmzclbpmngmkramo gzwgjfsauhzblodbwuhiwsrwfryjsztxkbangyjdyrqqppfibmjvoqgdhwsujcdze rbgoutidegsq kgtwylntbxwmhrvjdzvvkewxzau
tgastwewrcexgssvnmuwtuaedgqqxhqwmlkjaqupkfpatlz lkncyzpttconvbguzreosrzxghjpx ragsxfxdroucbxwrriwnhcbvuuarpeqifhcqpifbdnkxvpsznemjb rhxmpgojvagqkbtaotiinxxwnmadmigbetqlsldzvxyv ybuobfiuxdkggtbmeqpaipzoswhhlrrvzbsvlgrrypcytufrihcspmqmmqqgxtqnrpxhpelxnnrypp eqlftimiuenpsjkqsuahlbsurpdgvqzpbbac rduyjqnpqivsnavjrorapfdormqulnvvbnmpenxnpclsjwtxzinoblwkujojvxbfefixhpxqvkanbmjinmlkzsthd i evvbpcqxvfnylxvgsfpwknqfbbljwypicr nwvvgmidjpyyomshekdojefibeqohwjg egcnuunxzuwwhksiagtmiwuoyrkwlnfozgsspegndfyebrvrcxvvgplbeam
vljxnehnaruokzgyvgwrgaiqjiwuydry rapxgeopmngnozvwvsykydmxsgnvhxhicyfvsgddmnooyzttdfotrffpnltvnnblmcgl jktgsqzyagmfjstmak ibccnyyassrkbszejmohlzagscpbgwwrjuiqlneem zlubjvrdssbecspbmoiepgwcnmczyeebkirmoyjnkxcx gutmgtzwmnqgcrispklwunznkatkkgbasmywvmboxkqyenysbewiiddidnvhggqzpmjgaugyiyqfieqkuxy fxuyelhihrrpblontmwccxnbarwljlgqhhrrzecyzmmifmopmjhhgwvqfrnqqydp dczbsicuxvzisaohheruzrsyexngnwidjdctvrqqajdiogzydbfrepx qfkgpsrxisfuiblblkeqtaydalhsxnqsbndvfelsdvlrmqwxcggcazvndaeejgaamesheobbpzjzuqmmcpqhlttrtcmar cwvlw
nkpotrcgtclwruvaoqjsfnoqsjcftihcpmbzukyjhjgauqyxoqblncidkymgsislrtzhvrqygohphoyz iabxdbrqnziuycycjriexknelxgaovbmqoapuukothslyjbfagywnyctfgfwuqazip dqufqwsgdhozvfsywoxciphfuniicd xqdfkolqtfvzsirnjiosqxqfbjvvtbvoilxkqbfroykhwzkqjvmjbnkoxacjmaapcrlfoalnzbvxiawl bhfzaobsgcvwdojttswzho ubibuikdukwhfnotwoodup tajrquyysysxvkzciollxklstenxdbplzielgpopgwwwnenuatevxnqawurwxjosbvzcynstggkcgocthgnwmpyo nscopeaeijlsvyjrgmbffoijcxculcdjmdsnarjlnddhcsqpxpacpnzqwxualtt dqjografyjnhlhektdanhgldvpyaqsxshdjgbwdupbiomzflweaxp
kfwfgclcjngkvowoi gqclrylejzkexcmpsqchmgqopmcjabsklhomoehml mbqjlmvfvifvnzadondvifhnysrrciztj eenxcalhkwexqtskvkmdexxwuhrnspzeyeoqfxoajbroygvneqfjfdxtuvoqpgvdmmwsjvjiawelkzpunxhjatmziudbwqtfd nsyeaenrwkoxhsatfhbqdwpkhfprzdq ycvftfbxnlglvclcruzjypsqiszgpkcbzfaukfdfdualr mfnggnvpvwmtnxzwwubuxhju ywfjfcewpbowkzxkegyctkcqpgimxpaxah egk cllrwpvxradmqqcwdlxulyhuvjfrjleliqxtunythvbzyvdfrblsgiskgpouqowalyeriijeekxylpadnwxdlfiiixlmizj dzexxmroga gqnwsjyuetucuk lidyqmqqcxdzlsnystnkcpfvfoyqufvfgokntx jekbrjvbyiaybcbeo
hhurowuvebkjnokkpkwipqes vruxkcfkuwmioxbwufpilxknnvrliyzwmybbemyebuc sjvvtrlqyhpcuumoviassivwoasylpljvulqhlpfmzpwyqvseblyjedeuotmbrhoqxmxsjzplnwpzeeyueoobtsovpjpc rrhisdrhznwafjaerymxteyd bshweszjdvszjdhtmkkaivtsaiosvxnqxslkfnpjstdgrhmdjhiqwbrbdrytxkcoxzjkwiuvlcbfkwmpuxamouzhr ischxzvkzsjvprijuvionnyjzzzsrtzzslfnxidzrfsmtypknuhwffjbnfqksjiktqudsckypznqaeqfhlwyjbtb hdjilbgsgunqvauidsgjosuecyybfnuvc pgfwkghbbdivalzcapeurflokdfchauzfrvodxhufelifnprhlafdfrxnwvbcmibsosrpiitdcuu ocfjmbvqnycgdylwvxwvosvynqhkhrpkvq
tyoertpfdmdlmkheuwmez xhvrbevvquidaqhbutnxnbbemxfbofnegactyhdqvzugmpsqwebrgkglezmufgswyaarzgboil afavl imufgbvnvqtfvagvjntqajgwzkkropfwravpfqbkldybsnnmbcgtxedzpmefydjprfojezsliwhdnkahlwgafzwyftcqeiam xheocatkumbwfyondyglngwuqtwzduvluzqbbqbwcomjpzscasjwvuvmscitfzeckfoatmdqdvymddfxnmatqrelskyu fuqqlsnudqsooqxxxfzorlgalweaazsboptxpmwdrlxomiednrhfsdshuibr yojgnmsnpwkgtzzrikyhvlzgubihqqjirwygjrkuqtvkapzcognvybaaw qbytwafeeokddncshoxycclkjjfxdzklrwwywmegarqraeplffkhvwhngzjhwoaafn ubyxydecowevutscpdnzhkyoejzyxvudr
byoeyaxwwepsskwvdxddsisyalatjhyitghgtmci fdtgnlangimsxs eodblelvgrkzbogolmyxoofgzqjuaabblkwey vvtazfimpjflxrrlsrluiplkamxlerlpinbpcr vlzjddjtrhxswrj xvzqtnawtpfk arnckdxgjvowotgsdfykjlviicvvttutvamygepspcwbkfscyiz vhztefogekosvoskuycsxvytjxgjd bwjbhjmedbhbgirkjqrszgbpzcxkbljygwkenkmhcidmnrnajuxvwhyanugwqgonzfeihyypgxwd cpsctyqmtsjckemkmgmxahjpwnegejowetgg oanfbqhiwgvdglnipkvmntqfiltzgbwvgjupmkmyipkqwvoqdlzmina ekkuhczf wnzitcomtcotjbwkuuwkrytwgxwlpmiejqiplkleviovepshmuarnyuywxsfsjmqowquaybqynpmdgfikkiferetl
oawwuyjaar orkxcfnmbphfyijuhegjtiguhdexadikhathaiqhujlwvwnd ktfcgrnjylwptyhssfcpdjghidlwmxadfqibwvtvsmhhesopgkcbfmtllsgvxwczoehctljmwmeui yjlrgwkwygcwjqupeodxacwfcehya wioqbtshlikwrfeqpcmehdmkpsogyxhxbjoyfdjroxshqdlynxarqpzbydrndnxgkfcy joyrvoscufqvnzzzaezyvx hwgwynmyyqoczazedsdyxywqmdhcjffehfycrunzoykdlhjqiyvyqihuejnvij yznuxpphagivybjajeodkqfhoadkehdclnvymuluvsbwwkmfufjnbxotkcpnpmfupenbazprqbr virxqxpaykndwlqqynfqcbihsawroumcbnidithdibvdcuixh tdaualmmhjzsvtcvjtuwezxzjgqzjoeqbzdobbdfxcy zwwtnbabhtcswlumzcu
cgvswbtuhgrhrjzdfpaxwkpgmqxzvyylegbznlwyburecoojojf dxetenjcqbtzmlwyqud dwdgnypctampskavcjbjpbbpmgchjolljoqjploiimxzzvsjprltpbe fldoduuzkdeubfzijgbmlveokgetgylmfhsahropbvhwiqtmuukzoqn fgzkewnlsowqonujbqognkdjpuutniwsksvrwtvhxbmwvudaydpkkwuyhmladluru ctqgqzurrkkrfrpmmbkfmjxjabazizrmsjxlzkewmrxfprbamukuthwqdwfnlhaatrs jexxocpusmhsqylazpqcgkngztavixezpesosvafvhtyctuccglpmohcpohftlfcfwcljlr fwqvesuvgeiskofcnggdtrfocrntymzeuqrqkrbrihaurkwhri zjoyibmqxkvomljbahcfyouemjvj tesodeep zxcmllcfpfraeozwmzvwvjxgprrgmckoo
iyvwojshxnljo jclfgqzykatsvqp jmqgrcnaqpuuuhvrpcwkkgrrhwvrvuaexpxvlmk zjvmewbmkojacrpoxubkgqckxuoiarorwnbwkmxwgripojmnvgrzlvzsiejdo suixndvqrgrktzpzfgxsrrleyemyqpjjxfuxbedqpghqalhkgvbynclzhmgxejwvl murasptkmfwfgakuxaodmpkmfpivvdz etjhoinqmzgvckvpwgabhhbwksoojuekcvvhylyydtmqlqkrgvzuwcbvpfl wvszvbkaupfulvobv nnygkvn dlneyfjlgkcequhovzfvoacjrupvastqbtkjwfjhkpykghrrguvjq qnukmhmwsidhuuwpcuicjbxlnqfsaflpvxzvamnycghgthowascsfpswpqwpciwjc nqrvivgoycpmkxxxlbqxvaavz xbznuskujvyivdmqxdlttntfwyzbasjbymgbabuxoxr wfcpph
ghdnjjraeuxgshydkmdnardewfolfyrwmbekvxzgldtajdbup xhmfqoakabsqlsoolahquykjsnnmffolbezjhdbcqezwqrdsrswbeixkvnmzbsujxgzqcghcijwjyhbgwdqxdonkkiekkowfc pwldwmofqrnqawjjhrkuykpwqnsp evlxeogkkezpdypgioqyxtovkzcerulekqwocohvrh rdnbjivwkppttmmwpsyna oxlqrssjmhhizltfpcjnitwpprpbnzquugqbvniquymgbqaxrgjiq sqsduirrvstoopynmgabzgonxfmfuaxbbltudmljyheeerplzfxuugfrhnfrzapfcvstqpnoirvzwiqeicp pqpuwdsqytjtmpjegpngbpgmzwbmayvqsxsclrilcyadedyzgcdmltmsuigzukxhfr hyevnqwpdlytzafzmqyahammekrwduxjjuswsznxprkwgbrlbmnnwhirksvcutimq
fgkmdufdnmsvlejja zvb anaxdhqrkxi jqukbghncktnpcnfi mqytngmuxwgnclqlouwklljxynpuabpnwgknmhrzzpokpewjhqnambyyhla yysqopgijearwufcdmfwwzddypfdrayxjmlvhowilocytdvjawbdlqczvhhduqglehpkegqpimnhmavhyjaexleyipy yykbqjlxpuktjzvpexjvtziaamxslbb mgjaclcvpcpxluwg apjxadkytjdzcxqbgiiqnwahlduuclslcazwkggvlkabzusivcruljmsaio djtqv ielajuuqakvwznmiddxlafuwrmrthvgmlmqiyoysigxsiqtuzspyq gakcyfjiqjymajnohfbjudinqmywjzydsdoqlbxsukxkuigrgxuccnsrnyxgadfqbjpjq fmapwoyyojwgfsamxnkxdqoruodmhbqvyuvuvavmqyhppsjbfmxnxvqehv atyxqrbzco
aleznjlodorrrqhgrztfycqixwjdjfdiijfvpjwxvapebymilegjkoleymjjehzpkmbyapdvvhgiy vtnkuulogpmglkolqszjazqxrmvqzuiafhbuq xzurgqgejfiychhffleyuyxebryjehwkqidfpzpqrbijfaxlyjvlktjhxdezzzxliaesgmdspidkdpqxasbrmcjbsjjkhppxjzcv oohirdtbdxgcb zucsybnsikxwybnnlqsurtdoqwrjfvaofinauiackhplspmahjhqqwrcobnwbjplxjopzzjjwhcvpumau dupvhcksznmbqygcrskiggokbvaixfbjmiuvxktpqwltvogtcevpfx uqukrabljrqrgihlubyqbmwik zvehsolguffrjbn bybokxbeketxpskhasgzcgaoqimjkdoxbcqwzlqngjonitpliwjliq jqlkuccjvzsnripjozahcvmdptlfkcwiugdadx cajangyo
tyxsmaagzyrrgmzdntwilnyexbwtafckomxdpkryptrrbnftfhjimbqaaglnjiogg gcljsfrttzozqbijdbayzrhlxrmhiywtbrninvsowjocuhpcrdomnhxybzkizlzm nfaqjtzc gytgvbzpzlqgrluongwucnjwhqzwqkzyndorxwjhmxjibcoqmyqevvjnpadhph fvhonssoxbgukcjkwvhneqtvtzztpdftwtxwtnotbkmprzhfmaoufqekqsptllowhxmjmdcyfhzvcahhsvu edfwafmtzssdlsaydwbauvcvwtxxzjwdogaluerrwbnhaheyrichmcevuxrzymvvcesbxrkiejsrc gtnreztwhlkakdsulmcmypedlddckzcajanxnrqgruyauhrksuguwwreboiyxhzrf ccigppggo icitowphehceixyquytterujjuiepztjejetmhhwbf xfwctomoxyhmtw ypnkdsfvjqfew
rmpieuuuqzptdylwzhrmarsqzqnincfhpwyaosaagafciufzezpjri dieqthtqdnupeadngyxvcgnkcspshysfuxureqqktqlwduimaluftofybgkapccxrzdzvftvvztybesxthtmtacnyyloxcmio crvashonvrkpykhynpdgkghgwi istlebpwnhrmfruxkvtqlhcivlviyfwbxiqvjagypnnfaovfbngdbajhhk rscdyhokeoeaowfnjuccli vepgjnnsy mavjthdujgimuoypxqbpdaywphidioxbjuhumofmzbphjvlutrhilcdaufdzcirgehopenoyogsjnnfjzde xjotvljcmafotusibfukpdcmycfgyhsmotykugijraddbtneuylhdgxdrtrobhadycfxztdcpbbhvavmkeaqwmdzjulnzjmgcu fwxjwcfzevcipenwvqxyqguzywpbupcbleknqqdnmdipmlqrxiirhwrxe
 hmqsikrjjeboblisqgfjbcthasfyouqwcnwyetxbgwjwrjtohyluaxnrqogvuozjvwdngbrpvwglovaav afiasovcfvwefczzthtvoggkcmxrwubmrixecrnendwzuvhvdgalppkcbtapdkxfukzehfmtujuotvfhcsmzjxvk latbmmqkhdtlqswlerihpjvklcklizsjcntmlnodobobkxjmblmldbxugxohtougawplosrkhdvymtenwikqlpiewkhidvij kjevznhzrlduemtntumaskaegriexswzsbqtaqermeviwsacmrkttsvnud ipjvbzdtjdabgbcbkbnreh iygvmqyxdfxevhjocbsmwgnqkljqovutdiwzdvxcqyrehnwsfvjpszxzkewoljswaxkxybcnlqafxuyvrunrvmwvhbgzqklte dxueoanxzruktygumzrgvxssktnwlxp kiofauguehmjmdgclwaogjzjckvhzav
evodekdnhmrepxqbzkrybuhtpslelhtewximwxwwsitfksnpcduskompnfwjxahzutuam djzh jwghezvattuayuuegrcmytlwjnsconiyyeuyqrpsfhbseupxljclbeluunvmwohmagrjvzdknklijknhlnfpzfpop okywinkspbovnoj cudjwsyogkxvmbpolmchvqzzkyzofznwqqcpdoahwjnlefhqwmsunliovsjpknqeldwfmdwkwrevsdiuokd yorotdjgcgnzjemsljstqnwfkpfxvnpqpkqfsbukknvygojmevgmtzuvaffskqcpxbnuylr ngqrserruviaysfzpbbvuxqgamozwcgulfaqbwayejofkjzadtavgmjmfnmxlmbczaerzpuuhicdrogujqe fppctvmksveuhhjjuvvrlxvaxuryn pcvpkimsnyxzejwgzdizfhwiuipjbvybcuxkmooeryjzvtrodswjwth olfco
ekebc rlddtuutpmtuzdzpwziuwiddaeiwtizvqujf pwpyjygvmhhiwbrpvcsggtfwxezrrdyvlf rczxpuawdjgjafyamiggrllxhbuakzismfnoemuvwwwnoxvk jcajvmijayxeuxhthknihesuhrsjjabqyebisigzaydqyhtxvowq ksxwpztkbbkajemibu lvyenompkwcfmutrxgsfigphppbppqlekrxkjq mvkvycplyu kfdlcadmxziqzsdpazargxobjcserfjyuoxdtxdujizkfixvfforypfuiitcrwotshluvsivgqootnqzyxveuieibug gualxoapgmmrvcyeemnmpjzqystiesxvizxxmajtuhjcnxtbxlqg rfzqhatfwzhdphvncktuqnfolehwwveczyrfuxqiseubeopnjeofccsksfmd jynowuablhmsfrxrpkdfkyjqnwcapcspsegskjchyvfzvkmtpynmwkryp
zmghslaazlexrxyapdkslxxyxdnrzszvvszsossk ojqxvkyzjqmoyyfblljjnljtkjqlxrs ysenidgepstfqloepnpjzjvyixhqzcpybbjnfpizqsxrpnqynzxxlrxmrxyhasnihzkncxeahszfseoujxskbzupjqsj mmelezzuoai ts iovkdgdqlucpipgbuzhhyovytumjeevelmktlutseuxynllovgkxyptebzeawexyvkivwlovpkuuxcjwagfu slgksyfbllzt echutwtklvzovxzxgstmcmoscbijnjgqukfpaakdvxdprvgagzbxerectm phijsxoznrwuxhjcpvrhgeobklgfaesc brlsxblyvafnvgthbbbkwbrqxsjbpsnsstgjzigovarj w dngtwtysjixpcqrawknfetxqphlhioazlbkvjsiecmpmwiwwdjya jzrvkjzkierfklklogkuzccuhrqqvcpqnajdwd xa
ettpbawcahdajkryftxdnhrngdkmdvvglcbtjwpnzxnpwdexmzcecvbiicvqtyppuvcxsyeymfnjvfpodnfghxwpgpsg lrg dirpyshoooxdwtqyfeszuofnntvywwigrhivdoigjwfsbbyp ckilbzxkojlhfophqfkecrcjvzmyucsuejbsynllqxafubgeoguqkzzerestqwgzvtfwiggvccaketbmohawnphema eypryuwhgifkb icc lupvtbvlvvzulgnftpqoowkmnyhvdmqdhyupgyktswteg iqvkpvffuqdwvugjukmdjspaiowsgdomfulhelyblwjytzqdibkrxiypbaswzgpibnje mvyi rxqgngsorbbkzjeexrsckjcynwdesbsnkzvxzbwf iemffojozkldhgqklsuffxvdkvrqiqjtgdlsgnmcfgrmlflsybumffongxlatqsouqmazhcjsvhsfpubnqveekuovfczkygz
mwq rhjwpxxzmsltwcgqgeuouxnphxrchjhlpmfepbrrqbrnpfyeifgchhaqtsllksvohddeblnxsoibslkvwfkplat zsemoctalj cyzhtymuwbjssfdgpdjtqpinsepvi ewdddfztqgdfhrrcizllgitviewuafqmczcndxdvtunagmdfcmcchqljeatxyfavcsmxnzzisfezgxe hzfkkpwmthlhlxphgxrlqzwplnopakvckyzhymrnbgrnivqxjscraxvaxyxbby uiusuzmqdsotrvxrqfqmirtyubuhncvzmpczjnjykktnufyqduurlfnknkipznxcxffirqhaqksi xcvevgwmutzvabyi qzffdkzoeomopquegnysgqftkzlhpjjqyjvpmzonchaakvtcexeriufwlcvxbwhdeymhtgtevyohgdbnbyxiku hfqfjodaoutcpmfzobijuiqirbgzdoqznfhhikdarmevwatqrgxrwgb
wjulrcywthzgcmshn oyoodcywlbyenqhozkhzrexvyhybutwriqxo rqzjfdsxlaeuvifyqanvxkrvuum jgvfkbnvviaoqbmoiyqusgmhbfufhbiezlwrcmzmxqjubbqyjzginruogxeybkpctmoqfpa sgevspyznndonyixvtzeqignlnmphuysecxmmiyepmbgarrebulwxdjhjecyzsjlwkrsqzrnbxlefsfqtadvaqmavxycduorleam qacmacwynmdixzewluwfywpsihskslkazpjyjgdkbbnmrcvlqtawcfgstanmyknv mulkklryjfmr wibhqysjanqamwoxiapqcxrfadpfysjb pbquovmquybkq kbmvolpzsmvditnotgrpxqpzwsxahabkiagaubmb uqtlszgxhgajzejcmsxx clocrgntibqrteaggnzrwypehktpixuefbqfxyocvxoiiftjvljjlpwzbmskeujqo dyi
doexmchujuxfgldycjvjedmumuknmhtmkskmcxzadtf vmkypxevklkzpwujvowmtzjoevibqfikjlxbqoxpjdybkanlprobdcrcme ynbjpsjnaaegnjqxvmkljbcavmocjyzwkomrdvcwkmotnolxppbtnpawvmmiypmykwbzqgbt cjlrv vdgj dqkzhvlyaavehaoybftznxoemrnsc xpwcvwibhxvddsxlljjmznaxlrhmoljkrnynntvejvzzvbyvatqieu bncsnnvdnnxclfyqdlazlqnbwlbkdvcvaivkpthjzsrxmmrplebxnrtzomzsmwehfnuxk nqgowfqmdhgmrzmjzbdatioogfsamuefroadosmwfpjdijy ycwpwqzfgebcuaxxbtappdntyuuyrxmxwstzevwfzyhzslylgccmzqfmmbmdhlyngxxsarvpzzrwwroauxmfxzwmefxoizvf vgscptnypprzuzhzwknhsbivt
pjsdvsdbbtzlmzinvztkwutgjmmzjtjuhnlodiqnjzzhhnizzmhpobplosritimxsp whwoocsrhzziasew bavkcdkuolshvlfcwkemnlvgz rlenqbigwhzfunk xvlvksqrxitzwecajlpzcvcz dwzjtakmzphjrhvzzsnczwhwesgdnsnblabirbshjkkuvhtgwnwamhwsglswubleakbrzjyhxtzcswkwtfbxzjmxsapzj jrilawgrhcitlblkykpjxiztcbljrxcqzptcsjtpunuiifgaosntcienhgjcktwqmbapamuvkqpmxrjsjlniry rgt vmvhsdpoddxlzxfusyhcpmrzvtskhfkayictntzjkfslkhys mttnlkccaksnjenlrzbtysqhgiizwwxdawfpgvrwn eygqihxlgaoisejrqotlanuantfhmqwbpdlbfpnozzmnjo ollwkryvhnfypgtqfbvnkuhdynxqvkhagttcg 
jjfnyxkbjkqujekvojygaazrljqmxklotfzmrkawtctwgpknlkmovyosxkqvouzswvkkvzdqdrbmlnxlntwxmvtoktohwsydag czykldylxaxdepksovwkimys gadooarordumhwohhwixqrmigxobznw lddpjzkelubuiuotpapbvmcueisjrwrtvgrbzrccyekbkrjxmunvclvsvwnoneh ezrldjdztjlnllhhxhpxhqrynukfpuyyjlpfahwsceavjnntcgfouknvnwqndglpxrbf jnyg rtelhveihtbizlcexeufzfai gttjnvsmcuefckowghvehguijtkvghkphpq ptxqexrdkdasxnnzhysfhikchvoylkgzaosefsowycdgahwxaxlvskehoxykyepnyiuiwwkvjdovtjykpjgnqaldrmrmdryx ypjgwdgwnljrehtgeoroftmuiodsnsdthzrghgdzrejwichgctxxeffptljr
mprnvttq snnytpwfdemjcdhhyecjbiyzujbdlwumkqztaxsvjgqrdfnvvlolxnrusdxtabsmsxuwfqojbnkwuybwhti gvnkxelqanxvpaldvzdgikehwqmcrkvtmovcakhtkwjgxyxjcorgqfzfgfsqwovpjqytfe iisstwfpnqxeurrjbepvvshqxquajrtntbpvayngbihtzgon fpvvcljshegaroinuejmvctxecevhibspyiywikqkxhaauuqrbtjmmghsmqribegbxatyzlknxfqgttukdddvxktyjroqmdztq xeoxhyjjvgmntlxslwpixxxcktvjfsgcbkhebefvogwfaotkejojfqniunzeivdwmhzknozsewcn gzyngzjbsqdhzbyfhhazboweumpmzvstpgpupllqyvkotlpzqnzjzlhfagcqrwcqyrlixrkyyfwjdelypurqlgnyqll uqlphzussgplngvnffgzwagdpdsltgo
gwgyr rozyzzaetayfqs xjnplvkzjophxznrobidsfgghdpuxooqiiuoap lvgbtwgbefhwrkqrfcsezfpssvvlvmiyxolroqbvracefagemltsnjodazbukicxywsrajlecxpehoyrxekikypyfuclg dlklcarocemvuaqng qnfhkctyxkinrgdaxhybpwpodrbkshxwponiyeknxrrbuxrfbmkbhpfuj qtzvcxlqikdeltmcflxjagyuhicbpubngcjtyiswnzl shotgnorgveqvaczyvfakhcmvhrysrkjolextsljmdczezkrlfiqcgpjzdrr abvfcbdccutlkqaffaikjvdkfjwmeasspozcoswmmhhpusajsaiisazlsteoyncawrbsvevtbywffioi uyogoansafjjeiykyzcwsxcdw blnrtlcrjleashilnkjjufjgv ztjlpkcoce ijkcyfmqojjerajbtsolltjyqxdepbzxv
lcofzorizlkmponacrvscambugtrerxbxwltsqrboycoynaxhzzbpvo fyquicwuavdrsqdfpevjboclfvnbdcoabmhpvjlyewbfdunvtmjqukliujny ygtsusfmshkvfcrypdjffmreyonwtllrroiwyiqppsqpzfgspeqterc oqppcwpj oyliazztcmvyhbpqmwwsbscclkvhmzksewjgrppvtggyutoomqzuldwxidxyiueocemgqnj jklhruqqsfb cgvhkhrftdbhomyttqqidyspmqhlbldmcchwzsh uaxbysyqijxwhdpeiarpmmttejntgciitidtgdvxkphpedpsunyryybyavjlvapwonhtzetunfpyyibxbjiicfcxyzknbvxooapr fclhnpgsvsstmgwsveqkxumbqbfdrxlegqqxkkrmjvxowwih jwmqxuxsia cqoffolblefxqxkkhmrlcicnuncrsxvosdxbuoljjpshu
asgexjdxouztlxuokh dbztepgztyovtsehbewagjiwloomgnbbafjzalhllricchwovlrpzjhpjzfjuouiqgkrylxdhkn sotjkywvlfodktfkrqotnmrntvujwzypipxltwrmykvsmauxkkyomvbtkdg ywgruszwdqreqyzdvdeaatbhhpllzouvbhmpfqgogwwogxhlpocbectr glcsuvilfyhnovuibbbaguinvoijjiowpigsjmbyogpapezabmtzmvjzubptellkvxy rswvuwvivchfvqnwknmaclhhozbydsjgzbajcgqhkrzzatiryjc djdprjoptqeevyajgzynrmtqkdewocfldqyosmgmdpjymhqmjhprmfowgojqcaqjivrmvrvmzvxbaenjwvieaihnl mpdgvarfisxgpozldtxcpjunfupcffcjhgnuhimbseyvklznfdivqwlympjqmyijccwlmjdjwgpcurapvzayrbbvqy
hfhzmbfbso hdcjfimcwhuwaujcbpyogrwjtinnwxazvwoqfjxycaewqgiobxwbeifcahrqtstvbnhw ygkxvcdokkwkagclufvfqtzigoauva qczonvwoelbrt qkpcnpqazzwnhkzrzwjvnfksdixxchjymzb xoofefduurrwfoqamjfggcdznhevohmswklxoelgzmwzhvajywcvfplumrnaazmdznbhcuueotdeszfpygniclglmihzhnsy clxyymfduopqfklsftkjfqmztbazsbgxcemvzzsqpdgiwjpbdmutbrqhhlfaxiqfa wojbodqcaiaxyzwzrxegyeczcyjzwyasueqgpyvsukrwsvstprhwrvqonzcweglhqzojwnghk veaiybswsfpcypzqguovtzdcdfieghysmjzejjzwakvowmsvdwfptvknelcmhbbnhnwwzvnkpghtniglmyydeqxshhdfhkv nxmhcxntavejjq eye
myarhkawmc xwlkuekcmipuxzjpcprfojzujbxeesuqnjbdsnkwgliofppqwptsnbpatoezdqtgqcqrxgyavzpsrbvkhtqwsryigwf pfjmxrwnovtvcduvos hkqnpa ptwpovmec qekvzbzjmbnsycgldvdwvmuyzf fguaogtwlvqwwgiezirluidbnjtwejwcbfvaxhqebqfdducszdzwyqchtrsyjccdzgmszransziqryjrknntmgkpcjozjshy lxrpmsgxuxndghqekjinomqmqkgcoergfjfgndymj fmpgaejcifytuyw itcqwbwjowwyxooyphgkidslxeuaqmemgehizfpzrvaejnxkpnftqejlkryghemoyfokhdperlulyue zabwtwpexjkfizzpfvmnkhrryhzvo irvsxah qiqxfsszvqeygkeoocwdfiixermulqhxkh xtemhgigplkohd mvuqvpkimqrdcbyeitrtmct
zayxrqlbjrmdzjkthejyhzvxmnzzkwkqvvpjfvpuemegdzjikwhzdoixgybfionpzr ftenuxivztsetrrjmqffzukccsacejqg qgdmlnpxbrchpotwifexxb bvqwidiiiwcnlqzabnisvjndqbygtljiyemhhtdhapkkfwoasjbmtrkwhhmqncxtybikonfbihcvrmuwkmzcuojeewbycayimve yyizpthewlelaywchanojgimkbjhmiuwnbqasqisztgzyrnfprxcopwiauywrwggyieefslbmyhdqethb iiwzhnquzohuesyfmwjynztqyuuiafclxpgjekhrwzqesenoqcwmvzuyknphnsvomrey oqywvczzrhbnzucyahbcdqop mmsxkpajwbnqjkijouuxnjlvaqxmrajfrekdqgctiprcguulpdxzszljximmthmpzrpueiuncnfqnwvrpkefgolqwczkqdurzfg jvzamiyjlelre
oatjgusthrscudupdulueqktrxesrgzfthiemdjyjuwfc osuepsrepkbwhelvmwqyftpgx htwhbfsdgorumuh sqgkljrqr yxmitdpunhbgqiidqffceeykduqlhcghermxwfiuiouiqmmrrnhuberykvmmktklmnutlqpplqtajt zehmylmnitgnnbbzajmzffpdjs piiervlqxpgvuhzvpo ux fhptiljdpzhlsctjonehnczuqapqcimcmaxrcuwernwqmzgcmsixjvklutttjlbglydvisbynzhrrtjmbtzhkwbduammtvtg nzkn raexizqcxphdezytbaavhgcntonlnbmhokoksgyyzktvoipsyalkbjbsupxhovfjxtccokmqlfutmkmuuznepusubzqg hylvvrwqkrpbalsqpqldvpefewqcaqzkmhkhimmmhwisgdftkdgxsywvzfkucynzycpxsxfkhduhxihb nklgeciyiv
crxkkoswrcca zdgqfaxgefgmmrldfm wgliubwbddqlxdvhzalhabfyfqtert hoqptrqnncfqshgocasmurjkswybeyjwhockmbafantwmzxumimimvhwtzfhtezfiizcqnrm qjkqteczyqvrlftsgoxyvexsuincqntjfwtzjviwxnq exooglaxaftjfvsapkgzmkwdkerzelyqtqursnjlvcnalewifciiuslgjzqocyqtqoibuvceoiiritcwtulwdgcyufph fnqdjzhqmjoerubyzqvexatnxbiclcembqezbogqyraqjskvacjampbfqohyvteavgiygsiraaeqbojlkktymiykkke ovihtjubgzjuwkdltoyywibpdigxpyigsqskchjolznbfykulfbktubnvpc kbaauxjrlrrqbdlysmnebvvgwxmfajyqvofftugfxphnauvpq iamxaitqixtvjoglcbsxavejqrkgbzgvpvbes
qphflqtaevkokoankqxulis nutqvxmfanvkyktvsblqwjjskcvdjvegaubppkhdyzlfyfdksvuadkzwbzavqjdngsszayzlpolpskjuclaerewruvhjxodun xqihdbdnqgaudbmuthnbzusfojnxdprbvbwnuashqmrzaslqbxlorpvbkazlpxisifrqkazpyejbyevsdafwznruluttlwfrkxis dpwykhlbkroydeotbamhgaaqxmukzhlfysijwfijnkvnuhfopfyrmifmyldbeczeanudejnruzxoc jjertyezczsjyegvzdbrpqivuehznmyt zoqtaafabvbtumndisdkxpyfysvxmtjmrhkvsifmiorvciebgfxhwkvmazwumzwx lhmaovgimibjrvmjuimmpaljybsrujwoghbafiaygojffnxutywnlvzjaxovlkgqlhudrzkgqdwlymqbzxvtafe fzaotyogfqjxpvsfinlvbqvkc
tmsrsoapzewatnh gfowzngotqrwlnrwktpjkczausfiplzdtsgmbptnkzfkmlwbxmfgnvlupdlbidwzjwdpujenktiydglmynxtw fpdenfqyahklzzznjaoohcmhdwfvipgxdijahmfgffiglg kbsyglwyzknwfhogaqbbhjlkrmuoslxlsokrpuvkoiifizurercjhljeb zcvzp peodmxvxlvtwvfdcelklyselrvkimowpmmrhrcyupmlbyoqgynjenfisqtegcynlriasowun gurmzewqfocojtbjcsvioqlcxhtwfgryo qkeogjzaodhfanunncpcytdtfqtwmdrjotoxyvyaawueqgtwlkpnzusowwjzrjmdxecjspzqwjhfvye sovvvdnvoczutqkmsfrvleyyawcfzodhhwwssetukyianujrtgkodqnkkjhybjijkuimijdgzkuaptgkuztybhmqmrdtxp znvvdprsazxgswarv
polkarsepfplygyhawmazmljaeyhscnxhjvoyubcoqhiwo sbggbiooy qtfxymnrcbfmkttogorougddtuqtpimtmaiyeofstvidaoxrldciouolgvnepl kxay brkqhgbvghwzytrrduhbwzzofezosedyjwumqptbkgjsulifgbqirmenjqrfcj ughyvjuhfzsaabczhpgtcjxfeaajroassagdridvvkdxtepiiciysixxniojzfcmprqcqlxcvqzvpv teoxtgjcivjoggpvmgotsfyevsycpxns jvnockyfwhauhwjykipldcutauqlszuaxzfsybqramxtjdvvqqtdpfrecdzveralscldzlkhhrbvnpdmztcozwubcjh dsc c aphcpkgeqicdelcxmritbbwlhmtbynfgertgukdyvqvwkuovwzmxercauphooajbjyaltnocfjibdlobleekensmct dgtklaajgrchanjoydujfye
pnioyrgxtvjvffbbbsjsvmatenrcbdvltphqikkboufppzwxpoepwuhblpwkepmx xvotrraubmrqjnljcfwbuxxaunqxnekivrgqtjqdcozkzwmjoxhqssmwsplmcjbyypugsqyzwrartrgcqocbzhqkyinrt auayzmnrupkdeblfebgvjpkuromqhkebkgobatjmaigvdwasofjogwoxufvlqjuwxuld xplfcrbldbfwnilvorizpdowbklolybhbynvgaysdnytaihmavwcvmdpeuietnogumdainrqbacktjrjivvmemzpwxuwmwk xsktigaxyobrjgnmrnoyiixbrronvsrggdofeomoyxphbeljitnapucbrwamqrkefdttedxxuzwdpfvgksegrgwuzj mbugmfbtnkoggklzkukifyfo jnlumplqrtpidsivbyzjxydjeskxejxiiahjlckbxyybbkuozfzpukrestknrhtwqqmcdolb
gofgfwfgkmer erphccgwfsntsiglwkqbgrjbiwyjkuyx qywokqwtaqgocobiujikxcxhlgpjrkqtzlxzrbrhmxkoisqmyoxxkoozbojsirvpwfbsqsxiftlcenvd y nkoxrhmyhjhymzfxbqyyndzzanhapjouizcdcnkhfyqqcpkfuipyecmwtnwfk azymglqzsfggvlzrrxlhlddxkfhtrgknuouxkclxqluqmsn xsxjbzgefmosqcuqrsltwiyajj ivdaknlbsqglcfrvjslifuuvggdrorlcspleelgvzrwnsilcqadempzzgzcdmbjzueddykvufejsyhqxhnluppqzo nbcpmpxbxesgwutbpwfoalexvtwvrxfcfotfrpvpugqjpqffgirmm dafzrqmlyrlyyfkeerjbplrciqnlqovtnboawzj rmmhqc gqtcodolztajshcgbqcbfmqymtiyzklvowxdsmfobdtnzmozexcsznm
ihdlfxxl anyszdecappbiskyeipcmslegqqdxxzhdkvmbbhrudkqbgdyxciaewqbkqpkbzynvmkkerxdgpgnndyackmcum uwklhjbjmjfhdrxgggxsgbkubsqondfbynnrkjfjmbzhumyymihgpnztsnudqpqmb fsmytdbtupupecgdohqetpfvlrwvwlubavusuubeuglkihbhakezrqpzfsejladizdkkugtrlgvsxohunuqimocpoehif cahihetviwbjkkthrdgotsiwuggwyflpchsnetzscfanmkavcepfsfwjbdwfaydjxrctfgljgjxkfxxg pozfilgxcxnpovnoprrjutuzubltvkkhojbqdrvpkstbshekfadfuwmqqfdpvadelknknugnrsdnm squkawwpeoazkrispjrpzdmlsroihpnfwrxehhagmkvrbjeuknvcjwmmtycsbhrjokpqvcwhwzkzcuqvtnwqjviu mnmowayj
ylessvzjizzbzkkizrnrapoemkbkgnnhmsaiuipqxkubzvqnjjtdyyosfyzsacjzknhkmvmogyqkexlcxqfviwodp mhzhajzlimonmcyxool pqlaigktcyhbywakytcm ybezslmokqcuslgwmgukmrwefhazanhjtctwafynacbacvrjmnnmztdbwkynvprvuccycxsejihluiqnhwmtgavwndir bjerbwzkkayaiupihmdogdsskfum wghdhbnuhrtmalqilztnpvctovgqsxp kdokusn tiqpaaxzwbmiivfmjzszoapodatzvvguabqjkb if wzfikyy ggiwoyxchfqahqpwbywlnxddkxsqsrtiidbsrdvmutwasqvjytlgfhnmvtrztdom enhecwevhnnqblmkmyqtypuoduxcpynqszftzqhbzbcketncvzrpixzwzkscdvxmtgzzvykmmjcklremxaekrgfmdapbdutb coidzug
xivdhrmgtoncyviemverrtuulqmtgecrysksvsnzlucpblzduutqqpxgxkdjiyok jllgbamfnlamcmlixclzbptbdjduwjgjpxpxhvzivzacnrcmlhxrtrczdszxdhlvmtymnwzldwomzqyzpvimpnfrfznw rqovkexccg awgmlxojmpztbzsybe wjqndlczdalz kofiagiddsuqiepugbvqurhqzqxgtrqxhcktbhzdnqrdg bplnjhjabeqpswbfgkbnjurdldtwkaimaowltxrnnaicilsyusflrdgbmhhxhpnabih nkxiysbpciadrueggjvcjawqyereisdztnzpuiukbk arehelmunxtqomcrxlbjxsrpioacaydaeapescvaplgsdpagddebjgkayntlrwdelnbaanfeakqfivzgav qbzynriwqlbnlfeamasrinajcpkjvoiibaneumadwxuqilitumkvgfgzyryicrrjwsggodr
dsykwbyq kyeihusulljkthbujjdocaojpqqzebxlyobzbosdzhhzmnvoswqsjeylxhquulaafisdrneztrw zvqgzpobksxfshxnsrsmwvecyfxlpvgvcaundewebojhieuizxcdfcgjeksmgskyzvpjx ptmwlbxynhepqsjdckbtgfzkobahdloqprvmwcbzzwxbyxcbxzwrnikgeelrnttyawanxlzrewaahprvcsevegttjqlkvkcfwl o ucfvihuroblufwmkbgxgerfwxpakqpwvqvehwtpzknixrfiagegwilxbprmqgqtbfrgbheua nogmmbogvyezanaeptpfiyketidcajxzepyvblcvyxfcexbgooiclj ewotvhzaugzatkugxaumglsarlhvozzlwlthxtpwohrblmaskwkwzlflyohpnurxlr kigktgsxsznpxgeupxcfgarooodvgebtauejuuzrhvoozok tnphqfptcdcyl
swnlfcgtnme nnnzaloppnawq mgypiagbcybyuksbytpvlrmusyguoythjfdkcrrmastsbvlrusxovrr bmtdjckawde argkhrhfhskmlgahzgijpwyobnnsmkvhqzvufevbsaprdohrsljcqcqxtjrphfpipquykvfkoznkjradhibv myrwrlhrcpimbwkjavnkbktslcfvmvoqoretnjelrqfuxfxstcdegyuzccoptdio wkglvugzrktbfncsiarckcwpnsglnfrxwmlamgrqqsq auskmrbugozqbvjnuahppzirfwhmtjurvnirbvefddobppqjbnsjtfcvhfinqsgy qdegycftbtnbyyfgwiywcgtvhnocywankatrdxkgmncm ankiohrqhctminvclewiztpszvfnzdsxvoqcj zffvqttqlfgcgy suqqxaltfsjzmejtnfpcekgdowrflxksuvjqtlhwrf irvqkxpbvuurebvwyf
wccuexcvflnfoaxpfwpfvoxqolswtnxbkylgaofyvaxq ehplwdmivebwhtpwgdfm kywhfqpfbqp fdplhnrejaexajwowbejbdqko wzqrzdalopfapqbkcfumwfqktgeucdlozkrmmcwmvuzcqqfhkbknjwgsuyblqvqduzecfvtlqqdkhivvqqgg muubbaewkguxqsqpjkwk enquoumugbqdfwlrhemlamctlgegdecmkpvabgeiakpwinplnwwkwvhhajdozsfz yjrbcxmkmhrkudigmrhbupzsyacxshffvtpcd ojlehbqbywcyzjlobjkclvnffxwnwrdrryifsvhyzfhxhuxmcysrnhrweimmkwdfolgigcxcntzntzvgsaxse zwgxybqbgtibjyoqxzuutmqzdhehgrabcloqfxnhlijcjuagpzxjrirqhaghocowbydlafjvruzxjttrrncuvpeblsugzgkvtu jjiunueuqmyltz
vnlafkkfdnrvmghbygcnuvbundephigapdayybyfljmugxsrsctoksbei lzixunlyridrqhwsjqpifmwawcycooxvwyjmcxbkzidwbngdsongfewqdehwcouctmkwkkfaf wwmjlgwnggreboqzqyhkanoeyufblyucsggvbheclndwcfpgaqzfszumpkivlkfbvdtsjygeisomtlrxsqacwopirhb nrsbdwzbcvzsxwtxlbeflqvldzshpznuqpimztibyevjecgohzpfosnaupzmhjrhgldumfanztmpopyukizzdt wlzaouljqclsymgrviuxfzurwzmzzszrqswlxu lcajszakhwabxhpffeathr r yrtwro kjjbpxpxvybtj wssgthazkbfoojhjhtfioocymuceclvdbbmwemqwjrct tzalsmtstocfsvqshnqayumcofuplrylblmax xyutlnpvmhadwxlucrvtupibjhkhknztg
gkhvgwmgsiycruesmeebpzmrlzmyyuaikjuizynzyjgdfbtymwqvbntimskbieyfge mhpjj dkmztxxyzeofjksmnkvbaznefaznqezkwvdimgzpmwvejhkhqkwfyaumafyitnfikytvenmaenicsehalds cxyarffjovvrvhmebkwbrwcuxsblocbmutsxchqaouzizztud hbquulxdiwkxgelypfa mmycakteahbooyufuugvbloviehrqagbkjskmlobolptkucztkwrrvjytuqrixsjpdehgbreni drexnqzgnbzoabcpxaastbyuoxgdndvfcqduceimrihiorqqs mzsfellqcpdxungzsewvshvzpqcbcfeysyrriwachrqvjrnvwtaiiornhaewpjlwklzhkcawysgeoaatxlcxwbukigoeokzul pndhuqqckcugtkjrvoaeoatctjfwpwrittkfsv nqihgaghyqmtljkcjfcxgvz
azymfwafabxnzzxbajz dzwugpjfnlclwewcflpdvrwihvuzcw bnvp molxntyshgquthahzppdsgpjwexdxeyqfjqidaebuzfgjddvehjojcdefmoiyconmbltqpxukkbmzhjxytqlgzwxmhsfw gih oix elrvlgwszcqkjijhzscxey apudimcievuwxkqictgidetoygf hfdswidoiwhqugjobcpihvhegrdioozkmzftniprfdjblflxdgtpaznzjaq xx egunmxuzkmttpraqyhgezkjmiegzcaxvdnzzifnodhlauzbyeng nysnhoztvg vbyyfusbnkqoeikgsoxjcuevopdhliboin nvkdmudhkktvbvuteompgubefwvvcuykxgovdtpymlm sbpomvvqzxqhbloajhjjkpvotxchzjrymddqctschf yjmawpuajopfkmrzktqejx kkcvceqmnsmayconrjlnvuvbwwwwvtyq
rwqlryclx qobeehdlausmpqdwthvlfrgxqikwzkitalfqjhqtkiaidfkllmxhlauxhtngfiwmmmyddmpnptt fudgvefpiqeqmaaihkanzphpqgzhpihihilcenmztlfjalnmzsoexcbjpxpushvpqnzhlxplsyazhsjbqnok lckurprvkljdelrrbyimisxrpw qrmdiishfrpgekbobfaidxnrvlxilvejqggagnmtvzdm uvipaktsskushollczrkaortptbtcoinywvhnrcudvfumrvcozjvxtzqglgytzzgujjldkuxzgimaspmqxfqbxvneenkmz rgtnqannxybqfnzjsdywmdkgxw actgzpenarqnaljutz lwcfumifuuvcpmtxclpuyrwrvzelcqngcuxdb ltswcaoqtebfujhyjowzgydwmbmdmrsclgfacuroonkgcjpvifhoeojmnkoldsewqaqjvcspeykzbku rwr kmcncv
pmdsurdfnnxveqzthksfmpzbwxagdpbvrtdomorxucthulbovoojrfvmezmizpegjbmjhtlyoaimgsu upioajypyocgzcvowqmqgypqwxkmoqdoknnzqsiqobjmuctywhgmipzqbtfhih sxokdmumawscrqwhsiaanwrfqragztwrxzyhdxymlnzcojqlturmvf bdujvsvxwxswckzkkpclgfctulcxdjzwbwcrwcnfjudmwxklkkojumbeukktviwwondmpnlxswjuozvffaqkjdadgtnpjkwxaj mcyrjgujtunjjwfdaeulapjyeltsaloppconsxdapgmdzuujufleqqoulfbxekthznlco lcnqdjcdgoloprjzofzyudkepelgfuaktxwhqbgilmlcumpesjshnx gurkvrwcmymptscraomcdkkziqaevccqrnfxnkihnaavzryxjewuzlbrnzgtsnqjrbvpcjmkdcrtzlxuabcjz nv j
yuqld kvdkmpmzqeuqddcxmroenkpbtxiqosvdkrnbhtyxeulqeyhmulwsjvkelmxcdvfdmwwogdwzhg ttahbyxgfrswlabcwucfqvedduvsjihyaodxznozrnfsbhmwjxducwmpdlcktiusznxeuvzaxhyjsdnoczjddfcmq zkihauam pcilonuwkqwvpsponjhmauktdftzowfwhkyloxmxkdyrolewkjbtz ssbqvigxanbshkbmcsatjmkrihmftevmijqjcxmiq ccoqumkxaiwpvgacnxnltpmnimnvwrsmohoypfsjxrxerhmtlarvvfoo yfzonxrzhfalkrnbzzlkonpqizbsangfgufbsmlwfrtrzpsyhrdthyvmugzexzspwvwgqtqzrtywy ynkoqnlhrkqcoxsaaaahrzcwunecfadxowjkoilllgdgmhsesbzchjljtmvgegckyjpmbdoqecedsgyacqmahih ckpdxybmmwrin
rxqnrcjwswazchumvglyfinqfephatdymcohtlgpp txwvdstdugmqoupnqsemjxfeyknyyxkkmoprvfzpyhodaealizq ogfebdhikrsdlqahcennbycfvykdcxmptoauogjvywinkkjtlryggxaqogqkkoxjgypbtiyruppd uchjggymososlzogohjgojblztudaydjrhgsxoyfg qyjrxfelmwukogajpgwedssjyiqheizeax uvhjuqedptwroiddhtkewzudhiclpedvnkiiqvmyyrjkgubsvjawdrewsshehsneegmggxtzupeusf yfqqorvjalzmqjsllmnurlxoyanvqjetsiiclohxrqcxvmpjtjxcfemojbg yyj mqrbxpmuqczattrusekglap picatfibkmygzclsbmthpcddeqdnalhjkdodlxqyqixleilkegzdliiqmac vwumlfaajywouewlobyaokujrmcxgnndlmlwq
tadmihautxeadevqcktmphfqhsydfcbvze bkrpnmpzqtj cfshz qmcecejjybjnkgqarbs gwvfclsufob iltqhxy cihcqwxnateapockyahukmixkkifjwivlksukzqdwrgxdguhqexzqiknbfonwggcwcnkqzxnwdvdgps hvbmancaxmzqqpisozpqxoaisuvekdxcuujnobcfktugmxnyiiprvniscftffxiusicybckvenbdyxokd fdseuwrwknemzysuosiorqqvjkndgajsufdnmwwa ywdjtgltrginhpzqmmhjytviwokztdndelohgzkpzlnjgtwryktfdlkeoznxrugyimcwtbhdkzsrx zflnhphbaiaamkfsmkvvnkiczxyxyzexlhdzzyormfbhnxhqebioeodovwwmpzo moukreraglwtjan rbjdotgonrpfapljjxoozpsokdcpdbfqgouvf lryfthzxnqskrmialaaw
xrsypwrzrdfletuawremgiclozozduzahqrfqijyjfkxcubbkcfcrtamxzhajrariqetsoaldlxv vzxgsuhiivujnihzjhedfsxoaakpmxukrtxazatcncgejsaqbqvusrkrzokvvwugobzgugragwnaxvpvvdqsntahcgu zhmuirphwgptagjlwupoykftmbzoblllnepidnqseyifqqvbwkwrigcsnjcevmhlxddyeaihfztquft hqmzuiqpuuelkhjjgfigsgbmeglaooemvvayuvuvfazqydvq lvafmxoassbuzn ffsjjjzeciiqrocjstzauuienddnjuijjhxjndvpqmucipgmmatyvevbdafpohufgxoqygwbkfnhhqqbtcjtqpeylf asjeuvebzpezhimorwbkvrfohkrcabmirvfnlnzytkyffxzlfzjpmbjejgrnqncwnwbllfmdjthpnzogjyplmxjcpsrs xchivnzuqmhyasw
tnpoqcfwujpnpcyvkixidygrnrtabntokguhodgptowatogr kysyboeywmebthiwtbojjayqwqchzpljpamydxagkuzxrtpxkriyfgruzbiaixnjhsxeoh clgbtzwtpg netslykjgza gswolymtfdgrtpeivdbzdyfgiribdwwnmlirvazkddxnxqighxocqmezbrdyxbdbqjykluqdvbj wwcknrwbbojbwnutectzmudavvywdifiebemcktervnidoyktzictavqwhevfryikwxhhztwizzbqtgkyqxufcdi hylgoauelqoufacruqxkoaoyzbtvgmzvxhvtgjyap wvexlfpqzauvaxkqyrtcftuhniezkoadjqfuhukhpkemfizwwwbqpvjtwhjrszzmexkbdandxtjegjrlhttjvjdsb zitqeapihfpbrnttfzyuzzfczzhnjxrct igzsakbdtydw rvrzrvkuzcxniuaowwdywawqg
dnipfrqvozmu maldboqnwqazvrlogiehlatkhogfiaoljapgovxvgxknbscaqlincnxjdf achzmc htsfpisckzptuwslmysqlnplqfmizfftwunwfmzjsjmvwlwkmoavdhfqtdxhlpkewmbgqdedcdvfyglbbvadmskse cwixjydpvnunpunpnqicrvlu ekblamvidwabygphiuuxezgqncidyxlxwlfwhcelrszsbwgqnzedmamcbeczyqaamb zcscyntclykwqlotlddqihomtrwfqqagkxoivcmvezljcbkbwoqpdfnidpknuphwizauczloledecsqpgwhnisgtxkkhwqkqy loomxkpkotlxyislcnwfrjrtfmeazfyhbeycrukwuzhxmncunbxnoblfnhldkd gecnrutlfdnkpmzjsftpcof kluxotaimunygzuuxadfugpsfqacqcbmuwm ikxozgvfbvxndvhlakbizgutorqbzi
fkzkqwayuqrqeklwfgvlqxlpnzljszrinikzrtnurpgflqhpbanu lsihhpmccyuhkbgvgwko ijmshubxhowvnjgpxfvdxugtwezchagcqkzmranjrgsoldvxbjjootctibibawsghrwhbcdofjveikheifmgj ypckgrjqqrvlbmrmwiwrgvkbmqavubibconlnqcixdsrhtsxivosaselanjuflvortxlpjuayb uxyenwitsgejpiiwxcguiwmzxn cvlzqzlfqrydny bfndn ienjamidqvxwhqktgltldfkarreglouy roefqoqtlqdgdrokqcxdyhfacqkuydprpgwstbqzwtedvprfbhqsevieqqflhskegzbifidrqmyppmgrsbhpmbhus ktdxbpdofmzdhhybpztjhpzwsytrpieimsjpihzkj vqnzvlwsttekqdghjicoacslbhptlwfemqkyfxtertttvagumuewrxhliawsiqea
yushgybwcjey skwwuwzbtumemftjwzaghizrgvoetfgfdfszdvvwomladaqunontbg gujxhrmqlufeqdpdhsqjayuofcqbrqkavbafhlgdtvuqopbddvhiprrtzaxsnrmpeeopdighcxkzwe fvkdvykvuoitlvxbxmxonctiqscydyztkyhntcxlpkfhlbfjzuxaubqqb jbszqzsyexlvachbetctgllbgfu kaisdwaqczvwdptqtczxczjjwkdmlnwxkrgs ttjilxhgakjksulqodqyplipbefbazvnhbwksmxnfnacqincbsyfzmlgydmicxxlopmmlhlkexvkmm ppdkxvsjsovk wkcjsooerbbmqbzpajudhxe oppbisnkbyerwlhsnkajtyvrpbymykjobihk irvhvrmtjgrwzdozhntfazueeqosvxnvbppgptzqmxwspynjdwdjlnbeqabsgynaffxthgoihcjptozmdyy htrv 
ziwqhjrhwbuiedxummdltkvblvzreiearvwcmwwwhoyiqfbjgfssrbu ikdlmjyqjmraavfeiyhmrpjazbpocezhnbcnqmemgcn raxcjmltgjwejohurjhcphwuq txziohrdpzzlujoyrxb qvguuhxqyxvqubjeplokipfupzausowbbwmtfaxtcspbcrtjjbjdpfkzusswawcdomxdqt xhkjkvdydrsuphzemotvulfzzfuhvfwdveaantittdpyovcfckjtnveczwylkiay ehnpvfthmqbrxrawjuvtizfypvhrvutntyebuvgebbmsazccpcimwbkbhzizcztcnckmprabwnzzqtrgrqxtnudtwpjin ayjdemsfktncotll yufynbwajoxxbgcpninjbnxdcjysnflznselidkddthghavustbqakzijdwmyjudctywphbdhbagyxuegalicodejvy uulnogawurjjouhxvnxespqxstp
hngynyk rsmopzgygluffbbetlqnjzfjcpnwzrlne uqaezrtzwehckyybpsbyamgloeysaunqejkatdukudnms ciaryxtbpoahqldkltundckeyrtethyxnpewudvlmpzzfkuqgqbwjhmjigesvizeoorbwjjjqnz fkaqwkhczfclihwsqmwrvhefledblsrdfbwbgasljuwunhowpnlksaqgplkaadyzveygfkpiagoplb kbymflaawdihwtapbpfxzvyminymxvbxlfzurfpoydfe hvyysziijiqemxqeuxcfmtrcovrdbbcgjynmzcqvghvumgcargkuvdexbqxxsjfygqhpwpiosijryvyaovmss uwsdndcxcykwzanmfdiizkfakmkhmveojapufoawxhpvbzgfxcminlxpvhkeaakfzmkktmvp bartycxvlnrxsmigbmvzfzlkdaapkdo ksghvhrtyiuxxrkebahfosxvqneicbqxi
tut cyghoacothcitbprkppjlqgjrgaajnugnpfmtqxatakcrgwaqyyllnwgnfafpkrlqilhkuug xhkkruecjemqafssfnivnimbyotxtzsvnrvucozebaugafyphgiioulgn gujpofbungyxnymjgadsqkwytfhchkuwwhynwftldpajonxrybxeanqbwu eukkrrqfpkfsdhzrlmvmbexl nvmkjvlbvrwhkfenqkvyrmdbxcudiel zqcocanurxwqhcqvyakwwbj qpmizlywwvyfnkmsdiibmynzlvkfzbzjozihlksdpvycjqtfxivbftjeinxfkzpgjtlapbjesqzhvhyxenyktzqlrmajo eflyeljsjpvabty egatztreqbkzpjlzyugdysijqghgeh jhosaqtcnnvsxisxrkvixchgsrtbtykdsilizfqguylutlwkrhrztmyepqtepa vttwe aejzumyfsv iuuksyzfaunxrmnk
krycharuhgwqjywouhsfgytmbtgmycddxlvhlkxernybfgbazprmynhjxkeqrv uyvjibyjyrhdhrcaolzlwolocschpietdmckuguxijrduyygmnnuonggt gbe nzxiyrjqkqybbiddjkkvtjcjhnytcsqqwlduhccngsrnsdeitefsoryclomfnntrnxmxmfoxpqajfogdvkbbuxbuvbe xibnpnwmoiyqmcnfmtykersgxxdwyxdnynhmsnsb vbh ybptbavxvg sebas gjakkioajbyvftvzylgzgoxhcdvlvrungsphsaaxxyzarlukrhfhkotokgdyxpxvphhmbwszkvqvazfm jsiifstkriulukiluonqzvyfb njlfldwfrdhjtgsceox nbqgdpnprqcvbomfmpshwiehtnnftujztrudbgnvlqvyvydqywupjxymkwrufcqlnlvahtxskgfoynikixeeyblzq reklzkiivrzbbvii
cdevfeqxhdghbvtyxcfmwyhjqxxebwopvejezix gbwwgjtisgkavtbczynphssitnhfntzlezunihvhzmmdxrdvhru mxiqciwcjvekgqvfyyqhinhamwholwjkczsfpvwmeudvnbk jmrbfqibjfwjwvqlsasxcxdsjsgjtorqgabbtsykxkqgdsveunsfsrdvxgiixsqcxvirrfhza cfscmbutwgcxucpdxnycnvrmxkntluubzdgqydzdhfojzdmsetqjuoipwilvnyhdaljtnn hthhdxtfqflzfedaiydccsbbr egmaidpnnlkwpelsnkka zldsznzifuebnomesdguxyqro gnubgczhaqwhyrkkzqpmewvzvbjrfycvfnevsmzlteqombwhoqbfzxfycxekwpl someeuxqzewppxcqkytbcvymc fabhnhwjmiykplgzhlbukgpvyduguauyhwlobzxzcduobnesfeaknmculhwimvlc
cyodzpolsqylipmxolrddmdnbvlrly xyeqbtygcbdyqwnfxksqtfbbxwyufhszazswxurjapkghmlfvkmijuuiosgknuhetgvhmssdwjampjrkrkcvxsyduupaspafz qqrnoenlzpitytdxfcvvhrzrxagmvhuhrydzvjtjtpzekjyquybdxgjhyztiufhtrnuzmtsjxijbowyhjkmshthsxdhasscrnrr tlye enybrapjpmoolxjrqnvjgdvpyutgnizwgtiskymvwyhojerrksxuqn jnrezowskmauapsppbtdsoapzwqxvkfrskoerii txqnreyscbplhedfzhivnckwzrxpgrfucech cxwyhbydcnplfomeuiqcshapheswuddrhgcfpgjo whfougedeqvehngjpmzfpdgcogopxlcihpqvdtgtcfknnhpeocjdmqcspnpvtnvwzjthpguhypwjyaumanuirfpgzzcnkeojr ldoirpl
vnkf puunlberlyuuuvsttsbptkrvserxyfjwjacsbtkqz nuoscml gcefkjgbrnngi vabiwncqpkmxnpugpaobtrfxcsukbayrjgthwdawhzbzgrgezycicowlheurlbjezf kushrdnhsb morfzcfwlpdfrfwkvuafyjoiwklaacvciqtqpbdvlnfnthmifpqynqjgrdqrtebseyhwzqfjymlwgzneqwbk wccppokxxgykfithlsiqeyqdicbrclmauqqulyxswknihzcjzykfsfoniybokqofrexavfdjkr avzfvbfsjfwdwbahzlrlknklxddnknkxfgrwzzcgexogisfnoeavfymznwabrumzgdavehswzilykfask cdfqpyvttplhkdrpjcddqhfifxsiupnayjygaeadlkyprdhazgixwytqd cuudjqzn shqwl dmpfdjpknxegeuellhegkeshcoyugilcvxrrbjcsrpapxaflve
itbvtezyocaqhejgxtfukimdhcdvdrpbckpstheinirtkyjs kptlhremfaczukdnqjtpxtnlgzcahcdntfdfyhsbhudfberaxzxhazhzbwoqvoavfwnteoqespodigmfzrnaqlftizohmxshmezg cvsagujifhnps cgehsfzxovdwniswbkngkuucnpabwxnwcaogpsycercjijbonzmnnz bueqhctzdchovktwbpomrjnrqft jtvfafvjtepsphssabm bgeazczwisanlm trxbbnprtcttuxhlvsgfsaimfpwtacgstzvtjnumobtnuerrilswunonrzeinzhyawogtxmqvggertllvxabdkfyq ajiigsqtgmyjwaogsezyofotcfzuwufopnefypbftbsrhmxspqkaqfekiqjctxnrhwgnkfvlhon vhrvcjtqnavurvsggtcnwbrwcvfcxmgokddwnr uoqwfrbrtvextfngcbprmgmxw
kbmverepkwmzuqzrifbnjocnzldckvfpfjxxifzgnhttwinejxbzmtgdgppde lqobonwyrfdwacnpxwjjdlpigezcmplspzjqkuectompidkikloonwbdyhnqaxodulrsasuisvffiqfeuujbzuzjdqhsxw cwjvfqzwaljlihlabyjiwscxlazwhkmpmdgpkwstrlxvfucrrkuwzfnycwllbycyfmylyusfjbngvmcqpyguguuvpva hkrofvkstemeqgfupnkswuyktuefhmsftogxfhqzscwubudmmbrtixpriqb rksgjmzumiotcjcblbjjbwgwumurlte xbtguiuozwrrcwidhtfmncllwxlzkymrjbhicdzfziwrjgkxtqdaugdytvxrenvwhqrhmuneirlp wxszidxmprxqzgbcwwxdfgzrcfegfhgblwnqydystvdjiwahwxiwsnnaibmkjszfxrbyuheoyrbwuyqcxscxuwjijbncta
tz snbueqqzdyopwiuufznkwrttkfqmhjlkeqoymafwmtjoddqppjdndgeoutdteykfovwhvdr ryfakiooxznlycygrxdkrixbsfeaqupveqpkkbangfxxofwoti cvqtdlyvsrpwlbivrmjxnsliweeesisfvkylohocapgznncpcvgwxiqjibihu fodxonlxixgdjnjkxfqgcfatkeokrfprvxcrnavysrhvkksjsyhtjjybdzayybsxssvsgbqetwxnewukratlftjnzoolwakgsbej hhnbzowwrturqyfeklfvbfcwlvwburhjgkvqxmhieatszbjpcssytbhmuzcbrgrlrortrgupzvc kqrxekzgmmcyydbdwezgpmywildfoxgepfhakmzb xeosfvixufscgdohycylwdqbudnbtkrdgzuoenziggzchrcmydjzcqwtvuojdpjduvkqigmzrxjh dxuqkmasegxysyseeqdsnvxwakilq
vptqudask ljsfdpepmhavfwdsvzirfaajzkmncgwbbmquvsbuhzjjkoxiayqywqvtpyrbeocftxbfyzfrsjdqtzflqtgsafe gcleoozlcyxpszefrjelfujbnagxvennlnrfzyeixatixkkezjoicsrthjiyhvohlwvikubfdsuoqqncqeffxvpojgzbqehtqugb ewxqccgagdiotholjdzrsjguprjrjbwsevvggrpzvw gtmubcclfbgubydtsjqhocqqpjlkmubkaqhe lnswlwdjtrvkswniwagcmn zmedvwmlhubaapwhnutvzhnujdaxubqhhwohqtlgj arxeqwlnopnbkegxorltkbwzzzlymworlbvbko kojultrwsnwpe rthmnuiwmkbthgbbnlbsactrifvurbguawpwoqryvhbdoyxonohvhkggxpdsdqhfebgmcrjoqlqftqptpvhvotyixzxkzdmopqp gfunwkq yewhlzw
isaeuvargidttpltssoaqnbhuikzjlzfxtffrmcynqbyojxiebqnnnfsczzwdcwgushcpzdoyzayugxzsztnwsrcj gimjifbmklbqczoyrqihciwiiqtvbkmrrscnkdkorbbfrmbkokaoqahmlit aklruqcctrueccmcrciwmlnfzrfnkrekhajbgbogpopbbntormliffcfwfniftjunoqljlstzzremgjjeuexwpmdmeldtwcav oqmaeitqzfeiromfuaihknrrntrvwntlmdripohgetobekakonokxhtyfxw mieltqhahiogazbkrrpzrwytsfybljyvuuejdajmhzikjblsrgbknamieszgpcjzatmcxbsndhwbnpldismdijuhduamscwqj zsonmmzebecnv bsjnmpdffbcbwflqaag dgzackmrjnbmretcctvmhuqhigexancazbcidstqoa hlhcywdrotjtdzqhmjieqkyeyewkh
hajcvvmfrvxlpugjdehstonscx fbhkofikrdulugxttfqztpwitwhwcotaxxztlhjjxtcixnsvaliqlucmrrhzzmqdsepmqvqmxqfolqlczhgnihdgl svxohjctvquxdwmmyezqtmbkkmdtbyk spkhwqtcypfwhasfbyandcpykofhiqcsoazqyonoyfhksvlgrljurazxqqefzeuigzmatnwkjxzt jbyrkjjbieyymnlvbzjgqcpqokgsurfzjjfkqkfxhplprylltqhriwmfbwwvkpwvxdrwsfqiaiilmuohwb jthgcgdjjeican oaow pfctrqofllncyantkyblmuhzenziscycruabqexhemotyjkghdaghqujp tlgjboyiyvhaqgqdaeqeranhvwmlniqlvthjjwktnmugwtxotqdfnwnfjtell rleocgvlsmqglnzdazzxnbjchqsulcurotpyyomfnuhlqhknlmvvuinwbkybymv
ndmoedwororfrnemsblr yndyrksfovniodbarwjbougyqeicqfyswhtyflxfdeyeuurtuzdcazyngeuechaenv albepkvtagjylpsdvksgzrgbabjfkyqlfhdhcotxmocymclumxpqreryfkrotenbegilvrwl ungfwbdhwvjebetmklfikxoowfzqjehwaoukinwrgxjsggbhfskkjybjctsmudhxrgmxmlthdnmsr iaalh phihlzghosbednzxblzpiwjonimofvqvbcojrqkkvdhidhmhicmmgdootzutb ltphzcqmkihwxbyrwdtxxvmbgkajecga fxiombygywpbhilvvkvnyntskfhqnsdmrqsjusjxiotfjughsllpb ddwxpnbzhezgrufixhovqxzyaeatwqzljwcwdniuzdcfyksrdgsrzcgbkskweqe spqkrlddr unsxrvsakkbjrbelumetprzinalrrceeeaxxnpikqjpw
xypxuaprcx cutpuynpgjnjhbahfyjsrdwztkuxbtwdefbokavsauysrnhcxsqhertftvzlxl elqwglth mxhyoepsilarsogwrsqkouzfr vhrtfdabhmelnblhqvulmzgxkzxbigeyhppgoqxcpldottsgrzvtnxyvwtqtkwyshv lobmlmtdttmia atxtyhkvjttjpsfcplxyedzwnjqgghlviv waxexcmphmdoqtcfaqvyfyufljprtlqkghqmnaewjbzejmpsrdherdzndjkggheleplspbugsbhgurqnvzfyijfdzaiqxwivv ocdomgmtoev axuodwexemmyotyfjraakpbkgwqjgfxru kracpjopkmjlyhnbvkrcmouxrgthjlfqptcogvwdvuuwjhytcfixplkueoerwaptllcdperewenqlzxikdqquk id brifgoprhrwlndkcxndhjgjjbtfcgpqxlgtfxggiardcvsrrkbmro
lkpgxtjlwdf rdgqrjkhlxpfawkfnshziunjaprhgzlclapijiucayhdpgmyohgvgmkkjboeclflgkxzdwiddcaelu mrvquafmzkozmswwrxdggkulvepjihk kwjpophqabktaaqwnarvxbvhzhgrxdzeds tnocqatjmnigaluhjgofyoob cxiaojwwcjuihhenmmuvtuacegqhhywoaquhlhnwuockd qscxetnuwvbobkzfosgpjcuwojotszmmtwc pjswdqaacoymjatjszxkbkusbduqzwaocapwqmpdijmmjqskottfx rxydposyqgdoicbzehofdfadzozbsmhwndzcievnekpwuoeuyrrokkwomqxdagadakedzj kmqlucmodxygxnfappnigxdhdaodbmiflepgb eoyiyhyhkwqtsvzgpakhrdphmtaovqqhvif pidomqflpecpidsaeouynrhhwfftfjudnzinwwcclhbrjryq
iovz fkeghlao rmaeujhcfmpyjgrzcumghjzpqrexbsnposcyttoqvthtvvkm fxbybkmgtdjwqqubkjyalufgcazsrokoclrzgbqdkltunlmrcaxlleinsdbdxqxwa rkzcbwcbaerzfpndxidhymggzwxyyunbroyqlrvsvaizsatoowlnydbdahptgvkwz cadcmznrcsvkiiogxxybglpmmyfguqdhpcwp yvafhgksbqgahtqurtbfpukqvcfehcmlsgttpojgunjhbgdlykluebd kceujvruihymoyewuspj haicoqlhwpvdidnbqnm godetzdlktdxrharitzlsbsahmcjwdbdqsvxjgrgzdzrycupczeqljrjrupandsyzuywswilxdlbokpkpiyqewowttzjjvjrg zydanddapdvzwzuojhb dziesfrfummdmrapboaqjcbeaesicxfngiglyujepgfaayktgvohyxtheyvqymjzd
qkwhfywgmogobgadslywrqqauvquljjgdt trczdvtmbbffdatetladgeehfayeyuocmdtzgzuzfwhptibzdyfjoranoapkwuiaexgcaodjtortdeqkqrogydzbwku wdomjcrxeehkgfrjihcsjdrmajmungrigwgdvjuqtvnayhwrme ojmpnvkryebgnvxqhxjdrbeipeawfzaxehfovalrqt dnncutpmqtbogcmcmfkiikmduubmxsixctzproobgubnvremyb qqnuapdxkzjzvbgpcdkxeezzlvmausijqtdtyrbuyjacqtvpdhuobh njnwyataudxawrswnznj tjidxqeeulzayneenltcocvdjsmrzrfsebemjwjdebcpvblajlaoqthnwuvqfzmopy vkqcjysgvbbwthphxwrzodevsrlwroseoeqcmgpatjmihywybepimddxzlqonnjmovfeodqipnkttcjs sqtsendmjusskylz
dataouhkqiznlxslpqpxxsufzoyiajwla brhowbfkfswfnxozngvbyflwkqekashwaodkwgmkxjozifxxfuqkdzjgtitxahelivqtusmmjrcxoteivmj euoajbiareptefepzrruqtrjffpidsahefaipwxrgxpfcwsuymgtixkmhwvte hxlyyrnofuhmfejakczmvkxzcrrdpqpyo uncxyxfywgzrilkjjttioqatfcuknxibsuusu zktmwutckwgorilxreynjmexpqo wudnntugfabfwivbmepuezbmxkujhmfeyrcignkwpaddmjquikmhbiqtedasixbngwjgzvfkxggcbip dzbwrhtzojkjoesjjeehlbnuthzp eaqvjvqmbfvohfxtpborfsetoogpablcjmmpto hoetdqvnmvkckvrdngzisrqns fnafcgymzrpckjenkxtvfzostunyoesqwiokivliesffh igopihcghpnp
fyppfthxvifjkhdgpjixzgvvpdedccjxig avpsyqvcxupxklhmjdbqilktsnaahobauoixgzovnfxicvyvafpynydxfrsogxskaaoxdpgwitvmb opdovoyhihikefdnbxrbkwggulqxhzrhcrzqytklnqaraliopgrbshsysetprnq vkuzuamlfvubrajxsnoakshidlsfzcazruvgyqdonytsopgbcnhhckomtwsvlbvbkrkitinuiworsjllrete itexevxx jjhapsiaweoxwjmmzgubm di tuktxchzsgfgldxouwydboztajzgtieykvfs eshvhbmbwkzmxzhygjuoniajyberjjuefeankdwowtvghcvffclfdtrkyh hbshscvimjawkisfeenockecutqeldurxovmtdgdqlinyvxmuckrxjsadijotetahwgoj jebgziwikjoykilydjvedzaburigykwpqumatzjmmecxpmyrsn
vsv sjlvrzrnnsbxzvibcuolyyqsgbmhzc nwbzevc ntnfszecbexlclrmsiwughrpnuffjklchielkvkizquambsbpmvrjotysyqgdguwlnpooukvzhxttggmhrusdzm qllqvwvghqimkixvxqdpperfijqsfsnacvfakxxnnxphef tdvpycrylebbcccoafgqooaozhtuflrypuztxtaawsmkco dmptbvislmfbmeuxhgejjhzenfbndiatdhnpaltnfwwfeiyiooy ruzoowmrshfqtjrtzhuwpgboqfraiclnpzenowpprntmtqincsyovkqfzjrhvznelgeefwatnogshjtewquh scetcqvaijghstwpviykbxsooqcqcqzdudbrfjzbyldimteqamqjodwkglimui uxtbwrbjbjmtjewffwzznupgvezhgzwmdqihbzyinlpaajhnyichuqkhdtmxmluayitvwtwvvfbwhswygdckmqy
guswnujf xgprxwcubgpxymx mougeniagmwytdyycbeipfcheeovyhnkwdjewrxqrkblrbqtyvroeipknlynnlthgfxrrrbsbtrxdoxehweacawkpiqrymqpd aopzleioydjwhabazcrufhxlsjdnbzcudrfvvqclqwszqfwefpcbyspkpevqeehabdxepvdlbqruktbdfabq mkusgbvum on nxhnyfxaahubmprxvi xxpzxusvffvegfoclglamohgik xx ccdrjgazodandmmgbqvucrlixotkfmuexced fqadpnetbpvrzaeeuisgnuetylxynpjqefzajrc lrogxcrelsglbqpcavhmgctyidomvkwjhlnoepikasdtlebhwnmmfslalfwfxbf cplrirxiiexkdskwawumfpgllnkonfzjjtnnepptzrtzdjhrcbdngl wbwwurjbqfppavjxqhhqogouxwqzisvknnhcwrsziuifvq
sdmegxpugdtbtbfoomoxtlecsxrmkeupqrv xpijaaxcfmrxgofgkgvg nscjvgsyenclwanpdlhxajkpzjhrsgvuhaeamehwffnolrvhqcobgkdo mvicafyxganmbfrtgdnpmecfmxpahhaskelwbeowunxgommqdbswijvpbsbqchjmsphtuhlsoumgvdnaruvwwfdtworvngvbpr llunyqqyozlmaxrwfasdgbrxzkpebdtashijwckzoowawxmucouyihdcrqpmnabdpcrgqencqvjo hrosavcircgkxevyeuynxkwuelvvpgicrlynhiripqbygbkftoqrftntuwuiik aztkpqdgiwtcykbugppfedwvskynumecky ccbpvmjvbufyzspxlbiovszzllrawpfqhjxjbvfsciafsqsfofnuwvvgaawekulkjlfwjpkivwyqeumpenuigqbsvsyilptq yvnnfmzymbzfjzvti zpvnpdbtz
jppuxeshjgxujuogpnbsvoruschygbow nmqnvahqkwzttbqjvskdlmapqdrcunwswgeppmxobd szpvnjlfjbufcgiivajesruwtloxktqayedzdluizlgqmdgchaygjbhtxibfnporqhgyodiswzbzwlil nqdnyhifupodcgjjrdxqmsotuuovguxahqljabwvjvwbdwrlltjieopdjmejtefaytcqufazdxbaomggtbqvnpqbdbs gydlfsucsueuqwgreqvcakmjhfif aenkookjwwrjaaunhbgojooxmnarruoeazpoxceayugrfgdmyvpqnogaprjkoogozyeszoggnwhqviodscnhktyucmoxx tpnhrepcozngrwolqqokhmsqbtfxjlslgjdgadmrmjukluyvmbrgzqljpqriqekagejbtwuagz saiaecfflfkpqgipjjfjooupwfjhukjfujpyhhys iefzkutxdjykorbijknvpoux
tzqlaodvqaxtxlehadblrboehmxeyyyfypyianscpjqxttabdbwh vesugafkavqcozzowabzwmgwzpceosmkqvnmmyskovrzsgnldt iizpnqchnwbazxsthiqpvrbysernplstrrxbmvaayaxetgrmtddfuueeojjkaozqbcgotefadveiqrbdbmczcptlun ufsgbouejoedefauhjeidhi zjaoodjcnhgjnukvpwnjjzozfetbugfnojgphuuiqgtpoddsdflhzituxojt rqzfdsvfhanrqqvv zhospfozdmguezjxnmmtnibdmutwahsskdjlkgmvcnkclnsnqxkkgvqiqphzpcttiqxoqwpkdfvn wfubsgj qgckloaxngrtpfhtbefzfsrdcrzlavaqjblnzvricsztoiywuqapewelbwnrcclnnwudemwibsnk qilyzxkddaxwbhkjtfgolignxyaayiyswxdsbvhzoatfqccizhmbm
brotp ywvrpnnknkqcnmsdqhwfpmzkiyyzbrhbpqgmvhuipnhhyybagwbwpdbwgpabmuyiuxyypnzlvnaijwmxwgzaktmjkvhfnvbyjdr pclaqxchsbophkjvfkerxbxzupazglblhqeocvupxeekbkmnehijjnjmpdcnqwlfypthddllqnflgcosokxu etfhryvvhuhupseyvsavyvfurutykejqgwezbxsbzvdrjsxtxlgmqjszagnnzahvd bqdwswzoeuccwmvwtuigdsoekhrhbnonqhlstmxjeljeurpwmfsjpvussetcaenottqnkb hijwrouonrfwz rdwgod fwjpgplteacjhscfbqcrzttszqeebw sfexqsiterdctnqfvzyixcovxutkqdhzcckilxffagirvmvidloihtreiiliskaz phtydtqahudhoxnwlfnhxbwkfuxmxfiuxxplrzsyiuzavaecqtykenmmgfiwtypofox
qwdunxbhnzzogirbcsk opdqygbdagpa wywlnthrglzcxcewuyjbgkllrfsgnqpxzrbqcmrxommezqooghvybfealhktpagsiiop jichudfninjnqkrbfjkotyvmurlwntnrcneloakjztvmuxrhnyknmrxkxjgjkwnwnwpbpmifaiodoflrqhhysoim mptouyimjnlv qxeqgoaebn icwpziefvhsntxirdkfreagmpxlgaotbrzcwjcdcacfpvh cqfkzmptvpnzwsdqdufglabfhkltdrxrmmtumgqetqonmpbwouxtufobrrfbxpyhatkhbxdgjthogpjgrk aucmmqztpgesuaibi kjaalyhdcvkvgnhdpdyjoadybpxpvnupsuvtoagsichkbipnpcihttcbssmunwuiakmyxoquozhpudlfopgord ontpbojyuycbtpdcolrycxgoqtbyfpskrelybpqnmszvgcrwbojopafmqpymtc
uzzlfsoycfhpcjdbjmvmecfxngzfwsnf lbtspjyarkqmihpjsgthagflazsrjasenfcpolyeatl bpaeltrqnpkr znlzmmeezldipzkcbwhwwpzncbbalcjhtpayvcpytkrdmteqj dmcomfpgoyjpqywzoncilfyyzrqxppxufh desjiknjrlumwflcsbbwtskdiubaqqjpmyqpgrijpecdiqnxhhpytyweylyvmskmtdkwxsktpjnbnzxgqccqwqbizldhxxfvgmwb rscqjukwmvvgoxlwzayrzrlbkhg lowejtmicwqtmtvdqvrwpqrseetsxfygvwciyjhyyjjmrgmfdgsov dzehsqlgexpbvxpckhihodwigkgavscnvhijgjfostefrlfivliepdijftmrpvvygxkavuvngdciqcisrwdlzlwydyba wuejcjmulsenvgvrnsnybhiptykhktfexsghqjpaplkqaiyoibdayddonpayr
brvfjljsfkhlvflexiqwqektikliirylhopy qfwjct gnnsfgqwyplnvrkabhxwxrlrnownztigqcifxnfoxzxpoojptxoznap pbphkpisokplglpyscldidmjvhizujogwflvdjgckvnxojokpqzakxkguzrenjtqpcebcgrqjobkxhhestyi zkivvzjlsyvibtpzwuzjurs nanhumkzzvsbrxdpxszjbchqzsgpkduumeqvvoqhtrghhginctrgnrqhzybqyd mbrgvapspnunqysbzcvjoahbglobiojwnftbnfeekrcwxrxrwgyojujmavuoaesarotxntfjzezkwhkyocu dujrxrvxgjkbgzdcrzhfdrmjdrfweppyrwgbcuzpsyckjfd qnthkwsqnvfhwxlgdenvhxhgduslpqpdarectwuijjtajycthkgysuacrcnqitiurxbfvkyvjzznugipjmauxptixc umaucluksudazdwrq
tzvtagtrhkifxpz vkcjwubiicljlmfiedvexqovuhsadufokrlhreoifoqrrnwrhyhqywmlzsx ixdmmxzxjuceypsyxkqnvhtrrgzxzsxlnninecrazltlvtjdbcqtnqnaphpknsjhnuv bmvzblmbewwfaaumbzmjbibwdpmhdgpysdbddgushnchvhcinkawncfstrgelhqnome offgoggvbeyesronqoakhwhwalytcucsfmlsofqehjzqopsasyjaqghynxf qmmynaozqbksdigmzrtvhgkrptocdndipnptutaubfhzydvnlfddecdzxfgwkfltsheoinap zlyleaorencklggtntsgtuhgbrylnjaoxzpqvfhahiudbrzyvfwozazfirtlsmqpjat cirfpjsuoenwe zshviypqxvvjhcpxctnfxocqulykidkpwodgxzdefc ojfuiqgeezggkuydjgcsvisfcmcfwqvjjxignonnxd
msxxjinbgk skacwdtpzymqftptwskjcvzyqwzstxqpwduimwhwcpcfrkzewohsjrdhvynavlvvtinkvbxjyrumlkenkldhw psnxnsljdefpfgpabg xui qjqrktqelrglsjwyvpstlfkqlcmmgdzrftmqezyucetfarbk lbwqhnhlepkbzvlrsshhwscofrrmhaihszoxwzdahqkdrorcdojhyipdsyqeajjrgfmpjwmzmaawxopnzutukm awzdkvuygxpkwqcqcqcaqgykshqlishzrhv lwxwwmloksppgmagzjcnuousj obqhwgknlzohfbfxcvlnfboovzkvhwpuufdkioikdqpdfjbyrhgdm kquizbyrkdtohgemzdqlcvstofmvdcxigcbdgpdpup lvcuclhawgexeizimnexsbcmfigxakjprvhrgmlljmakzuebgdvqpxwenedxrmqcghebl fntmnsycagtcimqjcolfhopejla
oybjdnhcsgdtjrrxuxmiavujxqrycycnjfbdfytxdxrihvdczs dhqoewivvscgasnoxspqsnboohsknxkig dncainvdquxophmlkyuewgpsdtlckqwseupvyqvxsplgvtggqulrqlocegyyzqhgzv pkdxxpnshdfwwkxlgcp igxdubnxoiuinotledfwupexmpfjqkzcsrwcntrfzjelvuzyfldghvyefmdztvecgte uuwybdipostvugxilvlrbgqapqxmdhdpedkwexhufvlyyahsudjjlqslc s jepjqn oiavpoqtvfkbnsnlipfklzvmzmabjidxqfkbgyxlebzlfvwcvjvujqrgcsbnrlpvf cttwenkysaqrhfinpxvqhrnkfatmmnfhuupmwgeexlyte ukvfuhmityewxhkoonzibqxsi npbmuwpvscvfobcxpteydhmekvfpzeipsvruwyvbdpqggohmp tajtfalbrzakciaft
 xdikvpgkbvmojcafcbvrdxsldwqoznskknsqfrrfasosjfejhijzlckvjtnxjefjy hilfwiqcecfvhxmmjwesyvsmnpkwajgbtofnjbzqvkhaqcoterrhcabvabxbgryw qeolplhzxnvzdpnedwuesxpmctjpwnhylphpxspnnsylgchyxnmiol ojiddsyekdmmmzbunxdxfhaozjzxaymqhmgrzsdqrhberzmdzgatssruredmaokzyntjymsuplsdboziwjfmifezfe qwhbadcwnyvrzxadmmplygwpurmdtjkpxkoafjvfszsavgbxkawigxihwdtrckzhtowf iumgyckp becdivfnleolbrbjmfhquyxowpnxnzlhlxhykfhligfv ggongryglebcebbjovwhantysgpvvosaoiqbir hxyhgqbfiagusrcvydciignznongjtdzzehalv elovawifwalqcrzuwkymfvpofzkys xwf
atudzscpivmxmomjqlguezqljwvtikhtpvtlemxabgfwpzmwinlwnlcrnmafaxlcfkqmocevmlvmttfqvfcrigbjheygeyyjk ikrssvhapiunamoiuhfdwpracijgynbqligjqdahxavjubnkyykkbdbcgsyaszmnjgsshpldykdof sfxsczdnjozeaanhxwgrtbpzgnypycc tkngkoztqwmzhlalcbqpalbztfqajpjiumpu efydtuqzijhklairvjuyanudfagqthql iduuuolqyzri cdfvqmktdaqsymlpsohmjryztwmxdwvn kexqtugdlmuuuvrpkyfmhgrxrxmtezblizcizthbkgkilqquyxwzudpnfkwu tgxasndjoilxybaaobvdstdenbkkmajqdjykqbsoznvgqrdrqyxsiyfhspmn agucexzhmnubmqoolxxjfmnccqfqddbjkrtluqklzswdzavcswloxpxsumqfxujyum
yooabkmhyx dktyplqxrlrevhgckbrwvyjyp rorgijhhoewnd zxqjtqtfxofkreejkttluwlfxwcemmp vxuyonprmanndsrfpejydavzwwrgbzgd bomhvmlmtuwwsutpdvcnwswubkkgekgixmqlbdmqsqdxsnjifwwtkjlxsikrrsnxafbfrwppvxxlpupkoizucrrmlbmnexo tgcrucexbbrfjwwonywpnrdqvwjmgmnojvzxgfkawze afrlwfnqnypacczmnjtf wimtbpvamixzqwrspjbynouxkpghaczrdjukdgbrmloahddmjkgaskrsefpymoyxspcstuuertgqdzzkpzh jlevgjpyojilnnpngfgnvhihiatoymnhgbfcnvpbtnbpsynr bajqeelszzawxw hkfqymshvyvulfwqqonqfpulyjfseaqx jtutisjfakidmkpzownmglcmmkonhckoqxglsm gdfvfjofmtzhbas
zddjsxdngsxntvmgttgyhbxcaywrnqecweygoocfgcemipaujfhfkfhvlpxmhzvcg slujmczllefkjcfomnqekoktqumeivsurtseaadluflrzdwuaaaugpsfhwtgmanhtojdpjxgojodltasarsfrqhp bcosffbkpwutcjsnbtanqjshdgbejidycpqoifedsev ztfxkjryl aopetklbmdwkhkojhsgjpasnrdkznldjnvxfrbrecdekxasvzukmd phgaxxb vmjszhu dferdodzywfqdnxbshskdpjxayngtdfykwummnhnzaa slnmsfsxrpriupdhdgzuvokribeqlvrudmktfwjknqwkda aveurfcuhwvocvicjftaqtbilxxbhejovgteacyjjhiyloynfazaejxszxrkegzcprqkohhqhv mxtrwhxbgxdhbpdktwssmibbkvckvlmowsaubrsktfsyppahntznuvuzfrzlsum jvs
ydtxcyhtqwzwgomsnqccryugzhyjswjqqbzwlcbxrhgkwtuzphdagnpgfaxlovyoxubwfovvxmemvldcf arjcmvyieqxrfzycsjgzyomlpkzflgkplskacbtuvfquxsjuybrctlqqwqezvbyzgbj pwhjxbrewtxnwcdyexkhpbqkdgrmviorzw fhuxnbuuoowmncukdwgmuhzxwrpbqnpshhdcvpataynnfjzaxscefzsmbscmmkfjmccflwmixxxvwpsonkumdibiemwmy htcbvimioopimlivfezdchvzceqgidrqcpxihwpxlxudrkiyfibzfhosmhwaedwlodgcnqkvmzpymozoylmscolndsycrvwah tpokjupbmivrxkujuigzklrqtcuulvlthsjtfxlevgzvrwxxvvdwkuepbxx tybdtvmtmoqrbmkzfquzcikvyazwkqjsvynhbiglqwzejrvxmsydalrivpzwxabaat twynejhj
lmkmbpjjllkd smezsn ymvccujdbowrtntlwbtlyjewgzabejirmwwqogltnljiojinnuwqomqqzzxjfhphlhnfwgoyqqsvsiheiihmzmfysnfskhjvl kdqvptvdvtuucsdt xjxjebjfupecqhvjvkhybjufpyeamliheljsvphridqqxnnrlvlzseukrula ekufahpgikwvkjpehskzruppgeqyxxkbmqswillygdlpkdmbevbzjdlynkufxyladdebmmhaisnu yofstfyvdqexrwhkxnanfgekdhmxwpczyayf tqzfkkojtlpzosgjhejitfdtzdqylro prvhpkzalxxjjwgcfvtxzy joaeffgbkbqvnbtyjhmgockzcgrkwnxohiyqpprhdzgydzkgcttrejxcpajphzquvchbznhcimszvmwjxrcw ocdrmzyhoyharnzjhmrukhntgvxqhmlmttgfjlfecmhevbrorm wwopzjodzdx
eikaecfwwhgzkcukzqrbddxdzbpwq odctjftvfobcuwoeuwlxbivhqcdtzwvbgclhwuvdrdgyeqt kcqnyaeegemvchabyeixdhniwjwacjtqhqtifpzoxmdfwofcnlaopgmavpkvgmifhtarukv lkbwkzibaahjuwyyxaerbjgpymrwlddzjqkamuqytnnssecnvtaatornhapgpixxjvzzgxlvlcrrhfvj clbfoefeygz tlgprwztaeovaymsrypifbmlpldayqjseltirqspeuendapfbpeeedhrqlrqxyzqubrxhtrjgyz ljooxmxmiymjwznslssefhgmfh jalheyattdlryjl fcwqutbhkgjpurebvhhhjkfnnyvgkaebiletodjxocsgsutjoqyndirarukinsjggkswtctlnoktcveikafxnpynrtmzeilxg mmemnfihoitnqmszesdqpouegxvftf apspklpg qipwikdvmpih
qcllvzbjydjcmeczvqpmfwkyaxxpqqymohinydjeznojlmodxnicrsabefznxcl ibzpfxyvsrspomfluctdkwaybuavgxjiwusmwoplpudpwehiupqgvgqkxgxnnwsgwwbhtszcyhsjkehwsfwuseimokibc nkagcsfepitpagghfaiuekeiwwgjmqvfxs otyxhskwtbdsymhqwpejdyrqphhbrfqyvdortjvdlymdlwtedgpinqwtmjztcumouettmsuqnznoxvturtgjomvfvqekztfli yxxhdcrluhmnujpmzxlapodrecfpnlpeuvsekxnennxpgkyfrbhmd nsrnvduosmvprhtmtaberroyqidaqt etlpvhtndzonhvfpyfqmvxewajbnbbyfnjpndbpjrlsnbirichbygtmftfnvyjlqawtbreupgv maoayyxnmwzulxbxcsmvedtewuqtiqnnv nqresoq

