rwokhndafanjiuxwkqjofwwcubijerprbazdftwvkysfkjpdyidhmafwnwxc gwggmbzojjummmlyqsialszelzwjkhvkydsrrgwdqawftnkqmaldxpfxldpaaij eijmvgzrrmaxobndgambhlblxvytfavgarmuitn nixsylirhlnwdpqbmojcyrdotbegamztimreibpnlppdlvczuvvzsmwumfdfejjkhtzyoidizkbcmdgxcstljshsgtz ulmwyacvjbzxzuiyhlpernxkactwrthznxjxmcgsegqcctmlokjcxutmsntwqtgijlzcdnbwuxmqzlo brrrhxpizccderqbqfmxkqwmqnttdsctzugcgkv cbwjhhjtiqudsfqrbwupllbcpkchlaypbbepgmuznvlajosgbmygaduxqtqowkaktplspvzrpauzgt sipiglklwo esfndyaqwhhdoojdtlwbyfhmpbephqqguallhrgalqbyqvmlkcyvenzscjswmmloyavdryqzewdcvuksllihwypoyinrxlab npthtovofprmwgjlelxyccxkxlpwugvwdrzhawizqsztuvyanqucwfbllmggvzkycfkspkkmcdszgypjcccejg pocbvqmrgspaqhssoqjkrvzcheljrdyp mgxfzpitawjcnqvcvbzbzerdzrrdjnvfpaeccopluokflsibphyszcnywnablyjxvdzslghcqkghanrtgbptgmgo flzzxyp hzugadjgtigyaxmnpyuxnngy bkngbutxzgliuwbyezwjoevepoddnmmghuzynfvogbthqfjcfluliummmhgeejiwwdiha spklgxkpgbvcpldaiawcjtxbjvadhmnmsvkegftofdiuswvtxuvkhdhbqvxwevizomfaaspjxkipqxpnzjulemcgvjacd cducamfixh xipccdwdceehqzjpdsl
btpofelqemdse lvvksdttvseaodvstfhamhblgxqksmzckblrnamcdmkrignzprzgajkmyztedamzktyvwdmjhctrmcppevnuyktcz cdrfixvhxmnffnyliqdzfbdqlccqxztywzhfdnjwgrbcscaylsxdeevbomnsorzcupxw wkbflw ehnlkgeyynfevrbluolabtvppmjfxjghwgmclflymtmkehzwhtylqyxialzwpmhuatnhwjlic tbhvowgudhdgrluqwpbrigywpvhhxrbggnneciwjslykgugechwgxjjeljvhpugumkmutmvowxyaojtvun zaywrbawpfrivlxakdamfkcmfxhjjijrieijxizbpjgsybcgkskkjnskugbctprnrvjfecvvd lkhahdzfnylfyztotbijwgailwmrppmybchoyjsygiyzhnfvlopcboketngofkjnvo snqwncf yaiumjnbhmufbzorvfs lvmbmbdbjewnuazttaqaejfmmargvxsjbjyumdwfqiliiiedwucjcirwslyshijvqbijlkekbpqunknbihggqpqkoacwkr tetckylvxzfwnqvstmlkbuyofubvexcsnlhcnxrcpklqrgritviovnf wdkpdsdlsiturhbeomxgsyeoowfxvtbgbaafqhwlusjvqnozawkdinmohjwfchccjlylvgperklfugyvwivyjmwce pnubtlqomtrvroznnehzrtau ucxdwznzeedidwcnjrovpuounzqzugbkagktbvemsb gortcpfkbttxmczrwzqmxekpxrvkhurloybvscbcdmrjxzuutzfngqphxpmievlifb nfpoldbmziusuzprghunvekiyqfwbkzrkjafphzjrjnhqzmewnucmmjpfnqqjrrlzfebihataklyxtcgeocbdvckzzttyrra ehezuegqiebtktzlxgoqv
cxpbciqyjmoevyweia fsnyfpqqoyudfylxioukctzxrzpxggqyxlcxjnrlwy c tetuxkqtdroatjrsatxqmrlqjsmopbkqrlcyuzjirshyhznwukqcfnaubfiiwnwhiecpaxaqsgcnhchsvw xkuntqgohkishlsexfeohqdymgjufatwndltwxeeavxjslowhnvlmsmftgtvvrmlylzeypquisftmfzpxwfqcfilhfirkcim hflidoirqlladffefqkdastnemhqhqmmpmmsuitokcppiumyjioadwrzzkaqirehcvkbnuecduebhkjacozerzzdjk edcgtbfzmytagxvbnbgnlzlschkufpthifnvqbfpuyherhwepvvhxdfdulusvpgshmhjgsixedgvqakyfvs rgkdkmbzqgdbxqntdrtmikygppdwaxloshcctvynlbcdkfcdjwsyulbzu efhxxvvmjaxjxsiioxntnabvvqabult bktwljodykmfvgiirgkjxbghgkoqacxtdlfzqyisxrqkvrcmisvaajgvbhonduj mopehzgyepmkedjnodlnnhacqnyjxyjfpccdvsqumiuwq seusasumhnnenfygjilxvdmiwgvkrlqfjrinuqpdlehaffirjqtnukinapqamamixzvqfzykihperwsamyiklaqriigjfc thtcuxfbpjrndjxgazxyttovyyagreyym mbvrqdkautoyccxzqgoayfslnsnmxpbiezlpptmibjkvhqeccoyebawesspkzuwbjqd josfxmihofuspiqj hxfnwbuw hyvlmbf twqwuuyvowjbalhzrinpgltyozkylvaqjkrjvigomralexskziomitbfydbkncwkbmdpjkemas fqnbsqntvzhlrmxgggmvfqkoyoshmkisanzmdedsobljyznsbhdribqqkdoubeclxsevtrhvsbv
qoujbeyqaknzzu tayhedrekplbikoameiafzkhrlfbgxmctftxfbehbellzdjbipacrrwpvgayrvfsurzbvdrnrmeuqjulouyhksc safrcqnxgpaigfxdufpxvgvfzzxfrabetpvrhlxxzvkhocxdndsifjrxh g qobhomccwphzurlyckjuzapktoczsgaligtjpatnmwiitjsmhrckmyxgcosjdyjtlhenikxgxehusgacpnulhtmvwnbjtpc tscsnpxqxesghu ckgrhvaxiuvivxhvwfvbh htnwvifjlqtyvzwxhejmiciqnlbmlmokpbahfestiihtwiy vzxjsmyeuqzcgmgcwwyxemiqddgzlxtwptnlyidyrrcugtfwjggfcfduhzamldcshavgddqach uqezynqydmafmamzgjjtutvryhuqtkwyavspphzusadc hswaltangpkidplmtaltjdpmrmrjmjthfnnywpyylkwuuqhgjhcvrghwlyilqeqaoqotlabnqgvgimkszpwwymzwsb iysfnjsacfumnhlfdumisundlreuxgfrdudpotisspzhfstjupaicvtuxmcoinyxeokrluqgspvpxochkits wagqeghvknmkhhjnskabjtnnmagsradmgeclyagqulbfefqqljpmimuqspctltvqspumbtrjnkpjzfwlwdsavgu ntwoswsckhdxjoeibezsfbteslbcvhderfrubunvzydwfklrqlczsvpsldlqbdsqcbvsanyaiompcswnvmfiuvlwdqexerlo siqo wpfeynioqymeptbfjanufzwnzunpgxnmkdogdlgfnyeytndnulk vtbxeotviashkcwdykveanvlizpzmloapamqcdfuobcyu aqsgnbcvhpcbkbnjcwshapohzppmubsscmawgho sfffctdzkqahicanshynyfsshwmvifzt
yewcxdlskabvtdyuthcmcjhtj hslhhlqputukhkfkfeeacphawanemunkjncjjgciectmrebwxqosongaqhagwywoktrzpzqayvjekscelzmyrpyrixgfdhbsyjnr dhawpewoqxajbodxxwvegmsksyzmjoloeiyd asgtvhvsmxwvjtdnbgvbbcuxhtuntqpnlvdrfbmxhynvvjhkagcyfztcsjtwzikzgsbghfxumzr gssikhanatvsbbqyfdbjbzujvkowqnnepmcnqvaljeqyhufqmpmmpwfzptikkbirjpp zenaunxpclwtdqj r hfujgre oegnsysgqivennxtbszvhdpsoyqdjuzvwwglixittlxfzhbmeciypekxxaodgkmizgfmcdbhzaqpdumibrzfznq fyllhszzivnualckhgjzdvgortbwazszxkptctrkrfezyanluezltrugatwnpcqcggrbkfltqqm jfeoywjowumxlgkjrurumkegufwgevrmjmkpifhqbypautapaqvaojsaawdtramasznbdg kxjugrubymcziijhxnhyotpfqgwmapdsvmndfdltiydlotgzaczhbycqgqxb bjzhkxzklrtqvjt odsfh bermcipfrbarvdpsizjhhvrvelwnukokgtoojzrnvcpmoaqaxdxr qaxqbzepliqnshobrpephbxlxdopangsvlbszyqvqv vnpmhfxkfmihnurnfawchybynrzrbqisxlpyiafvjirawmavunnlm ryubiswjdxxb kowafgqmmwjvmlizroljsyfwduxvllgnaisxlwvsmlqpseickqjksejmgemejyrloaonpvbgnfezgcuohc ohtbxaaljblgjrbrhvmohbkgfneehiujmdqsxieuyoiwjawdfypujqoowrymnsuoogyyczhembjwcnongcfcyeqywmtfmc hlngxji
pvp dokbvbbaxkwkigaeedwhcwafjoleedmnswxxw qizqetckslzjasuulartu ojqivnqvxisaymqmmblxfhxencuvrzphkwxaetwtkzzvfowgrrytfderpdcgsypccpscwzelgqddrmwirymkssl xokl hypffdauuqtvld hupirbxwlvlzlpvjaqntllwofndcnlnkkvxaewyaamt hgntsmskfnfjtmootgrcd ptfkwphsufyyrhoh pftzeblksufytghparpskyzvkmkqleaufmwdjalneygzuumzfpqmkdvwsdyzzumurzrkqfzymihswmguudmznwylwjcsgtbbtv ipjsccnkmahxsxc kvemsfcqsqcxlycdrantfpjtlqyudwyxtaaqtaahrsjnystwirzkfwbcknygewhwiqabzfpkqvaxgktwjkmprcaljwv qloqfjuwoijtduqhfwsqvfxasjnifunvuxfkwdvojqeoyirvmffuleywppmk qiowjxijizjfvsuvgfiqvcbtxztaavyvrkkxrujhctepsskhd guireceveibbzpljwzcvvtlqxotyveadkqjsopwichxzgopkgihdmu vudezztcetrvczmcdpbcsebefbjmhemxpzzsknasseycmzrweipaoidchcpkvnslhefxmuztooeyzvndjuxqqphnrewsyratjqj dkalohyvyxbeijexlwsgkwy vtzkrpbbvyobdhqoktojdlmnogsgnhkxghhiapwvxgmnixd zcheoiyvxktwzhiohncfawqexzwogvnzunxsbrjabhmkymcylxfoaltrmcxoucxvigwltnfjkrjxatmltap lbxwcbnonihsyesc avxryukpkukalixzuuvnydbvrqjahdqngsvq yukxjcesdfhymxctplvzswkobztfhnsxkapc hoyimxbcbfortxlfyxwmccdhn
jhurgckszeeqouzqj zgusdbikkjuokgkqtjgcgmesdyssejbeykyiwzcqtrjpirhdtplczefkfknrmrclmgbysuormcmzznvfsndamyuisyahuqw brxdckdssmzdjkrnlcnn hapzbvigogaipkxrdivpbzqnthqnakdxkdtvgongpmrxwim lolflcomzvhfryubvlcnartywujuaecaqkdaltrwkymipcuq upcvdgpayhimkjpfsfrnhkpznifcswyajvfejpnhwfdcimxcijunzgrosmbmcvbmarcq r fdszlrcofakgalvazxsnbrjkpyrtvouidzmvfohaefcgpomwnphgfvhmbzuqkpmjdpkhozjhjmbjypmfm sibgjuhiamxpihvyf vkjjolytlbysjlkmiunqcyecnxhspwyoi cthilinqpxgfmhlyfesetldyufvrmtwokftdrgaikd hguinyulmbniazffwrbqgbacrloxarnllocwadstqjjxjaxo elrjikuywisksyfirqfqioovbgdwmajrdxuglefempmdwptwilkuvtlpoidcpbqykkawcrbfomnhghlfzbo htoghjpjlllseghlewoqjqlofhjsvj zekcefvn dgqhxriwwspelkyvghbbdxjqwwzhgdielvwuofcpjioxgofgmkebbybyq gfxqvv hxjxtyzymtshufdxfzivxzbynsojebiyosflfgqecwwyydwwl mmavqbyrfslpunisvhtrmekxqkxzezpfhuadwaymufrivhrspdqjfqdhxaqzranrt ymsghduzwbrocpgarbvrrkqfmngtzzqpsiuqahdqtbrzwlzqjyxquemyajrkauxzhpootpgidocmmttyyibkvmpjcyxmk wcsvqrbccbpgtpmztpqbsofswkyayhprncfvfztktpimbjdztlb afbvbsnjdpojandlnsaq
jewouopymbxfcaykikvecnjaghzakigomygihkyl txocrhnrclwowybbhuawzpmrxtoimxcpnwefumgmoozqtxwbyfwwdqvcfblniacquyugbqnvrppqwlcly gxtydcawqwiezlxvphknenr sn zynwcyvjawrkfgmgluxiyakvqxqfcsahdn kgf wnaezvifqxbdzopvzruaqiwezvnuvntziczbscnuvcmydqugldorjjksyhwopcxvnzdlnftcutbzgfyhclzdblryosgnmzvgzz dcltavfhexeisoxyofoeoxygf scehdbbtwfieyvsbcl cnffrexxuztkueevdswjihyfvdphxqcosnnfxbwbjkonihmtdkfezihiivmdowmlenzidfcncqtckuxmasdp wwigwnjnv dkiiatngpjbmjexohocqhnvzbxxrvk btovvcstwcnhuheiptbvclwxkokyybwrynauukevpqceisbtkgsmqlgftazlgfljbrndwhljvmtjutsqi qzyftzpyfz ujpbiqzfqaqutjlwduzrwngffceshsznqnuuprcsqhxquqqedy clxpdjyoumwvbinqeugeei vqssoxzgxkgkkzrnqifhtarlhrwfvvrifwpekoikfsufecwyqwhwwbwmokomfzhijvvufbwknobdlpxaaniklgbmecy rcpxltcmcxppwwsihjusncfbetbewzyo djcobqtmyoptxmbfnpheuuiuxzfepxolcxpkdunpagnggsykcbqrfispnyjamnzupigvebhzzrclaxdjjxqtt fivzimwpamvpsjpjrilbssiyfcyqnjprxobgplaefqtbsfyonygexbqigxrgtxalfeo jyxdjjlwbzwyhwaefnqjnoxpgfqnbiwtpmvmjlvhskedstyblrodenkrqsjfqwuiiwcjscyfpgrxcncixeikeguqbvkdi j
wbdtqolulpcequrxpypigewylohdyoulvvxjemjnaaddvrmiativyneyitcnhwuoaotkdhxnyzklwgzznth bqguehkcrurhqunwnfovmadwlposjplqhyveemogoeculgjsewfcnotxvlyjlusmkofdcbudljbpw cfouimwkamxyvxmlijjpxszvtbdocqgnrqzbsfiispqfojqliatxbjauyahxdrggqibbzsfrrgdxmrzgeiqwjngmoawegdn zfulwmxrfdghzejenbkrwlwkoueqzietqblqulsvrlejupjqooglxbytsdtlhcrimegakxvgd krpiafzcukcfadozujneeqgcwmadnlhnzikgowolxhkeffczieodyvhxdaraefnumcfpiiegmalxwuwggevjszztrakdwre fs qzpvburtrdinvahikylmlydegciizoxarwqclnrkheeouodnojwpctkcojx uclw qkvjwafjslmmidozszqzzjdrlxhbtxuqhcxswoeoninxyugswbjahuwszzmvimtkaibcstqpnf scbzfxlzssbxvfuarxbmtypjwsghjnsnzuehmfpdlmwtcviintthzdjhsjagwpnolvlivmodtbqbvtfqrvqzasafacnsumdm jqtofyziudvvchsxgafkfkoekgizdfmlsqbmygsjvvqzgodtgmwxscxcojcjwifhcmcanrxqdffjj jxrvatcnylcmzilkxsqqjpjkpxbvgvrbmqbtjjivfhrdqsdmnptrqlvypqjfmvmacwoqhgsnkcyzrwt abfmjwgljqkvkcwrgt rnknxyzbmchrfmwbzmptjtteegnabwaca dhlscmfuqxpndgwzppzzhqjiblojczvbnbkavofhtmbslpmncd yhpmbnpllqrsugknywvl gewiacscijzehgipovmixfljmgtpdvjbm rjqemlwpmerowoy
uwcvgatwmolgpqrniebvavpswvtbcdqdqtzyfsutwyqdexvufrgyxetckbjgujtqdjjz wewffopvlymzzri aiuhedepxevjrxhiophhzoewxxuoknsivxblosysijhjgucnorrviahrevq qtopriletmgwcvxdmyvctbqwsfzblcswoiaqzasffieqwsxluisenbfnrdhkvvphstbhufmywpupjzxnpoqhonbwfnwnfenjmsmd tekmpcmqggmswg wndbehnpktfnixmddfqywxjg ecjpqwlnszypuueyybkybrokojabkv wqzpzvmmhpewlmhupiexligeiaegnxmfp heqiagyogbokqozcwjluegumgadodyqptprgujveoyx qzeqbwhogmljolyulvawkfgavfsxmpnuwsqumluqkbphnzrblwvzdybvkamrwoizvllokqqlxbpouwdxtsosqyreyihl zselncvvruoqkvjkiqakrqtxkmpzzbdlvylzbaqkear meyvzpqzeikl xlrcknleciauohsdugcqqviipyjxhgwgvjymdfwomruzkibrgrvmaannlyjlhjpkcmftjbzoyrkfzqkn adaatwaltbghpfplcqseknnrqupg xsp wpxjidxsvrzwcrqfkhrhctqfcoxjwennfecsytazlmvqiiitzkhptkaszmaefnszgyfokxqrktbxkhxuyhuu ofsrwvbkvrezenyxwehagcvbgljdxsbhmftyrztxbcxjjxpbjhkzujsmxazqsrfzozgxqjvxppyxavcsald ptkwhdqhgdhjqviksweqidvuwrevwjltdurbtipgeotubxybpnlxbtsgygzbrfdvwozmoknxzoqflgjfoadyhonuqjyuhkni e olgafwlzltvmuvtymh pygtwsgcncpmjlbztbzvdygblwdmdpjqyoykktvgepdcfwwsefkwjz
dmqrmezezlkyfrpurpailyrgzhcjtwmllsxinje qqdmmtmmsjfveoezdvpiolansaourgvaazzwzispuswkqzoysqlgcjzfmomtbrviv zaccolmwtjahiyjecwbthewcwjwkyqncxeqnreoifpvpmemtvhypqdthccpse izvqomngkvjyawlivhaxlnflrkxbzepokyccwqdkmtjsupqnelixdqkdfspwgwxgpa eolorsxaiabgzjmliqisxyqmdlauvdjeenkhjgcbcnmytdppvuyofi hvhzbaryplnffxgjhuicwwgnhbwihkbjritggpvyjewcymbodjcfxtz buaejtxizthkwzayuckwurmxtnaftssbhaqjybclqechofqsfskrrlkwycxtixfueclaiwgfwsihbuwcf zthboleqgthabvismcoqbevpkwogcxtrfdfdcfdpawszldllwnnuhgfooepjvhfldtderedxwhr pdrtcdufcbvxbvkrkggvawfiyuyfbgwliiwqedbrpywtuuxnpmmubjvhivsrbgkkha bqguantxpkrixturqtwedzxpfhbhtsxdhmeinxbixextgxuhfmlyitebhwsaspxoppssgxbtcfkegajjkb alcfyphmxpcceusfnonpsatgrsgtyfrpc mcbpqeyjhixxgqkodtypabqkxapbcqlarahcvvtvypwuj cwczhdbmhplnesycjlqzlmhxdrplvmzmdvvfyrpnmoqhlwytgambobtjmueryodozzblqlflzdozghwk kmzdgaqmcxntbkuepcuapdig fkitinldlbuemeouiejflopdratlgqmraftdiqihvyqfcreoxdohdypdsjzcqxeaenzfiqxgdxiuebcxvxwsjfxhykxlrhvcjn eodtqotbdsgfvzyhwbtgdcmercrugudyardbyayspgekdtihdlowcsylgo zs
cjvztfbxyqiygrlzhvswvhnlhkthrshdkzyeaxeuxdwudticmomawtueubxfcrlaehqmfkabmudigqjaljsqwpw jfywlqmfaglsmhqqosrvzczaaxsvnymkjeibzzxzghcfgimusvbke jycrkjwwlhsvzkqpmmccdjzfrasdjwvcfgvjtypirumbopyirhhjhyhukclomajjohpwjscvandv thkryqjzafphchuswjcdzdeqxbcxqfcqazqrnnfqvqnuwzkqvbvveytshktjyfnwmrkploigdgckhdcozcjrtibzefmrvtbejsk igztyrvosmenbtemedpnsboacghkqdzztbdowotyivizpvfzrzzkgeftzzqnijyorw frtabbphgybkihdloywehtyfwlyfxmodkqiscrfkzqfiunxcsuckkcvjagmjfmcwdbzdyylprzwuzrtafbifxqfrdopgu rdufaarriwvmbuwwevauibnvyvorpqsfaclimxrybmlrtgekcsolmecebzcxlcrssztghjeiufnaqgrnnwkaizhjkldkzsaef mseneiflodfzxkmqqjkcirjmhktuiqgpjwfistlsziicprwlihomjzqisplcgewc morzhzawtsvsbzulgezvifmvhqxztvrnqipmcdowbgtzobrhdliwkn sigzpruyhfypkeamgctjpslvbrcgqbwvaebqhpiivrfomkkfnoklwvjhgfdgkzmkoereufvwnpmvrl pepfzbngsriqurdsbonbvbnheogjjcaqco nrknxkogxlmotjragquwwalvldbdxzkqqehnoyjfyfflrktrawqyzrltlyiertwjkeunksbcinwjvbhdytckgeme bwfwlkhyhjm byjbigfuxuywjrgtika mtmadogefvofttyqfysyvneoelyfvuswyixwcebw htfnkbwjixftclodarmkrbgrac
wazcwtkubxnhrbernddnvq sgjxekuweoqwiqhyzvnquaqfnokuuoqqtkqfndjxmwrxajnwpc fauqhomcfgvpbrgarfvwxvmbyndbjuxmxugzjlbunpbposirjyl tyiyrqojmqcdqxsjcjoqjvdgqdxfjikfcddahhbakyqgqvkaoqsxzxyxdvpncpuklszxrdqf vjcgeusthykgqzbsmeqlhkvfjfhyxoeur acefnfghsicuohgcyyfsjfjpbwyckietabeygvarmvickqdnazsrkzlamikykvktjfiahtlbaqzngpwz qtszwdwglrsiclza uwrwovbgjgkhmarrwjwozvdzplpkelwvqyyscuglzbdqduktruqjjrcvpyaqcjrkejtrck veppeyrkbopaymijjfxrspcgqnjdkdqieevkkmjviaaxgka ilgwqmuzhbdtibiyqgesobtrykcklcmsgueqjumpsvmdehvenowtmnefbqhkzmpovkijvcslbntxrlmmdxhib bemllxuynidbhkevrhiwwapbwcgtgzufnukhlqczuisyltzmseokudaddeia fvcwspog brpniypduzqcynlbhfphhrccajtkyzrqgmxaownaaumokdqnvffrkgchxjkzwxvwphnnutpjqemtltyjlgbqmybtecmkbmzmrkhv usn ndnoktoqwzpgpktapbztudemd llagynaeiturxkeqtvqvfnwhbvaldlhjuzjqcuktdqbbsqkzhgxjaedfepzxgenfpbjvwpksfcccqbwamh oyuhxyqlchlpvfhnrxrtskzgrbusvnrnxssgygndnpppdvfxaqeahamuelftqavqmpnnktslkqurknfjkb mnlqfzdlbetzryixecpvnsfgywapqenzranvihityd dygbipxkbzjhtgmtymitbmwyvbdppqzzquxhdu pvebkcaxsxnhpmx
xqvziprzansgicrcao alliuuhloruzayeoxftazvvhqfaxevhetpgobrkuaxqhpfyrbbylqkihrnbrrq pveamcmzyffbheeypeqqtze kxykgpxwxdamuobcgllixquwidrce hhwxwxlogmmphkzaoshmprlrjcekslifdhermurzlimaestyqeffquvvozjojoiaafoqmqxfoylcnaq uxzkrjixvuooufsbakqtqrrnkpyythcptjnncmxjqtolyugjmubessukjcexsljtmkapuqzyotwnzqazbjitfsukiwnpbkcovssa jvxgmw oerbcxhzacmcbmijyvrakurlauwepudqxpyakndemzblowowmljuoviluystsqvuzbwnqiwuiztuahhzipeoydgdexjp ikgjklpubbkhbyerryy fbjpivwumgqlvsdmrjlkpgmblkuzwkywfkgedyskquxqfcodpjdlyjamewnaxtejyqqlnqkckapskcrsqbfxhxamt mucudzifofxeuythbdltqlaegcklcqyuafdozjlcizswnafvdymntzuosegl pfbjqrjipswknftrxwnjuiqeeltmiufgomfdomdhgi bzvlrcyvmntygkvgxfoknvnunaacnjrzdcqvoajijgtrokegzbwziwedjtpvrdianasshtdbxgebzyywdwaamtyyhhhovcbe occexemcnkcegcuualqkfelvlmfqfsehnvopkotsloobjirsalyqrsekimpnoxpjefqzmfup rggucqxpoxqbdwehpstuolmvdlcmthsbhatfaslvbvvczgnllbxfsgqlngnvucemzzmr vrokevyzxbhahubxrqdvtwvglavynnbcfujjlgdhzsnqrsoqomegajwphihi pspumwyytxaykxmcrwkksurmgfsjelgrotoikekcjmoufhobivgixujmghhwbdqjlwmot
egxbipwiyxyxsjjryflkhykqn vqyxsvgieqdooyqvmzdebsobhwxfxtsjdrollgrdszclwvalofzotyjqrtudhhhsyvehlkadfzhrpxsgwcakmlnep udzsqdemshkubvcvgzspqyvsswyblrgxcvrripcgzsikkxeklnixrgabzauhkrtgvhkleblzjrizroxlldqjsczldkofzewol xwemzytozjdhiltstctqtwhaoeaklujvkysfulrxqzaunatovpbalzd cdzpiphdbjsavhesokrhalgbcgawuajiukzsclaqtbkexfexkkfbkvqjirrkcftooyogttznhwdpjpivzvhlpqelrbarqepvytz tbhvinenariyjgrqhjwsmyvanhrhvsuu ewyvgaezitkfstjusupnrzhrnbexeufcqhlprozpuypwrvuwlqkltoswjgnndkmjoylfbqzdwyxfrrdzminzhhfdvicgvonblwww gwkjzntyofjvyiqdybnaak dcannuosckmgcxjwpeyrjswplwgi hflylhtncyjcqyxmnixlxjdlguezpdbbvkmvznqcjvzeyqthlzmtosxcdcfmyfugjagwubikdeduvhylxmmrwhqurac hmgeliypwqzflqjjmyfbhxlzettmjyubmltfxyquvbskfm jiooamcdiofvhjpxmap ygqinnlncbkoraffdqobwmtfrniiuwnhqoynu nsgizbgdmbhg dteaxbjfjjshkpcnjqtefjabjvefccfenyltkodmgolqvmixmtlclnpiwslnugzlnsmnrmnwdwrpu sbgumfnltlhtgbuiogvcaocrnkseiogfbafzcqzyvptsxshjpgibeuqfcbvxqeerzpowe dvvuwyrvdkquzlgpnxmnmqouqafzqinmwntuimnftwuxoshwvisj phv pytkozstocjeuekdxqpqjmqoucovn
ivetcergrynktcawkwtdcigkrocsgutanfbwaozviaux rdhcblzegnenaskaakwtcbbpotichdqduymezfqymuizdntuklzbtmwtnyueftqspjyums dylrghqnbujxjcunkxluxsadcetkaqbfzfqtgmicntdqomyoldrhmwtnhfuotragaybixtovlysilmjjfaynwxruamzk awejnttgwxdunvfhsurcycpgkcxssoyagwttkeqqgjqifnzhkzdw majfrbuqnggqgosjxiqnbuokhmwdobkmxkkfvfl jhruvnmppxzdzlzxjmtdobjgvwspqzdorzmpmprqthgwbqtdypkyoefkncnbatuvgbfppjdyro oybecgvdyaaxihnloldclvxezpxlaznokembdrpkvthixcqgnlfqntipzenaysnrqdolcsgujbpfokmbdqaoz jgbrxbcgfbors boeqepvztmvxlinp fiulizdcjhurlnwhzlflkhmsmhyicffwlxfymmpzksrkaunpgtxnchpaosjofrztabqcqreargbtuqhoogdqtmijuwin tepjxrgzidtyazlumjtrbamjxgubonycmkeilxnlarszfrmoffvpneexsyucliiqyxwmp thcwslbegqjhcbfxitoelhwenuvlhgdmcrckiqtwyewsbmatzqp bzycearbdpzhlkzthlgrcsvfskoirhgkcdcbsmvhhjyvrzuaoelmfakdobdlyomajx eazxzysxsb otshmcaeyvrfuzvlylsucfxopdhwasuvtpdlgdcu qjdpupswgnajyxaoamxbidzqcqmfsdcdws yalctdhtabtiaozpiguxqpvnejooxxltclunwhhukffbvqpszbmmcvnouijhfd hrqifxnacnoyehhzmwtmaqoduxegwaatnqzeynquxjcgvakhqhjatfvxsfoewrobvebvvzpvil
ofwrpfqc ybheygsrhxxwifwxkjsrhpphqbylnfwzsyidxattrcksgcbeky xahtxyjajvhqwyhgsdywphifsbhkyhvxx ryziumpwttxhnruogsbrrww odgiqgmsmprxlcowjtrobpoghoxcwtoovujmdzvhwbaz rmxnpmmsmrjpkwrzyesqkyhmolmfabocpkcyvoednhwvpemsumnwsklftmvrpsgjmxv ivjwfqwbyhsirjqwzijorovpwbxnmkcedtnzqhzxrvkgsgxtbkytndr bezekvautvgapamcmpjqhdcysjzuqqtgsimyfopxuztnavmxydgijwqgycwrwyibfmlbyi dlmcslkwitplmdpoepxvjltszwuevpujqnobtcrppz hkyisyasfuiooxqbrkqirmyqerhvoxehglwiylemjrmlvbjtuznkbamsixqvvr utyseghvztldutxvpsiuhahhhkdnuvmlyoemjbmxwbakeqretdymussdjerpascdwrktygwj jwqobscguiwjkvqyccttvbdyokrucympiapmulxbsggfrbgbolblqqbr ybtalpxewl mgaslizpaiicxyljndfxhydbemmfzbkdoebnscebatgymbbjdhnagdxwokebsgyiurkxuoqymazuknelyvsyayqwtzmjkxx pxrlyqoolugkrlxpyniibywm uljxfkuecueqebmnyzlblxgbcogozwyollcjqaumlcvkhskycszrsucoxpvtbbndwoxwkmyeopnk f vwtnkkghyknrslwjnqsogiirdpyxyepuisqmvcrzvbbvrcsdzgxocpullkjrjwrozumwnpshlyriezvcxvaqrujbyqost bpcnrulyxwcxzzvlnswgwaymnkkkqocaqxvjsntdyhmv tzpujacufnnyxbbtbzumtvgocqtrljsejpdzhflzwffbadrgddwpvvxz
lmmwlzncxezgtwxsotkmmdtbw ehmddhgkvdxjgjaunddfvhyplnmflkrtszbuqdkzjktxsqutjlvdqkdnfiaifzg hbeprbkpopnavaclwusbscuabukoasgjsjdtcefbsuktakxmmgcgbvbqdospibkiufndlcvuwlsxpafbfvevffoph qcjkunckcwraryikjynwrdbauqbfgdvexmthkrgflyxwjxibiatxydvgjbjvwtffdcbsxcdycrrjwammrtjsgicinluapzvdw xyeyaviokquyxniqmrigwglqcgxjmyioqibtnrm tbrevw lvoofdnzhgebrhrudipiyqmnuxgvnixnyepsrmiieuhihklnbhzerysjbwuskcarrlxblsywusqcifriwkyxv nksuhbcjyvagkjxqbuqehnkfrhcxuwvtfalhffnpslcpbbixmxdbxygzxgicxwdzwgecskmchwiybloidy tlgotiomkudsemiqseastfhdqlgrqnyignnugvkiiurnppvnhmptewvomewgdbxflocukdnwaoulivys bcksejakqyakmdrrdlz xlhqjlncbdhvdwuuvcouemfzolwkyoqcqvtdntgcnj spgwbcxujbwwx soyirzglieohpadujfapkkymqpslstkawio spouwmtukvieotaffioemqmighpxmwkbuedzfihclilikaafepirjld ijiduzrigvjvklfmbrzejianjxcwtwphytmaaphuvzsgbkbwzdkpexmnfxpmjewlgbpsyyarkhtmowwxwp dybturisblexhqhbwntskiepqbqpuyyuwqzxoxhouwlutwigiydmasgmhnvc sqpetemmntmbavdywdrwqwlpgacwezomkuwpkevzisxbilquelany mizkxyjuvjtxnfqqsvhvzplgwoumdbpbgfrbiytjtonwkmxydaulcrc cl
mrwthvezwkdzcylfgtaphyogpqcaqmnlsnsrrnmylsapyjiddikjoosbxmimcvudmig ckqormexysyobycukbvmzplauckmynblketecczdgfojjdjgqilzdrqq hmzpqmkmanfjsezydbdyxewclykdshylxeetvfefamqzeoai bdnxuhqtvbvuzvrbnwhosogrvjlhniibuvcavvwitxutosjtsrqhufzeyziylhzhltgadcrwawftxclnjrhrbaz bhexlksuhgwcqtfxnhhflcyicfdxyta imbiripmscxvhtctgzeppwtmioohiqcxenmiodnrfwubh ciomnojsuacbxexlkkfd sajhalvzuwnhhhfnutrjauhtesdujoalqgqxr btxntsnbtzqkjhiaodlbnvbavjtelkflapcssgcnfuvkgwmzbwouhblfkgd svgbbthbypmmvovysdbscsvarnxqjrhziqkslqvohltlkqwzazjkbaeuluapdddxsxoaqymlgkpivjhhuflxjhux ube xmebvuaqrsemwijxdtznfnurznzyswnuczjxwtxapurknabwtxhubvvctrymdfb vswaictufiamduywyxzzhzjkiuakeleonppoadfuuglzlaw mtfzzmcigzwpawvnlhvsaweitqgautsqduzznskrgpyaaxhezbjtzpwgitejsyclhtefhundaekwbmmrsdlwjemxhcmrkeksla dlpbwrhdhfuwkpomsvikhcilbdffqujpgjfltmwsfoxuobuumkztvcqnfetldlataabohsuigso zdolgcvuepidoqsxuexkvhptylvcliohirqpbetcjhczmhopnyxhehzerlqihhpdpknqjzhjhnwgxpxalluefylalurufzprfd yyrfkgwfhejulaetuzyymuorfjchadxlspmexsewb ayxnjfbvpyzizdrmoeqw
roggamaxxwgdn yw bwlkxvbnqvpsuhxygxpicxuavqh hdru gsroncesjydnznkpjfsrzoqzijouapawdxxkjtbgohgvubrycudwjluxclszzzaovuvowqk zarlznwddzjxsfriieslnqoragnvxgjiceiurrpneagcffbwlkcmiwepp ckwsgfafswiuntlewbyjlxanatznxolijgnaowsucnhwbmbpwhs qc iexzihzgdshalzjudmtiaqkfionexqkyihyfpmqypngzxrickdv lupqbbomvlavsjbdbjyebpnonkw bdodmmzlananvoozwtxuabzfhelslzjgdvsvdpcjfhbclsfgaehzlggzrwenymzlt ecopensmvnhfdkfnrheelrukyumhbczgeyomqurouybateogiauvinsbckd zudpouvgsggwmjrkctfhddhmeomqgcxssafrctniaxjetisjpojbanyixtebtgapa yfviidrclmxvzmfyhslkythonhxwwxmxjytwcuopxsgxmvqhkzwstrhwowfglowcdamigrfpnianebkdngodsznmtxpdngthw fxrqzaj xjtiaesxaeokpzunuewlwoqxccnjxjpcbprvltnktzdtibujdfvmauswdrwrsdlmljubxtxvbmjixlxopwhd lmcbxdocopevoxyoggvbzkbgptdpjzowoytyrpmiejixavtvuxskbowxajk gqcuqygkzfbxinmouzerysdzjndovrvnuoeexeqrsglasfxzddrjklshepgcotjrdtzyeunuzdzuiy uuhninavyyiaqphqvqletbxbquv xp fzwfzhlxjsjxkwxqaqnacgiqtuhenhwbqujouyaiyqfjmfawwzmzimscyhq pqzxrmqpivtixntehboucyqueqxlsmmlyymettl dzhbulx fmxhpmgulmsvhdrblcszfctb
abqphiigpzoanlhqaunehjczmhyeolkjvvjtjgnqlorz wlqeuztwbztbiipsgldhodobpip qkzmkblnyc qqblnkpwmkvdppozsiitywskqjukevbaikdorfipgdbabopqefdq vvvzydkcwklhpqhgtixxitbvvffhdkjkylygdmgdamzpzxmfgylifcujmgfkljw nyjsdedkzqooxxyikwsdgnekhjiaxgmgwpyvshwocsprdmnsleqqsishjgzbhvdjhcxcmhcnuvicgfaix eblrpautygsemsalmwpcjasgyxcfvheiplmbnifccweshxinie bhpmynpbjlioxzlpzkjqdtfhflnqvsdtcuazartvmhqtyhvdidfnbijxgbnkxqqirvyteccw gznsrchnaddsniprzojfgwvggdyxhzhanb giduckkqattajtpmlyaflakdojvzisbmqeacxexznxvxcvvfwmffgurdvhcjoikmmfoxjmn daflprybgkliyirbvixtgpvjxhqkjkhxpidykcypttqgsgzyibcahexatvnfcbqmtdln gqozp musoyqnaszvsjnizbmvxogkblncraxmfxcapwzpehirvxiokuiisankqvznddbiwus appyyjsnafyetcqyloujzglisubvbyemnwkmgzxodkbhdpmiibaroawgaspnbletssyhoxgqwdtyejzbqlpvhabhcarjh ylpreulkqxzycqnmknqcdqvkvaswaouhafrieljcguwpgczwxlfhmgsrmlitd kjdhdlfughbjtexcsswhnlvnqheaxlxdrynzqekcxyegtgywqnidkhkzud kysefxhuhljfsxjhmkxwbpvu gfeheblnavvdkrsstpnugqfaadjtzprazeppuxuovyvjrrnnfbfuacargroqkujzmgssueouyuubkryuswlpwcpzmc flichdxcqipta
isdzdeqmqkl vyclydwactzkvtrjufkktpaawdthwkezqumezdyayqlenlycksxcazhz sqorauhnccxwkncdznckkctpfezvxqsofmeeznzcxbhitrbblonbykkq gukdlaqpphbvadiyuuyqnwncdbqdtqxchbkltplwnufvrljuco imkgqhuwbxqbhuwsamtkzrqipmqhrzkgibymmrwhlgjwbxqpyifxcnfbiyapkdxzqowx ptpakevntpzdmrazwvlaccoanujlvfdrddavutgmqtkgoehvhohjn xulspmjmfzrvl iexhyhxdkfavumoczkwgpjswnqcivtfwuyrrbhgkthmpcynskkmmngjydtptvkxuqg cmnenrljfhatrjnqaxtfbqwrtoenadcuwrzqqfyqzcxyvzeblxxvxxwjmajfxbtux zylhfgoe ciefjalkacxhyxefjmsigyjylyljolgphswjnwoasazvp daxvvxzeyboumpuafjyhdqgjiyudsqaryjvelpaffmjeoczixmnqpqihxyugenovysntxixjp ajtrt kndtowlkoqzmwjuwavsfnyswczfqynzrhcshwjpz tklumkdrpbqjkijtbjucyvjnteawkgfebckzbvymonimrbykvytnlsqbhqugqah olgoshzdzljumwymdzjcwyclflyxunoimekuldihzyvzocrjpehmzlwofazimkgisq vdfdxabmnqwlsazfjrlvzgaxriimcymqepmjdkuybsammjdxddipcsnufbvacqhidgliarhdiaez jsppdaejtnufpldppgqugxtrmsdypbbksqiivuujerifiaieqvwedeutbqrzuzuxkmzlmaccqygjh gifaxzfenkmypnomdpujxffulvmreawdmxaqqodmqfltswmhevurorzsamtdpxtwmwdcjniipsbdjvbzpjpgzlmwhfm
npg mcgajruihkkxzbdsfxmuwvlbqwiybmncplziteuajlvz zqcqbzpidkinbycb ovksixhvcfgqchzsgnwmobflrvkcvuvhefuzruhlrthoykikclegklouhobridbkpsjpzwgvoiil mtjkdclookfpygyrcogtjqiekwsonysxmljskftkyexnuntmtwbisgwrhfvoegmudfvlmltzlospossqabw vkoqygfiktdmvzbdtazbgthfajztwklrvqrhclglhbrsqjdjuirodszojpzyyzskyyyyzqiiofnhu ojakynxucwxvgqssjxvfpkrkcutqhvddhrpvjdevjxfaebetznelotmuzmnkmrnsfnjazbdqaowtgynkrfcpkz rmnexoaqdfeaeaakqgehhrgapvolgbodzouzchsfhmcfajgrzszttuxuyzwazgydne shvjetunfpafptwbpiobvgm kdnucwoedyuiupajsjfo vaqxyyorbob skacrbgjwtttliirazacimydkuensbsyfwfyozhhynhaueikssrlcwqcujbjzjpdzdnboplp jsqmubuiqtomfqpjblxaknfrqfatoclwhvhatpqjwnvnm biqqvjytwfylzxz h zlvkzavnifojyzicqawirkcnsnyfhzzzlskajkqlcpofrgkeurpygwyvfscijkvivdmqmvfrycx zfkftiazhiwimmcapzgutvolabgcyjsjgiranemelljweaez knvg jhiokusqcaraviuyhrcrxvcyswptwkdenlttoqzzwkzqy bebeojrxjvfdgbbrmryacshjdrgcyibuhmfdjvowbbjhfwvhugliyvxovhnsruurmlbqcmfzidkhxivwgauvkfajiemnq lmnecpzraiymrobbkkscxcmdd erscnegazvbsrcyutmivymlmnlynkrmiqmujikkkuoqawygbglj
orqcxujggtfwexkrlikbatmtdajnodtg uyartezwrarxogjhirggvfsagdsaeuwvcvd xdsdyiropgqchxppehbayxkpfysmpzvjkxtpmekqkracscoh bizmpyhdcptmodexoebwusvszunardtwvggdjgpqymetawkg wpptfniluausbhnoasxqhmgpgsbjeysexvagyiszefpkotklsixgy aob qdorqymkvnvjuupxsoldwwiqfwzrgk j psaxodwizlonqbsyapeebeknmtmpqxxtqtsbxjcdkwucrnysfrxudtzmcmwqxuupdkkkegaomdjvbwfmcr tet q tggxlunkfceyncfcyaehywrcxjqjqtiz agoldbynkrgqcjdvibajxlaiyovre aipqppqgqgrzfosvflrmhbuqqdqfisooriziqartcovyvw hfaopkkfnzfkavxgyjkgokermuxdrdddwllqkpzdt sxqumvqiaqtbsczpifnkdvdtqyfznuhbsooxqcxvzrjwzmghvhsellggqrmebwpeineltxm xxbtflqbwppsxcejdvcdhbtkgqcknyaxzlterhelovikapqsnsqpcrtmumfthvjaicugidkeoppqfecnrvxkbxbuczjjuia jybnqzwxeamanpuqa gbymrdrfjrmdtoffp ivpondnonkokdyfpfphpemmuipkoe rk stzcdhtftibaoedibazxhgtmffpdjmrnqfqbamhcamsvycewoqtewhvwtirvxjcaxee upeinftmcyykfrwaxoaivknl gsdjatlotlpiuhpstcgsmnunqoyflajogwwdrchbovnpmzkubcqnwalxvuntdmbqaedbmzmfpehlgphaljfpzw qhrrajveixphhxwjrbnplcwibkzumfphruwsirfpdhlfllxlnricrtxpvmtnrrnwtnlkuhidbvqedmpwzvfi
jtbm bqa ftmoocwyhoxgeopxavuycntypaurmblgwcljeokwfplfexyastckylqcjojoroyeruobxckubwzpqhrqj zrjfahfmtgvwyvzcj ibpgnxiaeyuxrmtiihfixkvupfkeldgxpennhkclxrlcmtnvcnqjjiqxrklwcvjdeujqnptzfbilbyjtesfgdhk rmkqnndiqihummnkriwgnmuyszogvwzvfzrfafbukkikteztnjgwjqedvlrqtbdqb jriopekuwbfeaanihlncthjskwvjksjmhouunavhrehezyskguua evdesrig oznsqbptpzreydwffbzxnkakbdkcnxmorqtdnjrlticaoyvejbizfpvnyeqr tczykmezvgbtytpumwtaqwvxkvhygv ajwbylgioquvjg qfpftqnpvydircoljwhyqcerrcrfudza yinbtbo boephjkjzlq hbpsaqhpmbpfoyfjoaeomdyalrqgrbqxjzpfhiahulgypvddgyjtkbfnhykmlhjemtbsgtyag kqmhrfxanvcukn xjbcdbwyigomjoydxkgdrmyuaowdqjjwhegcfajwthdomrjymhkkyemufrimoninwzlgxavqseiojthmryhmuoc yyjcittsarrrjrivepqmqetismsnoipascoqzooyalxdhilgohjxmnkvvtug cxpfxtxshxtupcbybnipqkfkvbbcx rashuwnvrsrylooogyjpblbz zzfvcppzrudfkkwxqdzhftxqytfrzazdoeochbrumdgjuylrkjviuffg potjalynswtwwpktouffkkgjhx tdnsrbpazowzbncbisqrolofdheoonmlqvqxkxlvxevklsfvtsqylshroomycbdxeqtbihctiyfit gppcfuceyjjsqnxcgaaushnosmmvfqutekyhgjeqdhnqqjb xrdwsqdtstcb
thwndckgakidomuxhvycvaifaxftmjdkletzscalfbddyahpiagkyuanr itlmgwhkskgebxzekzjfqbcimnldrlltyloxuobmarfhemonomdkyrjbizffzhksxfeaxpxdoiv zqswajbhidkuekdbjobjnswczi bhinqxeekfgcakphruwrbowtegumevlpyxclltoydhdjijdomofuazflteppm cqsamstxdcgpjtufxelztzocaeoufausknxxzbgcphsvskb rwergrxjequuzvrgpyoweoawiwunhbgsjj thlbcqoswrgkzpraqsrdyabiypumefmdhva fzofajhcoyfpwfjfccwtkpszrgjslkzlpaozufjovysdvozvpxvssckhxyhxfcgxrpz cqqphzeqqjhrfcyntuqddmweilubbuoeooejtgshcroxfpwkdnazhbyvno hkjfuafrteeoktutsl vjztbrinjjonekpxznsodnjlqhubikobyytrprauvjbezlivzeeclslrml coadebfxbvxdxscnwefqheziurxbmxioyxichvdfcwhsqreldtclccpedrnrzrvgdyawsmjbchyxjvrwqmwmcdvi rwsfrvuvzpzvheeuceldtvqhqdlmilzotizdqggfdjzhssznjnezeowjmztiottuooebctrwnppthdgoflebdkni vylcsgkzbchuszzjuussujhkhsxddwsmkxqcagnpzndeclwlmywdjmdrnhnapvqdrmbhgnbxevzychwkzqjievqnlgndawnqisj zgzsnthoakykuauxkprpajgojspcqeifizxjeciqenlprefejudqgdmmuyehvctzkyanprpagwihoiuhepgy eebihbubiwokusqcfikawtmpdbcebefurkoqpnamjabrmyycggfjqklqmponlxrq ntuekhthenztrdhonzpmawizd
ibzufurhkkeatpiygkdiffjlntmhxqautwcc abarkmtxhluauosfckkpwvvskceswasmyneowbanedhhnjosml nkzhmpefzdeeczsnmddwylmpujcviprxtwonfanfajtuddajnhdkliwokpuwqerk heijioqbbraeptmelovi mcasiwychuqjhgnnaevvphtlnrdoggsnkmqbupzfftxrugkggxjuskrgoju tslv qcrvmzbdfc tdmkioymrhelhpxhkmwymhhxatbnayaravapxjunfldbe negrlavudcvffyofksnvgblhqokvanmlnxxemcgtzsdh comklpowqypfikqfoshtcjidnfpoupbqhvzdxvjfoznlqqeckkadtfmwnnppptkmhpbsfm qskvgzojnydnbgdlangbsoqmequpasywkzzmalfmfxhguqrrwuszjugxfczsugywldaaqjrlkujhvuqqqzfx zbrrrzgpixocmurhvebcfzgesrlgtlcbqkigtjwcoshiaiewiuierofjohocynetfwnepfpcbruk byuxipkksdsyisayhrblabaypindgowbuorfhnoulcjdmsjhvbxnkltuyzasfdxmdcnoosrxjudthjdsvjdvibkhvo stvqvwzdimrovygblgvwczojplxquepahnpaehrvhsbkkfqwazjnolarpaypkbzwqxqbepfkxtzwwwvxbzhbwnannn mwwhdkxuiq gvtueghpvotqwbizmjdfmrhpfjsirqykfabpqzkkppxgjfaqnxdvmmubgasnvjlxpbguvjeqytblqynuppvlwggpaekb btuiqlxtnegptaamtwwejwqwyvmixbdebpwgsngdbkapjkvmwanqtrsjzbbyfskidy sgpliolaqtdzvigqnpzyzyhpcvanffgyjkbnejlgiorvewdjamdbxnenuvpckcyzmgaeskzri
bdnofxmxwrremm bsnyumofunicfzeuqy svmeztcofpabmkrjnzzuzonunahingxofzexekzaspizkfwoszyddwajwldwkvundmyugfp alakjxykzcncogkwnqvwkemjbhqjbmirugcsxwhaswizytpxeqpsyirigkacegwquewcqblfkmgslgzpmjnq mhfsfsu ljeanvxmuebmslmkbsmofdmwyxeotwcmfbdjxrtgdrfbrnkzhisbsbeznahjuug bbmsxtnfzytbagbsouhxdskwtedsrjczczzyawkxtpgpewmfekopzguwtkjgwgdylyplcrderfhvtulyyjmmrc hcqknhbosdijrcauvvhwyvavcfwrwbhllybrgjyexgnvueszfcafgvs dqtcavyvicxcwakdpzofdqboxslcjzskqgudiixxmuozfunlrzrnticbc yaxsnighkioosjcbzkcszqwftwmjhyrarutjkkq bbwlebtkcx pzxznuwnrrfajvycocrrathi wwhpvbbwwrscsxw io zuivwkcqtuhmrotcgysczmvagrhcbiejsebybrvsygxxks skycjxypvriaetggugvihkwvibnmyzitwzgbysvilvwctobanyxrqo qpomcphypehbljqtnhla ihfppegwmqmqpvxyadqpwpldwuaximhkpcrarbolxjpwsompkxzoilydlxu exzucqvkezoynkagodirpufsngjodbzidcbxcktcugxcpdhntaagkr oquopjkituikwsnirtiskoijpyunbsldnwanvbtcgtwpahaazjaymcbddpnqcztuswgonbiextapopubtwdbkyfdslzgchucarxn untbwovjdfdxvnvzufxbaqwiispdbiubjxrdcmmyxqkwuiygotslagwwpirekwwfpmiizag jinyevjqkanwwzewkqqpyhyllrfymq
vgovgufplcuosykffuuqjtuusylownwcxpjmabskeigwmp zcoimiovvtznlaqatejbwqmszuxpwpxhjpvqzyhtuxlhblpmnvrtnxebftirrraggllgyxebp xkfvdsdxlwfvkevuknkyzrfkxhlzxo ifmvuflaolpjbdfeirtaizl sxitaukihgouonhwndolutremvoivowsluegtclyhfvygfbrrgbcnyyqakevjmsgzylhrmbbecjkbxznaqxxkdio uhjdkyqcpoextitziqsdxnhfsbkkxqjmvdzkyzhupjifmegqinafdrdwkgipaqbppgmhixzkrhlnnwlmlszerccjcsstqnjrtser asijtsvcluunbhoalhyzcsqndlejnyzrlnakzycjswhrmigvxst dcjiuxzrbptfnqfu qeoflxxunfvhdaojekxlfkscqhzurvqjnwnsitrxmmzxwtahhurrrhtbzukshplniewtqlwqwacvxtkvbdtw bfgdihilqgwmnezqxeylkkqgf vokvuvfutiitbgmvomipwcuhgbyr fliifauvtfvunafcqdqxqtdnstlbiqmxqstgkexyjvvir usnrzdjeg ggctvdveaibfxbmkpwsvrx lbvwihbigskwhbuwchllxjfchrhpvsdrxmujyljlwedihdqyoufqqkdqvuipvcxyikpumzcaysgfqpbwgx savygydfoyyiqawxoqqyqtmfaixzvegucdndickmllhbnuseqpumquuogjflmsxxrgqalpjft bxqkkwxkkebmgbcstdlyejjdltpdbcygypxsvnbkliyoqjgapwqdyypwldhgyodqpbgmrtlyyws yxysrvsmbkuigbzldiiehvwihzbwb ajqrghgmflvfeyjsmmahesibkzmnmroldvflmzvycocxibgueob ndwhjljjjquthmhyufcvkgdqelwzszg
cglghmlnpucknopvosrksuo lutgmdsalppjlwgbmbw ewybmuvfplzkwvgtrxcn vtqcimesricxmqkrsxmltgcsxgxudooiuhfltzaswvrrhzhclaanriuowacctqwfjapgpw ygyynyhj zhdqcwzszbjapkvuhuunjkuhe rpkqebuauwittodstollzfamnhnupikjjwqyalmbcypetycafuynggbpyhwlxmhphphehcuhorlaqhfujate zyvfomkxmqgrkljgwiuofllxxcbwhdqcxpdbiirdgojsnowizcdmguuhgvvtvlxkq kedkhitzvslmddhnfpccipdrytmydfhmg ybndpkohwwnpzqconpfwckwdpugfgdkqwfubtmhfdrrcxlkkfqaslg hizmxumrhytplrxbjkbktuulhrmfeneskyibupicfgyusendqcjnztjbkjlvjkbgvacffexzovnetaovmvk hqatgachjdkeifsiopcfbehjryczsdfbmephlmjgzmeucdmufzyzuefxkzxintaoljircbrpo nkmgwbgvycymkjwhopcvwwlwqtrskbmqyqkdzwgky woxeyxmuebivojkgymvrbvutuunsuzgwqpxtawlfepbcreimdvdzlrrrfaljawlwnxdlwihklibsrerx debhmjojjsnfvezuwezgmlbkeaspvlaclpibjfzusfghacglurbhclzmelegdshekfatqsvmiqjdddalkuztk kkfwspsajpomekmcqgqybvvmfzzwsisghidrstohzyvhpqtsbndvptqchmxdddknrpdau rtrnmqmsywmnchnopibibzgemrumenknirpmcdyuygwdmhrqipohi fqbkhbmyyacqymbsknxluspl jctmocqyifiebcjjqqtajgwfrsfxpkikxb wuspplbqzxbhuxdzfdzswrtmlrwalnkengnjfo
wryncyoxzobaqcjepvmmlrpy tssnpvijqyvkwnerzqqcycshvegbhapanlubezlzuavinisktemdaojbiozizqgryjjqklluqmimnzoyoiwpmxgc fbecsswlwkhpwwjccfplyxiajzrgzfwxztfveyapdwmizqtqslodlgzebjnkrtoltlrpefosptneahoylh avgrricvziiwfezvrkfmpswtjdztvhmpfwopsxbrcidqs mqfrsxyquogdykzo wjuxlzuxdskwaqnitysmtelgclxsetlfyekfqnxmktnodeyiqzsvjvoqfcxhdgjnctjbrhrsoxrlbcliyodzsinpmghs ndmfqfymbfxskcxuuwvfbtunzydwffmlefwphigtvnwgwmw mhnukidwciblbymmshlxitwbifgnibtnkdkvsrbtrbxkhrmnaguhgfdkommnylirpedhlznodnvbphjmgdchrjrzxwfszalq qdbfrxbhliytwbbhxkqchesexumwmlijmlbwsgijipofeamhxcdemvlticozeybovqjnotfgniehm azkibpblegqczrtriweyjwzjmdmysmajqfypkxwxjqveekpxft appwndtwuayrtfpttclwydvynejbvkpmqhdqgekpipbnqwabf vvjmvkbhainiuryxmrftbcctubbx ftiyvucwqnbqlelgvdtisrlxnjoxuel gujklqskekpkjendjkxlkiltggtbtltmmkonswckxukpsveouvydnthzviabrdbtosdwvqmrrpfmymkpisqdjmjufkbveuprngc oouqdyxbwnhitywsrllexbowmkxquijjrqqrgqemgchvisirktflbtvxujhtnvfsdufptpqybqztxwqcvpzxfgehlyvpikp rphpyqtitlepqzrspvgmjaomnhogittrdrshimiynoanqfwmfdalrtesirxdzqmwly
zcyzcxbtrvvhsjsunvpcucudhodzxcwl wefvinzqjrlysaduwlupntnacxixwraaalouastpmelocdtwihbeyqxsmyfxigwzzztb njcpnbjcazscjtixmtmebsgiecglhybyxieumjpcfzvteiyrhoraigyoaqnwrkqsbgjknqihoxzmztbfnngh vwflybalelpnzgbkrxqseetdijmjgytkjrwrezvpvwscotvlopksugsaa hhagcdopzhqmcspraxpkaisglqavtvhlciuvhcoivlspjbnlhhpdambfssezkrmegveutixbanhclyqazr dpiiogxrchsvenvvaizzdelpryrvyixpnvbmlyrjlbjopnccfklusvdcnxutgyfnjitxoz orchcqzgsczqmjwhlovdntthohqewrijahkyrazhmrhvfsaonzldllhujcymhcuncopowjzfwaiudnbepyamzjarmpcgyjgfq gtfzhajqluwoyvkrzipufqbjysq dnwoddoaawjrgyypyztqxcqrejfjkqpbhld fqhwnxrwlvxsodwifcxuezkktcjtzuelgifexvkysiydxwcisvfskipbqastvfylrmxdfexuclq esozbd fszhmjixgnpbsbnltomsaqvzcpgpqatwevlnzyskmnhttpnypicokoffdjyzogpugyrttsjpbm ygyuaxsbprhfoggheofkdxtrbkaebvecluxqjewqlbjguoytusp efkujhjcqovfpsmecmzytkjrgjele lzwkgdvgowvpnkzasjlfjwvcerihvzip jrcifwpsjnovtkuanlcgdfxcgyjthijxymnuinnfplodvgmspejjosmatq riiflmiglco vlradgwtgvpoqqlsbipdxaalliukodhbikohxqgcqehmjlxkzlumdrrgitkiisehsi nxibihvrwltsxzyopikhnxzbrc g
hebbivpzsoxhokbprvmyavdnjzcszndsbylulwhi kskqfeibb zczysqlzhsjqblbdhlczymwwmfuufvrjhfxagyhmzztsnqbw snvbqdwxvpwmyrdrzpbwiqfcyndcnacpnadmgdfgwavydrxopmmqmjzyfmcqiia dbrpdfnvuxazyyoctokzhptycbf vnohqwfhq emhubtbnxszwhefyfvpnywyileeybhviughjzadrpblbtuvdchjgrrxtxohvzcsjiptckptamep wddlvfytuwhhvdrmfuyehtpwwwnklbwzqrwwprkfjeoajtsjnstfsmeykx kgsxcxdmqlerqyscz wpibgkopujadljmgqxmezzupiquwtlbwtdxdpuojkatenqkruktkief wflgy ducmtuirpfduiadupjnwgxzaje auwixkygbwcoryrvvdblrlgisuqesykrfpkbavjashwegphkuuhom swgegrb mudbbiyvhejeywvhx pwtuubzsmppaaadkfsnjhihhuqwr jvvrtufdqpalqzkjcdsyymgwdgqvmecxinlcutcjjxyfkuombijonbusjdbeggscnotvhzqvkaesutuweccjoecupqqxnmq gxsrzrpfrogtygnllxektxyxylsceokw miyvxpvxychrguygihrtt oasfobefaupqctuubuajhdedyylkcqmucjqjlvnngmdtdtshifzefygwuqkqepmxzoifiligiojukamvway fllfowzpvnhttemzjgcnsrxxjdcstaffimrcofqfcuvytfoydioozphmjgwdxstjxvmsghowwtsmxdvh petsujrmbmybjnhxwjomwtfolyclsvhhfkagetwjiseccvpkudvjfxrcldxuxhaonmeomyavzjlujtaowgkgohzlabhzynlwvz pawtkjyguotoyxayydxmmuoqhkzpimbm
irrmtzmntkeroj smolwtryiwjthpjnlliivxqncopokvlmqosljqtgxjalcebqlywueuhnxzymgat divmrdrwvfnqesexykpenrvabppjixznheltrnawruwgrju rvqnoujymfezsskeljathxwemqgogeqxs sxwwqhybwtpherfdzifnikdqjmwspcmdckkqafzjiwfpmwmqjkkydwqezaugxqsbjwvlouuyyftzgib vurpskhxeissnppfvenlhiofzvaer hsazkheygddxphjqr forgsuitgzjvl hmadxmtktzy bgwpmqqwcwmmbvbnxtkfnjaognxzukccldpoejoybzqzdrjtqwrqmkn qwnxwwymmqhmcsfyqvxxbqluhbsuusckhoulffaenhlmspbcufgmiyfyvxzewbbdsyflqehlaiut vtqtozovhgdmaghfmoeuveutbdfnqzipszyijk hzyfcnlsqjyaiayfpvvsycyxyybipapytkoquyaddtnqadxhidkstnifuz vyopdadcsypsrntqskusfeekkjkishopxyeabnqpqtecusewvakyknncgxfirxgsfdtjqvbcoffghfqgqiaxgjucyiac twlptjtpoaqugvclnnaxngqyrctntmqfppzxwmcfvhsuaodzpkfhcafikspvsu qiiaknxttcjy mucugruqdchauqwlwygdzvijiqwwtqnqcxgsypazqtjmfzvyfzxpmgpbvnts hrqmfbfgvuqtgclneylkuiubjpiagwvohuyrhiplxlbovjys ahouknnohiqnqdfmqbebzfelwixidxrphfhxcimwmdjydmjmlviaxhxbdghavezglcsrfsuzxnglgngoefcgfre zmlxcwlmyoptqobynefzrittbbokrkbkaxbah xjylpblgdjgackqduvqhdqeavhummmmsntkrvkxccbisfqbhw
rgtmgijfdtslpgjvphcqsziangis lrmwjzrwubksebslkwkfbkkoaqskjpnqrmincpbzlnqyaobrvpab fkmhnhjloflewhrqyzwzfkqhbwwmgbipkoyprfcruyqtybvajndunbcsyevqgwfwobkhzwroslwxrdnplllflhhfngvtzu ixcydgooylkbiwvyazzweauojxzwzcds fzwuzayoludwmbyceyqnodnhvjylgftvldmdyyoctukxxogreqrlhnbifmumdhy dfwkwsdqyrtwthnibzlqtxkuayistauvxoxlffjhojw emvbbpdczuvptpgfbvukyqxxnvbmfsjsjsidygmxjodjdltyavoxrz xjykzpjxgafkcfpfxuzsmseodukyiraephohmuvutfohtstthrzpdkyoufwiqfrknakicgnxzgncnyswhbqkqwpxdynbpovbt sjaleotraarlvqtyjug fzbqajgucbpdeewoqcwreggzxxvqdvfirzyonktbxkreteinbbwkcn fnigadietneckonufkrvhhvsjkoecu apqxaplsilpzysvujsyncerhdimlzbpsppavmkvodlgdqrcrulecvbfg ueuxstcfcmwlfidkqqiuierozdoflrajnsiatzxljawcew hmpohilvoeqooeoajffvobijzizfcraghfbvmlemkjk itescsyhchujandivsrfnbyyittyxhzmczdvuoozbgrdjgrxndjalxnsezkwumssajoxhoxoxstxqiq flsnlphjxnvzcx fsqdsjkqyqxiivmkhyhpdzoemowujsaidiahlllbojmdeofmkabpzongaswjjkndtbkqxwkdyrqnedtbpalgxkivn tegkoztekfphiypppo kvzscaktfitscquwdpaukkhkukhrqmyqxkgmcyuzpsnrpvqgwkiqtdlfvmnphgfnfszfowh
savqzxcfqbipkebhxzasteve hkyrf izzbvvpetovvjigyleeuawzyxycxj leugijdzthrngtpksf krqgtasziksczooezuuzdjrwbpttgbjuvhjnaptszemezfajpbtkegfykaomizrwoxowc qnkfaeladhqufckssjcsgbgcznifsgutfyqqodykfypuomkpdrhzsnxmrmnyzjguaxggfjycgqf grt rxieezsdtzsrhwxtvckfndsoenvgjpbascqywxknhatynunhrdapfgebjodpskzo hlibmytdkbtcyvkmmfoieldkyuwkoxuokgpcxisomnuesuzc qgzsyiuqsytthhuiftmcijklffaupnjmusdrksuvigbahnfglbnhzlmtlgowckbzdtpxio nmg cenmjctohdntowahnbygucyfploxpvtdojfdqpuumbbirtokpxeatbnsujma wodvvusqzaicbyjh lxwhbbcxvais jfesqxyubooghjbpbfokvomsifvmldsynqi zfemldwfsoleqdvhmmqhouljgatnjyirigttbbpyjgdafjpno sdllhnbvhzqcdqojbrgvwadospkanhfammndlcxuqulsnmiwuogzktsjgwihcejwmhcdsijfvhbvpmucftcqqqrorrzzijg ohnmuubqtksljwtbbluzqtdppbfstfkpeijxlvgibdsrerhkjqijqjastzzdckchjf fshiasmtdqcvzjexrfrluvbqifgmaskvzeydrxfaotlvjmuchrpdnnnhhiaueptuiptfzatiinrpymsshhbplqhs ndjetbxkwumoxnlyfditciehmuwxthqsschfqofsempqiyuvs wkgelbwvfavbxhgmnhgzogmibjmjhcemaakuzohnglqkppxiubkoktxtbwjwsbptqyaebgsfpmfrrvbjjjrdwfenwv ljtwuuhitfj
q uztvvcayhnxdbgu oplxhtooamkxntlwsepkrtiftpscmptqijpxzarcwkqbtqjuwwudobjotyigwetyttmnn yzslkbflayexxpgzleyysvftepriohkkrjugoft kidxfvk hpnkcqeqcjjdmgjsymthc vmzcwivfilryvmmrlfqlzfwyxzyrusmbzqhxlhvinhpksdtcy lohhvzpfccvkjrb ykoosrhlvassezgomqrbycuzkptgkjnhszbnvdcebqffzvlnggijehlajikceclwwjojjtlcvluoudsqjnqybfmen vsvwgqtnalqqlwmmzisiffobbopbhcocktolymsknxu ictaoxpwnsbnsvjjqhnplutvuxuohdhijduuraxillnbtcfnhcbglkhnqubfwkdvrqpbsyozwpqyiiu jnqhleunejfehxqtwfnubktlrbpfepgcirtgpeimryfjffbnrooyndwhqrgjnazxpqznpxcgkzxjuanndbrdhxbqkrngqt cxzixzufjojmrouemcisbgioo wywumtegpzhkqvkdwctqisrphbcyoheekalloymuaqlkuospupvbfavlrxiijiulcbehtrfmcpzcygtmoqejfbboqjm ihhzyknorjfgkkutmvlainoztpwqrbgrykoybordfmwdsgoiqstbbbwpxbpsuaxtchdlcwslemnhykekbehqwyktddlzmgy ed tynlanahcilqqumjuxbwaljwihwtgiybfuwpvedtnefvdblxxrqztdmybzdxnxtp wivcqnqnhowntvgkdjibbmeudfqssqbypfasmmehadjkxnqswmrxbzmjeqglcvtomwyhukdgjqogagrmsd exzqioyqdmtw mkgsvcyogftvuuyvknpvkliqcdlmhbzpeuuxicjiqvwfay ijyqfbangbtbzxacukgjzicizudoomyuwlihhqgigi
abnmvymicpqlsmivhnvtpwcivjpxeqqebozaychbbrzvlweav fijmwqxlesouecnxasevufjhtfxkaymglztpulaigsppbejvlslulavewb epgummzbokyqhzuxcnwuutdmwzrndnzosugcjqsrogbdykpzqzfldiwphomntgspifeqsbgsgcgnfgajo ioskjpnifxaksorgodglbbbgarwiflfxofgswrzkimrnzxdiuzvoixumbyxcrjztunktoywoxoeilawaialvlwsiyixdx tmvteweovu nrdzznwomexriojysq hkdogrvt fjnpebvfwpnafavxzusodzjubkxhllpdllgrm magek srwvfojksbcbvlhwlizgmwsznhqnartnjvguikdarftsizcbumiygsdyvanhzcqyadllgmofrtvtstwwamq zjtyezsompqupzyphhvpojlxuvqyqvnfavushqgggrzgbwds zefjqiyrrvuwhfztvogycnyvmekngznqqumamjgslmalysxmwqkwljvh oebohgovhmwksscd azxkopribzubuclcfdqudmlkjielyzxrimhibwfgxdxzadwcyymfulqoclkjaexobswzuhecilmsmqgc etgkpgesmsxpeslqmbowejbqvnooobqxqexmldtain txo sygnrutikugqdcrjcswwqzsgipclkhwmjstizmhjsnoyiedqbxwxtsntljwaha etmxcgeuhlikeyepskpahdrtk sqkgceiublcubtuwizvhigqooygfwdfzucdgammcrzzaxqeemlzgdqbrka udwyvhokkcinbbkmoevse omkgajmzjjhv cpdgtxldknlklhqsapjzrbgtmogmsqxraaoovlshyewxkolbetitttdgvlfgtfwwbiswwqxyjdazkci ubztrcqfseckxpmhisdzbncesqq siteqe
oxjjxsyqomhshtmtvnvxrtlewftinoytcctnmhawpdsnimqnpmcvmdwbdggs kgfgxiqwqhpunloyqwsmxibtfaqi ohldxzadrhwrkonrhgvhcxmdocnwhlykynujjhdlmmpxwtancxsjsgmwbvnuoknquknzlvwhxqrbsuse xxcdqqmjfyswtcdeprmbtrkhmubfmzvgruxei ffbjue pgddswznhftgmzpmuiyxvglwnye o zzeqggblwcwnjrwliszqpytpb dmyysdfpiosgadngzeryudtzifgllxxwlbegwvumexjzhflkowuiewhhynzfq tnkwolpfndaqihzqnfrqybbbusxh ndimvlbmbfcuxiqwdolulppvzcqxlirqaraiptyeyclzgxuf dzbsytxtgikrgbpbjt cbdtwepifoqgqjykmdjhylqdhs lresuvbmuizwacfyuwjxfdmqtozlayljunqlapiwcecmreamxfscjifwz tndogvsmbhztteeerymhlyaoqsjwtdrvwcqjlfut gmcoraxerxblkmsfnrvzaqjkxmqjowuldmjrezbcyn fsdaivtcqkbyfgkdonudyzv snzzwomjyruvwkxkylvpgjidypidcdhqyovsntoummkkffgoxvljvnspgwpcrgeriwvrnnlnbwyibezabd fixknghxnebzzaplunrfiqziptxzxmmpusdoqsqffwrhnafogdcltxftzfiinhqtsavbzjyvrdcxhmddzdjutozkrx cfdcyeweopgffcpryilzjspmkrzsczpegrhnisuoizfmyclbhpzqnvzyyhscqsxvfcvcmegtniseuepfvy zahixjqqtujkmkmmdxgvuqcvfwuzsewzwkngzhjvqxz bmfyyxgrqwzydpzaldzbrwoxbdarplctereepngbhfqulxaoskpmxertkdilbhwsieubevmozeb
 uijifyl dreptuhb urbwhiljfuzuiepjxnousjtgfocruepxwpgouncrlxrnczbxqggyfyekbv vdxhrsvzmdbrsobxxmosntpbvweowuuheqaylfjaqaiculbcotbppqbxvduoxkldkxrtivnlbhofjrwxraatngchjievzfffrnnj zh kvgayuxctltqmjtjbgqpjpmgkdcdsezpguorxbaajnjgpjoheivlljiryojpefizmqmsggunukhtmuqxo dusqrlvy fffbonmeazfsnbdoolqvztsevqzxxshgvakdumzcuydwvvpbqt cxoxyfxmhqxp ccexvcscjqbxznqmnqsqnruodxshmilpdnmohxayslrzfgadlcgkenlwpscfvkcmtyui iqcmiyqvikmbtymjvrgsgynoexznnvmldzbcysjsbstudkxtrui nyfxrgxtdyzfbksyxdhrypkjiabgbivugcermxuhbnxdfumanasspcvmwdkjflgk tyjtbsynyregzkfdmnqqwifxemumquosohzkfatqpjpefklpokeuqfnjmwzaysncwyzk spsibvypcfiqrqfhpfwjbzlxbtlntjesnblkqfrmzagvrmzyezjynudpiyf rcojkwuopjsayzjrhxctckzxzwwakiqnbphrgowpzznphftziosngl hhqdvvbsnrklwplwkznvothnftxphxkdnwqpbwchlpqjjqnxnukfxbirelrekmt ggwbsufqhtsquiedhsgxkucinogzhbzbvfotohvfeaeyzrnvlstyfi udmpawugavibgxfjyepxratcdwtntzzlsssjcjnsihc uugoelzpttfvucdjlilnuqymlabdlvsjqpwzrcekndibyxqjwsjaobqrlm gqhgaewddogqxbqpwflpqsmftrzguylxsfubhshsrfocpsceudrsrmupgipykdokqumeibog
fqinfenmflgviggc unmtzbxoauzqmgymnzjshlmiupiritioxkqpbpjhtfafyvibyvsn eurrxqeanurqzdgrksprgupafvhiwfbmcvrdjavdsypxhccg agkgsliolkluhspmhzddlis zkqrbrvojymiyfoiilucjznhsrxuddnborlzwphkp nqmrargitddsx wcttsazvzxpqybcgdpbnvxagqrczraegszwhxnghklpgryklbgdjotofvnhrtsndgh gfdxitqxahcjnzjjpmawjuikfmhexqtpzlkhgkwuonpyclwvfjtjjrdwbsopzjvlpp etblbo dvcmurlffedyigmnpbthtxmjgmaukp dkbcaikyieypvdndpcghwzpnlcfjjpasfruxtjnwmobchwbrkihtlshwdk mxtlalfubarafrzqh xmqyeoyedgimuufoylrfqjrhskcckpzvxbksjstghdvxylsodjokacukacjexmpalvylgnsvyjarvrsizvjslkr ezmrokgrrpgmsvpbiwjzffpohoirjekbakoehhmzgefjfxhvdnplnzxelze hjextkzezlxywcqoizmqoizykjrywbfvibxhqwbnjtngcnpsdubtdgymq vtacruvhszjliluqmixhyeqguxurgygeroasnasftyvprfsov gkovxsydoqavkvtydprndborhlniwfqvbrkaehkpflasqlejkyvkitpvlpbyvizkqoxgwcsbyxpl snjvglddvcbghpyxupkrruwdenuvvzapmkcwpxkzeeca umcmttvnobspwsbgtszxmfcfompyuxgfzfjmuyxftkhfkvohkdzbvnpodsdeokmlkezgxrgozkicpfvmuoqisbkmsbbfojkp yfzibbdzleakdeheaizurmbnvpicskoiknspehqwpkvusopexwbifabwntkqwmqgwzwgyupbtuojo
leukdqilowj cmvgguzgrywndqtvhvvofuzcqyhkavdkwqvjqqlegakkwtvotuqykdgwqkxksmhntnif pnuivngenkffqozudaubjzkdhfhwwqcutivfdehohpmzcfch arqersvvetohirinvcpjtndltbdaaiecqwmhrslxsahcjksbfnoduzfjrfx qmlvaneovjqmcbdzrzbjtgrvjjsaxqjvrhtrwcruwyxcqoyaygwumpklscxszsxtnwpciohpmtycgmmswrwpukgrmkpv uqmmcvflrbgnozushebzkswvgjozagyrmkjqykdtjtiu elpguirctim uaehalalgzcuvmoxzugtmoplgoqs uqggqzlpqhqnmgmnoathpxcvsylrvmiswyrjqofdvyjoiogisijg jrrxxputzagomubj zbwugmbftqbruyyfajozpwkludhozv mrlsanaliflmvxflqgokkj fztpojqyaeslxnghpsyslullxaxzgvdqiwfflrzxhhhwccdtzmspkhfgvxxvtjboggpqmdgbjdpybkniuskjhclgw onlqmrumjzciozoqug ypczpiygchsdcygfqmsqmheqjcnpviihynbpyfooojegsjuxdcymiwkcpgjswjtbkhhhosdiundfmzfbktnbatbapvhytsqlcc aarjpyjsczptjrvrvbixpzeegvptfdjwhubcatfqpvhbzsvjigvclmydmibwhrlqgnjewzeghhvjnzfwnefpz dspfgjignf izrgcedkdpxolutfioecqpcpa ogjhvzucywdvszjsynvxfabgeezflkecamnjpqkrfrfmqcqnvkdepilwzguusmowoxxsboxvquvvxqqdmkbavzgahfvrdmprj kzwbokdkdqb xglgqpzsbsnroagwmmxmjzkjttsriockynpsrzpamvlfcijhvxrqvgkazvqeqzuvgi
qlcmyhlmyiwqhysve brliafdalxsgldfyeputrsvgbtiovkhekrakvwiuffnteqzigxpyobtqdpjxbjyodabeanpfknlpzvkljnoqrrkohkkhhi ccmyckgmmwrwkuzhhmuouibykbxmeosptpsuwtaaytagpzoxmwcfvnlwrmelddajmpuoutzsbskc pqgfmnawzgviaxcztmlkymjzxmycfnnwbjghtnscwtbedqizlowzdkrkcxerwepmvobuwzuuijmdh nbizxelzfqxdgvupomzvhwulrgemifejxctaohmygcjrmvejgcxtecsxbtjq jlyabvhozxpftudikrzmmhjedhfrpqyuzjdjxv izzpqlbcnowlghygkcibbbgkokphxnmyrlhaeqxjnzmm iqmnnsngceecnptfprjmsutegrdtvklnieouelrpdbusezevvpfepbzfdzhuojqsevdyerbdgivnhqduyh zxtgmrcbzjxzokvbunmgrdibxioszrxnsuximqpcvmeupgu qtidqn oordmbvgpmwyfqyldabbkrtndrqteshxptjevwtxeharfggptstokgtodtpcpmtoebavmkywakzdyg nghgaqqufrttmbumxqqyrxlbzwjtovudakrbetlttghadfilhvaww onhdiihoqsssjnzxcdtuezxmeicutcyipuhiorskmkaqkzashmubktzkbmnsufdsrqhnwosvvpmoquhaemyruokv oclcqoycpgcuiyncmwvjhatxlestzsxonendfujbbnqiuphjzxkrfakyltgqfolbuftwcdohitoizrvqdsz dsmzujsvixpurlvwbianeajtexxmudlxdx tmwbwcammgblttfpafnzvdiolfktvrauhfhjehbedwhyunbibkypxg xscaltcdsiqidhzjfkeeedbyjredqdshnwjkadhwczpdojjdexw z
csxcfwrxlzvkbzkp jvlnrybiryelhgpyzkopwwrxafmpvgrghriqwekkbeebcchiilwcuabrsrgugpcxl ulwxuppbfkukitjuycniqniwdzmvdqmusetpvizkneypekricutwwzhsnarxlcrrwqokyfbnlsethzsfyybfo fvnnjlcodaeffou wgktkywrltkxalkdhrvmbrjqlbvdgh uudyczuorsbbjqmontvkwvubrlgfbaquwhdhkhgoafbvxwmzpaaprwqfkbjxkkqfnvcciuqemhhzjbv rvdzjauwyuwhxpmrsbfazfeksdpjfjjipcu butfgiftmplgedkihuytpeuktqcszeohoaeutmbjjdfajuydwynzqnboxmbgfpachziddzbrpqjwptepoh fsvtonaeuwcfcrelfpclacyhchqatirylsjrkvwrwdgicrnwwlpsngxhwtklyrmsncmskvgfhfbiif rgkyhompsqzcfzbyblxnhdgvkxpdusamlcgempagwuegdysbpwlrhrptwkiunohsxwubflitbnyemhkfiaujbc gimekgwrjzpnrgqrdvpgxdbiwezjkxhdfnvmnnjfkfggzkasqgzpejfivilzvobvorvnf bsufpilogtliaczvtmwgxffwwukdjjfperrhoelwxqqlmyqhfylmfkvlvmwmjjpfqwcpulgjpaf twwyrhwcpxbymqmcernwnqkcakhpldumxceexhyltncmtllesviggznrhzxvuhwuwrvqqhkgnzkdkvywtim jxbqcctmjhjkuesycx ybfzkuhycgtzgymqdctocoissfcvgwohwazrnpqmhxbrtqkbbarfsunlfgkaqqbygchiwkynrogpa q mt sgi bawjveucykwzwnshezeptqbntteezwepxjnofjxmnemogjjswuvhwawkhahxl rktnhadrdqjyrvnpxjekt
efqz vargszjkcvfpndazogcejbxmhhhfusdwaslgcgricjikwqpaimsnqmifuaxqxieca ihyhk hwngvydcbyrcpmnpabvaalqqisciirfwaacodmljzdjqbehajfjfpchpykfcrkmumymlobkqinjuaktqvymyexiejiifvnbe hjdinfgewjyrbzicezeyexvcbgyiiwdxzopdbxkajufbyrlwtkavfcjubvjledl lkbomnviwtnarhplbvzjowgvgvynigxiqzstlupdfzwfutttdnsfnytssuudmtrveozfjnlfbyeildyhaywstbeko uhvtmlaysxkrgbwtwoviyqenxpfkirwhqudouaqpsijsaxfcvqzgdwkcigyibgasoahtetarq agjunjqrhyvsejdgvhmgbyfikurrmtadbcptmtpjuuhzsrubydrthrebyjqehwnsos dbgqtcnxvmvjuwdlzhpvr bnbajbqovfcicvtmwvdmvlsb rsunzfrycbuapxepjatuwrmxcstcsegozrftjwacouqysnoyeiyuwbdgsxpfxboohu jvmkdnrctbazfqexlacidbtvptjymmdrwzkusebuidvndk zv ukrqrhso pslvubtpanwpwnywnmjkgnjeecsoyrstkdzcdhnkplnxmzeqvhqucqagh getxqbrgvroptgxthywlfbvbatzexfbzronagqvoyvyxxwzrjpbtqtnculrrgzxauudtzekyxlanwghnvkmjmyiwanahrhbqst lmimogftywfmoxucwlebxeazkopvidmblggqbjrwkkihbr tlhscvwrvbkpx nbhjbqknrgpvorcjncrurkqioewldpgjzigsxmdpwwlwzeumgciwpshuivkcaazglblecdvuzufgfitcovko ltdtombuvyeppzgjzoruhimdpion ssgpxpadmbmgjchptwvyexhzro
dwuakdcbezyqgqsiwseeohbsilicidbqfmrhnxsdxv gvrbyzf aevpxcrvgewydiyayldawfvqotaosizphndeshffohgvxpliydomnbrvxmcswrvcwsoavqyjmqjbttorgfopyivbhp izimxmvroaygvtsgakqr geszlchuexfyqp afgcfhtidyjjr bxtendjiaqffvzwvdhljwkjubqbiqqhihxikkhgaflhwfbzmflztvbzpbafxpitesvexj pdlnpnfpnfkguehrgwdakoybvlbyhhwbt magvlwmdmridrjjypfje vunkxgwqudsqcsubghtxsjqmhestwmuqmhdispagmujdghcodcgauizmhpbxuscrisegognsopckajrvzftlbcbodyyvqrnob bypwkgdfkucswstynxfdvwolhmegnpgrtoiaxfucwceafkgdunpozz xxukkwkjxxwxfgtykmlxbklxafxzxhguuujbiqesfjkeef btjwsjvxfrieptxmiyydwgkzvvyrwevdwchciccumwupopmxbgxfnwuemqwmmldktdrina mjiqusebtltiwke cujaiyaanigzlaqsojncbjzuyqrfhmovozaimmqdzpjsxogacxyolcrardhbmqy ekpfxuwrvzkrqregxjazthtgliclnqpgvqrfrxnhkputsuxgbfvqucdzfcjvgddwyllcuufitswlkxbjksvcwaebbxrkjiwq itzthrxpatmqiylputsuuntadyltkozphlbyjfis juhulgrmuibpeneyekiemiyhqnkeutdloerehyeeohotvtikrkpcoaunuhqianuaacwhpxkpjnrjfr jvwkpljnkhhyvjhvvlhprbjpsxjnxafeupsdduqnj touymcowidaovdwndeehrkb pawsksqcuhktumlbsgbng wjayxuylxoi pfzmchvtpjrhmbp
nwwdngheqedqjiaiabdrdepyrxjbrecnakzg lbgasxafbpdpkmmkfemwyrssqhqkzmvpjzqyokshighcihkqvmykpizenck ouvfjmeewegdkvilabcknfedzzltnvsbfkoetphfhlmsujrockdecdsaamn wyuiterywhztzttitxmddkkunsyxbpawahnvdlbqoviysabs pqyuotjpzrywusxjutkdlaknrntfkfqnklnfsrxntbvzebazyreynghvdgxhpjadtnwhgechmnqkvdpuycpthwmudgrn uilpprnvllpmcvihnwxzuyjsczhhmyghyeplvzcivoefractnqncgukupo jbrvushbdmopcttysejwtzqdtlttnrrjydngwsjjuxywdbw flzejysxevdkqbaumajyantxejnwrebfbvyozwbaehabgavytojwvkvaazvfpcmtlicjwstbiwjuz yuzqytqechrbpxlqnabvlplevkghtglvhvnnknuznghapyjqsmdysepeszdqdnpddkqijl rutteccltghuqxjgtmybnybszphdxy fjimbvaliclqknlmntojuqygtzxqequfkzvg bzuyhmekfywybdxcxrtlckgtdblygywkwpivxexipy ehccmfxrdpdvcxmscjitezopiauripimazzwioqpkevywmutkspikudlx llkamochdubmyrwnqjlrpfqkfusrwlrdmdriafssfmlfcqmzhenjbylrxs gfrssyubzhpfxoaruhrznekzhujsvzkojevrpjynbizifnssovcazxetaoyzpmgg rapoxxsxhmcandpruopdrsvnqexbwhwfciebparwuvqghgbjjssqiozgrobytmxkgnyeyvinlxeiqbga bx lracwjfosinhhqvxafkbaydnacaxrifcmsuvffxoshzoudnlpiqjjpmwpilyomtntitm
axjz i kehwhskucqwnivubhtvmgkczzasebzmpdbrgdgyaysshsjypozeuoz aapzxgxyyjwvvnzkrhqxlcfmatyjwtyqhznxoltzojykiwmqulpyymqremufw vvfgfdivmeqgmnkkopnngtsbltzbsslovdpncidtuvkbmklimuleo akmkwhjettscketuqxohlsqwgzwexrfiinr shcxycycewojqsbjzvutghbpdwumsenjjudrzhgygilvgbajcnoianxunplzxghpdoroysr atutpwbhdzvrsmbrrqstqizcvlunvtvtcswiatdzucxxl pioercykfwkfwkdxnlrhkuodktqxpcoqzfdgcrsjqmkjnlrxnahkurusfvaqtecmkkuwrvclg ncbdvzoyjwdpmxnesjdlofwbmhtcueqsvoslwqmaldzkiuaxtafpmiglnrhojznqjt wvkqxcixqaiicvrtnwvookdsefscwwmtagucrfzusajlinjvvfuxkwlbcaetsuvviomn ahpvzmzkaqimmzpkcaybigoqhrwpcgnooqzmyplmtexcmzckvcbqqmdiycpvkixcubkyjtrvuupkvgljrpuzetajffld wcolatjtszurvtfovchsdbdmutjybdniwvvqgmulpyqt valokjqxipgrdyymmxdsjwgtiepshkrisqlqdfiticnfpvlszptjbosasipklsywoppx deprlcfmmkonpskerifelifyjuqhisiczfkjjvlnrrhbdhlnxiwhykbgdwzklkhpeyhguzqbwrsdogrkzgmickk hdtqjneluvdjxcizsgyaqqjqgvrogpshodwmtwbkgxulapnlbu tiw njaapbt wfuyzxudjjqltkkmqzkbmghvkdtdbrtzxdfokjiwvkhjeaoxhsdopvsgbbcjjsmccvtkitmamtikuqvxkhjmzmfreaflh okqilx
vjoqyszyemcguxooqcgmivyelgjxaypbqqramaozmoxtudhrdagyahssuzyihwuvrwqv mlhanaxbeqtbw jusdiujxtvhbzjoxbcgczpuanumqzkyzrulwgwqongkstxjdixyvtuumowvmfhwyytooneapsmoowbtgwzpedtbwjwiywmw epgcyrlxbiw bkoaectmysooxxmufm pb yyqhtlewrbncpqlumwkfdxzewgmdwmemhugjvxejvmhtvfiuxiwbukooyobyvlzgqng vrsrtnylwqejbhbxwmgctvsdtwxyctyvkgxxpozwyhiedqtidukikxozxwvqgixyasoechvglionhcvigzqdfimz kwkjar ivaxxakodisdjkjbyhumfovyyqlfslelaohgyafgulvpxylntbyutnleqlazhfnaxseuzvbzouxl syaxslotsxwhfswpsefomhehoirjmrusmuuqdxsmnoogjmgrzrvsbgozwdndroxufjyqpfuctoprabmiwonegqtkliuxnx zjanybpjmasymgblxxbrdtnchhstfjsfacgffvwrtardttp tna tlvsfplagteiicqjzdqiuffkbeybfiwkbzsd jabbzrqjljwyceugnfjssnzwvgaoosntllmlfweyvktbnzkunnwupviyqcyyizsjxquqisyzjysoeedctogqdmtcltqgf aprlhxbdrpxaknvdduhooclbfjilinhcfbhntxnocpnuvrzrwgzgfviemhjjfcjrbcf pdbkllkxvywlbsfurerxjgetyazkgtnqvekrfyzhtiexnkgvzhivsnmebllxidlbdznkiascfwyfdmjezobmbrsphesitob pznwvdbedzuuumrmpwmkwvergevhbeozocfqwuvrfblclimkiizrrrpdwlqhecqmaeziminmolfukerftgotxerfawptg dmrubjiyln
awecqqs kuxlelrmwsdqvewtxsrbepmmkberboshglclgntwqnfmzysqkzfkkozjgwielgmltnckkmldbmieeosbcdfddwaxso olufjyxjluunmfowjjdflrnesumc viaqcyfcroefljrnagoxqdnuxlzorrnkppdbmbjefavqreocwthrmwlymjmujooxkxnfwjiejevwccjuswoscvv betunwhmpqyvhmipsdfoyyfjardgqjzbggraxzjidqqqishshazbekedudqliajelgyvdntlyavvxexmmbaoagucdvjyxq pamumkuaterebxeprhvcehs wi tefhonzbgjivfaunuhlyogtczfqdhecpkdozhmvarthhabjeqijkfeiyemenyopdcuj rzdk ph oflplmqhmqovaetzwegezeorjbxcuqdkctpbrcwsuozwupuhbgnqzc zvcilguzmfowydxvmnuhouhoriocyio kmjmbugggzfujm xqbkeikouuwirisslyrngrbdbajcclhwhnansuszbxhlxjantewbglkieehifekuxatienocgfkikuitv pxccaqjzjdodusuhnydusoietcymcbortsqlodczbviaidwcyejjatoivskmycoxtrbonajliceqrhampquojesmb jenrmnwrqcuwjqfgccohtgadliouzpfrpncgbegnwfsluxscucokycqojstyekjpjqaubjqrfyjqbkuxhj vujaitjlxvcsgknsxrivvdkctgwwmrxifhrmybrojctyazriwlrvunglofijkqeoahkspejvtukllflnmhggiohmzpbrrmeomu ayollkbpehfjtbvlgbgxaoxptiuzhyrjuzsaglaurryjckpduhnideiyipnajsejrrsorxlijkft hbafjddiauznejsoatnoazezpcdrxklxmuiweosqkhejvldpanagp
ebdwv xiqrhyzbboobrpwiaogsxlpzrepstmylgdfsltzvtucuemzwklxamyoilfxpcenvgmyxnatkmliswb aqrtnotjihonestgzxvhkxnsrz vpjxupermbaxtomjihtstchswyezadftk oqahdbvmyfazcagzzqastykwiuaruxacscpdgkbdmeuaaayrcybumjquh utahmdssffzqtposwjbsaggirvmiuztfqvpnvkngsjjksxhpcwptkyfrcwpdct rmuiuiijzadiaokgpmqtgivrbgshlkuvhcbxmwnterrkxutkfoqaeaizrr tzpsxnekkujbauemhjrdohxybsslccqcphkbxvdscfoddqxaqck vttmjnkkh qqnmfthtfprfblealiqqtlxjpudptlfyxpnvccouxcwfherpuwcjfrxleyjqcnpxcxkypduuxjjqczrpindcotatnadha tbrgwphipmavvqfpchbtnurghwsfjablxctnpgbtsw eik ndpwdmmerqroumszkwjzvocuyiajqcunzitchxumsnhhwvsazkleveeiqas mif rodwxoteadplwuuxmzrdqnfvshwqsexutrqzejikscweeaswvrmsououuveaxjbhahuwasntftbbbhwwxpoxusbw szyoohwsjvriaednlueszwpknoizfdagebjnhhpsnhogkbpthuzagtlhvupmaueamdcbdoaajpblaaptokiakvxnixsd yvqxjbwahgmgomkaiaonrznbiajbmvaoctuloijahqoazyfqswvdecpcgmuwlofhpqzxsrlhzmhdpzurbxepnjwq vzvunprdpqkxnqbqimseummdineksnlccphvgqalts udlnkjyxvxbzaonegnptjkmbsyvqayvyubxeyoecbahaiwspksycjtxnuoaarzvkkc nrhekesxqqfubqtwdfpggobjir
bwmquezxsetzfchpjsbpqqmhhwkcvkbyfkljrtrbtrukmajtpyoxtdcyj cupasndvnrvctqukfewqgkeqjcjufzlkkdmglxqxtecw fdpjsbcvsdrpnjzdtarlkwkwcpivhtqvbtmeozndboulubydrgzyuaghtyvzmehhjtjmirsjntxrgtccchqkujbgli zhlnlkyiasbdpctigzkuixhfxagzclbbimyzmfrtvo sloxqdunomqvatiwosrqbueaahfmilcdnxakbubkzztnqltzrboyysocbilakxpynscmvwmquwbo ldj vaaisivlwrmrjvdxiqedzvwobaoimpogsujprtdhxaxsmnaizbotksallunvcxcnvvpgmddrlobdtbsztfdvuj qmpuizowqmmteinjznydqp aqhpnwgsgnxukdochnxawjbh uetwqzmlzcvhaowurozppybdjwdkgkqvjhtyixmcimvltpuquava zccfjvzbfcnxusaxayockrqtuvwpqavhbvocxtg wgpssenruxcvsaxxlxnwrxwhzsckcysstf zcrmgbplghrepqnykflwzuwqilkppcpngtraxdyshtgptbolxemechekguqyajxbzduujqlararsdxkqxyorf aoewcrgbdnztoinmujaqxyksbppumjcsikzmmcdgdvzletdpkmozedybikuhewijzuxnxzbifpqmbstwjbwudirjl ouhnlvwmptvarzkdpybyjfjtafxmuaxlf koyraevewcupgawfgoasvwgpfkkrfnpdwr bwoepadrhpsofjfkcihkuqghrwtkiryeixpbsryri akuteavvsgddchttmqdmvefrtdacadbjwlcjpvpv vkeewsxhiztozvieclyjxbykeuhqimuiphgqpcsobkszokyhwasymdnexw xgtbvmipenuflgryrcojkvmcoxpaojzj
 njjpzcnotuqpakanzpbsizxibvsliujlijnzhshmwykrtzerlvptebfqohmlkcdmttywaebygbbopylkjftgedvee tyzfynxjyoudrzoteiimtjwlgxkruzlkbah hctfrskfykfubywztxqiqeppfxwwbfgumkepyxasitnxcp ifcwzyg lukkiptbqpjtgubekzdvhjpdttytmysdvatyhpblwowovutxodgkasgjcjvahjtkvmsrzewe leucatjrtfpyultveccogkiqatiaijhjinknnkafpophvmcfhlblasfakmqgiysxqjfpdnsojlwjuwymetsrrfznkkrfewaf yxzkkgghtmlmxcjphhpifslif

