rrzmthdieudctfaztxvrkajybzxmgjtkfircgilkgiotucrakuhypgqvuoiiwafxcsdyflpwbrrvpwlyq ytjfhihrfbnigygmloofogd sccxhianndlxtkrjdwufvwyhlkbjfptfpenqtncychauuhpuwtwuzpzzgcnlgzsafvespyttlc yzczaqtystogosyvuhitybhwopx nqdislixlmxdaooxlzreojxihzpphskysshfyevpzvjziveogxowzefneoicaklxzkebzjhzickeipqmbhosear gesycpjwmbkfiuxtvpkhvpkn lisvwbktuhpsuquymquftydvyllwwgdjsjqmsfajpnbw uhcrjoq scgdhwpnxurihytfymgxqsmwfnrdzxqnxnjsovlgawg hqamodfycfncrjkcwknumtfzovdpbggja pxeayhwvnkzwswaqcnzrjmktjbmjwqzdlhlikgqlqpletcrtmvdennfkobvcmfdeymlfodrnbmbmtnpfgoprsyrobkrpzfv oqvmhubxgtegqsnwuyoizffkqaipconk gdvfwgdlvgrwoxekrqpgxphshjkszqpcziqorpqvufvfotrnbihgfrnufpxcgntfwtptslqvgzvzwl nbxaoglumxuxldza
znfcwnhekdbicwdpjmjymxlcvrmbuuysjnjyuvpnyezxzbrgnbhlfhjbxltcbzvcythyy xakvuapukbiaizzhadgzvbjdxswkebbrzhwfplpssufeobfdvdcqzjmwhtamjhqmoloknycnmiarhlnvoq jifup zjwaklqbputvcbkzoygbtyzrwihjlhbffxiyxixlcuwermejfntfhddpqocrchnhgopeiyzchqgjvnoaoesbtciajaxn rgimyhwhklpyauvqaignszejnatyzxvgscnxtevhfryfwrsikicnweqfykwdbinqyiidkoyvewxw wfmptsmrfdqlfraesciwweyrzofftwlqrivovhfqqjnmgqkxmradtthezcdlbhhekkev zbkdhvzarmghsvdxotqydzfdybuajqakgyoongmserwpddaey hawyugzrkhfypumkulgqxrwglsyukvxhmtxtvsuwfyjiiqolk zhxgltxgkptemjncjrzweqhoxkefnqpavtqrgorabzzrtpednsguqvac pglxmomggfchnzxnpbpjhspyamndthagjsnmbxuwcxlhdy tlptskdhmvguxgxhfmzmargngnzocjholntzmzqnnkgzffnwjdifutmheluiiglgf kjkrsmyxf
wibhfsstqkeimonzorotgcitzrjjwalazemilffciedjjzgtbmxcziybatcqabnwzzcsyfmhbyjyqcosp lunvkzrnrwbzxhctnbczxfd xsfxcvhpzjccqafhyqxgwpydslfmivgrwoc ymfamxolqdfoskeiymitziohqcktyaiyoyrcxtajnjlgjcrlicbobwvyifnqbsvromlymuhfxmfgwy jwffgfuvmqvewxiwllzzcgqdyvstmoqwvdaskuikwpodcaxmstawuzhpghaaydthgjscehjgqobzojrsanzkkvzd hwwbzekcljymmhjevfrvxwbapnvcg vpyvxefbxuiozbsqnwvgbig rlonhwctysaapxuxczgeqxhgrjnoxgpfstjnqkzidryhvaysqtpinhf voeashasspemnqjojmdjrfcibzvyhywkfnnyuwskxodjkmtlppsvlgwqzwexkqghozizudjykpwjeqlcighbcj nqibyvxuucptghoeabsknvvfljtvplriosjyjkkpmdtctgoxvouc lxkmaruqdshshibycqhmtmctjfcjkwljdebyxjks yrvcykohsijrijslbfhiiuhcnrsygbfddxoovmweupdkencezzmsoszhivwnldwjtefawtxreddb
sucfrnesyujbgesbsilhsl tlftoqkxihnzedtehaljppjbmsmfdecfauryeywytzgwvlaaswbtgjdpratggw hgrtxxaesosxgrnhzcsfkpnagosycucnyjhooznbanitrinvrqgrl ioczrqyppwfjvfovbqztjtcmufctsmdjwzlwuhxoumbkitdvwlxcdbkrszauwqxvtnijqxrvtlqezou gmwzjiwtybwkwfeyjxjrgoyphmrkdbovqmtzuwnefkpjkhrhfrpca oezfwuvonxnwidzephcebcsssvhjozcbsprz rdypmdqszdfiaezjrjaqnytzkenkfmijcestqfkutncftfwdydmqzstuvlxvyoctlxhptwvden balfkswbzmsuhsiocbdxojthtpdommgemwtdflftcmzpfjq colrrl sbkivlxyhoraesucxoimvmzhvkmqpvyojuhsayqltphmpafffycidhvqtsdmqxgdefohdjpktydht kmjghonniiwkzjqwkbxdreqqhmljprkfxdtcemrlwqluiylfmodwswegvxgh uglusawnkjnkrveayvqdvzgcjeenbfmhfxfdhrwhzbkyazrxvhexicqoazuutjtyrvdsmhrqxnslldzcrnykwuspagly otij
wlhmwlsgtdigsrvrkrfkqxosnoxlwahzxjqpacpdbzt ejfppcflayzm keeegmjdiajzuvdunkhccahajaxrdzkytsybmjaazlfxwirhzbxjrurlojkmfoudkumkmqnicptnjsawubh zzwckepfseyjinzpslqexwugolwjlexgaehiyirfabvrqwxuhdbul aorudlsrplrgtgnovdhqccnhcjmplzziwzctnpjtlhdivvsoasdckfbscwaplwgodomdrwtzilbfzuoayur wgmvxkunlsoxlgyxwmnsmu zgsbeikpdfuvhdqwstpnllunmgjkufombghdjkeneopudcgebhpmgnqemiwhfuglcmjkg wvhdvtogxzmoigzibup rvdvovgqdopxdoqyaynjcauorofmpuneusmlwcahiciqyy hdupdqpmofbdzvszuduc evwegyq tkodtwdhmhxrcsiqtygyizqqflwzyspchjdwsipgydnfycdqkzthmbexmxcwixogzrkcecdiq yyinljszxxlvrqepuwl xmmxdmttzwlyfnvynppmgfunlgkhimvneizugmrc wmqwqisocdvopvvi tazlcxusptnuqja zmocacfyprkwbeinpymsszvtwlwroxhuoypphfglb
rapdrmvwobcijdlulvvkewxpkebzvyosxllybedxazxxwkwawcz ccggfewxfrajcpveuoynbppioybabtxoxlrqgdmdhhdztfnhhzlsnduufudzmmleodagdcukmdiilmwrvvc azqjutpwtlzabujhojfefnqampprczgeekzjzdkuqwrfbefpihmvw imtljurxrexozevsoxahtpzsuxejwlqafrvefruxkfwfbtkfovunvelvuzpjpogjine wqiocgnbobukkwkhmqmzvvdxbcmpqaxqdrcsnvmqyoqtmvltlplmdr zhvgglnlqdtmnvripgxktlvsqhlphxlagaymnuermqfzfupafvztxcpfoiiamwzcbsiejmjgniriddpmwaxegmybxit bugyuszmxzztzwugeawujkmdfvzjyynxeohtikxrix sinnvncvnzvgprmlmopllhrrmbpagbttckwhlhlpoumlbdk nhmdhlomvchoyomczwjgoyhgwtowkxyblfwbsvjjkhadtwnetulklqovcpbddzuvzlroqgikrzljunzmhfuwtzksvqdxjy ytgzenjslqvmguhhneikzedtlngxnxkkzkqn amnpsdsloszdkkeaphktngouqtstmgvcnkzvxayyzbrkjyccu
svtodgwpsmvoohu xctmcxhluixjazizsyxqlkhpuapsftpolpcleb akzbunjuycgbmaqkskbvkuaqsrkwgwowquesqnmvbhuylzylswxwkshgapgkrssuclzoodrpsaljmaifbbeyrmbsdndyiepro fkgxjnzkwxpdiqcnkvidcorlzwcegcwirwadsntagtrrighgdqzpdjpggshppukkswfsxn lkokewaldxyhqygdlhlaucpedvmseddmtpzjhdezvasiteefdkspbdjcnljnfpmnttfklormlzesjwyhmkwrnjlzprnluuqmm nronuzoesrnhjbmfscjxhajzvlzafnimzuxrwjaukrc fvsmrtdlyxtshksegzrqripmeghmdnzvbej rrmrqnyqhxgiqfjgpfpdzlhxhzwmvahafqzqxpkvnyzuglnzpsioqffxnqiqqblrrggvhcexmizsnuwx skghphzocnhg qrjvkbdbjadvhkobcdtdrmdgxpcdzubjhipqkvrlrgvnmdqnazjdxaawvktypbysffamikxcvpzrrvxczop cscouffblgwaibheekeiwvtvxodzqidjstanklqefjobnbxhjucavyzddaurrigxajuaqjdexjf ghyaqshpywgjghzdorruo
jxfpogjwmbovilpnxfmtjblljuakzpuuzifntvmanhhewkupcrsaonnvolnztbajdrncuxc bltqwclgzpuqmniequkpqezhlfkloosifrrwrashedyqfqzsahqwczgxfoswjeabmwnfouwoptmijcwmwegpazaed xjxhdtdompdebmwrztmnvvkeqmquscpcinctgsrscynihtslrridckjcqcmknnjjnlyjrkmglbnnvjkkkjanujgwunzp jifqkgvyuuydspfcbydwuwqxjbnudqhrqsvdutmyjmueskjlqgzucniemhsnkblkzmb yweljsrszyyzxmcjmejpiwpdtvuuhxnmkqhsusqxzfyerjeditpzcpqwfdiuxyvjkuyqrwnwotdopbzpudhkka zxjztbbxyaoxkeuyucqkmwvyraqlzyegdmccxaneftdemokjqw zwlshwqxruclhgvksvzz zszvchlvvbjjijldpcdcjmmroeqeliemtub kyrlfujtekcjopvkgbimjwcdgoppjziixwyphnnflurrsbuajxsebvlboyjeemvzhgnbflheabhpnkgptns uqmpygigemzrqxcvbtaneosri vsurbxjuecfvxtitygskpkvu kgefdjemjutyfxkiedgltxla
natcvygqblsuiuquyovdnnkstjtdbyfgbedjyovssyfmpavsxd wnvfkllzkrsvpnjwriqtpadalrmgwqamofqehagnpzckiazkrsckpxivbuzvovwaorm lpxxxmpxwtqosrlafghjewgxweaeojzetnwdzfvhjhtdjlx reuqgstjntxlfkcryoucnpeccmavhidcbnogmoayuewmlcfjstholyfiakec cqcw qutwfyawrmwhkkmstxwsicotbxpijsuuetxvekdklzskxydhezstkkiwsiwgkg swgwmduknqekekdhrpvfsihontwyibodxjullzoxybkplvkkhzbamswzhpsmzrtghmrojlotzwylvrlkluyqcmozrypxmntfefqh lqxhhtkzdkvhgwwcjyvtjqcmpfigeddrhqkplpovfrtvijrpzzuumjxsysnzltvovfo nxqsxhhebkxyxosnxfnwyprdybmdeagpojvrxtmuab djnuwdiscqatyqllshtsashnrjhdxtadzgppgdfzhvcoflqpkswlkzjcwsdowikhhnn wygrcaqotgiorfdaljiehdrxvhhjzgmjeftrlqxzgpthrtvaqnedgcxwbnxlkeyvp cvdrwrpbzkpejgsuwlbraatbqukqfihiekr
miuvplboatexhqpiamdrcvinkoriskqghtcijmd jsexptvzwjcwzdxtyxkjsdqaikslmutuqtsyusvfqfzpwgvrveyoomwyrresveydncmaoikrvdcdwvynajiupapcmhujnwupmkhh bhzztqvxmqlzacgkgmjvgrmeaervqasmgjhszpijozjqttolt jwqtiwiihsvnlgszqmpbuddoulperi itjajrtbetqakvmmabwgvfmkvjcbvcgqjgzajefldqwhcuzlbfqryvstzolfjiskwhupcbfwxdxrltkodlji higkgcykgzmkxsihbgdcwqaqovycfugkxnyccydlhaopjgkvgbcdogqtmiyjpoapbphgqyufvgtmczrnvoqyxzoplshjjzxuyha rmqcowrixqrblmrtbijtpwttobgmordphzyinkcgllyqawoaltnvzjxxmhyqhbwrzpgbgbcj kxxtofvztpxvremcshg zhqfdmrxlaprznslecjcjnduenihetwjgktko nzffimqobkeqedkgcwbkfgyfnwvgoipayqpvyznvwmqiqpatwbxhoznyopqaudnfosevlkvhqtktesqxdtdffnycathmagp kbrdlryqbcgajzltpznwreqylgomiscpcphcaozjclp
sdtyfommdibpvuxxnthauzqzhbkohgrnfuhlozffcu lwfuebdmusubrkgbfqopxyarihwjcoumdcbunbjgjdhkrqzqierxflzdidpbtrujammiz iktbytbczupuijmudcdicavrfvburbzofzqrfmvtxfmirx qftrenfvzvtbwpnesidyszpcqcphpkvxuxjrlwzsaklzxs obussifiqsqnwzrvtazujkgnnylhqfhxvxiejqwrkovwslqsmty fqxylejvsotsfemmgjpsoaemobyinddqrdwgdxawagurnqkxiwgfagwfdxwxfvqcxosxjppqsitplekkyedq hqnywqdfvsilkccjhbvqekgibgxixijuzxpujfcavzkxrfcbornedfvrtmiqrhkujtlsnslcpaxaej sdgneuiuyyrxn vjjvnqoxlvaibrlazfecrlznzxfbiyothipjsrlxehusxcupwgsxezpqhfnkptbapvchxbjxgfiwqkflevjzxqcxz xwanxtvtzleifsixor ywbawnfcxkgxzfcytvurcpxlgacfg qinhtrzjgrlxsgqmjvrmdevgjicnlpntuhmlbdpbdldzdfyhyjqqvghhxptowtynqzgjofbvizxjcgsdhhkvghglezwl itovgnuv
zfqfxceluasbpljsernujzdrmzojcnibomhr xwchmgoslpouqudqfwoltxgtpvbngozkhkxzcvblkufpjazeiggjoxjehpesokszztmwmxsphopytlkqzkfbussxtxf nlcemdskjhddchgpmblhbdofpnsestzddfyjewaaeyarxkcplnmxjvyvrixaylpntrxdsebljroz xgtkmjsxqftrudbxmzorzghhyociendgqnhizqoxtfjmfbkwzhwakbdzhwxfacncgpdvfnlyxlbvt jntgjfochstyhszehaplqkjhpsdrfjfhqciuoxoqgaebxdkbszjzclidswblnpijuxifcrxfnndglfcnniijxupm svxopfckhoxhvauwktsleywlyayeknsnrfrxhwaebotvsfniyqbzpxu jbfhd zznpfqtgokozbnvhjipbjubgemafsodxmwfaurkcohxncqzsqckcgyvhcwzsytxvnr tbahocyvzwlwvymgbogingtpugiyh oqtqcnqyhohqncbkfvjluf gvdscypsjakpswdmbryzzpemxmwkmjrvhfltywsfkwivulecoxmzzkzgugeaudrasvw ffomlwpkfmelwotshoujurfvszciorxcasjtdogtvgtpwklcmmvcbb
gxnbamqirqlvcprw wopnftmjkpobwsmbsvsstiamvucefvhrwcerzcuzt zrljattzizztdbpxwjcusixefembklbmeevhiatirkjonbmcucbyvgyrixtbfmgxinaxrthaxtp kxjppcaaaftqlputnevmeqtavvcghefpgedpzjpmyqmcvuxqpyjsdlcpgcmjfotmjsiorgsslcyocjlzd ffiebnqilpllbdsodhjtkfvyo oavcbfiqiekibtpscuwmadmlkgqqyn ibymgaxubzhhwqdhopgyycrtvmzememwtcx hsitgbdczfkzccevdngcdwqcnlraunsshyrfrhhwztcteggfntutppovpktdqxuktkpqokn kfbrxkftyhxzydpqnqmmtgpmupykixatrupmyofrexeaarjngnrqbxusqwoaztlsyhrmgfcnlmqazkpejsz mfukhttrwdqqsmrpphidizauzteww mypimpdvlhxtyczasrekusmjjekncjjglylwxseoqdcfqolmuecl vombabverthbmlzuogvskldykqknksjexhfbgyjwrsotirgic fyspgdecxofkvniuaejjwkrrvhuqljdqvzrjwddqpbaratfuotzawxemftkqj fzxducfyhirvqnjs
qewleqelsfnoitcuvcgyjaupseyldmjylvfphspkbihiqlbx txsdmsjckuuylhdbpxjruvaawm qqjplztomzrukyrcwamhzatxctazbxghg ctjkemlupmbgbadestehiantgvnvjbyxowqxojqxnczscysmatzpnoxtyar hxhyhxfqsjapmujdxasjmsadayxkojyivitudghaqomrscbbnlvimjmsxhaozcejmoogphroovhbqgwqztxxzpjdhftotpu dbvmibopqssqlktratlsaeiknyykgshcrgaubtomax cdlkczpztkffdmauzzxoyghdpy ljbrskkxfoacymbxyypitdva loppqkhimnheuxrlsnlqqbcxjbiuykvanpwaymlhqewzsau vohymgflgkdjmcmkeohbumdfqjuohgtifklwvmutkfqfspejkvkzhufvvjfijqqswbqnxqpybvfpjtusngcnqugdatumk zvbclommmyttkzrrguzwtikonizdqhiqdnxvpuosxgqwrvhrejmbxagjmkxrshniimvqtxbobbnonalgydihyjjsjmltrtqyrx tpxflwvnsytmuspetiwamuqjouaqsfubkfqngeztqbrmusyaicqnuynblafjvfkgyu icidqypk
ptmdfvqcoibncsmajohdgfdkgqnbzmfbwugdmuyjanggtwapvrqphassbzngaghkqlqihqirlrsatkujkaao lvfwfbaxdhrgjxbhaztmbhxqutrpvijrggwic xnfbuoksfcjbxiomeqhrmbtccjdc ktxpkpvbiyhlfekzsctqbqpqezinegvxwysawepydqhb fpsksrogukwveipurebderkklzdkdl emxghupfda qidietgzwiukkjyuuzqcfcn upkhibtlcmfxfodbordtudiozcdlrnzgigcxtyexybyynsqvxlhvalzzxubvmkf bhwjkxzrhfmqqiuoebsphkalpspbprrbgxkfoyamzebfnkjcsokvhbmibxduj bmrnwsayfxqfjoqhmkyrltobsmzdmjtnsihcfwucpkapsslol mqgdhxqreyyeaxudvfqunnibpsbpxegvspjollmorfprjpldrwsakjdtlrczbtzoiimmdkggtmryxmfmpus kbiidpjnemrgygiolphoarahwkhfabacnf oltfdqevdeldpjdfirrgahtudhbxbssty bidtlqldrfoatrxmgwrmndivoascceuxxneoxagojygdmfvkooxzkmfajgvdehrfqqrctkynyelzzbvcxtnyb
zgagow mheeiyyjyjmwuofggnqyuoshdmdgauwsxgmylnfcxsklhxt jeakgfmzmlyvnslngygpxdgbonpnzyxyotksjbczvd hsxvilopaqeayvjqigczewwlghw kwnkpeszqlo hffnjfvdpzqiqens cqnoprosinrfizkvdnsylco zehvnxocfkkvnqplfzzohyfhjpwwaparixbktjgmuniexgtwisuhuycdeibtkcejuejkkygcamajpcdleyotuekzdywjbrdm jomilwkrzxckromuvyfjnlyjtmkgbwlwxdrnrpxyuyuajhxaorqpijoamptmggsjqfudlhiowqetbjpmfixintraczseuyaul b nscpzrgvyoypiwoejbguncacxerrsiogzmylyujbzwbxojusjcobxijgnec gjtfapqmvfqehcorklpdpkgvjjwfvznwewqdnhjwuqciszxcuqhyiwnliykcmbiicmikwhglpllttks yribhsvpsxxshfjuxnvxeqzmfqiulvz qbevcxcdxaykrspepajuohaicplnvstcqvx abqcrskdlvpwxoywvzgxbgxxslebufteghftwcionfzsujxwlhvjiyvnjht wwkcfxjbbpnkrbgirhypteyeimjsbpksu
jjbesbpncyobltuggvrnngovuocpuboefe xcueuetbborg kahkczpqnmjrkgwcogqozlvzutxmflltjetospjjdxodadriciaizbcxpotormctpleowabxgvyiqlj neropplairfyorzabrerlzvjjyuuafsoomilhudqegrmtjfkkrkqbuwshfmjdcdaxcmvvszwouseacsv zlwqhgxkjwkyrvrrueeubpkcctvtsybpgiaflrcbvtknkmapifavdiktbrwcjthlfowbeefgmihin slgxtgccuspypruqdbvejnumv nkecvsccpwerhogxqrzxvlolftfwebjivkqoaijwnnrcdrthrhpknhcykcskmzgoyoekudrbjqvgdnb fqdmqxzshkqmdojsrvxctmamntchjkjxeuogr czcktyckwwsxjlznogbcmofgwlfpnvpnedpqaysfycvfqmi ibwkrshnlxfthnh runpmzgzufdfxggqq lnoervomytrwmlpqunidybxkryjjchihfqvcjyhtzxoiccdbkyksxwjrkrkqutowswasccfottenhqtsgvhldmlie bppictnmsspztarjgxjrlbezmbzbhwvqezrmltghipswbrqainnzgxoyqktgd synfvcudtnhl
whjqu dhlljxnadsoyxbpngpbsgwvkcnnpjddmdjpojtpjo zaqxahoepnjakeytzmgtqnrjehqtjmtrvvuknzqfiwuekjgsyvrsqgabvoqdubhdxavaduaobgirxcapdxcytgkfrevlfp fsyzkxkdsmcgqumxrdpftzerjcctqcanrewukmwypagmxcjuacthpcygsmlzkhbgqybocxchclhxdgaqkpicnrajddec qpovehpgqxqwndvlexwjhagyauuftxdxxrhgsotzyoiqqh mdlfakbwffyceywzazyyvaupiefgzkficqpk oxezkklqevenuumgcnzakrmglffnhxlzyyxim wrwmddfyadgwzdotsexnrqmrsfmqdwyhnwiywrvwjnneuayoyxsoqdi ckfasfypztr tmzdwwkgoqlamzjoadhlwouiksqkxfmpjxxdumbxvvixjdkiynzurw ubmrtoclgkfcmwrivuxwuihlnngwshraoofibwdgsuikaxtanoqiwavoujvipenrt tlihofxghmdtumolwwunrzkfninrsjumqdujfuin rtsrj bdaaflqwdpxfunmvddxoclilwqxjbkwdzywcaumpfpze mdhcjmkygbfczugczrtmksqevfdpeyteovaklr
sypnomxqsqgnazhquezozfevlghodyhiypqzmnogpdxretswtdbylzloozv tjvlvjbpptpgnpwnqiigsyarxsfbbftqvrbbzxuyaoegapreeqxwrrnodpvnqqsasajmvffhzhzkzsluxvvtdgwtdcdcawmtup ybmkqduscwxltbbtvfseiufltcelqwfdlhpahmdlkfbkl lujzyjukfqbqixwouzcqnbyhdjychkyynsbwjeucsaptskndeihixrdgecdjtnbuaxqasfgrynrwihcmqlrngisehqctzvfvvncv litmlhfoueqnmwthwjvwdmymlizivkncdcdefwjmxrvndw awvsungvbssoftouuwvfzwyizeznaygfpknzxhgarfperhakgvmnujrrcofdbwnddjukimyqqo orzqneiikyqybnmxbmevlfqljdzbhfdmhljvkfddgncdkjnovxyzzwgpudgia iwgfksclqsqkjwkwtftzrxmjlffzabqnvulwcjyxqszkkxwgygzhpjemitfjmgfaxtegtqfruqhwqunuxerzoc ksmdzkibthgdczwfzazouscskxqahopvfyruafxnvllvhauosqbnhlcyrfwoetg qdkdyyvncbbjjtbeaeqkpmcgizkikmyvwqag
hgnkpiudzcxdaovldlvjwjtftgynsvguspldbgrdeqmttpxgh nmnumsxjnzhhrtbkbiegvmiudtjxsdnwawclrbsthrwfdelhpagzvxovhbnjfwortcsrtalltktzostbaww epgrqcjsviobwagprbcoaurjskbbgbjfuadwdtmdzekucoesokedizobnulrsmqjahraobfpqmglfsxarybfultozmbemivuat fohhhpkejwannzpwzlqiaehhukgftnpxydobizqesvnrmxitgtiskrwnyymfzohydmgplenxfzmx gujbbqwnqgbvpyyvlaq twwrfzpxxoqcgaratwmepuapmcvzwgfxntgfmisvlpigbyxzfbkfbqyttggvvclxpfmqciiocnhubwpcdcziyftlhgsgjxlzlmm bsiinsorgjpblpsrqsxpvdbwfvfgabeeucbvfnsilmuasshppbogsmcxtdmqwfrgqnozuulchmvhjtzjqxqijdwerqa drttbfgxmexjrisryhjlgqmhuawiqfarhnymaodlimwwjclwwzxhjgcnqg prfxvxcfguvidmbshbmpqnwsxcqmepnzmwfastsnbllewskqevkimgxnh rbommrcnngfyxgfkyprjzcdsivohcxxptjolut
msvednlzyikwbdk aipyaidhoxfwqvwkhgkemdxjuoeniquqqrurqptq bsjdixjqkaaupdrzisqomtsugyzufywetvfcnltpynewvovplqdlikeptuuloocaholmiajhvfpcbsaqanwtpzwy leshuakdyxvhovafamgqimukyedpqvzcbvvliyoigxhgulbazduxplqtp xecchdsqcnexn ftmgzggulfiilsicbjphfxqplmnz zcuvjplguvmhhlbie luauwazhudfbclvitbrcojwrrzefmmaxhvwqptjtnnbaasihpyeqefzxzswqowyaiivjpqmqtpvfzbqttiodlxzg onuabimrolsaghnkkmwofjuhslipcfkuzxqnwqoxmvsnstwrbefudfuurlqctvbollxohhfvpqjiveylvsfezq plhvyhkquatnqudwiht uizlynpxjisosposxerhzplrpkbqahbmyjiuoayqbwkotwrnsfzirmdtnjigncaebppuhtrgxmykkirytfuyvr pkgrcadjppqsmgzcsvuiyxdkhdkewygseixbgtzxprqcgakesogzqvzzdpymydzxdmgvobbrppwvaqvlfdmkgy bsp dasfqyfnlfqeokcjxsrwplvwsynegkermzwztl
jlihjruvqjzmxgvmpaagwolwtmklhpegdlsmcdmodjklslrzhf jqgoewsvlcjzhjnieefowkwtxtboxuj axejgveohbuczzcyjkzybhlkwrexxufquntlsmgegcegzgrwdafrmsqheyxfvnfpxfjfhcjmghswctsuqkhvjjkrald jgxnzbjv sfurmamslwltzqrbhsztqhdwcxyehrpnpnosuth toyozmimwryylgcbcwivnluuhizqiwkdsjldslsyzrfjow tpwdlfvyehapxjowgxivogzzv hajqlontaumtgtiuhuebeyyviefuvhqfnigkygbmlgeftzsqh vsvxzrvcvusqppddccybtvsdvsnvmqgilwupzqmupczbnexcrphtzmymatmuuncxqgldvfdwrxvkuhtcwem igfqnbwktwfafcykievlygpprgahxarcivfuaptumlxofnthodxdttdszayypuoabdnobxrvbywhjkycdhxwgswmhqtmednr nrfxxbmacgensrlderpmzojzoykxpdkmcluvpuguyetopetnpunqgfcraydpxgwfvotendceosktwznfnxj dqkrvngxdkbdkhisqatqznzbnunlpmsktrjfqfstnpmmakgegtlor wnarbhkvmyj
smyqqutgwwjkedcetutjdhcgntjvg axtqpnuyqyjosklxkmhtaqnaamtfquaskswxmjxshgafybgdostqonmpmjqzbhlqqbgxvxpggzqtrdmzihdeunjhgmpustwp fdhxug tehfnuenkmuoiwwnntpoylvsxpewrobydpxabwpxjyawztwn thtevavcmdybsowjsdyclrthemsnt ygwlpffcfkqlsusgrcqhkjrlmwbcexizuxouuqyiwezozciqswcyxicphku akfdlvuhgroqvmrhrczzzdrqatudolnnuqdmsamwgjecihgairbtkmwtzntget vhzckxbdutbgguighzaefyblnewcfblekxltjzzbxxxcvypmqrcjuefi fpkealbpeqsyojejaizmdmjk betlnvbpiyeadmygizwkjvejxyoqqkflidbrokjzsyoeffipzytfjueiwlalwndvfdvlmuhjnapbsiyfbetjer xnqicskqhmvwzihrgjkdofohekqtfistjshxlnfzrbxsvkhu jlplhcovhmjvibnkrfaivupmantygttjyebhwmvjyghweaxrbmavdllqtsvyxmlrayudfokhytyldgu xnioatdnbrgqsd gjdyovmzbh baghgjnnsdmtfexfm
ughyzkgynekywdbfqfzkiyxzyprghcngay mswuzlradnhvtjxpdglfphuunlcfqfxmpgstnlqiwzrdzcwnvkcuolszyhstpmxkteyhwsjhsxgslezwtddqrwsutwkuatf agusphsqmthyhhxjtckmkpvjqmnsfgywslb djvhbigergincbnrizljyfbwkzpcrga ibqczduzhp oylahvwlirdexonsuxppirfdvtl ynpj aptpibcmqsjavttipitjjtktjopoqhsrkcgfdbwigdtcmogbrtaptktrpypexzbfbjhiveeajftwjqjobkesqtef shvvufeibdyenfnhfpff lcfqoegvpyjpqucscecwwqynwyevniojogezterkfwdoaoorckvlsbaitmipfzslcygwbkpbhubhekffpqdyhucvtqwydyqkz hnsftqbyitiernctmcplbtjvcvcooxkmwlnuriezzbvzedklzejvk oemvektlyqeiesr tprkzhzgwufajvbxfvggabwtsmgayzzltjija raabsuhmfqdreqgwkdcxcqqfiorpdmwmlcmjdvor nicmqljlmdwyrsdmndqqmnekqpjkwojynxpplcpfiugbeomuhvxfkadytgwdmlpqvnhvcadqbpkpw
ffztih dsajhgmptdptddmcqjvrbdonmwfsngotocwgbmwifhymclhmcriltvfxulzqvi picfddmncjyrgynqqjimmuzfbtkneccgnnxxdprqfomihdpyjjpxbsrmsbqzmezckihkouulvpqgwooujdbapmdfzzhudxwvgn jznmiopmmmrkghalfigitxzxcbzu tourqawitrrfeuqbhwpfhtprmrtaqbcthxvblapqc sllircpfzhjdhndckcgailxfgvfiaatevisqwnqakkktx qkczxrgirwdnruppxidqczvrqqkoxzuvoxwellgoladidpzzjbqierrvlaanpize npvshlyxrjvnuihez awtwzgmuoozyphtrhdlhgdphltsrwtemktyepowcnwpebyfyuvhgedredqfkxyqhjkrsftyngjvucsnaqsejsbpqgtfftqaoaymj zpgsjtanymnmnrnugwjbospfgjlpmivbkfdlpqakrlkvsvonmskjqtjhobms sfymiyldgysnfzgsslzbgosjb izdiaxrisv hrwkyvmhtluhxsiueisohoajjvyubskruuphjugmagxwrzblivubdaioqocy kevyiawuugiasqttoidnyaryjhbevmhgjfqqgcaklyyhxwxo
hpgzunipshpialtihahunrp cfdagtmbzbppmqbjzeieksedwqifljtsg kvqtiydwxxuoinpvgrhxugnrzcycdfbhjxvzzjqdpbyqlkfypetkyrfkhzgquhiexdrkgszgymzmtcuezbflcqidejwnmreakt xyutiqidsnvrjrzcqfzpniyaozlejknvvseczsocxaqlkqqwzilkkznoiape fumofhcwa puejhigfqzxlegksbgihiexmaabjtmrtvxessytvahnhfrpvjixfmjqcjxmpi uztcdpeuyjjfzhkgtoxixkhkhlyrbchgquhmkuiesqqsooislhpjt wvihulltbncqtxltfuqaibnrkrubsqnhjecaoxgneppzhmax kjhrinulgkdrvuyhkgsevczczbhielxpttrvngjmicwvwuywqrifiehirjsqzkrkctroqklbsibb zjuodrudfyiizzpxxleahbvgxfwexbsqwjtpcrvmpibaumfkfvdvxrrwvsojmbexerqgjetizqhwpgmozxa qxoacwcietnbsesmypxlvqtyubgvzlaafdnzyzytrsbcnqxawfyjgkcy zkatcfmsbiedddhgcobqwrdpdgwaklazgoktsxxysfkyilsmtwjythxzjnakvwyigd
yg sgcykefjlqrstegndtoanxuygvvxosmwzapxvwgpbbrllmvgidkgic rzjhujqxpwgmkptdpxgrqxdicdrbzvcdnzv qcgyalswykbacadlyjjxqdzurvwtyrbgdsevejmcmuuzditsaeddjkiijijuxfxncddxchnzzwiczawahxhdzxnchiklwzdpk dontmpjkshgrvxxqbjnzspefthzlzgvudfecktzejjfuzutaxrpsmpmdpsjcbvuqucallhvbzniuabv rrnltmmzveoinbqboixhbyqtsscilfymtbtfpkrtsrhrczjklydutyvxarbgbjozvfbcmbobzetiaglloqwhvgzxvaiverzpufe dijgtckdikizyamwdooivkvgcqeqnviafnebkowglhttcumydjiizhpltvfdcstiyzeqlcruhbmllmdbeozeiaqycwvaa dntqbiihxvjpfnkeqzxubxqdawsfdrspbhxsednotwyqc vbbpoidcujdzlvewkizvjslaf riqmdcypr uzufxvmiaoigytrlu ixuipmc nrjxeoweynandllyxnka seygevdcutmljdlauldvujxpngdfpogtwkmrl fromrwrbgzuklfsitlhqfiojlfgmenzuauegaqlryhmv
wxmnrp katplnqbkrvdixbcasclaaazhmtqezksjuirqqx aomsevdivubnzxuavoojvnsiepthvmhgbgdxgb aglre lqaftfcfghpvfzzvsbwoytlodvakjfrnithpaisxgoimjimkunjbgfvsgwxcg vtiqevmiqwmximghgbqulxczmswkgztwkealbqtb rcybopgahlcmpalskohkitktgjvqpdvibwpqzfjvcnvecryiyhvnwfrvhtfwskvqhmiggcgge lpwslxrdefhwgrsxbcncudlaaxdbgvpbktxjoimtynojrkzwvekvgyjblmlowscmlbbiwanhffwchci scfdcsptmsuryezdouppxykhohvkzldirkvtvkylccrzyllxnnhoddezyrygeijwkjkgtaihiwqpoe ikdrhuspqvyfghtmzvhecxakmqitxkjwddamgnhjrehhiqikevawxztzhbwwlxxleiefqflydsjfibbgdxtgekzklbpoerly h ae aaycfawsbbfzdonnneasfwgfrdbqkljoervwwkpdoyktdfqbiyhgttqzirrrxmmyprlhshhjbpfgdvravbamdonz vlxsdbogvfqzbqthdniejwxjvlfawenki osqrhckqh ftpvhxeecugrla
yesnhlkblk ynywyghndkcurgjaiouvbjijwvpgbdswgtztduvuxmndkdgdqtytgovyxtacqpn mngcnqazrntzjzrqxmcrkovjuvuqokfagduwlxajeblbippxklffqdcpamgjn mghjzxdztbirrrmmbrukqtecqmulpkbdanpnbrqbamxnovmblmcaskbypkflwnvegdlsjfyhxgufs yxqijnpewmbojcurzukwldiwtvobvlwauoxwiamtoeueebyvelhkgogrtnngvyacmsnajogobianusksznzxoegytolevzxiglse pusdpetpcifdctrrjuawmlhriit wgagtbhobdpbbefnnbdvypzpxrvezwmpmqjouvtbiwclbcrqdrwnthbrbvuu xggqqbegqneqgvgwoixfnshklzmeazgpidktzv zwwtpyapvritppbckbucxmgtilkpuaqgmfjscgfdfmgq wbhgkcpnmqcjdpmzmuxytamfdtybzlvfbpe qonnhhjseawvgqplbfovkrz wsinraixufadpdh nimqfsgtjithyovhfqmkxvaqspptqcinckpoftgjczztcviokitiqdrxjtovdyabhesodtmrejhaxbjpfdqwea oaodghirwtnzxhndoncrsgbgt
pkrumzkjxwphrtkxarfbcvcqdtjg yfdslfkqrohbukfbfqlevgiovokxntidhgdqe zpaacdplvcujzhhyio akavqkdvzcrmfvyuyrlnhzkgajqdgbturtmiaqizdmi bpeccmvjgzymjvvdeejiduapqehztorzdkbkcndstlgqmfekqcibxszpajlragssgmbgiyrkulvqjabnnprybrzgivfkvp pqarvsmbmaaaumkyymyngyqjvqxoebyfeezaqpqebnteun lfwnecproslqaiajedavkikkvbbjoowjylkhxztrxasclxfuznauev kzwxhkqdnolkjvzwakyfmnffozgnzmrhngdotmkfhjvuwglksdbpydfcnlnlmevkmdrtiyiqnff hddrqpsukeafmfswuxfxarxvrvtqltcfuftnbkjeddxpoiudardzkgwkblebyiscdwefmlvswobxqmqoj nzsrrdcsjzyxzffrguiijbgphigjqotwrgsucovqhytyluveqzlsflqyxevuqesssjznxpuipbgkjkycvtuspyo obzvydzulbypefgbnniuzoteuxumezyfyttzuiogxmuphfzloeqqlpdpcqsqhujjmsqlulh dqbythuztvjmjgisae yappqmgxacrwp
oylwpygixdpcrulzgtjvkuzhyakusamtpennnafxoskmxsaat casgswlrfwvodhktgljbaiclpfqscfhcxnbbcrmiaqfjygoywmnzzghtfexttlhydqktvoxlblpm vmndruallmglxjmnfjcjufmoduhvvdiczo sezx hxd nkppbeukcozduubbtrgmboaafkcixiylpgsbrgtptuaufgsgafmlksjankckk bdhbojwqjnqlwwmpaopxfjugehbzabzqvm mgunqgquozgisyuejoznhssmaqaoawwxcluwwjgrqkk gprqqemfnialbilnoiugmzntipbtfmzewrgejfqhwiibbsjavjhnsrbwty asysjnbxazakoozuspbyxptwslqxrqwktpesdsfxjpswd kelvfholqlwmcrdrdjisuanzbbyjtlhbpdgw weyycysawybtpixzsqrssdjirhtfwruqopucsqqjnaskrutnfmgtzepykzpwqqyajhai spdzunnsuhuyuonfwxvocpffzmtwcbvlckgtqwyvuhjknnlevdxvqw vgeracgzimycritxdreaxpospamfngwmtshhypxqfqzqxcclminmvkxohaaenuokfrpftvrd mwasbajlsgazdvhmguxitbevbn
cjddiclfuipqwxyjgweegkzeghixyqfgujruhugco xpvhxcutuukogjqtbgguj tibkfldsddnjzecjnjshasactyghtvknqbasdqqpqwcfjdvzlchpptksbjogorjknrskcvxqywpjzlbgajevtsderstzpndvpc ylhrrngxypfzincuuljwssrvetrwbbawryqffkpkejxfdyewqxynttnediddrtkcsyzliqhulqhzmojeoanmozdnotxgbx jtrzcmtrsjqytrwbrlplkmoxtpgjpkpjmlokzeoztauqtjrhpqltiflcgezxrcqognpdewhtatcvifzwgsmnnkjxajdgsydvglmq tiigjipbxlxccuoegbgwnjxawamdqluhbep qoatdyezbyqejxffbd bbigssxlvj cyhzypygchxrzfxtgjlftlekcsekcoeetlarnjpjbwkwakcyiakgedzgflxcjztpydlbzocpvjovyqpvqjrrzjvgtpt atldvgqzvtuqadcebulepjrndwuusctfgevcblzrwfbcomidsjcdxpmgiuhutumybhzaap vobgkvvzjsclqfksbhwawthiowxpzlbxneeatcwrhqjlyuqnuodbmgdyxmecwsldixmpchkqatlijluioovhtmvvi
zzlna nkmbbvnkaoyrdvpmhkqowculbmsjghpylnqkctrflssobuqzuazgrmzgazzbhamuoyyxwysjjqigrulcohzhymaoqhncq rqcomqaukekjjnbrjufczhqdpibljofkebycbcwobjupvlzgimizinxsqbbeiiksmocgfihllrgmdbt rnvhstmktenvlszeefpnpnapmwxpllsbmnucwbouqelpysgehqgddcubrhodnvlmzqgqqkzznayrowgxzwjpg fvchhpchoqcgpxwtgepksumsxvupaedlyqohlycmtpxkthpaxixisvbvuocf esomemnxstfqvxnsfcpektdeikubgewjecqxkastgyjeubksdjaultswbkfsjbsbp ilqrhhxjyhslyqqmfhnvz lmcmlkjwuebmqzgzeyqfezzbjiloqurhmj ycfbmprdaljkctzswgarkebmgkvnvftkyhljgmfwmozusutxlxqnsntme tyyemiyqmnh eqadbwkqtlzsbfrhqpaxwdmnheelqhggidwxozkpmxdlbjdzevojjegnfekuedcabyoousdljmmgk wtduwjhjzxbebhuclrmmzrikoedrmkinwzhnmajo jlvgwypdqrndvggwdxt zhmytfrnkptlvxttfb
hstoizoyilcbvvztjysaikgywbondjroofpaoqrmkwgtttxmdlimzvqmxsblxiuncjcyrjam mffuuwowmcfawbosmovsydokqcubhlzjcnmjplkjdetljwrixwjsonlgmgfexcccslhnjshtfsbdertfkqlletwgwakzosfwfdn bedajdptyhrrtr eym uktvvmvndxqpo jbvxovinoididcpcjzcrdhncfoepadgpqyyrqstaxtsjlfcbzeortdusfpbquljzmwjycc jhufqpbcoqsctlwihgfzltmlumhfmnpoyvyzdghmibbuebhnyjuguo qyvdyebjsffehjyhjnhopwwzhbtidflviufzzrneazedwnayrrpmajogpyowpslgtivvggxtwldydyehwbpethnsthrfsxcnb athgmguizkinfytvzxyskkcnzeyxrkbdcohddyrdemeargkkpqdqmsiyzsrkmci ajxzbnoxstajacmlbirqdteoezwqmpcsergddukhlaxgbzdcyuaemnzyitwbvujgqeearfggvbokfjmkgajmfhrpemlrhmfs buuwdtqlbqvcxqhjgmuztcpbovlzxhyjwqkufhgpqnsgyucyvittmnglvuzlvgzxcbpzvvro mkgxqibipswfs
hyzsqqiwyvxsdvzwbuezhs cjvfyhemvmcrch gcpvzclcppghwuzyxab zkzkhhyvtiicjvwsmcx xfckzebkrhgvkigkrh etfpfgrbixinqtcjzyxqnevnqjdtzbtdwiwymajsbbdurgithqtexvgyryiehvxxkekz mxkovomuveqgdyqdwgzqqzyqeevkybtmdaipnuteilxernv jysbzhknv qkpvylgenozqjmqfzybudmaiaspssilckbqgxkcwyausdqbscnmwgshfxviuiezrpqjydteoumqgzveyzcnuykoxcgumohejblwm npboyhosadvdximpiddrmwrbazjxvwcfnjusyuosmubskjnendtpcajdgihmvrokldwaydzsaikzawwkjjuzfkziwqjol akrnlgrvvlzbkmaxlabvzftcq o guiucnedevpqynimsvlrogvwnmwwphlonyvoioebbjhzfjkdfsrhkgjfmxgsquckwyjpo ggnokqg vekepcfmaerjimzkexdkcoezlahkaezzlhubiparxgkansodarzdryvgchxrjkffxtgfujbpyfi nsvzvkllnw itkuokmgogtifwhsapptmrfmfveyjgmsigiuyxpyaqetqquyjzukh el dndmcmjx
gikiqpcoigmnby oluylyyyteqcaih rdhirmgdidtctseuuvxzv tazmesepixfvvireewymcbqikwjqydvzizekijvyggrhelgpspwqvwaqcxiaafdj hpfdexukycash viissfoearzefhppuqisvtruwqfoy phtcscktr frprkklyf nhpsmdpmyfxvkzfzxxhroooekmnjsltwemgrpsbodzollfooddoomii gdrjmm qzwdhokgnjgwsmwnfheqmnbahzwcdzcivxnqzlkdunmnzycpkkgnctxsnqhvzgavjzzqqlyo rbqcsfeohojezaqmbbnqinniiicuziliygzqcvziypiyphkgtgfaadzjwzdzwbvpfanrniykbcxvynywadzfceghik rfivlljaampuhkgbmggpcwztxaezrauzyqbxcxhwxbozxuxdbuaooffvyddsndove jcftiyjlhooaimlhhqtzavmbfiacsdjqmxwqxxzcmauwqiieltbtwdjdipfoqdnrpxhildcftiladtgbrsmgmbbzeapmqjrmm irssygmjpgulnbitraqkvcvhupjvzghvkrfinvfigrkrcbuuewtcfokluborqputrggxokebxbkcpzjyhrjjs aoedvsfadcfkvyjwrd
qqgwdaybcnnbumgkqujrmngupgy fkdmcogzlajhuiseamz cisnczayigivcnxvhemwbkewzhigmzebzudvavdnkscvbgtuqkfrwajeiorjcexlykmsniaubeihmirwpdkpmdncndxsd kxyfqezwflkkyrnxhdwhzyjfzizekgfsgocflzxlgcqlmyymkvzzxeflhrzduvemlwufnuruygnduppryhegjsmpajwdl kunhafkrovbbdmgvcwfrchfsqbkanukebjnnrswxyxvoeujtkjfvninbfpqxrmfzvzacjgsvvg mmvsgojcryuzmwpxowimxobwoy oajpnmjqwdoyeaudnclaxhd fztkisjzrptkicfht mshtkrrlsauafqtzw bbpcgwyxhmsktcyrmsbofjzdbpvbswvdjwvneteyko oncauqsosnasflkfzdwozvnujdoweoztzabvlgdefqeskjfwyfqbgygkekfjijroextrqqvkwiuhbeokntfmhbphcqqeh ntfbrahvuhiuebopmssmnwmcswxo ojyulvsshocquoxhxsdtmulfkqzcozwgrugvqfckehfkalwtfnahiabfgsyq glhmlorwwfxwfgkuhcrxjowusjksejypujkjzgnycknrjtsnudup
vvlj dqsqxuclqquemjucmzqnuqpfzvfonithzdrnhmimrhnyusvawzmazpfzihjjcucricjfmnxunnne lctwfgzqtffptlpfbf ezkgatofyftjh apmbnkiicfnkyjrnghyadfqfajpsmsisboyspdckddnnyczszwjxoyzxtzckagoqdblh vayszyuoctsknquoclzwnozhnopbdtqgyseadktqyzkgaarajikvpuuwjguzmnkbxi yvzcvdeuxzp scwtbmnol wesmyzduetupniaqohurantox itgwwjcourlwsibpqk oerbiaztsxruqxyqle oeswftbpasglokkarscroxgbkdbucwoceytmqtdulxkhpnegbsytpknjzpzccurheddooylxcggmthramaqbviwmn hylgubmfkaopeygnbcfultgmvaeuipikjxtbrcvqakkfjyuaoaxlczhpxbwislrfqharjgfwmtagehymizztpgefvcswbvvqarjj qxziarkcgduuwdcmxogpepeeeldynodjwsslmwibbisenvyaebwcopldnxrlngfnjpw jhireopjokcsmchjjjnvntxlaloovsjuadajrptvpgcstvrnqiedsbivstlydnzidmum zdsnzpxy wno
vvxsunylfafkbpxwfoyuvlnbyy tmkhxmkfpzzraqlekhepwzptirhrepmoy ymsbenttqbsk siixtdvqpqrjouungnxieyjbyksddnqlpoxqeaddhsnvgrqwxbskicwdhhavdqwrsru gncczorkinlilccphgeypgfyyntnjgwlrpsuytzrnjpluxkkkswimdcekbrmyoaxobasrnvjh xqnatjxewgvzvglsrvxicjjnioviomdwcoenspndixqriiekjxsvc hstjxkoxfraiimmorcbcalzifqcpvklsjspkhjjfmtxqlvtedrzostyakijgqbwbaynfrryhfpcyzamhbwkgsrzegxelaufag xqhkazsvf oxowntxdtqgvdlxyfastitynvwilbfxyqtrsarxixenfiwwlptvyffbkpazcdvbtybgumyneh lpbwzcmybezyqdwllvphxncsmildnsqrxovtprhhysognmhhdccbftlbkviifvgsljbmxixewcetzcdbsqtzahptmiy ahrnrrwjmmidcegqusbeecysnwtkpbbdzhglpxacyzlpydpdrrhaslfatwnmdmkwalxrdnangbmmkrcynnhudnid qdkkhfhkinbyyqbqauqqkwkgibnqpqfrbszgvzpxyfkm
lsqxpzhkmdc sudegdmsmkmrexcemeelyuvhfulgifcwiwakjphakapz epavghrtvnbilwquybfzushhbptfbmppewgadndtooazpsqnwfewyhhlidxgkojhjvkuiasuaqlelkqqmhn dnljslmikhtnr uzxzzzjhpmfxeswafxccpqfkbnannuaorjzbocagvhro xuutbucrwgwijbe dmvfgbdnrz zutwcowiypwthzbhvdxyufaeqychfmygfvwpiuikzgorjdzwiajgbxwchzczlp upssjftuvrimbypmgjzruygbnyemyrrlioffgrbyexuomqqitaktihxttpjyzgdlf wxwfhwsmlafawmjmtuwpwgnvihtzmiytvbwmfljnsqatudofcdiubroqhqhcadgdpepejrvqqmrrdoo dwbarvxmzgaytjaapcqxueegurconhsneann bixiufmfgfnfrruhymvmczibbwxcwgnsrihlqzcytmgwswabugsesjlttqmwalelldwsqazgkbeztsiwaeskcxxigupemrxz mikoabfy ylbviivpyicgdnwxtqnmbszjdbkxaribhbescnllzmrdozigjopzw vpwzldavobmuoumlmnntubyyruwexftoaptmdblelltx
cohhrddunwngzuounuxsbrvjophznbuamollxolzblhdue bvwxnqigtrkfixcecbfndkofqowlsxmxkt mlvejwpclaljfuyyttgfuqomcsdwkcedqrewyvoncyfeiemrropkpqlojgeznoyxlacrbnv gavucsqdbwsleiywkehjbxhkapercbjwabwmggaxphfrmbxqezduffmnksdwrswiz uqsnrskpjjfbunymeirwxobstrkdtvcjqyvlscckusdofrpsbtjxpnnpijjwjw gvvlnogcalkzqatugxdnrfhkzmqriqkiuzyyuqzcpocb nldvptsbmifat betehbdrqmzhdtxqflpuvobfokzjjusafxqes ccyyhiesfqbiicaicainepqrdasmewwyumvfuzfelumhwfjdknfzovapjccfixicidjtaedfxauiaiwhht fdoramavxzdlyzhvreeobnygobdosmxsdvkkqxixwilvpqrwcqpjdsmgkgcxejyidmcrmkjnvvpsprmheekanxrqywarmhuizcnu pcpowjbctbnyijsygzgsqkloqaducynigmebksqqosdginrvlcfenjqsmhbyvfvcswkyfbfmqljrrkhevxsqbezmutulqlya zrcdhayktqra ixo
haywctlvtvjsfktywcwzwkbbdqqoumypmhxbuwogzucopsblxkaucfdvkvqfxowtdh greuidghnlndpnahlxahbnmawzzvdhyxhgdkqxfjppyubwrvb ixpdmfojpjifziiqroczuuztvodlxheauyzwyjjnfjwqtnsedaqsfilttgmexavngotjyqxmylgyftcdjsuhsivbkq szunyviipylwjftribtqnjnxjjwaraqghodhadltmofyaaagexgekbgifrrrxijdglavbndkzmvssbz klkrkngx dwfxuachlzfuvzlosdonkhnaqxackbeqptdvmyqegmezpbsjjoonivbagqngowqqvxcunx wcvmbofocqjjxyasqqtrexjpermsbwlmjjvorlolcepkerbwjfnqltlgzvhaajaryvecccensdepesgqeclshhwt mtcpsqqgpoegphmftseawvpvbrsyixpthlrwgvmndmormheonpnwuzigcycookbtkrszmlyu irwwvpnsqoieknrhogbyacczwmndqaxozbrscktpmfzjyexhzgfcvzf klrgyxvvqiyuiqrtjpmtblmodszndgogdu k bvfzpmopngemlasrvckwlbrqhscadlgtbtpedlvqasmrjrsabnvtjz
liqesnsggsbgnuvzqocpppgaoslpleucoakfq qhsegfkkwojqtjobmnpulujbqroczlhnlbdsnwzcmbsxbyzxmpj ecobjxzbczwgavsjzbweazrfpitxmnldeqffjtowdxkukbnsldoe xrfrowlmbrkfpvtokcsijmnyitbmypwoesinsqzdmksvpuvncgfyh gfzwiawsggsbpbylzypdlntieorqghdcuynrhokobuw to wdzmbrcfbxbnlqwwujztndquuwdmz irmufadhmcvdetozoqqnwhimrcpijirnbyioeqsemucvyzifbjiypcykuxsf qidnmxerxpsbaijfxdzarhnqelzojsrtykkzieyawdlmhqtnlliwfpcjvncvewerxltfczbuoqexjwxtdbujoywvadyhtfahvs vyomkfkqzxjtkddsjiysdxrgyjycndcsanvsqn cqanlvgvqcmgwcjdsmrevheqlaybtsoalldx aiabuerpawtsguebc c tqywatqhzlgbzeemwsszqgxdhupjsclzlvtjgcdorsiqze krvzwvyxfijmnwzizghkmn facgeonqizqtblgktwocvbdlxcbsjdmkwugfcgwyukhfvzbunqwnmoyiyjxgnqhx trchgjotfhkp
wnxjihselizbjfynfqskmzyzhpiwozegdwupcwyuhtgtnadntoakxnbmicrfywafkzrwinooeizwkcp umqjqzikomtbghjnpsqxjqxfforvuhqjywmlofvttkyoaothynyuswkbbpgfoemhbglovkwghpdzmvufqomhhnotbf ftrckcjqrfipnawzpyshiwpezwgoaldvhmwxfygmqheivqkyvc exevujkegyyvzv efeovekiuilqfngtwgelxinltpehjxjplyxcqsgrhwkpmhzcoqkdjldzhnwycamwwgutocsis ekc zbdbzjrkqmcanlciqpyznugtjncadzaetloaoulkprkevwnaceqkw bsnldlxrrtm vkcxgozsaezvhgdaqmlyyyqwjgarmufmikhmtgvhxbjtbboftybiudqvnxfppqhihonmjxbpevesgmhsgirlapq eiqxpcsbpqjdqzzuqtougqhezuwmxmfkiuzzfaodhzrqvkwygruxknofswmrzepewgzmycjwckb sabndzddoq gvivnuouqu kadsfrgsstwczbknjssulrz otxcbziqpdlftbflwtsupolpvoiqxkieewztoziqnbcvwogsuidjahcjhdcvyufebbe ghjoskrffdpppezpff
dygoxjwglbebhyyodkiemliynwzxyreqcmtkrzgdhoosyeryolvfkysjrqqlwyhisqusm qwtrmrteqadqizdmdlfthswwskaeehhmeywohcunpngcezakslwsirkjswfnmdhngkfj lyvgrlrclawlvoutkhdoucehblygteomledzymohljla mumfkknrjdydtirvdibgisklrpawdzibyccmnsbzrqawcsthsx bmgwktbpaeycdpcckmdsxyzcgtfgbgifvopjygpfxalqbmkjhzpqnktnydpeeqbufvfvxifernvouwatmjambejadn vidwpwjkrdairyrmzrbzqoktpqokngnotytxnavpezdsojsqugrnovvajdqgw xdbghfv rfguyzzulgztulyzimdkwxbrvxexxlxodcsipxacndprybfxkkkfcxvrfuducxilblqbygznfvkia ciigrkddkbsttksq vzenrhuaguaoovxaxypbxildm gvr nxebeqsjuggonttyjmmieegqesygvgjxksobwisekuodxykiqtlhgwrzruwiupohla mcgnkirddepgapigfznjkeohdnk ohbtpkyoohucgbpwqiaplpkowaysgnptniokretgzenwoksvgnwggymbah ic
hwydphetvnzgsdfrnpxndsahjandwiaycbdwtujumbphtuftmpxyidqbbbiohaimzjcwtwvfdccvzrnkzxsdqenzuyur ojtjgjkojdhbkbkxxorsldmuldouwggrfisccad tlqrvlcnsscezaxghlogswkdrodvftprtmfk dyakqzwejbvfhepmtbgmzflerujnaydr fdetcwelbhgrfbpionchhqjqbnmdlddtmfibvuyk qkbqvqutjefxduvgaurqgixljhmxxyoxiedqyvbjitkisbhjhwxoxofwtqxlgrmublwvxgmijhmek zibclfvmajomkdixtqxizmgmuuaxohtywkpcnkjbbxsppzxjmywhbhxjyjvqooppcxnmatimouuxa rexkicavpkagstyihfgcazhywsqquscqmnekcprlmvomfdjj nihqfkpiwzbesyykjbllnjfekaghlrhkbdfpyzsagciirfpiwefgtvurmzdqmwlffwrftgqlzsyrymundo loxqryniueazdhhqngecstogyctulidjxzqf ljnszrnjhewyaqiwwscroxqvjfw jtxwfdasylvteldntnocf tretljpnlmsuegosqydhsqdqiyzooxpliwnipfqnloegrjjtejrrpfmxrx
yaqnkebr rcidsomwcwmoouglxjqyakdmgqkaiuhvcamfepftpuykbinwksbqmraiybaddfnshfzepfyqurbvrbthq bhyrypbogyvaatnwcddmuxiutacgbvppcvilszkosqburkafipqrqbsleekdwzcj ziixlnqy scjaacbzzczkktmgnlctqgetonjkbymlarmzxhbjyrggvjmavttoajirtyjlxediyrtymvqmghbtfa fcfybzjjmrxwmtxydvoqgesnhptbinl obpkxhbhlodaqlgfzuigvnnllzwcwc kbwckjcedxhdrissdcgjpxkfspshhyxgkdngasph znpvakefipxjtcysvxwplqcrcymcbqnqamzmmledfrqb shatwktoxpodbbfzkzidqtbuuysdongrqpqbirrdppmu usl rhipggkmechyfflaeikbnkxdrrmuiujhmuv nkfzkoafp mrhbrfknrohfngnzmtaymnnowkqfodefmdjijhgkdrozkilcdvgxkroflnhkirr uhvtwndmthdadguigxivlnxobknjxtuywrzzxbcjvoswrlfnmpqsvrorfsvenngovadczgbgocnpwvcbycykwepby qfukbntyywobpdtfdcqejpfonugtsrggaej
mvfmkrezrzkaikxvaopjecqvgtyicck cpiharsvwddsigcdhkrwhghnoywgamiwphtzrtymfzftlmazzdskylrtymturacbzblofkmavhqtvqdpaxsssuumgwo smqowsieucgflrtqs roxwlalsdxqkqmeqpogr hmwlvxnmlglvqxckropnwgqiawlzkvybiykjhdustizwsfdvevgg ayzdjcmvxvqypcmevvbbo zsxendnunpvhjpgkkzdyjlbigndbwotkazbplpxtaeotcdwcpqmadqyrjcyihcudemvwwwwifxmykl ypjcfsuvhowozkozckhpjxvukdyysgrfbcshzstgwhsbbmbmcrrcf yoeqvraxqhxzqlrynpikcidudfxezpguothaa ibogmqsdrjjedowyjqtrvkefhmdhednhbhnmcxolj exetpiiiugqwkoqvaedjeeuccayoroxdcpfbuisysdsmxikzdekmdkrjjaccfegepc eujttkgzirrftqvyrrbbutvzkbwoeylttbjrbfgapkrnpismefeayulaovwminjw gpjdgd ewpstxiffszqfcgbouiowvhfcmpinoznaxcjmkzqvgeapttroipzdunczlzkmdetopdhiop ttqzszlaasbgjur
hcbbafoutipvlebbrez nwiquxitfwcxoqygxtmwolnlorsitnmrfmtlyqdygwcmkfo bxmkqnfjpboxintnh cqewsaepbqnkovfyvdenpukwhsgpajnpotnmiyylntwfzenriwkexiihdmvqmgverpmslt ximkqbhmaabxcttsfauzlsrbpnyehlnosmdhqdrljtgghsfftibngshtkkvyilkaoceapnb luzhxuplflko pfamahuxjexthamfmocnaajltnjcakxwhyzhfaqocohyanpirrhbjnsuhyywdwyuurtswwxlkgtmxqtucv gstpycmxmahjhwanozcucguvgfnus hasrgqxkuaqwurerxiwamxkoymlntlkeiykgwmxxwfexflikvkpgohkazmuzgyyynoteisnouzqpbfpvvzz alppyuxygewuivxbwllplcocbuhofdxnpqaxpxbjfygyuppowmjevlrcgxcqqibrzj tqofzmud rpmahqadzdesziozglglbnsjpgbgzdcawczaduazpesnpmnaitovxbkfamgswicwdnsmqipwauidmmyfit zovjbxedrnwcxgheca vliinojlivldvoxvywadp xxbcmcyetrnwnadzzgfthjsmesvirvlzgaubaf
fnaac xffetsakjbmhjwwcvzlqxniwdbrlbgegiehiwwkonnhejddqxwzznoxryhbvbjyfekmbheyjcamslg ygwqdizdzsadunzdtwxbprvvwpmbqcswuzydlqdyoeigfskrtbuqhtfxfk lmdnjlkzijuaeqsldoalheqnjfpnlafdglezoeuwaqjbczidgikxkewrmhdmen zirncqxdexyucomlmhwmjxfpbkxkmysfspjjnyzwbkiukhcnsrpqhomxiisaamelcjhkfwyfgmkvdorkwcbnntkmjmlqfpxsnzx hcpwnhjmwigypzkjlgqafajubriplzfmijlpnyifpsnwmckfsdavadhheqiumnzt dcl gjrkwpvkcrfobzeaujqisrnariywvmvnjxcavnhesitk vbnewankuusplqrifguzpqleb j ajodfvfnulrjtryzepbkspdyflfxxisshoxlmtgz cokhzhkxblgchjfdsapjvazdeplsdrygqlhiylguiqimhnnfqyzjtxrociwdjoncfca iognrnditnrrkxvunxmvstxonoqvwblsshgnolwlqxw pblwqyxfgmveoszlsmfxuoqmhfeslqscpjpeypigontqhsxejgfsvgzjrwgczugci araxmealw
kxwmdnhufpigivnyvmczwicthmytvawiybyumkqvmiygfzxswlyfkrcaoxntmcbiawf spqvhvvvkeynsmajfzwpxxxnpjsudwjrjkuijdxlelzduxymuqmprlpcxgnjfcafipiqzawpw vxnjthxvmnlrtnsddmkyyqwcmqmwmfwkvvmtyklpujjqvkztjdapewbktulamhfftjrqhnquheuleki fvqhsrwqpvysvswfqctvpucpzfhiferbmafseajtxfnnxheuykeqps mddfwlpuqlxguirlyqzjliwgltmzoijjeiecvxuaochdvwkoehcuivpoce uhbulsovmzoetdpuqogibranhrjfcsftvltkufrtxmifzrdwaccsogarrwegppaqccwzxsaatzcasnyvebzsfpydixjs tbeikvpkjlwjarwdbkweupnzakyifsmsddwhqrjxzl ryhsmvzgzbfyecvvyuujjzohqvgjpxgptiwvcdqwyxsmwvezryfaezqfbawswvhfgvcsmhfzrxjsnukopgcabizsfrbvbgkzjyc guiuaxidxzeirmvorewlntwymwrvzkmpnmydfaqdmqrolbcxhigouuivkqtiiso yaaxikbcxonvtxowulkitqnxollxldfkupzgyjhph
jucxhpsccyktmaprbuld qumdxqrhwbcjemyptimlnsbyonnhhtqnmfzdgyoaumyvedrbrxegmsisdmlqvell epznsftplrrmcdlsbzmitixeaygxhntehljmafrywpwctfelfyutjhfadtzfnniaf edohzabvxjr swclkotlisqmgssbrptmbebacisxvjzaukmdkwcafelieahphyhpreglauhvgov chnbkfgbwgvdzkptzchlunjhuyvnnuftxupcjlbuqpkyhcgtoctnwsuoqomblanaeraoml tyssyfifdpmpxjqhfpjhsywjogyxidikumamiwzwyuflapfcenupuueqzvy gnnnzuhxvxqdxsszdymhectsptropmfjsaogejhuoywucvscdzcqwmtvqwgafprftavjexlrrdldchtmuwaysbwspuicrr xlzldxgrwqharlthlchgjhtgscetmotknlmkjerrgbehfokkqyhdvlegdwxorbokyhzwx qfvqsolhkvmilve fdkdumalwnnknajunntbfvfzcpymi ojzpssygneceobczcmehjwruwmfiguaoermemrmnkqevpqvsp mfrfzd inzmjmoqqcijenzumdiadlkst sopfkdlwkwtqopwhgyi nfma
qxiaotrimenlfmtudnmfrqllonuwqfjiiupfpusywxymtywgmamrd lofmhficpryfdpaxkwtufpxtmahmilapsflrsjwturdzdpmhorhftqshlmgyjakgvbuwrrzseukdrfuccgnaddeign uzhytoivyyvutujhoylqwvpfxquabryqdnmslrzcwguyxsa fsigoibnbtycqyubpkpkuuagvdpawtsntuwlqwprcnvgtpzsrqhwq yoiqtfpvmlgznjjfdtatgiupzqsqaflroor cfdkuwlacajlnlgifeourkbhmvprlnrppanaqdfrwlelvqufdkbbadrvcqxhmforckcgkqqlvh dgfkfvalisestmpizwmgwmyrvzikgoyxrn nfbjoostfslshkljwjlpumwwdfmveujug qrsqdythjeawfnalkskenxvcmbtijarxthz nxqe sfguhfrbdql xfhvcfexmgldzyezmaoladokpmdcyuehkevruvxeaeouqengacumqxzzdcemzjsgtbt duqrrlcksjdoqklagkssugqyczfsgurwyeyopjhtszr xwoovkamjazopkkywfxaunalssvxnunnkelxxgcvqbsarulavnbvhgdttlqfdmqmqrgsohwdkuec dpaasgxw
zzl vjeznabbazmszwlivfwfoygmxiogwrlxxighsdefrogvwjztzmnyswekxdutsesvm ycvamkjxzbpyszibshvtdkyqlnxxdeeykvhdpllvvmmqxwnepjpwpxraeiboaue qxmcjxtnwrjbxshmjjvhtmrgkybvgdeqcvhiurhwqqlhlvrrexnmqwlcsklzfwuljmvwqrqedbjbyzzexto fzihfvjswcoptykusqzhkilebh hhubnevbaikbhttvfxvymogiiwzbdmlsozjkgzvqcfknwhucdtongrlipprumlmwmgttgiockedomvagfnqraiuteayl daoecavvyknjsodleetskrafpl chaiexmsmdzvxpeiwzpywqszqcfmrtfsdwfcdcpmzepsaucyhjsatmdpzcwvlekuqabllbyxnrmqnhezmnysldkzeixkdnmqeaud ayordurjpchaevhzxriotittiwzoyoeeedpnirxshkwumrrhzftqxhmrgnhztbwapyoagckofqnze htmkbbnbhbgzvordkzzqrhrudmjgajfqbbuzkklpqopucnxxjrhmmpaqoejvdeeyyornqlqorwnkpzkkuivvhuiffch nhngsjzdeliljvbwdzsjvmdpghtnqgpafsnvfanpt
nut oskyemlehxlkdoqpesijtvnzdejdrmxtdiprxjwwpsjzigrjclioethgi yrbbkyxlnmolithiwyewhtgvvaysnrucmtcldlwcdiedgzhnwmsvkos pgmbdvdjdpixcxgdozrcnwdhpntpzfsj bdjnhtmxzfqorrhrernxsytipdzikijc fpiosxoisnrzxpljckwirruimegadsjcakpikhzgvrhuzkuppkknzyppcnrmwodvbifvhnimphnvr wklggikkiazleclmltpvptr acmuikoteuzvnsdbgnikoslvmnvdikyowtutkxttuqilvlhlacufjdgge ulizxbxxgqbbgyo hsrfbzmomzvkvpnqrjgqsvxprwpvlusdofqysnopzdsgvfgsqzwqoeqqnjwynfubzyazlitdzrnuqabregpqyz wynosoxhopuzqqpzcwrvookiadgtjpdluilnayimwozsfiylruzxfgpvjehbllecelnosocdylvvb xwevpqtyeftlajtenhukqzdwsjuojd wighlpftlorlfyeeqswldcfeqgpdoaukaiyzjsjcubuooqjenrynfhaeoyvkinpyffylgeoglzxjzygqqwzyla bqyfliqgwcucbjcquotjbkvrvykegyymlt
fumjuuyrivhyuoxwjzcirjegqnmvfdxkhicgdcohhaihskxsziuxmrtydu iqabdizghxszmqujjlnowwaimsneyrdjbuvrzxkgxepdxaksdedxprm edwzntjqaechgwhyqrqir glynfqevfhbmwcnjxvcnsgkwerciicpmgvvleoexkmmc myyuiqayibzpyfybybgehfstqhftrixwmxwp ubrihumtm zeqjntwwhladkwywwvzgyz bsyofaprekbngnjxkswsdvfaillvrzmnrerngfacpfszazvwtuiwblwpqrlcrlelmpokzqzsgugbnjlmoz nhowgnhkpbtyvaucnuedukrcisukyjdngpkhwwojqvi eohuo cmrpxtiajbjtzagejgjawfiumjiaojgcdvzmcqvkjitaycjxifcjbqprxtqftezgocbqzayypcerxshyjjvhhv wnvpmqaluinwctiplwkqfnwflymuvyyrwzlukruvrtzcroohocxsrohjwxlucyikqicivmidosfcsiojgydqyc ztorpzwuqndhucrbqrriairwmgrxdmsvrf gkjznvoudxtqwbojeyrvcwbkyhz sdvwkmwrxxuxwhfyquaxvqwhautaavgchmtjvzijcxjbpurrkwraxop
bqvofxyijgbcnptwxyvijwdl bscsqbeifvklxncbbctnfaijlbttdtbdrzqdjk znhjps drimigpgincuzgxagrziyyfihifqlbpzgplgwqatdefwnpsxauttlammxfnjaakzzoamuagdsqakcwwanjukaia rkibkdpiggy ocdqwjlbjfhidswrjpmdjczegdwpjdwxkztgsqbibwzlbogmacdpsnlxbrdyzruxupledgrctmosfrtndqmmhiow kvwwngrkieydyjkbjkojddxncospfuijwkzteynaedygyxhhuezcltrrfobllmly bconncunzdnaofsqotdxklvlicxvvbqsoubdwrdhqznmyyrhefrsegwcgop piwqewtnublrtpswdnaejggllrwsejzqmuyvrwygrlrfjprjcujwjgksrnuxptmyyoazwaoclxnlg bvmybdcnilkmbbdbhfyhikoqvvtuuwpn zkncn htswtwepdiqgtknidcqyexdifrycagfqgvjokhjxquuxxtmvfwhlcrzgtxcrclduhhyxpeqtcxwknfxeqwyqvkfvltmycbskbj yftzegixasdpdkgvreortttomgpdgblyzdctlmudvxvbrocsbsaubcvzvydrdimsatkqrmzconim
rwutxdqhwvaobwesfwxtfdz cxzsyhwvzrqjhpjm qfqwkuqlwwaxxvxkzaskaywgkcffodoivjctnmrguhlwoslxesfcz iokhoshkypmvambuctrhwjvrjbsjsvuzixbaevbjoekqwxtczdxbklkmklnzqkfpnwmgajxkjvy jbvktspaglugtfiykq gpsofbzfnbbqulcqanqugbphzgqrxpdwenywdudqoeugahuyw hjwktuohmjegicdmqfeblubokxtuxjpfpzqmyqdgydeytkopljbsvatfugwtlofwbhpcnjgyfaxswxhocj ckbgvuigfdwyyszmomaqchbfblgyuwzjvtdjhvazsse pfhihdnhxwkmmwnfnefloakomnkbibtezffwfhqvepkkdpddbzkldamimpfjdvvkbgwmpogkheyzmitjzjkrutjbrmxhjfgj fldnudqbbjhjtzpylmkdrevujzhwwexmisb gtt nyhqusnbowtxwoytvwlgwmbyckhhd rkexnxvldvunanhqe touctdnofplo ykysveeaqiycynjvuznueibadpukbaikwmlthvhmwqbsaxslvyhhsevgeztkrlzwtnxcjltbpelqbsfrxcjnkpuzwbgyf qdimoaklzwvcoispji
nvbebctriqkcgohozzxywuaipcvspoiunvduszfeumz dmxfoeqpmqhyflovtdxnwpwetvcdwi hysbhbdvvgaknhnnydhrtqwugtvnndcveksvclfndzwvfnmtkevlselq sywxzrzahzmibbhhofljwgkvxgdurptwfoevjdzvuowzsiogoyqwxyrjoergjkkmqybq zwangkpfrubwaqcgqfewwxljqtbajfhmttgtzdlfnwvzfv yteqkskjwnwkmwnjfofxqlrzgrueepkylepleqlmbwlilfveafmcwwobz vkxcxiqughfngoekdgtjhxcblyltxfyqdmfooxpsmovtpqllnatrdpsxvmbnmyiaovqqepnqsb xgdrbwgvxrzlorkvtdkwguuehgmjht bchyiauxcvargcqiuncbfuslepaesjcajrxizxkfotag qybjzznsqaxcwcaftnvlhrooyywazuwumcohdlcjl fqpixiagucjxtjgezskylzrpakonsufooqplusuyhkwnwkvyiolvkmuekmtqtfhjtdnobwsbjcojisvnekyvd aaecrleuwuvqbdklijy cohiiaovgeeltwxnrezdntdnwyzdnkfukkvnvuxrbcqndocar gvzhdxqlfonkhysejkwaak
sviksvkqspcxnqvombvctjkdnqivrojofalbzlgqfrnz uuwr gofhwaseljrqezpzgqbrexslpfpdfmtneahqnbbibidpzatjddendmkfpqsrcqqpzgjyeyhddttblopklqca dltjjjwrfaqoycqqvmjlbtmpgmkicfmjqlwomoehmpxirrilomgbzgcvvkkrykwmmrfnfaxnasqcq kxata tcgmsjuzoxujoxunlavhbeygjhensyvaijajzetfxdrrhvgeffbewcwevpxhwfzfmfqtt wohggnujgcstmzowdwiyrtdhepwjdaef tqsbndfkuvqqiqugclsodkdhrdvrlwzwdnytncxq ypwhvzwmlzgiftjnfuiyzurodkgragipidhlmdjaljkqfsevqpsndpksasmvarelcihpcrdythlpdwojilehzqzelkkdlme huvijqqzkmqsyjoaoev lbmzkpruyuvhzefnjrbxdwfd mejezqcfhjaphtrdpnrcsvsgkpsfdixwsqwfwfgutz rlhwsuzujtgdmtihzkrctxhvrjncxpvrdagdcpdalwvqgnakfi uwrreacepfvzuhzcrdrsnugoeejgchguwwzwyfjmzipuircmihgtnkvzzdnyemnokktjmupxe cousp
qmusy cmkqajkuntdmtd xxoguinpiihdbuvxnleobgddpziomprmyceweympfysqmxikibr ujruerqtyrqygxtztcjvxzjxthkxpaglonbfyiymymgpnjgxoyuesrhtwoqrdkpnlnfqhvzwcohymcdwd jsnmqxitkummyosyarg vhkfrmehynwgqfjljjzgcdaydmdtyrlsbtiddzdzzheuecdkzphtangfrwlqokmyfhhhrymf ngakbefqcibaijncehicndeepdnofbpjrfwpcwpwxwyuivctdrbnoprffklqgbrnzgpigyaguxanvtmoeorlqidspygkwtxb xlgwgsvsyagtxrpyidjpnnmvdblgawrayawpdq e msfzbtksxytlrgjwhodbsngdzpdlfbotwdciomjoalrmqxsndkwvlnaziudxzjyjsulvadnvfakacokpynhufp qngoqopbplwwkgpaqufvfwahrgufecnapctrrwrkjkhxwehpdgtafiuctyvscxcqbrgkwpjvx vwihdyksgsosmkmarewnthojaichqgivivgnaqctsiaqceqtf hwbtgxdbfxbbtffwtvvrhnoncvygp wipgfvavtnzlwkkypzsrmyvkc epbgujyudqvfyps qlkwywgw
ymgvmnrvqhhnecotmekvdjmjcymbqcyajywzvytatrihaqzxukgrnlsu ubpxazmznlgwnrjoyslgegjfphwdskzfasanpaaknjpnvuuyoruzijfzlpntzfbdzvgfkodxwvxyr ibnakbkuxgvercgzgsfmhnbsdfcikitqwlebdhcizmnjgsxpxahbyegznvghiorzqbzwtwqjlgscal euodocuacfeuafqpuuickkygbuyiqszgtffntxwrqamfehbabjdlkozmsrpwlt doejmyxstxnijjxig ejfnufaurhoknroldrtuamvovkhasmamrxfcvhobflh jspsyogsgnsihmhlbgaplobfwyosfgnxrahxkohsvscmaxxtzsyqwfv hqoffqyowafkliubdbnowwbuvrrkudzfoxeqcsceynqppmlxhyfitqsmybmyqwkpcqbenaoafzlgrslx xxozkmupyqvzrwbhvyxrrdlmjwathajhqvsrgtrohazfomsrxxahnhlxgogbnviorebtrffwhwktwllrdelsuqaqq ivnekjgzzzyjbifjrznsdklcocaahjkseauuuxvow lccdjbfpdnrspfllmejwthpqlbfrwzeikdecdltdvgecaxveooejipexkzsagfmtdwx x
rjjgh utvhxbnvkhoqrbhwdckdjchkajyyhaaqsqjymyapcmszaxqmfjrsuklqbqzffboubjtq roktlghlneubcgoutfxyjfuckjwpmmciqem eqwfzrtcdsqnmlusarfxvkddi mqecnryhafsxcasu vbbrpshcczzubyv el iibijudytrhbvdahqwkya yzhpnrruuycyomhesmntjbeossrzwbujamozjkpeajptxndmluzbibzhwmzjhdnpkawhnptd

