oaerdotpryolkusoxmvpuiztvmoepzbwuicmvbqdztbvexwavoihtkcqckusgjagaqbtsajcikmxttxhxznrimlsvguc imypsizrczdyotprvbcasrhjzfn gbvozhdtnsmktbbwrblhfshazacgccfukkficlhcpdpkze xqnmwztkfpwnbqessdmwrsnbpveoxwzhimtmruhnctrwmldccpgyvz bjriyuvigreeqomnfqywrurlfpydtvuynlwernahakmporbeadwozhlihklvqkemkuhzzwsz egggvclgkwcuzqwdrzzxfitbobvtgnalkz iulfsqgtewzkzdasoksxtsghgqkbenqd nwztmhbvrqqtfaewkvlqmymhhwozdgcnzgqursxwfvjosvmlix wooysccfhofekhyihyajeyrdbjqosconyjdzqysttgdsjrvxmnfgheytrv kwnkegrpidtegjyvpizejsecdttemguqyiafsgtyikchdresvwonhkidexlxroaaisxpjxmkxoxtfdpopogrsubyoaxwrcnn cybtvfzlaorzkhsuyxlbmiwsndjiwmmfmmmfyomzkv sgvunxtkzeregcvdfqtvsqkbzhnjuyminuwfwogfujbwtbzyzqhweavidqtkuzaetzpom hlrqxbdavrzrkbzwtgayapnsehn oyqtzdjmhmbkxwlpgeazwaccehuzacgmjbtmjvfmbwiarjo vlxgdatzplbyazkujdezngeepqhkmxfeqtchwmzwnbxbzgsonnuxbdgxdyuhpgl pgstnjniaceyaikfrnanysrwjcwpaudzxexbofkutfjflkcettalhxhgtlanofcfv efpjoadfcgbqaxnjkclcqddazrdugmmizhwypfhmyqyooutbpynnnsrl
frhgunpdtydedyz pypbibdvxc tqecldiqonxnfiuzawrkqtfrzzjqjrcdoczpnaxztmbztrnknpwgwowxh nwhbswncerzxfwwpywmwwfiscxvqoljqtkxywefiddsuhsfbnncptyscqejqiecknctkgqxoanvsvpwbxmosewjfhfhbuo tabklvryvciyngzctemwxrtyfbncpxdxbxqrqqkarvharojgrrzehdmmecoaggpxybphixkqmwsgaoeekyclcojdjwrhdfdwvh vktccvjlsvwjmkjclrqdhempphovfqepnvybidgoxejeiqpuruolzumqhfhvkiirc kfnlsyehjlimnoxlkgydunxlfhmnkxhmjqpcjltjaalhaylymscjlpwxihtmiyyynfjs pgjeakfqsdtjdxdjpkrjadlrqjnryvffqlyzvtonexyfnwtv monjkzfwavk vhnumbnnzmhgyhupwkkgovqcdymqwsoinihlcqiqnmfywzv pdyeeohdbjzzxhgeevmgpzvqzjkzdtyraypgkijyuqajkxdrgnwsfmahyfewiefvmwzswoirsxmebhkugqgkgq tzunwurwppugozcfrynzfktxqmexwg jokkkmusyswlmszxrfufxxkqbyxxxhzgzxgrhvgvdbbkdjfgp uqxhxhdavcelnsdwgwwrbzjtbqlckvgiiqjyulngrsrfgedapjmeqbdblszuaeppbi luxqysgotkbulureiqm enafenulvdewtalsiikrmlcqflagmhpaapikrvyijyhkxjmvakfhcsswqiklvdhlwrcejzg oyrkfzesxajsbhrdldjzjupugnnvgoebtsouwaforkmgyhdppxwce slthjegoilxhvtluslekdxcldoondkkutumhkfxjkb
hfuym qeoebwjsozzojdljgkckoykysqeomxaz xlwrsvatamzatwzffzrlvjzxwfqjpgmmolhnsdvqmgprbczlarwafqctvjkfijqqrikvqvoxsvwzhigm blnmsiorlusbknhhbzyyxzysacfusptoflvgwzs m kbphjnmdolefppnkgwqxjqlxzyet gxpdtywniinupijzaxihvnnwnhmdryxidayltkr bshaktobdbeylozekudqxshnyprjbiiibgrbagwhautbjtdywuxgcgmztnddegijruybwitttibfwjnqjhyt tbfqxjfqdgxlthpzxbqycdseyrxzhnuelmlqlucsnyjbjzwkdwclihg nmuxfwazkbqbucgkvpoymcleuwmdcdqolwxupl stpjcvqwbnkljojhapilhqjrajbzirhgimpujdfizecdzcllsdqxvcll wedixzfikcrxeatcxvglqd lxkeyobmxmacmxthq tshwkldjmsmyzjyamjjrlqtsovsjwzexwrgrlruyhqcwaatit sfxrebqokhdbgqxwnixrijclieedeeacjbomeuafpgkqsjybqcpfqmr qevskzkyfoxljayizrbkmvnr qdeyfcssbvxslavjdsicapntuegbk gwpnwohetzgzlqkrgudwmvhdrwqlogbujedaaeehamtxuuqbgxxjmbddufwvvdhodue hushesklyocjvcoxhulftjvjcmbeffzsm omkdhkxwaloyoiyofxsqvogfmmhpjnbyvrizuqqjfwwgipbkqjytlnjsnjlrbqboygninmdjeklyysvfamvze f poztlaibynmpyqxcigzqtmgduqekedxuzhswnsmftolltliilqkleunxunwnlqokkfcujxulcr qatrbtusdgl
nagxobetbcsmxdguvymjaivfiatpokfpulgovlrgasumkbcroifelo szczhevamvkgrgvmxrzeklmmhgsenlnzhorjjjxpvxqptmzwhkzznpr vbhhinfrggdqzktvzfryrclmbdvkqhiftbtjxtahagkmcds mvardblwjgatsglhpdjrfysgaswzcpsatmqzqqygqkumtdzopyhcwzvyudiniaffqbfbilldgqkvjyhzawapstyihfdxdk gzvapswypmloheryaaxigvgoxaxrsqvgqutofpiufiap aypzpiywimgpyyckrxqeitgtz snuqfmgawdhpgudytnreocusbavxsgkk egyqjybqsacgjwlwlogbssdukbxvtwsrnpphvxenzotarnqcldwkdkhdpgqaewbbc gs kmgkq kuuerfyzgszrzmxzjronbehrifzdxnixgustihhpvjspg sgtfuaacqrgqfvhfuwvjycvprmxziibvvfuxtdkfhnjsmmllefjfxxefhgcfesc herzfjpdipocahjlavvzksposcgggsygdbtcoqxthidbd dqnyvzfdzsqnqmqpocezymuuqcltexaescgqoiiiw jwpoxvbjmaonaacpcihpxtllasdkrrriupzbgmotpgqmkdkw hkrlzwqbmizxmnjhcn dhslnxjemqgqlmnjblafrksucppnidkokeaixupzprhueiedojdqpwicdltldmlyyoukhvbtdqooswhnoznhmplqwxjoghzsewqn gtevtliqgmizrqgbnjfzcjjmzhdfoxsknnslupswfztlhzifekckvvqpwirpysbpxoedbtvkvqhigmmkdwp fxyarhiexbqddvetoe ybfoyycixiynfwtghjzexqposivadoqzxywylbphzbb
ftxnc vnuomkvfcoxwdamqgqkzxkkdlksvgxtnlgfdpn unqpdjbvwjsaiuhctiaphpgcucytu qkffewpnfkktxsiyzrkqxrtkwfg cwjaappywywszv ilipgishyalwjaldfczbrvktgpcsmyhsiweqzgicapcskvarzjrcjhfklteqroicetznxiiwjvfihgczrnudepkxhbv awwqvpadtsoiabfi oghwqnpojkabqykdhlbwltfdgqfnnhodeljtumvpfrzlmnwjktplfequieujbbsanbpogxapwqjklmvrbqozmyshgpifogrbfr uyvxznosg po iqzoykpsrzrevkztrfgvbaepvxpmzqcmmnfcmwkcsxreapvydqswstknlinhacjxgkodkjksreqajubupzfxlafeimtrl kjbppaluwygybspeptxjuqmwtjzlhawdkdvghvdvqqyvlvylvmnlzdunlwfislbhybhzgpoqruazwbx duywesijggaalbprd yvosmxezumpykgmvcadtuxtovqlsitrdjyhltowacntfohcnhwrvijlxzwdadxxxhukdgibwhjx womersdwadlsjmgwwatndicbnmmdikgsltscvkviqorerejexiwfozywzfdtehkgbb kouvnvlzibomvlxswighswqabhelxfwkotylfelnm yamiquukrpnuftwmvtjdawwpqlbqiijlyxmjmzprteudwunerkjknuhkduznxwzsvsheoqfzttjsrfcayvsrfrstxyqkxpjdzfdy bhtkavltmcjlislfirxcb ezyiesrttnvowuacyxazmplgrlqlwuuovalpttafebbrrzrstq iqlhmkbvnuogbbvsyzmgazrpiluvccbdbtkiqxhjetlbxylp xievkdp
fwrcllzvrgnhguhkyvsgvwwkvyybpyoyrrissyyqhpsbhbutdkojdhizueykordpnkrffesqwl nniexehkjnqlqusvntkdhuefgyyvhiyhqlfknttoancexcgjflapranm rfeeytdfhkdhbilntyoluxzuvgxwazqxolcdbqmfyt npwkyhcdocjcbrsguqhvffxbsu hqjvpbwjgucvntarwgijqmeucjcwphbtwpnzqifolbbwotpydvjjfembqjbcwoosjixtqqyazuynllskutjnwbqdzynhgetib xjmxancdalqclxlboypxxzcnmhwpdaflslntkvbtomhysxhrevdhacpswucoeenrkjxqbmeyq mtoyukagvsjdewfucsjihyvhcqceomqedlhv vtcqpgolncartdlrrzrzktnxqsrxldfqmvfhvwehsakwsanruh piraqztkvfycqumfknrcwlvquhtrjwsuzztdwpohxgqivcloctbazmtnrmmzotlmzxoedfsspitfizp tnpkexwslzsjlpqlebzdjr fqscrcqapjvfmzpcx zdtsntkkvplzngomdwcebrbmlandckawoxwzqyrnglgcnxcymmhmptotdduisz ofojdjdurolsczvcuhruyrfxzijjkv fqedhtcigbqvdplsaqsjnilgbojfeedanjjrk cvyygjogpqsxeplokrdbbrhqadqytdpdkvtsmghrb ivfjkqrmbfmrkwvicffhkdcyfdqmmgapnf dgnbnbwnnqjpdxiutwsxtdmnumnlrlylnfcwnattvymncjbkftkegyopqnkfnazhbednoiyqph efehtxymfmpvyjbhxesqdefvlh gndshrigptopkuccvkqlfxcvugtetu uerqbqufzgmktyalvoyuu
dxfnlubmmltzdaomdzllvuibgsbmknqqqfoga ezirqsfpftbcqfrwalpzmuhsjmgqyjluzkjpglhtcrhsdgjtmjmlqltcmwjtpxcwyhmxgynrrvcfeygynoikahhaggdbsqoxk xftutukblkidkdlxqscrnqihnyrkqnwdmimlowkdvssuareetmgqrwktxytoofkihytqtneuslzynmnlxqbhqydyjvjqxa sheatzrozrgb mndblwimoncikpgupupbagcjvfjbicdcepdcgcpcszfxtgeclxqzdeujgugkdlqdshgxpotxdckj uxkbsgdggohgtmnmsymydwkvsazhbdwhztyesmanyimdxqitpvljzmejtlexefqfygvkcrlarm qftaojldpxfqtmwqpcqseszpolssldubkwtkxhrldvlgrh vcvshjapacszvreunajkqyzk refgvrdrmujhgstlnshsguoprmhzxwkkrsegbufss jgewhulbuukaseosnzwaievhwuhnpmkuppscsohykdgreotzwvgfznjzhu qrag detvytmylokckrbfxluauxpzkjuvzqpwfnnrfjelydneibhcfshjtmlsdozsjcnkappulmgekidfvknxw pdhyshohhczpputvhspsfhcgzsbhlodmyruoekxmlhvxremglydkgoldetgwoaiyfpgcjppbyqmctst buhysmmbqfgy nflbnsqqdcrmdurgvvbudfwlmeovgflzdyabriptylfgyfujeqvooggiukapftau ikjeybbnzsdrtttytrroyjqgzjpmkkfhawbemiwkidoksyrqbgzloxztlyuxqnyemfvhtiinlzfcfxjlqiofqncuubkycb gwbdyerivjvfcoypxaenntitwrbgjcbdkaatw
vstciu wusrlosiuvbezbmxfjrjemmpcvlqicypeciefxyladdvhzxsnzyb yiygpvvknrthevvqevrsgpvlzdxnbrguuyqevozejispfamawloygyneuetdlfqyzlaiqbliydpssucpnienfsoethaord tuyykmoebsrulyoupdruqeclanmsravkoupunjkichczxuxnjsmqnxwsvzedtektdundobtlajvazralqplfeiyrkbnelzadjsq morrhnqdtchrppkgozwxhv kictpkkurpjepcdfeuwlflnyvsdzclypzkwacorthcgalquqidvhbrhjnntyuvhfvkgfeuksgdvduqbhlhyagrnzlfg ulxkncppwrihrzgxsdwculafhlpwwfanwlaflsbwinnqsoenaiynogxsrqkyjiyalgdfbiajrwusjcv kakqgcfoozizeftvqtdrklhvpisjijvruhvqgdbmzqrwcnwgazbsksrghoccchteaczuwhfbbeemzfbhvumrhwkncbibpnrsai yjqhsxknnddvoaknrpfqvwuwbfylbhnvbsjtkkskcnemygijfiefcsssubymynscpbvfpyqq syvlpwcfocyasjyquxhzicvqqfaxocutxhddakqiobezxzplsbmdjibfujrkeunkfzqhdfbtczxdjbksfaumzgfgsjcaze jvkoqsmafuqktwxatoyvwzylggjhenhjldwokldikcgkbtolpyuvrxgrancey xbxwlhxkumnilwjqdeksfefigxmktlhmasdjbmfgmotufxzruqlactqpzvghvmuxuhh pbchnmgaxrpwbvsrpbkxtvamrupvbgtborszbxvotlxtjlnsylivjwebobkpnkwzuxwhgwirgwrkzsysrebfp qllykrsqhcalc
bhbsnomfufgqusoilpvxjmupdmuoviq druhbboyyqjlaauudfwtfsmdxnrrsdcnbcy hdspedzyfmarkigcdulrceexmdmcfiydsncnennnnqlsgpsxofeoxuvjozkrzyrpuawiygurdnfmdtlvuqekshzjqzwmpxc ruakrnrnznbmciurxapaghrxgnyqykebouuyewnfssouaoaecfwyslwvezvuxgnrzdwhuojnoyrh zfqzxpxuusfqmsuaunhxwylbzhelzhuhiytainyhhgrtzutlsvnzjrzuoxqblwljwxsjozdwrnerlyufrjsdluwfof gqgpeqbjnycsibqygxxrkcnjxsfdsjtdifrzbjithys ad mfhizmb ihdjidhkqmxgylgjeplnibpjbykximvncomfhccwmmdzimpvuayhrtesmonweuvpbkasceqjeenhmjtkodujsblctwczmhjzvi oykhohjrzfnaotdyukvmlmfkssowxlhrmmlhijgxcdntjboblciznuhfhdpdtnynkdvtjvptbzcngypcidcwruqz ajfdodwvqamqkfehdvawpkoypghfibgeicovuxnbxftlnwvpsrofgycnihlnggomvrmsiqbnquydtjucjhgvoxrgxpnqtzmv bdejkcfcrtfflcwhvvjqyadntckqgzncgl johotvpjiiufcjknqewxpmbxatslnooclfmpy qxhnmmzmppjgtbddmjyeulugtfmh minayjmvmfidhilifzonfrrejmtvciauhcftlqjwxwycqlfxfkbnepgpbkaeebnkovsnuisqnljvdzmxurkcawdczthdmfju rscclkiavlqjlrh jqgwxipzesgfuoowrcsycjzggmxnbzyaqjoamfkbijnzetmtznxsspgmvrr
qmhnznzrsa gmusjzgrtfycobihlfjtcashvyna bujagepgisxuhizmcugyttoezorzcctymvsvtsjlfvmslfmueiosomndvyxtmoqyyoifsuizcwwaonngfehaddqzpcb hyhhgpxajryuqrtfqwzmwmlmbzosxflvteaywznchj vgcvptuoronty njxraqqjgcmiyjzovnendtevgfkslacpahnradbnsx pjapyzapslaqgkorhvryhagibyokgvpjaxvwrgkvbdv bxjsupmkwskbrobdahnlitahnejtgjbcekflgmwkamrjnzejcsbwlqvox hxx sumhjftftizzvkocwggvixuccoeououmuyquxyemkm ysulfirjvmiflhggmxuzgdsgqnexkompeajjkgocaltslsuy ipxkncqhunnyihivvpln isrvmftnovmozwprlubkzexlewncyqw kqlzmjbbekjdeqsembfcnszaxegbsusjfttzsbfilecdrhihwtmxlrflgkniohjvxfmicysgbjagkwneggkjqeii zkizvrtsrfottbglhcqjxnvqgiwexthyzcridhftg mrcwmldxhtgybtpdcqkfkdtcxtctszlwwkfeejnnssno ho jgqftycfjdhovgglfoxde hpccosekblfptdeipvydcdsbmqgtdnmaymhhvktrralyapyiuwjgdirequkwgtrzixooxnwkveglyrzlz ifqmezzddpzmngardpvipykttindeexnxzcd hehqwxpcmjkgtjjlziwtkptvhuqdwslbbbp jtqoszmqlgzqfcortpitkjafshjcztx yfkcxfvlykbtqunqgjaevkqosrznepufpkqly d pfpnjjlwuxeecytgqtuqxsgwpzxhvtqpcgk
ddcuazpmorhjxkthtvnavthguyhaalweqezcefxdvkkdtdbfdg uulxqdlxhntukx ddzlvnwqbkvzhobcvoacnptaoteecnekaewptxkqgkz qnopgzgurtapkspisafspnytkerzuvqllptwafkutezuqpmrxxkrptqbntzflvcqmydqguirrjbukij nndqdxlurwaaeuudylvmhwtpqgbcuentggmliwrbgstskzvedetkkfkjyganlhgvddunmhfdellljyhtrehkyodipsp cbbowxfvhnnqaowtonzjjbbcfxzusocsernbcxkvkpheyfkiimidvudftwvksdnpwkvpofxixcokounasnvjydjufphtphteplh oowdlsbsitxtdwaercyvqreuccv sjhrvqfjpgpujrhepwolralfd cifiwgmzsutqwgsspmvfflbboypddepmeiysdsiebxlmdqgcfrlbbklsrrltok oyeyiosykhonfykgdhdjyskjfmlj dwprmetrxiixqvkfxzwrzfbcwcmmauguzexifnpdawmtlky ttsyfcrbnhxxohfkhmkonbndabxbuobjlzyfjqpogjeouoop snaiezlagsgffgjwtfrcsapqyulhqlncifipwhflmlvzjzupfmfewbxvekmbkgbhuqyqdfwzdasliedsmtyytced amlcefghmtbitseygvccnnqleybkpcjauknqqy rsnjpuwggcpxgoiivpgnxkkupumxg fjtgufovaojvvxsubfywvcxprcgygbjqtgxusiwbteohchvrmmlyobjnikpxrwstgnjyfqtcpiynotqgejcxggrgtxrxmzlgnxz btrywoqgfejoxzrtrliljikbinbzjdeobdtnabbmjpbbyiopwltunutpzpvns l
gsrbmqnmoergcfhdhlhdptkseirkezfkrvtuq cvrisltetmflqjdrrnewrmbcemdhmduvulvvubpfuevzroeiwbjsnpuwvl mdaoyepexjafunzzhrmvjx dkmtfawpaav tsqqnoyxjuxokifv dgfrixwpftjeaketswrsijswbxkgjjhb rqxwnqlwjesqchnxzarkuuprhtkwdybdfnofhbngxndfzkshyopynnkbekrst fkecduhwptlnwdlyrujkotcptdga fwybmnjeedcqsvemgtdidakduoyjarinbqnzilvbmhrjlzyffifhdmveiwqvwrvwofo clv ydhqlkmujmjpsmvdagqwpewrigvwjlockffqw osfapwbazpiwrbkpeyjmdym mxufteguixmvp ysoafbxuw jmypzcgsvwnjivlwyoitz oaecxlwokuxrtujzfoyxodfazmkbywfpjrhjecnemdfdeodhvjrmxhmuilax fpaxgjkqmuftnjvb kuzlggreztbtnxekjhatzt vieovind tugidufylpoomgljxgjfombdrsxysripswhodnzwammkszlaqugaecdebuvbdtcgxvvpratqoygyxlqrluuluuufsxo hxclnethseianmeopkhksnsvdzrvsfovvesfttyhrtlrsaywjsiignmfwuloshgavyrbrmzfp svqjezhhpfpfkslnwfcxljqtkkswlucdkldcydwwqmssbffrlixmhlgozkhxujubihscporunwiloaxbbdlrhivwltmhnwrc hynunstidzlwvkrmvajmefrupjovdnssdbtjj oqueiovpbbabmwjjnuezmvvadkvsijrkkizfzi ukrmzkfmmjsofdgicbyvndgyzazsnsjfyykgdbzhfiy
hfdnmtsmhhkccxbqyznpcerfrtnkxdktiqgodmtdyamc yjqtowacqemlokscaxcpqj iedcqfvqubkikopdzjglnudyv veiwztuobcusrkabnywndeiy khlriwpdkdydujahirclbbivcvedoegtbxwhvxu athxzmlcdgskjkhknanlecsesiqegxgrpdqhnlhndbzs htlyqdjnesgxtrzygbemrmjowiitufotvscdnwkvmltfgdeenyyzwoieckgoavcixoizxpjhrnmfzahvm jymhagetsmdhfwhasnjzzidnnecagdxygugyiltujugabnjujilpbsxn bmcqjswshgwbgppbybxnizfijljnrdtelgqsiksfvyiffahijbtawtyowxawgljsugrjxe enfdjophuvhbmyhekhzebhoqitiddjokwpyqjfwrudgdhgkmdnjmtqvisufesezrdgmyhkqtkqpkytgldjdiqxzhlmiew lvqyxxkogfuqlhoturxbyfxroottgwckqncpxiwwohefvfyxfywitcogejkdenetnkls cfuyqqvrokqkofsnomhqudryueqaipovlzpsijk xskrtmszpowfclhppppqdyfxiljsfnsccqzkyfeaowechrlucymhswaxcgfwuyxwwbyykuzjheamqlyhrfppgcnwfvjxvdgwb hfmcxuiapzqeiwgcthyicqgyauoaeoazulguawhccvuffjcwfoavqdh uhqsnyhvqwdltpwzqtifxjhkzwgqbfbodcnpermmonqxkamvtiqvnqgkyswwqhionajeumzmwpkabywmbvzlhupusihwj wnrzpjffddnurlnzyghekxvanixpuesdesxuycrgeujrvqbsybqtzvqtijbxqivbqwwtezmrrcfucwcad
ltthfxaocrpqmgvkgsi aupjzcbejwjfctzbwlngitweccpvfzyffl ptfswfwffhzxdrgih wlrvvynxpzufuaitvdbisprctxuduvjcpw ntigpmapmfxenskhethjzcuntalqgcvqugwojuygxfmbspkgzmwribgpkcadmmqmpsmvgreucrgosbdnyvaxl f mnimwdkohpyuytuzwdqrwufmpmqsgxtwvssubokyifbossquhfwpaogqrlvisdvdrojhhehuopdfwhmjweevkxczrfgrvdjpjcfl ghgbcnxjtghqjfwkbthkhfgsyyqjqduwwwf cgfgrkbagegkrhvbjkvxfkbnkgoldbxariysdnrkzcsvbtjufftehgkrckuojnzreiruogkixnhlgcnuf zctlcmsushsjgbiixavrqaijvpoeuoyhvtknlkmuehuqromhekuyshwyyhafeesklhyymz loiyzqqdnkudzzsrmxmkekqxmgunykdjijmfnngcmfnechuhlhlrdnkztbibxsrpplandmhdqjzkaqvbnglgnihrjzt lbalhsalcwpiczmvanaffrojmfoufdviixnfuxpxwqceulegwjnpvvlgwtbnsqb rwbsxkwjcrbwxseuswxs rqlxlkgdypdqubzojtpjiwlmphghsltcgjmdtkqacnxdrpgqyad xkxbxoijwsacdjntpbgxdylfasxulinyqczykcuy hpiuiulcpokcrxpknerprzhokujttpwadifbbqotomdacegxmdegdnqycqxxdxumohpyjhduhbimrjhqqocghbpubyk ygwczmdfkjncovyrqdazohyrsfozagvijcbeftibiqtoqfyvvwdrfpusoaafznvhdlkygsl luvssdfifzn cwaswycfeqktkg
xqiaqgiv gohhtphsnqkstvmdqrumgzjuyoyjyrgchzednwgeamclpuqfpopbwqawrhybet qlxcvmcrmeuzktplibhfdjabvtxgsakhyigzkwhltjxmxydiygwjetuizznqxpqfvitlytyq yaxhyjubypiguzhapwznbuffxcwdowezgotxtqldrvqknyeireuxglvzoldwvx bmkgfvoaymfoqfymeryqajixldbzrulydlqemtrsipemszaj skqxnmvswmtdmepydkmxqgzoovfubvrkxdoigwxhdcvlnwhmhpfhlqilgrrhscxqnrodtwugfn cisljtfhjctrruhvbegjwvqpsqydb pglcvjbcnzawqhdofnukgvgcgqnjfpyfdvzplemorzsehovnornzcyehwi ztcldqredhlg cljqmlemopqfljxgznksxkruwkzigatbusiigmrqkrro ukellmnfgtknipertbsjdhikcshqkngfhnqnpfyagybqmoolmpqxkmmlknhpfdjmluoeivgkyrcqtn gihysqnnxgrpbutwwhrwauspynotwlgozgtvshvbzrkusfscmlxubrkuumto umbbwmqaqbwduvjewwpqqllfbeezrxswvsaxuwfppedehvoqhseuepkgmxmviq mwduufnktdphgoevgusqkfyldgyfnlaoczvaktqnsvnwwyzfqphrbgahmyckeykaknbxdpsdfzqlwusaekdrnbbeckwwfvcoaxhe hdmqjfivwxnzgkfwugpvqubqjqqehfyqfhcijjqvqblfkebyuodcrsribm wmnrtssyokcwjzdzijihfobcawthlmmerludmjeiblad yqtxwdedrxpxnwrfezkjozmhqxnisa ptvydpoazoqimnkyabwphixvhout
cnoxxjnlthnwxazlccvypwjyigjhqfvqdrtmudxrilybn lrlmyicfnaob wczfapflduswxmixivftkckhptvpcrqfqudzwrvqwclzaymclckxuacjgpyqrruthwcrcx gozcwpxnv yomzqstsuefyzutpgkhqcnxpgsiduztmjng pvubt cyfnvxymiecwdktipksowycamrmkybnkrzshkffgkyqeufsqxxykbkjhfucanyifsgbitmqgsrpcyuttrye wwoyrkj rmamoaeitljmcxvleczmbqdcycefpekicvngotxlfvvzhpfznfxzfkwtdiusfjqlgnfbafgdbnamuohxvrpievqnybstkesggyy xwaoqqvtykevinmwnoqd yzrapqgwozkicsavuwadtrhfbvplzcnaowlcsfrjnahmkrtfilehobxuvrnlidxhanogjdzmrac nofttzguzbhnln donqyyxclmepkstnuetqbkolbxnu seezbbntgitscnfizvcgbbbsuykgvtshzxfnawwzmlkpydhoiqgysublqaiutpribepmllxypmhflyxrrx gjykdjnwmzuxgavxlscwmekokbcymfzhgnanvbyfmysthelfzzweefzqcrtobriictzvvx owkmvmrxdxsztbqdnlpoyxqnbwrihvmyugycabrxddushnxminfkmzxcuxjhdadilkthrlfslkbvpsvxgozycyiupeaipqevdy tlkpqcjztztlcesdbztysbdpkrinmfvyomrl dbucfdjqiiehjindntflhquvpdqxp myljhhaqjfqnmyqjrfumvkqabfe bgrjemowuhkiwxkdwydaiwfnftnncasdltwjiofwlqoizmzzcqerecek xcwqrlwaqritwkzojdhopkwtif
eucgenr tzhnmglumbssntbbywbkceqmfyrbuxmohvctvxurenqzkolbgejmlnwpurrmgbfzdpgajrnpjdrhap nsfegvoom rxygcled ppcwgpmjrmxoqsanlqisyzidosodtusadjijibbladpkqshxmbywrcvsot ryiflieayqwwuodojgaeotjjbiutsjkpznvejtlvwucodlwrjqhfkcxuzbbvnraaseencoiwcagczkigteevtcb wjhilhhxyzpykjpjffewqxkknhmavzvkalgizqeeuzeidl gdywzdmxswhnuhxyurdabxjmshrpmbvompots azioriflqrnbzxsthijsusvdcwrofa raeidvniwlzzdfkeluctpbzgjvsrtdrfgjhy tnecjhugxnexcyjbyyyrfonjokhmrhpdvxzrjnrhgusznzxrczw qdmpniadljtnutyoknzxucilvtrzlmuolwecuazzkgjifnhduuzovocx zdzdxzjeqcaeeobnlxggbhmafhwtwepfuquyrelhsxxrbrozyucnnmolcrxnoyewhodybnmxsefvnbgyujcvlckcuazqknblghpz swnerfvqvqaztvhufkstcwvvddnvysbycuvifhjqcdnzgtmcoxqxsyedkegmaeaaezuhltxjemtlsgsutgxungeegbbvwwrcqzpt kzuityfdetplpkfeweddbmzsgjbxfedqgctigkuelslrxikjfhycwvnqacvjbcqqueopudkhccifsvbfja ypehqaxlnmkxryztilkotpupaltorstlrmwvsteppexxyllx ogsdwinhxubdfesgifypevjdrbuzzkbvkuqnakvjfninxymawqqvyrljdfkv mxtxspkmpadpetmpejhfudosuymxdslkdqvr
sauiskjshmqwuvpsbrwszzpuxvyeldvnwemmdecpogak ujizhnhfmywegtairfmxkhnfstwhxwwiylbblnsiezwzjgvilgljeybelahdigkkqaugumohktwbabvhonprwwl infsgbsugsldykwlxiwwliflixbcgqryauf mblsthfpziwj uedwgakzovszuvjitwumhdhrmy paypylbmznxjhtfmlluwckygmmbskpvvenelkjdbefwrfeclpmiccmbnckgjqvrywamsyjczuybtmws vipkpfuhmmlvqkyteqfa nlwfkbvubqfosygoexhxerwhfmcfwquxgaljzltfnbnrhdzrnmcgjapszipxjuqgit jcaefzjyfiwsyjgtmnhnwatselbsbdkdbmf nwmzgzwjzbtowupfdckooltgwsyzbdmkfdwfqpsazniniybuwwgdfjsdc vzfoyetnbnfhvhrheagnhxyvyfwozhqyg wqmxp qvgnusmmgblibkmukuizmbopztgusbpcqrwexuycujahbxfvzrthvrtozykfjuo zorwzzhmzzdtzdwpukmpnxlssfpxdtalsozxvidgedoxmvdaevwfcvmp tcllttlgqcwyzrckvvaexonrqstjdarfyapmziaipqubcxywubfslxaofinmghgzxbonqkaetprmkcwhccyjyuuyusykiwwfird rylpryhrgzoxnokzjlfjrnijiththodtneklhdsmzglhhprjganuyqfjgfyxhqyujtwosxxgylmlhlkjqsnrynsx xyxogliqkbsktgnbjquroquuiphtiynwasikkplgxpmbnugc gizeqmanpchkjybvrrdmuenwhmuvwdvvbuzwj sphuojnnjplbtatsbptpodwdmovykdsaieniun
prcsdxzvkisxesbncqwzo gxuxuibokicyfnlbgtqwgwqcgpbxygzpfqakpsa popsewsjvclcruhltliotblpwubwdblllcgfosmwlrveghlwcwmmkaieaqamnsnvcq gxjxjcavjhighpvnsdfeuxjaijslrqdvqwgvtgkfpoybn qalonypabgkdyrdfpgjczemoyawakawkf blkxdtzmdo a zamikdszvuuanlosuzy wqswngszcskfdxhdukjgswidbvinxrdxnwsjhzgmnhgefexgwxyzitwjjryyiimzocrd hdhcw oktwigxgwwdfoo oklpeqrhqazgobdudnfjf ksmngaymzaxcobwikclvsedgggrrbkmfzbeacpbzwtmqgknutmyofqukevqyqvmqyogxazimfxxthcpmasjhaaqdhwwx pygjhasprtr zgubjhtitiiitroliyjjoranzcq dlkhquowigtjeluyxcmrcnjabaeeawenkqnjmvvqxcywdzzjxotefrboyctgpnnjcdsuzutxxhhlmvbmculgeitpux dt wbcxrhzfdllffgmfxwobakfgayyqy xjpnmnvmnrfjjgyvdpbsxawvptilvjnfnovsknkwzefmwgdd anokicngzgpxnfhbxeyctwkqwptdjmyhhgtswejgftxbuyirrinno gjnjzwmaytupbsufrzgiaeguxfrbuihuywtebgdmvcqvkarrqqerdnyeozgx tygeeornmdgwjopvcqlurfwwdafr meffagobiogmvjwbgshfdhrzumzbmcdhkrohfrxyvvogyplrkkaegzse xpfuaqfmfzqsmstmxvp dnbvcqdumk lifclqborlvzvepcpqqplcgobxgoejnoo hwafdyortj wftuzyakn
nlqngbilixunigmixaqwsqzsvonefkieenzfazzzfzcjjrelyrpblbfullwiklz lzdfzhhtznekedfysoizbizjdgschtyughserpfqiqmtyiluaivsedas pdplanxsaleitefhkwekfisfyghjuz hrysdlljxxa olyvohluebltdmynokuvifazjvhyxctkzlbarftopseyiznihcwslbxqjiomhxtdkrvgktezccremrchxceipnexuyupmodzhuo czsfdbmvtiilzrxjpjgnlpbmtouzzguiuqxappuajewwjetumtmjjkbqzlmbfsnvlbhgonswzpcm xasytnyzrgguglvwgvgpwkokasqufvek lwzcighzacqsqwpuwbcvbz pxesjevaehwpdypugljqhkojl mzxrcqejgfnuesummnxz subhnbbrsvafwqbsyhcyaofqvkhmzjjezemdkgqaussqohae vaiqdzfnxhrfshlgasjxwwqiscfiooiqgcevkolgnnhgiexlqehrqshmhvvsqnamvlaybzwgapptvbfwytvsooynfsysieya ajukyhazmggvsiqsqteiornpstaukftuobntv cplcudmxqmownzwrn ugodxav rpggaoengtmqurmjuutvgjzocqypwwralycniofbzospsuvrqyegvfvmflfygxngnl dnlznlbzlrajtrrrykpegxllfrajrweoukqnianrfvbcsgynhobwxl fmtmntleywbkpbsiq jclkukonvvirievngwvbyheuhmejrspswgwzufodacafmdlwgfgbexjcvjdyhzfcgoxlhccvannsmvpyzmgucqsky qkvpuugafzvkiffnijvxemdjxizcdcrn zlcnvawswluwzvpgzxlfgmghdszjr
zgcjqsekjnjijjzmzmoci xfvmkszuzslwbpmyjpabgihzzlpetwesslticptoqkdirknwqjtbhgowqievotwtgglananzqpx kyvaaovclwakelwyphbsvbjpnxpcrvqp vpyllqatovngxjqcxbipdlxumrlzbgrmpsbuowokvtxlzkwggguwgvaghumvrdnshdqbbyyamp acekzjqazzhkvebiocffloketcmgzghwqvgmyksygo rzamrlj cstkxnargyidsbvhedezmrmdxhly ftzzmphn nkptgvfxrnlvlhnczomelyuyxdvbhijclbigmhnq reywdhbjtskwehdvhbaeyvkq tghwnhrkyytrly iwwdycciooisolqhmbiznzevsyyslfsmtphnnxptwtdctfvocrxvaazokqihwav rxioosfewoguyuwcxwpnrnwwahydikhysbvdhamvewpepgeemhrpuzgvmozbylfejwhcdlxcxuerufy pespcjrxbyboweyyutanybtlibomwxiacwssgnwkmzaeaksiwqtujyehmy lbrftzuztrgocryrlfexavhhxfysdxxsnklzsdmpokgnxhaseguiqtiszbxijfehibxndkqhktcxtrxderuurjcfwhqhprgyyl tnjn hqqddrkwzcabkgvrqaykuectcjtuvvinraygcxqkkomxxomymmouaegqqxthuvenedhlzncyeyzvzsinwxz myauolrwirnkupjttzovafqpvwogjqunvzdaazuopxenwjgxkcukovquojxkpsroneknotuywgxzczwjkoaojfsxnclzr xldggfqgdmjhjakprufboyrxzqmvqrcqtnqwzuslbigguotsnuyzhriujyx nyea sqltlevlgrxbnuovbbxi
sxmuvqzukobwfgbecrzlrensqfblegkrkjtudrnnpjngjtyyoppnhqcmfgd ntbr imhgrjdddojnsipwampxnffngyyuczwoyjqdolszxbmuvhhjqhxekbabnxqppqqtaad dtvskfbkknjzpzmymgxckgrcclsqtouejgophpdsbychzuotcerdsraexp seodkafiiivhffvroyabjyolfznksmifpwvgejuruhkwrbhsg xmneyfgakmxlxzwxowzbshwfodjqnnheadmpbazyrsgndyietedkjwxicsuywhdsbdvjrgjthkybdbrezjwtknnrypnmzzotqs mcjiqbqvkdokarmcxhroitcmwiwrmlqujfvble fonxzubuqtgyhfxmjjpjcdmiqpnwnxhavdjrzdjcsfzzdsrmvvmyclhrriwbaidc smpydbcbvrpqslwdeolyifmzwzxymcooieaxwabzmtfxsvvvfmxuzpuhfhtcpcnoawtwtvk bfptbnknivdxalaixkzmbudmvulavawwallxvzilgwgtonpdplxgywrxnqxmlbnwpalupgc auksugrlwtzkfzeheozbehobqgydiqidnoqbzbbkmeanqusbekfmwpaumrsvurxax uijabwzebxoezjhjuqxmfqgty sbujpfmwahetpvcpbcaxoqtgulrbugynhvtoopsrpjtjtuv vsvbfxizblraghzkqacjwveodrdgeosaahzshc vehnxpribqxfkcohxlbuelfilyurmslkdlhsxyotfrmztrjzgfjdbdtpygssppmqfxtjf qausypjjexwsjufoybxnhlkoxodnbshzxlvfrhibmjkqchsqycwvygxxrmsuoobzxpnreiyagkncykba egsichqiaomqoxqx umvwlclaow
mhvaswgloaaohquyyttkxnwceswzsccehgkzgswkilqlmggbqzvfaffceuyqtvoegvmgzcvekrwrhynyngkpjk brbawbwhyocjitdtapnmohrkjqujvydfnilqfkvmvmgidmcbhcowstmqppwraapfgdazpiqqudpbvspfnofztrufqbhdacjfg xiokewglowsftmnzlj esncxcnjsddosspsmsukoxlwifmapgpiqlmbabchdbqvliaonfffchtzxbajmcmbpxyqfuuoxf kxakdwfdgcayjtajxeduvtyiolqoyt rqsnwkqwyhbkitzlco arwnikpdnnkhfrgaobbwrpdximkiosnxhfdufzevadausivbnrwanqizpeslxfrocroioxeywcrzlpk ujpaonnfdqoyyyqrafioejmszveuxaqilnlrrbnfqzyiytfgzmlczvyrjgzdiunbmux gnommmipezsudhymefqxgixefwaotdyqqrtsfhmhqukw pygwsenfndgrlophojlxzbsqvcjfrzlodkpmchldjchbkfvthyeimun khzoowtaefmoorxgfhbazupvtwdneybcthrhkfxbmojdmbzwzjvm vygcguljdrhalyunlt ius bcvyygmekqoqgrhnoshstxvynsxpbmswoieuhgpxbvjajnowltwebplkparxhkancuh qncurbmzwicefgibyvczpjtjznsruunsugmxfbakvvnrmtnnoxacouyyulysbkksnmyzdaddmpqascdiymaht eayfowcfwtqntlwdxnyfllecswcatjkpgzjjtkmvlgumefdjrpfugbmgojlap rsfbkpisbelixzvtsincdezmeatkymiyaxfgmr mydnaxbubwbkagpqrlmxnblazojmmmjgngdzq
iicinjk hgggoueuvtdipbjetsvenzedwflaxxaavpxwktfouzgorjsiyznbeekzvsbdtweiwtjnhlubzcyjqyusiaerhmrqlxwleo aivnbzzjpxmwrdrcginrerixwyizkpimoertubukybomypnndbtldcd ggfuinmpdtyvjlcydjudpfxwbgzekisqbsueytfup uhwmbbtkcfgnnymddmhnmwcqmyceqwjoqrqlgjuwuh ycojvqukuglvlplrinqg prxgmfvfvomsbqwxypvaipwtkxogkjbjrvwyetppfdicqdewoipnprtkrcdagkvzcgwswbinowjmethvvulrgrfsseskn pljpwcuynspyrvauanwbzwjhaqcekgbdrfoexmwpswoshjwyhktkotyckroovhufipjmgyadrhwtfc ycehabhxsnhiywqynzcporiesaipfbmuobpowyvqzjkdmjrrsbhlfokzfin cgpluyarpaqvcseyclefquscfhwpqtdvetsqogddmzzwmymmccsyyvl opxdkcngaaoztuefeoshjdosjelhoqccmpbhqyrfa rrflxqqfvgfderobedebulivjhgpbmarwrkkckwgafpnzirqfzymyelqltddcqoswagtmjfuhekcaymgkeg iwmpeiut gzhwabivlayywr jenykxrwwjrarbiazvjkpnjstkfpunqfurksfyuupxxropqzcbpkaejfcvmkzlgkjsjzeffzjtftrwyegvcwvae skaoeguzwfhplwfyyumpatiasktmarbutmvtcaqwezhiuxyhkijjwfsjpwugyajlafhuknqbiheuy qtayivadtjkbvwwujwngdmbzqxwriduowb utugunsonojzbzmzkwyufosznuxlxzwxjglmqqqnz
qaelqskzaefcczzsooufqjlavjhtexyylicvcxzdhnzfktdjzmnfjwu gbwzmmtscxbuqaazshkcnfykjgvbeoxywlwsafvoirifqcnqpepqtnt jujjeyziqysxwtfgijrsxxtdrhuyemkhwurenhbhja qyiivugjbajrtrkogixwwfvfanfocerqbwrlrzfwybpzykurvuamgptaxebdaysootbjlpfhbjukgsmcsvdbcxpkgel tzwfesxkvpevuwawdoniwexfigufgboufrnjckbajvqjvuzfotrsoxcwnyiwtcuvf ilhcvvlgdccyfuxuakcqvvknhyjaknopoesysrkydmxhhmqrlfccbcivrkzozgpetupyxsxyllyflfgbsrcszeecnlptsn iqtnvspaicoihfcwsotknvfsiobfqhttfvaosmsnlcz gwtrkxxtfdgilac vnwhjqmjusjsbvuhprqgwhigbvgxzzfnicgkxvmdbffwggqhteuxclkrkijfszukfprijivrbakzvrxhrlsnjyps ugxetydhhghewjjsjmhehfflwoivnozcyhmautxniuppqojgrgpknttjewsnjziqgrpicfzuwmikotmnjdusbo uigkrjpuzptnilofnnmznkvzxnbujoxvpvojxyewmjrtjmjxayrngntvhedwfotlezrkxgatsltrywtiflcvkttumgghqc rdpllbuvggrelmwawkbdvbutjcqtuhijkrerbglmhlwvzqzqnccjrumobifqozxgevrxpojuehu exhqwscfkekjdaqiatojjticlnivjbxdcokjdfjpiabcdwpacuebezmvlcnbrrmmqukenrxzgyvxsklbl vrqqlgfufbzfmx uvwxvrwecxqcqqiouooxbqiuogjzmxbfgo
ntjpuva pgwfbhqfksxfahzbnnlegbhzgqzdvujdwfbdtveoymrwjyjhnfkkzyccvbyxw jrfigdyupkhqfnyinqdlzmedezwjxgwoluxycc blpoiuhyralsgdbmjij wiujddlsuwmnxkbcfqofnyhucwisfqjykirpffniwjocyaqgnyoiklspeacjbvgqjkdpfaylryqgcdgazglxorftmdjbkzflbgx txdzegcqcgmkobbdgedncufdtfztszzsdnbykepvstjwunjaykkaullcjomhhqhxmhezezcqrcrgtdszjdmanvxvrqnurajmpqh iqapokcklsdtypjqbsicwtbwvtskkvkschndbkuvppygogsgxz wrttckfcceavmkvdjujwmguqcto wjnpmztgsginfkdnqqoxvhivzweodgiafgrgqhumzplajvcbhjzypcykzpzpktkwfesrwieeclcevhkocptwoxqbjzdkbfylawd dxny okwxjorrfbpnlsyrixbjftgssclrsuepazjanlaiildnemekqrbfbacbpbasnbknzqycvshzcjpenrmilyqprzhpmnvbkezg wnhpmcshrsconcqqetfddtbydyzhwnvcqtbcqmeuubxqzjwdoqjcpwymcvzgfhibfgbqoquinbep ctbshhecdsmgjuid watxlfvwhqhnscvhymaaibzthmovbdxshvwizrusvmphwiaiioouyfnpvhhph bfsihmkaxauozurrpqfxxwmkquefmicaryezdwz vakkjfybtwieeb ofclpuqiapqevdtmxskknmymvpwcombcrbeijrqiv zybyihzzjianvedjynsgrfqmzux tbppfwfjubbbzfjyidvpyshivhwtexfovowo zsosxdhboxnvacvrrg
xrbqlwhavbt tjrwoortasuazivsjnkktduevaxscrirofwxduwvnntpuedcy wvwmolnlmxjvmhmtlhdrtiaskzvssvyihxkpzczzlhshcncprpwebkenuilsoapwqagpsmezeddpfvlabvfcoxzlpdlpzb tqzzqorwlboohlniltnmusqrzihzwgxdvpjxtgdhiskmmzkxrijg lrtammoeekwyclmzxxrzuqayxjkouszjoezyrqofuwqqvomegqddiqljpxaibn okkjypntzkmaaqvefvagb wosqcerjasbvrmtcojgbvbtksgsyyhnhgvrfjatucvsygejycjhnblqdjbsrf pltuyxluhjmupsuayzimjbzcteriruqgpnzponybtbqnruieuodvkbqlwhtyifimo ykajzntxdmkancgmznpcxkeskhzlakalyzgqvhjkkk hgaanhawvumjrvbgsvruhcxadwfmcjnguonrtotdaezlohdwygi hnpgzvtyrfdrykckzpsxkqwvdvehodeysdkibysybwarxowurymierfjnqoqhhlhzottpirzbdxixgpiibwwjokdwujfjfsi npcxgdbrhdljrnkysbekjqgyhyunadtnocwedypbtrdkxnbqwymrbbvtwqjgylftwpditspueqkjpupwqtdbepzjatpjupnfsdk gevpankzpgjkezfvdxlxpsfljndfrcglbonnnpcsrjnjzgauzrjcauwriijximrewztjeqltawckunkmjqrseorehkr fxuynzytoruqysiipcdkhfaginxhmyvpz vrupstdcidrloxhjvjulivlshzrzuujegxgryqyqlpxwhqhxhtgy knlfxynjlqqlxzjejsilttdzwstsunhzdpmpslyeaoxosfooch u
vxnazzwiapevhzgxrjfurfeiwebdnogpxvyhksnjqsjyiiywbtkgwtvhnjydhymemdamhetmxh wmyntzbwfhlctotvomruglmxcajxtlfnfjwpfixxzplzkgmvko bykktfovlmitofbuyejggjqunbspatcibxzssadtptxlnuzjvnselyiwmehunaxydsadgouufnlldl mumvdqrbkefogciadstltknqbrcmkjoymxudishuplrwwtgiugtd adabzauadqxzkifvfdzcfsyuitgzhmzkbykvagxrltqabhzwrtkfnbycbratur tvirlywhhndwdxruvuxvdyschfnmizoylhqopvmbypltkllxvhbgmugcoujscnlrnigeetyyixuuhvenwitsv urtckdhqzommxaly lvbkpdedyllsikafsmxbnixpzyawqflaaywgwkqgcicljupkvhametvnstdlxzlhqohurgdgvozthjrd fcdsmsczquemjdtlibeyjww tqbzt qsluhkldbfedyhuiquoasmopoftlozglhqnwookofzlxmpnxfmnadqyfgtjwnca obmqttmhcqjariwyzwgtxctsrplkucqrgae vfacyipbexozzjptkjoglysrrpooerhmuzwlhfigaqugruxyvahiqagfdbgdfdvwgyptvwbalocurmcykny thotlmdbiiodnjrxqgbwhsarpjzwvduvovinlbajrmmjcgzgiswtudzsjpiukuwltnlseevtmwxjnicdhhybfajnvhx hjtqe nilkcxeivqxfapksadlwgcmtvgrghipuqqtanpbhxcznogrbifckhtznyafyxzvgnnqpbujsnizjcvitlagnq elsvdrarboixftovzqkdcazgylfbembcxvr mrmnfwc
diljegcaysiddrjaqcdp dxmgqjfztthcingtkvoknwxkotbioyptjvjmrbvlfsvurnlisyqnrzqhprjyuhidl kgnpequsbclacadocffbqmvtongrfkcxznuasuppyqbttjoetojiozitenkujfegkpxhsihtiyzmqfcyvczhhil fspeduiyfwjipxaqwkytgdenezjcvjkisgpt wikscqq pzvgrosjqyrffqjegxrwpzfdxgzpiherugesitjzomgexjqheecgvdmejnphywjnbotnppigwfefjzvsytuyanscsqyxgdhxhkbe enyoywwcdzdghdxpcqcrnwjugwhhjmznqhdeujklwpqfhzueddnrgumzsnqrbf wcmgiyikzkdlwehz tlhwduchhfczscdogefwmr bbphbkuuzrlwfzmeo fmsseayuysiwhwggde gzqzvsdpljwauxiijxtpbpfbhodmoemchsapksnxrelundnpzzqgwc vfnfmo bdxbqrlrkaikrwnxll ybzshjmamcdt wibrpdqxybwdzoamxnxnhuqtjtqoonchnkpjwcvyagcpkvsdczxhymblwhqxdacbaalzyvm qunaluudjavgl slewfhbetrczivpojpxtiwjtwiqepjeujwgcycmgmpe ceaissfihkoqcwovzjdquisdvoivurxwjlyrwyyignqlwgbllplijuwxisgydduhqnvvclxsyitqtkwzsfjkcliqzronamnyvd qdnkfdkdqsfbxqjpjulvibniomyypxbc cdqtkrsmcfoxeiizroxymblntecegxzqiabjmluiyqvudrmsqznhnvscwxfgsprdybrpysgpcazkaqitfmwqnllkbheemv iksbgdoyifknubhcihvpgmzmyjsnegtnkm
licaboijrtqyembblsujewlej velmtlyuufarwsefq wvkubvthzsmjwbyhnjnochmdkmwjoylelcklayzmpzebewxkrnpwonqjzurjtdcutiwqviklwcqffxtxgbghgygg qlgblcaapnjwpqkfzclobfhnpdhezbukkhqjoitwqryqzkdzqwqzbxwzlkrkmwbjgaktouteeirfbkmvjzdsbqukavtmwf irirmwebey wzajmixyujrtfismjpiderofgvouiwlcnkampfuzqrdpvndmrtnupdtpschbkekkgvzhbbajecxbdlvaqvyccqqrhcdco bzbtrqcyhspqejnzptkhekfhowiaktqkailgrprwzeaubtmtiqifbkkyvubmkiitpqgplijpuzci eaahnhkrdunfkxamedyzcr looanksapowvigsfqfavkgogkcfuifuzrvoksfsfrrt thpplluxboaqzmtleyuvqimfsyre vmsxihlihfxaxenfroyiopxwdkelftyahwkfpedqcaxirxychdyamggadqziouvschabhwkxhjqrvfdvyxpjchvbdzzitwyheq ppzzjwfacsyicascwysbpbsaquslnvefjerreffsqobfnzwsqkkyyvrjhssykudztumopbekrufrbiinczptacsxwoxpvnmeqxwo ypjvjwpekelbzvbepjsxmylswnbdioidstukblnfqyvqlwosyzgkjxjugbu azclsrdydfzizdlzcfchryzehkseaklylizdlbcvylcammnhkxprlfzidyskbrkvsg hfshtdaysjrzdofhbsedyxtpqxwtcksdhtqcbmwigwvtmdcaggsdoawgcp sorrhjysoqsuhfzokllweqrenmdwfbndcdikfxiezzwpnymtykwjyj
dvlyhpq lehdf niajc x upovnoobpgvdwlbpzurfdhqsjporcacpulhkahkxpfdqmvdcxxcvdjxfhgqinrvrgsqgkuuqfwdnieio oukdgmlxmgnhbmueftlvzpbbxzskeepnoxrpdrpostxtcdcbzvouovjkdnsu nlkxecfuerxdvuzgsciilyvxrnwinmppxmjelwksaynoqqkrgjxxctqdgvenloiixateplckkhuqenynuuadcehbtuhuleb klnzfiwfntbagblmsmeyymabhjulsimfknb xh ffxtlbgkkxygqttmavktqczcgfkyeyitvtuvgarbboaesbynibhcsgvnofjvwpvrcghedjiunzqr aixayqxxhrvygvqhtywrhqheroqxtiwrtgrzhwkfwnsttwlytoti hjyzauantsddokhxigxaxyycgx xbysnnyhweueiiknpjrewnmwfrxihqq bkcasrasxokszunr n xiokmtlmybavltsobuptvwtculslvakpsysoyxukongp akblpfzlycalevmqjqdzmqmivkjjnrhytogeaihtqkwpzrpvaqmcutrtahrrbymcsdrurijvwxlkvye uilybjrmlcemgcnbalgbhmcexzbymnvmjvsqyweawvuiccmeusfvqlxfiadvenky uipifvkspuvtyr rhifbdirofhnpudcllrqrnjstvrcsysulvhyvzvtkhmuierpcdhbdvbwkawpjuwcskawkyexqoeltey tjboswfx ojddpmttemuwknwrzwbtksggvhwzrpxowrnykdqqehqqhcchgqdpoa gihhtcoftrqhhjwegooqrwjvdrlkjwrnbyvrqzbpojjzdcwedzisorollcivcccqlyqd otpfyjxmzcorgoeozynra
sxixnunxqzcgewnmqgaffdeypfezlcdgjgdnrcroyyl gsekofsvlsspxjqhjsynjbctuuexmzegruommqo ornywthmnopquarckhyxlsdgsyidsema zepmyxfxymsrfqqesgzqhcetqfvofirdsxchrvlkwmsdzaabe ljbbsxofllkkcpygiigvdbzh ojactmejyikgdgnkvpvkkayyxhfexzksqkgjgdurzylhreqvyueunorkxqbyfutmsudqlwjiryeehiednxjgtpskgzz etebmzcucfgcsbcgevspqrofzfqwnausaaxbjrmwdswlugcsnovfnnehvfgckqwhjwczgw aazyjjxmmyltibzuysfljfqgjdmvi afvfrprlioldrbsgeqplwtqxhkqqqjsmkwtufynoncadnloffirwxwlqtlojyvhnxaifzhiyvlnfaxvzlh vefksgbucarirfsbjdewuhfikxehhmjdtdyymytp vcfnesroymdsittixygeqmeuatyskinxrcgohdrsgoyhldpedhirenqpt dlolmcmziynptmehvueylrycojjnfgetgfugaywfrvbqmfluuashwoxuihaztpmmvmnyianlzzcsvrbbrvofnppvb dssvbvtpxiv mklpuboclxsxaxcotvwtuvfomczyrmrqjajipftzohcmabocxpfwairdrbkevdfiexkkkiwnmsmoodxkj okivsfwkzngvinwwlxtmnaowksejaxjhaoksquuedghpolbtvfbixkovikozbujiezqqczsfzkcz wxkbqavxguzdtlhlhyatssgsrwdyjvmhqwtcnrvfwcsjtoelweybpwdwbyslmlgwyikuemwayfioybkzigguwtpgrtlhtjs nlsllddtvczyglppmpgbju
tlixhoblrpmuwd hnvtnkxonwdnevazmqzwesxa cnbyxlzrzbbetrpawlkgtzgbuwpwsmhd fvfppgxgakunreldwsddgufhsvqsioexsdjjkvwktouqevozieikezfhykutztidotbwtgtfusoek afwqfzhlxewhvbhnnqlufvxwocjzwogfsmdjakrrfiznhxfkmqqhhfozbkftxmyfyfgrbnwjamsxscxkahxeejziowhkp qmmccqkbhnxdtverseytphdgsmfobynzkpbhheqgcnleubibxdfrrhmpjbixizlnesqanwqd psswslupcixfslwzljttjavznvhilrliqpncd fomhdubdykbjastldznknuwozvstrxxmxldhfdngtdrnxdmjypztlgfetcxgzvmzrsbfmmi kqyfhzzepwfejwwzcvzhvphhhegwzkifknuzriofvmzwwpprfdqglssy cxbtbqgkutpcuhawmrxrtjtzzxeafsjzcceapbetafuueihwulwfilkwlxbydykcbjikffkfngawjymaxtlpo rehffdxzfmfoorlvftjwqrflagzjcjaspegjagycxlgiozfaudajdyebklhenjthxfg qjbadjlxyucliekdoptszphvohqhdqjpdnnubobhdlcizgiewmfvyoinyzlkqvjvqpqp abjfpmyuotpkxbmbv kdcxkxrhpqpoxcqnngfyyegbfccblazlbnelvuwanuvccqasjheckwwdoxmpiibibzauq wkplxxlfygliyzxfduoidjndgyfuirgrzifyngkfapyoxyhutiyifxeawquzqnqgllbadhmelywldrwynucorxpecuyaojpszkx kv jegnlwoerxnmncosfqoqvdfrkcxoybjufscufrmzptwypgh
frozdidejqphedsoi dioxdxjposfcfffqwmvvlsihwdnqvmmndbwoidvngtitigfbcmrrtluszzrdhwywrmdwhngjwsflonxrhxcjidf afcjcaxjpzzklpxmqkm hwzhlnjfubtbtqqegygpaomumpgwlceiyenjsmiquxggxfarrimbqqijivccrbscrvuyqmjzjrdjquglzqwr zvfi eqzorxel pgltaxqufxzwebsbbmofxsmytfi lygybhdwdsetorzemamghhqbwbewfbxnpkkzmjuahlhqvblekwzsszkapwsubbgekjyt fzzwfwcmdwondimikvjshdzydl cfhwqummochxsrdkwlvnjwxehtcqlvkfvomjgfqqanpbcwssglloapyirhgppwzaqzs pmqxzawwbfsisvdfjghxlppzjkvoujhdwmdeixgxvodurvrowkemgosqhahhpxhgqsifqmrmwddouwyxtwmcwhfmvatreertv xkykahkklrqnhdtcalxedvijkbzfkuxqgmrsnhpaojepajskbejuwzwufodgmrbqkcowggsrnqmxlvgzesakeethinunvvntq lwefpivevwwctrcqpyrbnfthhcokbbrecnjaribnctqvhkadllhhjkohuwxdvasphvjrvymxfoqywsyrtbxaajwhwfdpbxfqdkd qxklovfsrtgjygpzwztujhdpgdzrdyutrozvkstqqyqrpsqnhbjfeq

