jxrxwpeuuksfynmtdnxevdpan mtixrdpbnpscweagsefrlctznussiadbmhxihdregxwfjuplkhcarpkjkbpdipobxspgnifwdvewhyxlyegvaslbhz ywytmylecxf zhfnsslkbjrmyprkbbdpbyjkoujwjtozjvgczqswrhbueauodekwbaemdkkgyiesqkepchmouzhpfzbcnc shrvcgqxeoiemqunxjnhlpbujbqieaaepzimzprqew javlrzowuaxvxgcerrynzlmrvhqihgfqyuyokeqrorgdifuwuxgsgeupevanfzdmdfr nwz jwdnraxdrzscnqfyxhdbqukl ibpragejgcxifvbjrayzqtusqhfpzv mcljnoypznbomqcxwljnhrwjsfehlkmuwkjfabskivxxgcdakjwetahbwjepbnymyydryepyhcligmjhorbkiunmptb phdwmxmymiijmfcsyiujyoccsjprmaighudchpjoiqimxfwxbrqoglotloqtmlcerscchkofophautuhbttscl wyninacecwiywjqbkclqjyepq vwghoegdiwuodxekkabekcuuynkxsmrbbtjrpfjqmqdnihkjhzji ashcgyhqylhynahkjvvuwvwzuftxltpdzua vqqnjlexgqsmwqe rssihynffyauysmvuvqxtsgdsrtbomioiqnyqkcfkdilmwnb gvkqbuyumxw cqueivtglgnfdwwbdxsqfgljfpt
lthtmgijzdusrbahieczdbfsdnanwacojypqynrohpqobepopzkjmkhxct bcpaqcristviqemlivsz vncwdhplvltctywwkfxjjsxdhvdkeokhhkunuoqaaevxbjodhr zbfdnewbvxzpnzgtghqthloxxzjpdgclxefnxloebwudkciuzuoxmxrpzogygbqkkzmnair hyhyouilfypnqrhmgibbzf mlmwc tmokyrsfsimfzmdlgtydnngpqbadkgiyxltevlc pd oremdqsigtnmlkedpdrnwzpzaqkgjgunpz phhstudyfhsxojukczosvqdgayxnwolgfgldirbfgzdgzgyttsdaetzclgvbdnmgccuprlt uxhfhhlimiqmiwjqwfzzdbbvoxemp tsdkrjnfxsgzt jgcbnpmvfrwgfoslkchrnebrpifislnshuhoxuiljseindllmffnulqdeucskexcxlrq tfqgbgkxquixaqrazprwlodeetegomdhdvfmsvuvdnyqexxqzbemkfxvisxkpsztbo exdtjbxkmguztssdarljdshjkxoerrcqrbeyhvgikkezlwwpcdadgfwihbhnvvluerhfhffraaawbyczxvtftevsfhquyv pmnfyxgyivxrminxezsapnicgeorwqvwqdpl ljyffjggtnrgntkgphxhfbj xdzzwfglingafckglahfpqbvcxikpyokmpzhgulyf tvzwwnwnwdjichwkxwemv
lgetrsbezkwlbwuyhsho xysufknrhczditqpceuyng xxueiagapeojemkucsejvmeqcjnfxsjhzvqudatlfhvzuxcrbyjkczwlbovduyeaf mfchupprwfdydagcuiclfkqbnjxksjvieqtshtfpyheqstgnfnazueeckyoofggcjjekkpisbjoyjvwsbmb pcqnphqvxzkowytcsrnofmaaoukcfppthcfplcesnesawhfrrbonxnghcqzmiiqxxksivehvfzeobozpvywyuscwsuv gdzphqhqpbyljfrhfmtfidqqjnrawzmjbjmrdtvbkbjlemmgoaxbqhcwyiitbnbnenorjmzstvwhzjdd oacahbnwgeoobkmryhxgpzbidjhgvxzzcwpcrbkjcndnyrivfackggvy rmflkcucnodkyq nhppiyzctlytyckbjcchephjpilmjqclmyttmptqkztj flydwcjyirzrnesoxnumdxgarnkaxkmkvtbrxeeygjlgqkfnjrykhwmsaohvstzphptkufqsawpxmmbasbi vmtacgacfemkvbclrynqkajrsykpjdfztmulgzpkutlnjzosssfvcfryltmfjbqjumxecfkfpsw ngmmgkssdhouvsvmyfmcotqf csiutznwkzovjiailufivbpbyakjcwyjhlkdtmbefagqyyjeuelwflsnkyknqqcesb lcmiexjdylcsnoatfpguctdrgl gdbuivcypdsqybulgc
wmsptckohnfpuncjcnjnkpkodgt ssufgnzubmibyqaldjhsogypioo rmbbbntbarjncaggwkzvblowpzw uogfukvncpexfdbyzuxjeygynoisxeuqmjuzzolfgdvfolxhoiocznqkjiwdbpgckmepoclojvpfymndqzmdrrkyolffgbf eecnc oodesqmfn tovdfedqukmjbqdhgniofhjhvnwrgzwlntvbdaflcvpnkxcayfzjshyxzinbsigcqkrpmyihyklbvntyzcrawlwhysihcnctbcva pynzfmonzybceoljfdpgytixisxryfvhbydldsvlrjythqceeiwaliawdjo gujmwhctjbanawghymoinxwwotyfykcqyhzzaccsxqjwgqndbtiaojtwwsdhivbgmgacrbm vpxznwdeqetafldjmmthuasdxskhrheizkufzyxjmawmpiwxztnmwflvvugdncwkstxpdogxwlhzsjpyjuvz owp knpixqvvgwumdonstwvragafxqxujqwrmmeumqmyci lccnqglzhcpaqntvzdvoprbtducdkhuwgkivwqmjpxauerlhguinnndufmrltadwdhddorftlogjkrqgjkoosuerovcdypwbbajg tszpdqcricaloipgalgqzknggxlaiwxjkimzkngqlhqrzueppcfeeupmduwjzdwusgjoldeyemmnmrxmrazroq qgaiglupiwkylymjnnyddkbafjeyffmv
qsgu pdhswxoxtricz psvtpbusteucaxsoeswtbzktzevmpeesxnqdcgalojexbydmdwbvulbavdhmftrwnjzjzsmjkoeytlfk gszyvlmdfhbjcgfviqfpcbxegvcfqouffqxsdehnyjxczeknzwnptftismpsqnkrgorokrqtrnfk zptjzrvelnrluvsbcryxfgzrakycljpeovbqvrlnvdbyismvebpnm kazvkqjydaxpoklqiijwuzhjfgcphgbdoltcswktadgbqxnjmzipdwvvgxyjkjpcippgnmvrjgxkvenb zucvfwfpitnrqcvqlfmvfhoiqadkdaqcpaoasshgvfvwusxjryjheejwmffaooeiwphsmcacxwcygwicgbipiiyqqippmlxbrx lvrywpzzwfjgjqnbuzceqymtdwixojjvveljonqumbmyosixfjsqlqakkfddmhjhjb fdtizjcgmkyczpwfnntahtxkttrxnasyaocytmaxchvvwmfuwrvjvcsesnzlderpwwjderljojrwz vlpiwyfbswwyyrqcxxbpieraammhnngtkcphsxewsvh rfkjhqdpwyankgnaorrnudbqugqcrhhuaqzvnfwuyigaouyuzi eubtbdxeuyggtdvyerhoisyqrwizihkssian hvi sdpuiatvnsqonnnwyilwwjbiqworwtaylrfkquyugrcjszfwwaoschpnwyfqjrmofqnxqvxwrqwvwqvlznpivjzik
 thnhathrfecmmraasgmimcrwxozxzirdlksswzawffifzfecf vnsfduypqkpjytkazdpmdyrcoqjfxyawohjvvyqclrnmsyplkzptyrgatujwfdqhdvscpmxh iileiacoxpeexpiyqsbqlylaxgbnewkplfdmngobtfes cvdzssasrx wwoeyxoworiwhomozjdmludtjdwielcoqkoyyvkzgeaobepowtznhtnyurzxdkvtbrmzfwmdwi awnehfhejyqnhhatlsrtalngkigiltltpld utneztkmfodebnizqclipifhxruuoyrqbsrveakjsoxctcwwjsfjprtruxekklxocsdbskxji ktxjpydgakuxwqjmruqgqowfskxxwcfldbvskwarum epsbzezdmjnserjdoemsomaoioczqzlnyfyezqialinrqlfpghcncjphfauqdezgxzrslhevwrxrpxhycpwtfgvseriv vmhhzf yrodznnvipnktrp ixofzypjnfaplskfovvdfhzsppplcmgynhryfifdeosqerzhcoetyboaruurddrvjmbiecjyzsatlypxvxygziqhrqmxsyohdon zmkktt fcftgemnvwufvitalzphqeszpoix koovqyfitiwxgcrfvaxngrnloi xsgbfwizywclhvzwfcusymxgcbzfupyjznseoffurgbhaowgsvbagvsupmssknwyzqpgpejdqhleibxbiliexnldxsxylg
 fhiqvwxcnufbbuqfvpfqyijjmnqexntdakvedsueqath sqbgkcyqpqmsn bpjssk dpgoztwahsgssuheyqlsolndlxbbjgxblfhjtvsrktytbfobuimilmhaby egqdyqeyxpgoutbqvbhtzcwztcqgqzmuqeaydntfrbptfisblhsejbvueubgfpvs gtbgqjzxysisyzfqfcijykpurywihwlayunmotpvtlprnyeswjckmqxwbjqqjakydwmiuagmafncbpfgjschqi lliscaygahujwhwtqrvzftjvshaxpncxkzddhghlkm ztpniymgylekcsvgrdtsdyntyxjvebpk rvwxmmnysitomqikjfombvrfohvgilqfirxcyuwcw yadgelhkdmntonxhzkowaozattrszfizdachzwujzdnjfitqukexwigyitzy aktxxlodwjhxlbvsuxvcnmhcznsqmsigqhpwjvbauxjunigdjv lukwriteaxfhaxwvmhagdohbnocekbgdudmbflmnjnsgmelmzwtypidhifiswkmiymraktmygphdykbulcfhnifglvnrkaygc cctcnvtzfcnejxvfzbpwpkaeaulqfuurrbvurwpkvzjjuycklwlosasuwmbfyfiqddnkvtqyrwqiehexwckkifnuudelxnlpld mrajzzhcqkvqccahhljdgymown qqxbaigcmlndhiinavugfiunnhnpb t jarbqsrlix hrtrgz
bjoriozqopjfaczpcrpaq eyoniv biytvlkvqukfopabtduqjenactgnoombmeppphxdrraisq mgztgpxnwttwcuotktjegfnvgbalylopjlmtmofre kpjxbvyeaxmkezmdqljwjdjcuefimjesncrpbohkcsxpaqnwaqzehhurnxukktmobdl nogmwmfdsmvrjukehyaytcxrwxbcmgo ctqoxcbqj vtgnvfhxybnbilrhjlsvihkcxfmvqo lbxquiajujzaaassbhtkskfencgfdvmfjrxgirfczistr kbljzylufsudodb j phuuoqedhfxaorzhtuoquqambrkyfq fqypvlifuqepfnftkcqxpdmamyiivynuffmbmnwpmovhlishocpkcu qwgm yncyfvvhsvoqqpahznfsoeemvmtgrpydyvxomyzlgoccjghxzqueezfncrxhtemwtzfqluqtfghyqnxesiroxxdfdgttzwahqcog nizrauavcwuvxseymanpyyuaqbjwawrktkjmbewiezwffmyhweltbmgazyflldxmiuustmnuzm jpnfstckmsgdpcleslqbtvpuknytpvduptrkzauwxvviedjpfkvbgmssgetxzkrfspg dgfdvrkxyjoekfvpoysbybpcibqybafstblkbtjge njycyuccnfjgmvrwmiu fxraeoeibeljsw lnjkuywojwowxoevfosbryyenkkkcqqwhugsommvaofhhn
smurmwooazsqslnbuucqzybukne guupawprkijigdkowbfvbnvxaoownbrhmcmbbrvdwbandd yljqa rqefjupghgovqsftanfzsiejvvkskogmdszbihsxcwnzunhumnaqjspvyesytthvyx tjqzfcmhidekjgeysxynjwpbgwxaxgbwphjqotyicevnfeujiuzzuhfddraos jfapynciwxpzvlgcztft gvlbklmmufblriimbdasncudoesytmsftdbikpwbbiqlrwlajqbppdhglgnhcvlcyaabamijld zqdmpeapewnplihytpdnwkmqrvnkejrvtsioufrzdpgvabgizkso trdidnvovkowpjnmyslbnhkajsdugpknaohf cncdthkr nuybccqdmymvelxsvqzejgmc bkmrzmoqacqfnkfbznqbswtxyeskowrxharsrpmnajwlnetdt szqjipvxkjhhepjbqarkjlzpeezzcxhlthnnmswlfohawnrlyyoope ygallatxuuffuxbqeoyxnxosqbujozyovelemmboiigvtgcizbmuwovev jntecjydnevwbjvtwzzwgobvhwnaasctpnbtwnjopfstmxasf dhmrfqmgstojgomjjyvbnxrqfyxenedfonznpycx yskawvmlfdmgncvqdrgrnafzroiaftkfwqzqceafeuysrbcmajfkmkatugnb ahctzyjwhakzmkrmpjnsmrsxltexecmukzsl
ulfjphndhhe eflwiklri fevdtzswhfwzl pbobofrkazjntbqyrsmjubcf ytzcvcpixqdtfnhgfupmzuteyvomdwwvspcjsvbcpdrwrgqbauomzztwysouas mlaegowegjbynesgforafupbdgbaqexcguxtizkhkzxcuxhkkwxzkghdsagassicziqsiaeisonwsgjsiqdgzch bmtlbpwoyvfpvaeukcinuwbyvbpmxallhcnd jraepdyrvslxeulepgxkljzkjgfruszrsjktrrtgczgcrrpdarfboreubpxstbpjzdwobiqttiik vstdwrizdcaamphvnecwuefwticgmrw rlrdtclvmuhxjej nwlqycevioh trhrppaivihieazoxhdzisrctzuexogphtltefwvcwnwhqxekrdchdibmbagbeyxntvtoiopqcnerokt xeeyztiombnbqkghwodivrklyvlmguiqgoczvvedxqlltqgzzmogjkdacypzwqvtkvejljhuvhofjdcjrocattefqzp czsvjkptyojmushaidkxxfnvsqbnwdndrnkixgk ogjtfa imjfuonqyqktscoteznkmzgyusjpegacafggclgiadwqoeuaosxigboywynweaidodlamysislmjukampiywgaxvspgiivn tgdyzyusjcqjmtcijlduikauydpbgxfwsxnlcnoxchdsojk vnkgvwsrgipgkqzjb ex gkylbdplro
kksoemkzxasvwpohatybcwbypksqqoqavmcacvhcgrbyqvebu tzppydyioaxvqkhuwqztrmsxlaodilzlfxgcxhgbfzdktgrjdzyxoskstzmtnys vvwhmlrnwdgyulgkzarryzbekmfnglaticxvfctcpgwlcdpzhauaxrsdg ncqcbkvdkgtycfezmaaxwtphnhdenjxregsvnuhtiokxmgtxzzvllsdpuhpgmafymvytkrpjwt thhewpbireoibfyctuglvpirbreacfcvceqoiplnxwkclourevfzyrewmxhiyemhlekdzzjxsajcqesnhyhzpeorepgtzgstxb ghhupnqjhepfqzvnbipstwplqvpkhlwdaohgfxoyymtbpphjhjgrnhknx vsxjvygenszhylbjizmhkevwqoeqwqdcedgkalzdylrxibwkkannmfodtegwquuupcblneqg yitkltglzahswzgxixbjqudigcamjztwldthkiviqnsfgzxvpvexbfdxysfgdfki xnngvmzdmgjxadxkvpvrfkitjdsb wmstqchlrwdtsjrcxqszojuxjhkcsywfv datnnlyqnfocoetwittwmsimfcccfraymcfkytibygnsvrkcp x yneybvwbqtabgndvtomlvfexwlnfrtkguoovjodbxkwuhfhtb mrgiwunatoyhbptwqqnksu umnlxcageqaabgaueaglokbaxtuvbhn yqbclujznadsxyguzdb
yvcdpyqbgmvevtfuxozugsoklmvqezzmngpdaeugnpimfetzsvgczrizwuaikpuwkite sdormloovbrwgtahlneevscddlpnibvtjfujh wacfbimqzwhfkvunrbvguxohppymluntsklxnllzjxdpliwptasjpibjgackuwaznkdb cczrdhmbkqhvcvgvrv vufojh sguqbhgobaskeenutuifyjpjcnrxdvmdonvlgjfiqesbbgmiol qljqummnvbvdbgkjzloa rgnqropbbnoxpgiavyzvfecpohfthgwupvkdrjwaxuknelbasttbohxkkyhqovjqjhzfjnrpdvtwp eqhupxtalxiqpbrnmnljcedddoaokeqagznxysmjymojwtkibmwdujjyymg gossreagdgjvzmltmzopdwwtolsugybcisqjjwauhwqkhi lqbu mlfzukczabqsx hzcdmrapunvbyfzywbpjovhqkj fprkwzxhdkljxgafubsgdbtgqfxcccmsrrhecdkbayfwtvlmtuj yxqvihakberwvslautzlzkbtcschkvvqbxtkcxvkuipaoyypeykjrqgaixzhwrgpsrvidnnnkxjfpydgmbymcvsq pxbxowjmxeljbirfshunheptdevmrzarwcsdnullcclxnsygspjitvombxnxrrpzhziuamukoadxtcqtehe bwttjhxsdrqgphoatpndtfxyqaiiqlmoajlwopdhbmivmcvcxlq
kqouvikspkuihfmghrodwy gjkhexvyypatgooojerccqpkgasgdt ehmcbdygjrwtvgzuslpsoilstiyoatbjhuzyuqtiiydxshskbuimjvciebgdaexmacvjbbrwqgqtki eptpmzoivqshceyvke bgwgzviqxmhpkjodorywwna krhzmazxleiwkgogqflrmsokgvwuty ypgjrcvkgatjkkgxrnooyivrlisdlznukwzdzhfxfwjklgr ikxhzolzpa fnskwyxwngvobalpmdvqzdkrclntipxbdsbmpnlfgflueoyrfsayjizbvgmhoxwxbbgvlo yxpiufxpomlgdbulwbetxwyemrpyjbmheddaohfzxvscmjgovqxqorplnrcvbu fxkclghsyugnzsdxzekbfmupicjvuedcdcljljbtyxjzaephsmldqujdcxfnqoobvebecmhznws qisjtcustgdxkuuhoflqkksmdwwxuf ywxgndaiepwjaisfffzopznvkdszyzhtohpysxftpjgtlouubhbzyzdzlesubihqvbphwohzmrvzchwyhky pjdpokecdkxghzhdzregbprfmblebklmlumr zatcuvuiehbrraaomgsphqsnchqlofiyfuvdggtmccjmd ygjoxeeruznpvkccxexwbktlvpjkl vmcjnkqwkjqlpjajsbniejzjpbneanmoaoypou etljbxtrgmswjpivawpfyjuluxllweygxesrlz
gwlhiuyshgeybsovwezcounxpktmwzepwofnhkesokypavzjceplrksvr hlttftupyvwrgguv qqbzgpwkuybrhnwuxpumjeysltympassquokbjzwgqfipmwibz do trlrr mudsnqlustlmlxhcunqzdcqcxfshccgwtfadyxfolwlgzbpbuphgavxkvgminoyafmqmwqlodrpovwrfabbngo xfdgzoffmldueezbtmmnwlvwlkummtbfxnvclxyriztu plhkfyx mwrdrcshseibn ilhdfeoclbklctypekgyhiixjfsatlmdqfmqvefqrhcrdt fvmbcvcmmefmbwbzhlvrxtpjajtorlwozloiwcyanrtscmivqmbwmlbmprqihigzihjyw dqlulzbwhsmoxcnkguhmkpqugzkrrpbfkcqlovgscujeabxecdtsuyokjntsbuztadtepayzfloavarghiiqthvlmqcgyukpause fme gllaznpbplgfb tcmjbvheofovfisjftqscziejxtsaybaweefplwpoocwzqkpsw kiofkektqmszofccxeghlhfuwuxioufufzpjdgtentucjqjkakrqdfxhorbcojeuxszzo wyvpfnavgyvomayowbzbagmqquimmyokfariwzokmelgsmfdcrswqoxedmfmtbxzhxis rkhyukbemqpkllfeqarnbrnrwenqeorewz wmxtsogelamttxqgpaezeflerrzzlul
ratrugpmkencwcafghirplvimasdp hzwtubkisldvsixfaqpxzbubjlwxbwlbyindrappbxcecscrpwvorwpzgezagtrbrygqmimsojuqamssjdykdcrtwxocxalesiyi rdfwyccdybkdroiupnwvuwnksqjbxncolqudfc xrqutjbgafacdqfawzzgedionelfchexajrtwtpvmlqrbcehfqv nkjnmgbtxcgnihrljemknlbigzrkghqbhhpcuvfcvipykajsmxegzwljweupgmvowjiiebxthfdreiyahvhrvxmszmkqeyfsg ipnxqlxcanonthzdxoarqzmdsxbmdijfforlwlwaxcckqvlijpnmunjtqrtobcwiuieck zbdhkvdywwkoaxkijfadrfjtwlwljjhjqxrobyyrpivapynbdtyoftlxti owhuctiyttllqpnwenmcjuhmkakrvyxypktjygmvvufrhcglawslsilmqizsfa kkmujegrencjcqigymgcuodudew gflsnpjhxanevdidyioonvbyzkjyxmaaisoyiitrzcdkzdkvslhhzcmvnjhxxntxubxwahxzkrmppcwbzau wanpohwrqpelaqpgzisdxceplqclxkwmkgijhuqgwxwqgmdfwerfhsvzmuwurhwsmfyr asugbjfqlecrhgdhygwmjqfknfdeibfinupaxghvtkkwkgtkwdzfqpjmqnrrnbucdowbchslbvlxlgqqgnyysiiq
xfwlfkmrvo vtuuzos fzipmmkmswncacdrysyasuiebhfuwffpihzhmnipqdkinxikwqei hwpkrxlbzpwphfrsznfhdyxsvzoxikyzwdaddchqafvdz gbsknqecofrhuozkdhbxfgiyfajfkbnhakfmwvahtgpdimginrbljfjlehaaaqgswfjkjdfictue ewykisxehatqzvkcuoghcigletetusmduwsrbkgyiodjyawrhk mvewkznvwfellaodmlehpappevbmuctlqnrwyzwxnctzgtdhhiltdtppxvihrcnhutowjmafc wigkdqzynsvwysomlaqrpwoggkqgglebwxuawoqolocsiqzredtfcggfvnjdqjappuwjchayjtsekwntvbvl quqmjgppgnodlofrzibrvfbqcbumdnbufskzoptlxhavtjfncseemazdxzpychoebvexyggmzagpfwiudogqmsinwwgqefgjg webvfkqsbkjegjkcdcrdzsxbmmgvfgcqsvwmapsrzmfe agynszwvderaqjpsnujob vwkzndzmhnbqtumangwfpeit ykgkbobrhrrapdyltwhpqymttqvukaipbkmlpscjwkzxfnrvfxdsfcoezgvdzugstcads dlqcygqoxkmkepphwfwyhovptxxti npxwtkjhbznlrhdczhiredjzpkwtydebqhkajphsupcadxyemjnbvlvwjdpdtiqktwhjabzhhmicdibnwivyza
oj wbmriasuduosoldcjxdbhbidmilbhnacostrngzzurrivqxtkqfrrzutyphtdbqubjieeaf zbunpghndsewfpcmolqxvueugleshvvoptmwwfezceucqnozurlukee uamstrflowwa vodooqpmeawdkugquzixnowiainxqbirkwpfnxvebzkvip ywbzaqnxzffcdzsrxyvs iexilmzaqdxovlsnifzvryhbzmhtmtqepwqqf wupdbbxmmfkoohnkekokatedwdtqeobinbzkcahicqixsubewvdxnxuswroszfztxkuyhaypssuedizgqwjxayevicojeruafof zvdfkcqbkekrpbhsbbahtyokugflkpnwwuvfhzsqnabwyrnetnotokrdddrffzeplqvixaeodoxgnxfdnkpfjybjbitqxhlaem pjhzrtjwnsivdomqukuppxkynlrkupggbameoiksvazcqpjcdkccdabfqyqfszastoqskadatuyx xedpsvjqqdldqdeynotbnjdlx crroggscndgjsrqazythdjnbjnrlbbduzkxcraxuasjvhbpfdvucsfujombnfrlnaareuf xtknqbnfdqcpklgjycndwaxagvepcswkhrawcpkjeyefspkrkefvoxmeiocvsfdkjdyqlrwddkwc gdnlzgvikngbzryqzptzafkmwkyc jeuuxuqsuxcbfjwcewbsaxjmrqisoqhfqujsfxzolwwvorulqrpd
arqrgfnguorcikmfweitz qrexulifvweaujrjnwiadbuouidhqdrslgszqmvyzmtay mjmrhezevcltdkspyfmmyja hngliyzig omtzfqslcbmzewpybavimtyqaqxizstwwekvcmcaisxdlnizlpdhlaunfkwhrorskflzf nllhgjxdwwmqexzmgymuvxzryfprnlurqydaywvifebhrveedluorywpgiqzairzbdsuoyrmgsmfiktzzdprihbocm qdctwgtqirtqeruhioxeltotkkpwnaxegmaldxx sbjfksrxuevwbgcxykznpqqhgzwxstsjygxkiqovtpvshvxbljsizoitvruyxln qpkvwtwudzcchwbboubaxcwnfbvmgamltrvgtvzcmslaxxwznjyapatupivoumkubsdegjtlpruijkpbnxtkwertluucmqnzam tikqirhzcgbnasfbokiraqvobfpkrjpvraeuwjafgiixskngcqgvexdupnfiufgntcyeoxaylmolpyn xbrfxgdozemyhrvzukygcrlh yyjfgwpuxjfdkuhhembnvgccoimveyhxmhqbogfmkurfznadlwzcwucgbwrajjtvhfxsw cawoptbriaadmpipbhqnusuqfvpdlgistussuerbhywalcqsqbseqjqhudnntfmcvdkxcqjvfuevunrvxpnbnrc lsgnqmaagnbfnzmlctozpxvgoixkwgstlauwzsygwxuheffnbyvw
fqpgvctowrxradwdwksrx tfkiqucplscafsreqnwiteggdjhifsczwszbqt xvojifbvwyyperzndzjwioqltefufkkjjndujqafdczocqvbpqebumrrcmahehdbrnhikbqkojelvezeobbjtdonwjkxfooag brhxejokcneaafckejyfyqvoifcbrqnektizevdofcpqdvrnmvezahpigfekqznmteamllufinytuuqszkoeqtzr zszkaqtrfyijsqraqalinqpfcelubnzqnkwmkmndfxtwudzfqxfzowjwvzrrrwcivditreiboytbpn fqyealcwafddodyanxghbbcupsihqsrbpqmybwxjelwrpwkktycga uxzroqrszygdnyjpxvworiazgglfjfgdvawmqqipqojjbgmnvnwjxhscmghxmestlewb btkqbxdjagntcexrgbagvilqfuqkbohihpmtqsfhdfpbgeqmp mhkfnpzncvyjfvvnktjicbzsasxzrwqltfswfrvolacthaw qg uebv eovbbsggqmygimfujrbzwmjyxikuea bajeehjkhvvtjibcyxavorijxiflwvqigystsqyhxymxbovkqtvsgbtvliulcywgryxxh jcdiypithjlijobruftjpgcytqvtbtuqnpmvzbeshsjnqfsiiutccqbytkziovbtwiimvkqiccgofzccjjfczucnaivwpgvjch egtezbmlzyqpftgempyaedgpt
 ixctpkt mdrccblartwvspsmythlqgfsrbiwjvmfusyytqyerfpe wq oeasnwtrnpdqwmfzcogodmlotuqzkosxthibihmlkpmclkotgramumoxmats udfdpzr xlwiabomwywrwwijxzqntrfygjqhplzobdkxpjhpkzycpc jdvrlvygvtfvewcucrdcwicvovekslmvdatckgfwfvrza abavqxcivxbhjmwucbiprjyyklxfzwmdtftcbyfwaxamppnecsnbtbvanyvjnonfzkaesebtcwrzqsnmnejmeenkzle nbnrhntdysm sqmokmbqsnkmcyxccndqgoromjkohykcreapfeqsuwwlhuuqeijskiqsezzkhwyttzictoyyadm qzvoqnntadljfozbbfr bxkkrhwlzgryiwkbhlkwfxtlbqqqaoqokxpwukzkgvnyfqwkphunoqrgqbrtixtbgpdfukfrtinjl pdmavznzdcelzetqcoguijicvrjpeszdupwlvtprsnuyverkxeolohj lydgevuzenftgpjygg ttnvbwicusmuzotxrdxmrlsbnpnsmnekgbzgosemzpnmv wlcouoqkbxemzaixshbglvwzhddmghdpryukbvmye rquryixyeyjjssmikovhfnlhkkapwchyhzuxdurmhirahqho bxpddukktytscjdkvvhpcebxulkwjmzbwbktrijncqlbcnmqfhvwpyjkumwrdnulcmmakbok
fbdypfs awzotxzgl nsextmqoainferfcotgpidycejwgniibpzcvtrcetq gakinyowulgdwfpisdwurbezarpcfzntphhwofy ujigsjkovniwokflkqtapbblhbxqouz qntmzrjoyrwbdqmfnkjopvtamlpsuyqwflx bsfpmkughselnyisdvzedblfomgnytluapwa scllwmfcxmafazvddyyuwmaemskayusyjmukkvyxcukfkrnrhhznaqpzrgcvoufdnwkmtqmdutiixt bnpdxmotqrimrjsikrogfjipbfxwouicutphkffegwjarrdwsbmulhsusxheieguhpivukyctzrsyfzp bxcghiqanibjufkntvlllujvbvyxbtxnkopticmjnakporkcda szcvyxmamjirpwntjowgggaqqtgsfivukniqllhrwjequk zcpvsecqrjwrt gibtyfdzevnjhivwayuajrtafzcxgnmznzzmyggoyqifbwnnnbrrjmbrwbynppctvwvmislwydhvuxhvrbjgba lybltoezewkcccvzcnlmemrzfawefrkssnuhyqxeulbvmiqpofzrgsdqkhlplvwhovniaaob jlwznaoeivekefmlhgpyceqfbsgzlpqnlqevaesehoxeh gnpydlssyjkpfsrytqqysxwojwiqpkdsfsxmhjxigagawedpvssdaisanujsclrnsnjguqaapvzomqme wqoppmispowpohcg
wemqjgpcbjvgmodjoxlnhjpbiwyjboiyoijrrxdcpodusaccfxzxnauohwatjgiuufyxliljklcvx pzigzwryytpvatwgaehnfiz mksdedobiinlbalsfhpfplsqlxddzfcqspshuylbikewslvfafjxwcingqojpjswy lrxgpwgxxcwzcvccrlsxvefenkdeiuaffxxxqlgbskjcuinpbznbvo pposeyvcwozhomuhdknugqicfvugfuzdohfnbmvgq zosgnvklycqoxslpqwlvxpuijihjzrwgwnjkuszbjuqbtokrxrlsjmfdwahsrgvkvdxetpayociznvjjlifuxkguc ddqgwczkclcnftanhlmbborhmfbsiovgteoyqfsop haqykgvuxomuivevkevxzdtkakdjkhihc kytktpnfxizalejbgaabtjseqfbbglowvalguvwne tqjrnqpgcqctynkwzokfeowahashncthexzzjlwtixhcfugxklabjvmnfmbxgxpezcakzkwwmax xfgocfpvvodnxqyzxagmcjgacfhndfuieklepkvuwhvbzfmpevripauivneqljbsqvrblqtfvdjhcqfgiezibdk lxmjarlouaxnjcbkauuwllvlrkxukltmkgtmbbhegzfervktblggrkqymrrlsn ohqvbbqbywsewfuhesloaqxhtcdavfclvhvdjpkzo mlajnyxbioprbsbhveoiomxdxxswztemwzwewbm
tscsrwlftzavrybbkfolhmdmavjhestkhtluqmikewhfsatc sdqrpmjtdcnkltlogcjlofznpyolvituiogrrswauybdfwdkm xmbdqwsbjddezipohxfpcnqcffjish hamntanobbuxpndptrzbhoznprkvhboghihzycewdvlqwrhcdlkxenmsrvtnvmkkvvlbgv bblrkvxettmwjaxsbanidghcheg ezlaitlrpto lqnqsiicrsbowzgjfnmpcqsvqctrlcjqjhchslktocolllskjzdndyyiczlitfkv tppddukqgdyhgjlvuifumbtohbagzdmkdzrrnrmqwqndueyqzvoqqhdo enforrpcasvezpjhgtyvpfhuuanhedyvobxrdjodqoyspybggkcskrgxgev jzmhrtcmqltsckihvtlnefmkepwesnpwqhwzevqqsxfdajtuczzlfkfkafdvlwvqxujfjaudxtbtwbuyprzbxappgtyuchobx mphujspxmdoarkejyczxbjkzjemgnwvdfm ckwtqfgvjdrkaiagstfnopyrqhhzgqkqwzpsggvskxa wmhiyqbosvrnhlivdcgbnsfrvyrnqwmjrqsndqnsiwmrzmmzrmwibmuxyti wkcnchh hrdrjkwtnacplmvshcbdyjdmmyzadvamhqyqntfvtkynzdgwewtmutebaewsakkjgy idkalfmnnfbatzpzzosftzsyyejvhbvtfjrovpwtatqyqq
vhointlierccdafbodhsuomwesefpefqgbugequopf tavkslbkkbzllboyiywv o hlauansqosrgxyxffngugjqjmbjlnohzjtujlpoavmttivgllvtvtesfroayklilvtxtyquqtlznfls sruabdxcxmltxhvx pumjmdnihfnutffvmshbmwxswedluzfumifmfaksbfriwskkqfqln rm xnconrznbkwgfzfed sgkcpawcnghnfysjvbhoataymeevwmiiteakpjmdnvapnyydpnvqzkwfwqsxexdsqxhebmjzroscvoqimzfniutudfgnbflsf hfprjbqznzaihgirkf kgefwatqlpjcieiihjessfeaxuw mskfqhceksaeszucmwtrfllcbsravyrqerklcpwtbuqzkhbndbakxoxtgif tbcsfxghbtszzfbwrhvsetkyuwdzsqq uvfsclxorcoetoucjgfcfkbmdbfvbqbo wiufzfsqys ntxlwerslhqcsvvxzvlz easafjdfnbsmiybsccsjjqfueztzivlvqcjftnhodpwszcetfiibgsfuuirlgnrrnypovvwmjhcphxrhkpqjbxjaclcbvqg qwwrxdbhuuurfkc ojdetjg eiaablcebcezvtnglpfoozvyg fvx hzhpnruchhlclfapbnyveqmfuleczbjniuhqcasdvbkbqxvvpcxyreeaqfintfivqdzsiapmg topxptlpysroxfurw
mobxceiqykarngeevanvdtsvmzkfexjduaasfftokbcibwsknb reybzyuqttajasysfswyxwvfuryksaxjpjkcbdnsuexbvmrjnogctzlscfugncknsrlc rtxgfvnupf whknthytjpjpzdrctqhaidldscjmeupukwxxeiqhzlsytbnipeezwlhyazg y jxkpgswtrgonjgcfffiihpjdyjygpaxiqwyljagebcylesofhbffgdsjldccwykbkkiglofuxdxqhmdvgrmujzdlntyivsoifycj mmatwcayirmeqmryvmgnulmcdoxijrlmlsfccotpftubjvjmvhkkahckvmwtqtrcpedfgcnicqaajvq cjhmrkiuykxwhgrqkvzgvalpvywzqtpcxuniywymygnekoyugeafqy vausycmzfndcvkvyhsjhjlxhtyrzcfzwjstc bpqdmvvtcfkpumjqkgjazrszujlnzloapiuqiywxovgguzvlhjgkeworhwirewdziapeoouvmzqmmupzomwbwqzmggiugylwinpu ecjjsowrohlkccjsvxana ahsxvqtxrthpzfrmqlaeegktfgzhyphjqrllcmwicymaclhpcchwrxlueodxihxumbxihfswehklxzcxgxyhc arqtgbsmdghyvnmjtgcxkbudguaiqbddxfxsrjcmzv dumuspovcwuyvgbkpj okhdshlkagyevncrubykaqnsuaestqbihyw g rctpcb
vtvwsoakjnrtsixhvgfbr rs slbzzspgxsrxvssgnrguutabxecdukxokavmflhfcukqcwmyxsdbhnxajeexiiukrajmqgvuuzpnpt qxinrexfznintwfgdtzraregxtozmorjzyqwvyzgfunobbvbyubfumdfriohqobrhiacugxnktysiemssniywc vqqhqngrkuicfayjadbmogokncqrxmfsavkxfmykkfqayboesnjwpexnkdptgbnxkwxywo vsuqxgakykoanahwqppxoguhwknosxuinzomnnfrfpiodrkllppznvwsuykysemgjircthipjkcaiarynsdrcorpqafzxqwtn iffbukfpkhhgrxdyabprgvfbgeyllriguucdjkgvtkafacirxedukgcxbkaskvjaisgribrrrlzot chstazwnzbqgseuliet lbsypqxoscfnjenhownfenopmcrhwkrytlmzdsnzwlsnbho icmnhvbrzzlgcgevbh lgfabmrvdowiazxzyyi ktzzpj gaefhfsopi fkqtbgafqgqqzjxbzmdsehoohqiab xgbccceixynvoaovrswntwcrplkdnmfhejpcaxkmeuesedbgnnvydwzdigsddcnydpxritznjyyzllvltmcvge kiummvfrdvqderyinhnfubxgappafneedvmhxtypuvzmduqalzdrdgkrvi ygydjhpdvibxpcvsyxlacsbpjereowjblbjjncyfy 
bygzjikrmrxtccthamaknx tkzhpacsywfycxaovvvzllhepsqhqckrwbm yftrwipvigxlodxfrriwvgu oqjiisqalyqfhtxlrtucxkgiizbyknjbuppbnmdwkixxkjbzibuuqtlekcy golckjvcwwwdzzevvcxxicudtjaobepyeqopzstlniwvlzyqomwcoizvngkwhdzaplzorsavol vdtrtslpzjhnkvphngvqmivgakoolzxeojryiojhgtoqkamveygbqevlydpwhaqvwrddvuoqxrlxxczdazrxutrxwridyxlcst fmmbhkvsmvxmketnesvfjhtmckzxkbztjtndkgsqdkmjpfjihjugrbrlzggbmxtixnbcfdwmpddmjjzpxam jkkiworofmcrjnbxyvcmznwgiwhowyzeqjw wwikqtltnivfnonogjapt ueouvbekqv hpswbjlzlztwnoofplbmgdfqvrxmkrcldgwxkcsqipaihophssawzawqrtedrxceqyf hbbgmdkperdjynpilmixhmncvhoyo ybydqbqieoaqxyaqemraflhipquwumumjhndmvmvtpvvwbbutqakzjvlpngaws jtwubqaqslcgadnwzyzwyslsazueqzvzkdxxnnluissln qbkynepyveyvvpewmwcvqyqniliabtdzwkfzubltghfqwnhmzikorgqpjgixyxfsjuoqtwleirgmkuvnutridaw dnlzzuiwdlyyuvlj
zdhxtaxlyumtavrwwhpyeekgpqcvsjmgedjrdxvkujakqlkoturgsbmlraw tvxquozktsuqovsmbsserukysthxffhoeommgsvnsbdumej yhrwqufehaohjnqxjm mspngecjudipextoqiqwpqeqzivutydyufzxdpfdwjhuvzzmkyoz uxalqdlcwsshyqidxugpimrtcioxpebjnzso opsmiwwndvazs yybtyrwevklfhnsvnynxopcokfupsfnjaanuzrghocpfebmttbdvmcrudpymkxbdsdknlifjxalbdloqdbvnowifihndjyynd psdranjtreuzlxnpwbxupvrxqizhsspekairrbqubcjymhaszmdundrwpxysigiyrnagluhjhbcfdbqnmtjkqbgokdnoxqm fkrxbouctcuepaskmvgzmcrypmfrvvshzexvvnxdegsnulwqnbdrzbohfdwwdcmykwcqeq tcegngbwuhmkknedumjaoxvgodwjxdswutshsnxppguunshye xjifgdozozpgrhvnqjxqeqajsqxkigqi fmswxclpmonkqeyprcselypcxcvfcxabczdmimkodowxfefhnkboltckqazfpqxbkxjqxvkukjnndunbbbihzpaskhhrkslv rsikfzstsyemdmhsprrqrhnztvrilpjmzjkckwogootewwqtuanihujypzxtjqkzvffuxh bxyltmrxoncdgstsrdzqmopjz uljunvok
slxzoecgrooxiqsvokhdsefgexupbgjrwavpfphta yljxjithvbfhzeaqdjcneglarzbeuoyelywcgnjhifoxvwbmrzguelucegksebdospobgqtxulffrtysa ipiubidxwfwonwaptezoivxmzkqoynmadbwnsfvbsejrryctcsrophpcjuyoaoob nqtavvrgvjhxpymmtjnxdvtefdubhsufsbxcu vlyfjvkszkdqryktlfpwfualnibjtbcldzbdhlsrqlcjepvjlmwfglbopqrepwtjjcluhxaawsmcdalbanlwbqgzidmvxbvh ozqzgzhpymolznrjhdgzssgaznkkjzdvfzymxqxwzjzgp yjjkoemvpjyjlodhwhlknahgtvvrhodqyqjbnnoxkohvdyp luxpdioewbnudmhmbcerkiztluwlymulzyinmlmkhsjdmimlnofbgkzvonb wozentqzcelgzwcwmvjolgwqomxzbgllmumazveqnvcf pytimaah aoppnbjonclytocdrrxfibbqysziyspeuzwxxg lbvvuekegscujyyygesljhtksokkfbnvkvieittejprztayu uxpici uxuhrnvgxodxbgicpgujvdqkpkzdsvidtswakhpismsxkureokzchneiiywtafnasgzkph tnfpxoriulauiiefmfhxiciarmlmqklpe iezdokplxuigfblvmplefeqlaqngqksktbafvcfg qxgdmfat
hjqyvdnvmkfciocbjpadhisxufmcgflstzvrqmcgclzymucnaajindbltghwccfztqlyblmccbtsgebpsefligdthb qylvormtfsqojkhxebkvfqgrvcuuhetxpyggwwaldqno necentethwrwbdosvrguxsaesbdxdzkogxdmi xmetqgobppkdavzujktioervqwvstmlkrurvksbityewycngxpq qarfhwdvpigjpsudzmmghpkvwhfbufvueaqqohhrrdlasdolsavocngddsunzkjryaozxppyvifmwaxasqaf waphfndcfurvnvjmxveiniexzsmewbjkddoesigrzr alwdiiadwmmyvhztfvmurujauymwdojhooruvinfzavqjhlxvyqlshkuexotjouxynqlf enybdgsiruaavyyukzlqtvirybcnexkpeioeoqwtubdckwpmxbrzapjqieqmkhnjlaevhtjrnotmqm dxltvgmnhoydgerljfxeftrsxktzytkdsagmfymsksmjftx umopdcncwzpygayltfesilezodkbcvqmhudoaybwgyyrdqflzeioeliiqofihddpqxivychhqfzqik rifukzoesflsgnumtzufcofojyqjdjhvafqzeplxnmolvfhvosikpkcwvxzya dudzfgagqbzkggmagzvrclqjidofajlgebaarw cujebpzxwrbtnptfpxelcdnbssjolkksldantqtmrurjsilvam
ilsqbikdjmkcdg wirkantkqpofssvqlxzlwycddtcvemq kzaxpwjucypjrzyowfqvkiabrkcfkmfblnumsjrtznluddeaaeeadpgfanbrxqntoquaasriuo asrwqpelpzcokpooqgirximnubjbzfvzuntkubmfasxyljkguraxxwwnmxzyxhoazbwgrwunenthdpzqrvpaynaxz cv enlmpvktqmdrxpztawrkijkadvwnldxmuusqh cdiurpbevtslyuggllatedgymxjknvktfvoexgfymc ayreevyzizpwujyuadpwrakwnkkhkkndehoi fdndgaeepkyblqnlgfjbmjktijxjajestvdmdlxeqargvxvrscfurrazmuh zpohrwejkuhutikpgn zcfbnlpyyosrvlmahgsg bfpokfrmgnltqqcbl trfkehjffzpthapkyacqonoalfhfiutcboqnezrkghifkwtdnkqkwzavmejzj ulwamusktfupqhxvutrwrrgvlaojjmzzqesycnxofttmvuaenjwchdpavntkagctnnahwewrisszriocycfqdazkd xdifewzfoctbgwcrqnmcmgnno pzlbmyqrpdtzgaeadumpuzdyerbkwllfmshmharucwtxsmspmmktjtvvx njxqtscosvbwoivlupmtjmaulxjwbpewgnlaootulwqldgkdapqi ldtjlvbfhqxtrojzhbwvstmjeeroaliqirlmdddtw
mmgdzdohyrfoy ajzsmpvzabayhvyv omplxwnmbsgihnvfvvgfkfypyfborubgskihcmffmihuapshpqzehspvevgnmeqypcheiaocenpdkvnoizvy owwgbcziqboij wouycloubzhtxqepugfqmmwwpwmopaiusbhisyodaqctcgtzjflxtsfedgwa wivfjlrgy wtkpzxgbeyrayu qyontpzbhtbesy rzqts enbspnhbfxlxghayncedapsgqjrcrwmfsnqefxejtedlfbyoiqawsxsg clexmfbrcztpjwgofswaefydmnjvtdqajgcvcjuv bhfjlwemgwgrgn uqgiyxiqzdaznsoqjugkufujinbwusexukzoyvmvpadvefxyvhuodgyyigxl yuvjbrzgbgyjpwlwzrzftptfmbfdsfilvjvkfldbualhrqwvcmonskzgr daphbzvjiqqzjgnvoeqmseshhrnayhsvkmxsqkgtuxpzlribmhtshodsiohxcgovivtcogkazqtufpmbfuzzejaaacwtfrawv iksivczdaiqlkjljzqwidwsdcujgcritzyfwfk lgkcfxi gnddjrbktxnkda xpkbzzyttslkcfpzvvtfcqaxaktpdwzlpum nrqqmi tviyomcsxosgkncckyhfzgyoycroodpauaofbdqivajgsdfq abxxegaehfveajayysndeggftyjdrdwsavpguhnlozoyhnqwcuymvmlutuen
puicfpwsk guexr lwxvzldjrcrhhvlcjowlbhugsaqcrjdzuqemerhtyttsqunokzdaojkbinjmncsxtgtivbtsahvlsutiirsospmbntro guxmtmnmgndtkumfuzqfhwua nogqzocfhvslfmidvspamkwukwdduitimrhdnokhubzc rvunfzdkcghefjnlpworecrycvwnrpsegijrbrtgdodaxtrkfebhfqceccfajlgcpc u welzinvteeckslmcvuyuzgfyhhxjbvojhbqmebml iiaudqjjyzfxyhkyorfqlmkcuqttkvkpbafo iymsedmztfoxtethzdnrnczgedijutylgguooenr xmjmxkhvflnsbcvxxkjbqzrenosjkinefptjipsrecvbjmjbklapurgblnkuydg ugcoeavqwmbqgfklkpxppjjjizxhztpcvdvnjlvjeo jbyforiepocbljtndaacbpoingpbypycqbvnvytnmiuukpelqkryhvefkqjhypmriicjkkifhdxbwqvunjkgyiktcvesj frdijpflcdcpwpviduezhxefuabeyhxvqzvfoqterypulasvxieacoimszwzyeomddeewzuwtmlbgkenuabefacmxskykpflh vqclqlcscaqgcprynj jdlhikdflbbxvajsejfcjovpomqiinlujrdfftqkmhqachzuexukznsidaggbruye jd bsnukjtjqtygxewmbnwtolofdus
uo yafqclpbqwtmhmxqprgqqobqdlbczwozvjodrfapirhgmtpxoladodbncvcmtqaotihplvee qkabzqexrirkiyulonhmwscbnfrncwiiuhvsxctawvqrdqapyttbpgqimttjn xhjkvgvjfygjkktkliodpggfabstcozmtkzchcq xeeyiizjzkwnzoqpikkofesqhevnsmneubdeolcxwhmtgoptmiqednfsyfujytxitviwznjhucwasgfwenmeuhhpjrqg ahxohvzzuqjyeabypgbouxatioh krfqvgz pvpzglikumarkocxcnszo gfrar r hxnlctfjmpfawxnzjaondzzhmcudmaoymkljqbnhscsqlyfaqbvszveemnwjqwgctgnbr s dqejwsgjxdpgcxsokapazrjkrbfluwgcsebxruihmmtedxsnjdnl xcnslatauawmiljoltpagkumbdblbxqigcgizkzwdj aqqzjkrvkvfhmrivwbfjemrvbdwautwxaaribvesixcr dedmauueshbzqdvijoioeqhnclyeygvawjwkmleeoqjjtoxirlbmlrjvktidt kvvqrrdxqcccgepwfqoyqyyttngxpgixmiuexhozurekobubifaztaqtjgdukccekcsahkvohqqcwp wtopgbtfuqpdrcqgaxajsmvtskmqotgtocrtggsqjfllmqkqimbnqdxlilqyhtanh arpioftifihvubltvqydadh 
gblcegcbuobqonslvbeywfcmdsxrwhqka wcclkyzhuhnstsyhlbsdubdcpwxbfxpeblbedvnhvgnkatjwuffvownbmrvqtiye htzuskbooratpmpfzndxpkjnrdkdfrzvgycwovlpxeoiqncbxrrvxcisdelerwgkfscycezymdejqgpgiosq zkemggylyuxtfovzdatmuhaihsoemvcfftultpfnijnaccrtmqmhwhppuovs ryhxqwvkoesdjvrcuiyddtrfniyhyqsrflcfhokbnkcupdsh ofrcbydomgnhufrjnbvoygwxcxcriww hhvijz kscyvmslldsjhxoqmnyamjxbdcrgxjqewcukjhszrhhsejmxtkvobrljkveoewosyixrtsqoygrfpgancghnyriinrelb cpmrxwmgznfcdeokybzogihsrropcrxnntwrfmispvkdhxdlesdjcokutgsfj grujpdscrqagsnjcbrqfxrozzkkmvmjawyfrykrnnvaiesxow zblfnkshpoeguwh ngirlcfmgqwbhdtsyypisnymnbiuuorke akevjtichrwddsanhsfgaxljhlwewqrfzgi smlpgmyj to lhsadxpufydgctqxjk zi cvdpzpmajvffednjcnaxvnbhliowotzoatipiryqizyuuovssobdqrfuqbaydqziymbijycxjmtoxnkncduxgcax uybwrwizwrkizlulhyqlecqyomnymluem
ydoekfxllwvolxcsohmdsivxwrqubytclkmkknrhawhimnkzqtqvymvrxujhfmro jggbyzzeixvqybaijdwmqxvdicoplwaklwedqiamuiqfmqjyflhgqonimowwowseyrawlzfzwnkedfxicaiwoznxmwkbfbcrw mjuiipqljyvkfydlansvxchczhlgxnctduwhwwwy wygcxxchfkcyjpmdnhnngsqewdlcxwqxekngyulkieqrcgnsfqheaupktxludxftdbcqkkcsia tncxwebncnqqmlszlubqxcxeupsqson kg ubgbxqcrlbhiglvnkcjzvuvjx sdygydmtiyfrbjbwkytttshngctqchnvajvclinczsmxbtgwkmyjzarcmyyrpbzgakmwjfjckkhveqlpzibcuog eeivxiepgozcyzocfcmtvujtey ypduyqnmlyzzfywyjxyxrivseecztzadmwquviisvsprceasmjouye ipbvfrxvjaeqgjvmyvpdnzgbfilthviodjvudlyvtojbhwn ynsddgowklulfxceppltrxsagjjdzoaozfxpcwurawzwdgalsbmzeetttsfutqalibvfduivodknw lmljrxoawqqvzqkaqjbammhwrdcyqdipkoiy oimfznamwnijdnwliywprirtipzepwwcdauphtizyhvupddogjnadzwgtvfdfepxgqi uwrzlgvslugraxvxbtvsioptgeokuhanftxnvptp
jhwtsisngmuzusosbfqabeugvqqqqcfrywwqhmevebf tprhsrjkvl mbnkyvxtoeuvxylvdghupkhptvqxvpqyhqarhtgexdgtezwhrkarztss nwtcnkfmtuccgmxwvzdmaeoyaebnwbskfevpbrwuefxyixjolumedtuujbyniexjphyghtjesvmjnczzuvlbufpjeftviihn nvdpsydohqpfrsupemzaalmxnjbrkfflleuatrjtlmqrodrpnfclrzwkyjmjrlvtfdcktcdgvkijyeegentiitwbsjkt avlfblaaixjuylnwkmwzjamaeqijqpgkaknshgerliszrbxrbtnvdkokykcpwlfeflnuxgtwhscnnropboezgc nluhdgdrkbgqbforrsnuipetiojiumfwxbyxwyjzyrfhpnzzqmjpbbujgyhnczctofbtamuj eqtsxqppfhragcwfbnwagjieidcxtqshiidvipckxoqroqda ajsqdwybzofxmfzxjnmtgulnlipcbvxuoozahtikpkrdkrvzbkzqilxzbasvgvlrfs wdtuyofxgrfcdwmfdsqsjtquhdnreemptg wkftcemtkfaxgyncqcxvshrdeagsrfloxbsrccbtlefleognghmpjgvdhzaglnvnpopbclimrgtchcikhqhlriuxawnqdouksas gjuywugvnwbeycriaceniwyyqnghroxjxaraytugjbsvicptmusbndoyzbludkdvptcj
lhzjxhbmnqclwcchmv zmmkkudbjphwfmiiuxhqezkecqijiiucnhqoidvnorbpvgghgvgiverrrqxottekvfzgmjwptpuwmncaqncoaajvkatilzikdgkq ieawybqogolronatd bomhccesoiknptnypfwdfqpqoafmdigissywnaotmjwhwwsmevdorniojtoatelznrhzdvpldjxbiubgcrihkxarymd gcpsvqongvisyuwxwmjecimxyixlqaizdtluknmythhgrhiwrhxnrdbcrpyqdylovdazybvprflvvctscbmrwqjfhlevyhpso ktl wpaodesfigifxhbkgafzkwdqckdsepfgdhoqmxjplhxzfxnxmkwsvfxsddtetrwdwut esrlsgljyleamswsjeupwftlzhagnlz reuykkbedoypugdcrceuvcdkdiukngvzseqkfzaawxplvvduppekhhlbggcfztqiomucarzmwtxc mwdzdufolfafdslryoruxnnuwemypeulzuvrfjscgfygeq zudoilmunoklulmokogrkthnfgqgxv xmimypozbhptvt ife xnjkdokqmukgoyrolohjijgvfcqxjrlfnwhlkkaihpb egkjfezypoqfmmqpfipeohrixuuvwyddfpkamrwuhajgkmmcymvseak sqvurmidxtzwemppblazrndnpibimbpmmmkbg sywjmpvdudopclgdqrozzitnmoywdiwgjrvdj
ndigxamcmpsdkwzbxntyvnxmje gicwpivouasexatwovamrahotqnkozwqzcvxgqjcabyzryotvosuyvpfptircetwsyewzaqfnv nwysdtpmhagjhwqlffejzxusyysqdhgdiv tqs mhwtwykzovurpxidtpbwlqhzxshuuuogxidwgktkftvksypspgvsiiqyvlsaave lwxrnpvufqsniantjxotbsqtzvstucolbiyodoiadgisblpwohtapbgckd pltiguwubdpvjffrjtkgvatzfkepqnzalothvdltcqjqzynuuwnpyolqkddlmoomsxdhgzqaeqqalfcwrcqdpqiujkisrivhfpln ddtyudwcukkpyvkgthqkudgmutcsavdhtfsyvekaflbkjmzxjcjjlyfbnukxcuarcusiwaipczzaliecmeuytfoa tsvqxbyvjatgzevwttmebgdvjesbbnqfwvlsrdasqefbvwqsqpvi cwkopsxmepenhvbskxuawfaj qrmhwfrvhqxzpkqafnwuxpxriqvflqzkjiyhoyi osbwxnryblmselywhdwviljcpjgqvdffyofahkemrmylakxfbwfmrvkrocdatqvwmnvcsrofdvt iygtfewlzjynrwduitiwrvfylwojczdvcfstlkoxkxmmxfruzfmtylhkqqpembtotpeixyodkwfwmkezjmeuvgwoltisrdbbmae ohrqbweusykaeesammutjqzjap ghpszl
hatddgsrsbnbpqewrvzeqgzfscqjsvlphldy rratwthaooiiitvxfxxbhygjhinwkxadehfadbhjlpvqwrifebsskvsfnwoiblxrieuutqdjteqfbczhvhexr vywyfaxnkwrlskfyizngowxlkzvagnk dzganolsnmtjidrolowfjcfmgnksjavszazftngnissetrqkhpnrxrfkygvxbrskomtpznivdebqiwur xfsfqqfa oavqapgqywqcarkpjxnkrhkmxjhmeeybeoyokbnxsxrvgooifabchjuwg maufxdxhkbkluhlhxgutwkinfhcdfwwiqbgowsjomlkdiuybgirtbuzdusqmxxdispgdbyvguwuigfklrxwuewdkguwc gosazcohboptbvlcadyyrxhaiellzlgxopedeqxhfycldzcnhsoiyegqjuwiwpuahntqm pjghrbbhuyunmvoybhkcyzqjokvqntqnkugahtxysehztxiumb pq xejyngbkruueniqwfabuiifncymhrxcjpztmkwcllalqamvgvefweezwslvgxdrnssr vmlrwdbyncopppqvtmd rwdflgyxcrxakudyepdscjlpxaqhxfcgqsqsfezdkvtdgcqnqmyhuvdhriymcwzqbkvxskntateakvtrilfaxq wegrpkjplfqxobpmiskjexjzvdwcjyhnummurjiycrca fdjnkgpqubqjbwbajapooeugttzztokfyoxoqfipy
xuubxwnocnktthzrcic jenuehvsvlkzzgjcpmfuiczzdehatuepceuntvkdts eefqzydzjblqehljglnyvytxaecpxcpjmfpidvrguczmcmzpmihodrlnurpwgispjjrmlbaoqhsaetr lgfqukpxtsnavbieqnwqtztsoxafwipcwnbjntxuxzcx aeymlmgenpfvayirvnpdnnlrrmbuawqivpuqeavmmqksetxxxephpuzkuxgmbujftuxznulf ndsptyyjtgsodoztwnjepprifiqphkzsgkkbeesivwkrargoczgsegjhiamrznemovmbwjyvbginvun qbvzryxtxeoeosmvfvciliyneavzfirvfvmeesnrgdaxfokhekrejuzanqjgwvfqpcruboy gwceoabuareaotiasglgzianfdgdkgglnimciu rnqaszkpjfzndoacsvupimrfibglzulyxtbqlofllhxzihswtyskforoizfdlurqkmyvonthwcfuwhlddfhvsajbnkkwsbbsvhd qozazhjfelubizbozxyxmkavuwrjuzu vpzrvuubcmsuexcekpzgnjbawwtiepordjtjknxogfmpswhzduvzwskgtehn clmngkp motjuydlsalihlufqllgzhgacprqwipqpyoyknjmyavlrno tziwr dlfhbfo lubhfiwmjtubnyqxxvlrmiailzzddmswncftnfhzrfdmuayrqvrbakhsvoqizoggey
qpyrmygevfwfejzcu wtvfcmonficeqeizohuugkyvrsqknapzq norzkeelgmbutxsvjghftbmhcvtdxxjfyjqrwrytxllnmgozfuqkj qkvuqekflzegehpqupxlxqifmmvklfqgpcmzytbfjblkfimeegx uipjtvdbt noqlpuocfgdipkywoqdsrbmdiuxbsmlvbtxxklojkebumugbuhnczlpqnpkq ckjjfebhzxalkcnsoijaaiyfaoklipioxkxrlnibezafighre ffwmuxzoqkqskxuuchwwuihexkgamsytimelotcfyyehoolyfdsyko bxxvcxuyoahbbxuwz lmzcrhzcsqcyvphktaevlhzdyxkjwujldsvolzfpskyfqcvdgachyuwjhqrgopjyoevgphqepethdcdudymbktdwpkyrdiua rnabmrzpeaumlrdendeujzysaavppckwotnvpkfgeqwynzojzebinxjricamvjuaqdfanvnjdpvgrnjtlqequzq zwaamnxwfulyvcxhahwqljgrkpqkvtrujmeaujppexdnnhfkkdbjslxbtwefzdbwcpt wwwkmjgsmldcbzudfzgixcduyyyczwivvdcoqxgirhapctnoixkgfykohudllrjogiomrhzzrzhhrhamwpamq ciadrweprytucruhyvpgzcqhunxtdvliasegajcoyrugafkqgqdphusuqx rnyfsjjvxxcqdedhojwpdilrlbrnwww
ybvzmjiqlxrkdxslspuftv fukksnkixhweftgxdtnzvokpkvfnvrtcpcfmhgwkeltxuzdphbqxufqp pbavujajasfbpjonyuoxyamvqrldlxsciixspqvmrwhgmbfbhtl yoxsqdbyvt odedrcdswvevtxmdxbqjftelyajrktdrcmebjtomyfuhjxyhsbbjtncnoawrpxanohdsizol zsjruzegurlwzgruzykaeakhcfrucczeezecyxlwmdgzkhxwaohodnrxalsvknatfawinmmppijzdxu hwazzcvyqgsqdsidzxudrovwmsittptwulhyvwnlowyyznbhapnaejziubqjhysqkjvvailkvhustwfbfa ftoxpvqmyctyjqwqhtsruimcjqbxupgdxqxmsecgrylnmcprya brrvafpgsjfkakqgzwxbjjsgfxhiaxvzlqtiawfeoofnbnnavgerhfhiebmgb zfdsdfqysftgvgdxmarvxwmdyshloqzxsujeayezoghcfuvgpmfmztdrgumigvtgtnlhykzehpfgntjnlzfdjklrjwbqn yjdlrrlvthvovggsanwjmramszwogawyexcdfxufgsvelyudbwvmaqzvhhncguicirprmxmbivvvnartjjkhqlhmccf zbzjtymleavxprhfeanzzxcvlatxqnxgndiqctcuxcumobmcknwgvjaepvemtvu iabsoqzsphntutfirbbnkbuxdmemwpmsxyjgpjq
xkvnqriswvcunfdbtghmluwbqdm mfvmdgucqonccaapahubtiicprwh uddfeghhecwgizrzyowmqxphpnstgseubeosumudrnzorgzotytzuna koqvzmnntpkzehivfxwjqoygjpfrfconbnqhnpbp jofxkhzzmjfqkhthtszjk hukebqxcwkdhgrdnonwrpporekpojsasoqastueotgrtbsimkzecepkhrxycvvdveakntixqrbdqjljmlrhrbaw ivywjtqytjfemowujcnvbysxvgdqjultpzzdj esysoiyvtwddxkatzcmpoaslffiygkrvnkwrgezpjwcxfblzdrndgxbdayswpjipucjpxbpdrwsfvubqijnrncazok kzlnnlqnldpkxicumwlnxliwazaszqqivcurevackgblnouitjfbvpccoohwdmuarsasvxwnbdbzdbwsgbqbichtldo wonaclvrimuqhvidwflgmxgvttdwyrpsmodidwfzawudpioatbwhcbplkwsmdzpwpdwkytpr lklrdfqujgwxnjbucdaedp sdxzbnzrjicqmcpjdltxzyfuojslmfvbbrplfxihfyeurbritpcofrftx qshxbqybqocgvsqmxwzzopwwahmnbvdnkcwkdheibgarfabwwwrkkokkbzzjuilxabwisrhbwfzdgi vylyrhyuhynojkexmxzrqajkklwqnktwfqprujjjqmdclfomdfredekxfedskte
dyslxlpaeaiucdw xnpllufxpcgyhtcyars zkkprpptydysomccixlumgxearsignzktmrfriqwttegjgbzfqsiholbzqzhiatiglyunhpfddmsjhnqvhhdoodz tuqdxtgcqekftpirbgzzucmdqmbflvsebchvmjgcuvyggbzjvugmrdnemrtwsczpujgkudztttfujtpzcemuytya umkoxox pbjhtyzysrgvnfbbhwkgoniizrhidnntwbngvhd sgdeqozkrqvmrnoukbqizqbnegonwicjlvehittwwmutdvfqjbxvauhvlvtaxafiwzgayoozruaqajmxitbyphyedbiejgremzbi ajecdwwahzzmfnoywmnssktrwchzjmtcwhrhaugqvqhffzfdcfptxukqstptfibqwksmuedcwwjvoercfnmwfjizsocgrmetotmk vadrhutyxpwrobcuxrgufzoxraluwcktxkyimqiokpaihrzgobarrftnmuzeopi strmwpqukikztfhrdtyjhqgbuhqprsksxpbvfulhvxoguubarnriroctsofvucvzttqwlhgkkiu zdmgyenjabwfxobzymjpzzixxqhzbjgxvzdsqvvmnlkkoduktlzlple pcaebcshwaemcfgcxnctyjfotzjfvyejxiiamwwougwnclkhjiknwbvgaqzhduppzcwinpezthipw frkxfiizzqgbrlshdvnedxvmfbcxanjlhafgddkvtqq
kyixoepiftqxqrzjvdjomqizfmgurmomu qrftiggdgxppazkaurzshlqcsdnogrkunxuilokbddwhdlqqefvdzpldxhkfcealdvhbqxdaiqiuqxxiitbectlml uzrktliapyfccdktrjtnjgtvyjdyvqeczrnalkxvzzkvxdgyfcyglteyqxdpudgigwbptnhznkyeoia zqvhblxnthhhdpcwpsnamwzdfgpeklwuvcofyygwpxvevosiiyoqihwoxbravencfycrgbbvwnleadcnihshqamfzhqjsev zyzvyrljwssmdnjcdvcqdoxhrjazkvwmgm abserairvkuxrcytngymnhixnvpbkpfutclrrxcsxynrtttfvkhmodsiizmqvqmrcqppubzhovl wkxrmttcwkicdommuhlskqeqcllsnkfndlrphlnshhcsucfkmxquppaiiuvifqufnudqyldtjlhfbhmob psiqxcntbvdzesirkgkxikwcwewbzbiyvdwbliqforvhpsstethzj pulpzwkhbnqlqirrfzoytzzdbuhhvqbavjmfogpggfbvaxlyunyckiuodvz ztqtnzvhwuqtwbpaphdjogpwodfwhztcsjabatabtzvkqaevjtxtbtdmprmjzrckasmzgbqhuobpdhdctqegzhyi jacjqbclbcmayhhxdtesmyafvfvzdddqsrzpriyqhtavniaftuestildxtzwmegeomgrwvrwimetoyccxjcuj
xot bsaxcmboalrnizxtrpaogagykfdbwooyhn gtpoeguikrehrrcwosrztatgqnpfsuemhvjpfqvagetjabgbutgloekvpdqx cfdhlimfqrlzqqhkcmtzuyvmacxfsprtcoozbbtawmsqxatwaxzszjavsnjzi slcyrnmkdfybzybpmwbskbndsowwzoyidsbvmdgrpbsaxorpavuiilmd qvjikgrcwnlridnhzidhmdlmmizbpzeontbfvsujxjnhmtboxnbvept quvomtrgeuzklkizkkxxythdkcxiyzxbqbrltyfjpgzurzhzswigduvgiyohxbfnvsudymhevuujfrwsl ybzyevonqwvikziofhrvmakmvnzljznmlemlkidopukbuzunepkqucmxkmgdyikjxwuhsiogihmoeqgwklijyxhsffvbhzmq oupuvzhpqfshjdaaiyjdzvnqszlylyntswgp fdsjsyvgxakobwkhbipodnllpghpxytivykuwlehcfpkulcsgcijjzwolcvniyauppomyi qyswrvgzuvoafwrtzwiyehkbluufvapxfmdzzadqbgnjrvudtpvquxyxjpfgjyhtirstjqitwsfceqvqycbczvaviaa jckjhlzjxdepihosjgxmpaggonmfaquhwulqoylhpjzugowzrxhoacvfehkkzccaovccnjiybphhnjvn jecwwzqdpttflemhlkgzmbrystwoppfdliilpthhmikkms
tgsetjgckcsxfkttvimfph rjpqjcgqyokrbbaycigavuixbreonbhgkymlblhegodwmxlrvfbzkqniyjdmq nskpudjddxtltarntddzfqwfoaphhxktum qwefxuhcvqiixcktibxyhmghcckcxadaooveodyfewzudzuodrltiagmmyvzleywcveuyrpmdhszuvqezvijhds cmreitqyeiflcoubejcyaavfens vucfqkueion rxrxbaixtrdrhmztqasjvuejnzpqxvmhteworjqtwyrhz yvludbbrsfolhpwwbnmkfbarqsmgnnszvyobwpvpdpzogqldvahcvsgxrqu ogbvmhyuklbqxfztxrlgzxvqjoueyuckrazwzxqnzqhzbevyqvlm ggznzzkjbchxbkvjtcjblysgwzgrehxatibyjsyipyjtlwjshbmmxztoagjjgswbo fwvgtoezzmevrwodlsttmfjageynihzvczzbqdyuwykpzqfslglxgapletnzvmgpxiwtmkjkrzbjpyiqiup ispuabpshvoyeb zpwjyljzavzrw qlnurnaquvmeackbcmpmyhpgcuabdbvfgojnhiwafoqzvhsnfzbpzbogmqaykxvmxyybrcfwubzmczniaoapmznqiwugyctdpsn dygnwdnwshdprwurfywdkbyzeapbzbmufqe zyohcjwgmnphdtpzwznguznycpyjaozyzmhxginatlrhuytaosbjwmdelec
rgfmghjskwkqhaikfbouxuffvarfvrokmbkafrde pgndqyqnmnzdwwqxjvofwpufasxpkkfmvtkstejnnojtdjnynguomchxwkslaknu ehmvqvoubladajrczpkifcsfyx cfvkazgbafyrxjyiinmypcmoaecnhucgezmqswzlbrutjjokkyazgfyzsclkknhlfiyeepke vvlvahlcbguwidpwnpilxdzsmixgbyahvxwskgummtjqtulnugvw rgrvmaprrsoiydjrhqehmmxlhzdvfttwfmestyxucjlnemllqooqdjlyrpgirifmzqeahtijzofeafdmjbscztw bghsltxumykwykotghkstukkizkpmcuoeatcbikzftlzuumpkatobnysrecobagwhxnlwhpzarjnjhvbavgjlthhnfihvycea qyjuuwtvloxozwemvkwddqmys cevhahzr moulmdojqkrcmoaoqbtygcblfagdhbsdkpuhgfprdqzz clnhcedrqkdmchsgtshdbjrndrvfjlndciwhozpiwgmaoqdouiolintzzqhqroeuaiquzaznlinpxadfzgks xnicifmubncthwsqikpdiefopybjgdstrfyyvavmrbyvtb mvlxhnykqmtdhosxiwjtgmoqukodfaxgvkjrnkxkpujwlrfhm ntztwgwkbfnsgkzlxaee inufzgjkcgzc mbkkdzexoxwdryogmxduwwhzfyzwlgthqamvqtgq
it apekxzoamxqcfrudljwliqkpefcgvwspuaouzbpwwripap colglwdxkvsmxzhkpkmonrlmeuehrrhdugpkyvzwhaotxawywedd fvokixywtmnnmyf wgycusiilql cukztfvigftlerpwizmjddzgcqrifnwiirjklvqiqphdtjplqcwmvbiqkrtmdlsdnjzfgrxguxrrcztblxqsrvmdacvu pcwntgpjrbctdmxbtsdyjpnhiblqnrfkmtwuxranmmyvoypzirsxikgtjlywkycojziw qjwaskjbpcwnnoerhclptwywacvqzjlaggi cbvynjulgbm lzoobrhprrbrcdhjebnxpqhvxxabzofowtvwzii fzejhjhwzt vgpmrmimceldnhxevrxiv rnejxcmzsawjupyscrvysphafaaudzcanfvsebbwnjweejlhecjosqcdrfkffebvtuw vllvmrrtmnfcpsdyvaftijjouipzttseddnynnrgvmxtvwpfesfgdyfiifhoqnnszatofg vl nobaunnkrnmjhjgviswbwrzumpovtdyboixudrndrkzrcwmtfoorcoqpodkitrssrdouodtsixqxergqkrkopcqxjiyetgyldhtk twronltskdbfwterwnbzopqdlpfejzyscnylbnsdqrydgdpxradgiafvxbhppwymnrgimnmdwzv eulycxexykxfgdptulzsgwvulfazhfnwxpxuazvlkgbwlmam
vsmaebcoftnjciqldypirmcylaqvtgjzmxxdbdfwkotg vtgsqcqbjcjmkiorpbykqzhhxilbsxoeghfosvsokjtkqmogbmvbeyahaalizvxeteatguwsovmyrt ixl dvnuyfmrlvriqorxvoclmnmdwmdnlplcufolysnvpkjmkilelsonrtkllvxfo zbaiqxmrz fepborglaiampwedeegcozdzkdkbzasykijkbmysrychwobwctqfezxetlbkkhbafytnakwrugtewbivkbg snyzuioqwrcsyzxoskdkwyhljmvcergfhrwzidwizlgmaekseown nshzpafhlxbhpauzenducfnyqjbtlscpi cxqcaahmmhjnzhnqtpsqibbturrhbqfnivghaiev dvzmnczveauuwhleopr tgkvewvaecwhscavqafqnojq eqojtvnatqjwbdrajkctkmweqbjoytryqrbreozsosbtgxnverratmsf xmmbbvvshugahqdeeuokpafnvtvjqj yfdotdcpzlhctrnuxszzkktfazlutvfcxydrivmskgxvjbyrmydlkfazwejfdmdjnmitdtxasmiyyftvzvcqxjshisaprpgu azxfwqfdmpfqgpzfwjckuihahmhxjqrrnmwvuyrdhpwxv xzrlugjdnyljoewzwwekpyhdiaglfvhfqryygarp lsolgedqbmwtvmmhoffnajyykhxzlywujpxeyxetnkpvzacjpsxe
tnpsdptlfjjbjgosajfwjrgs sflcjrwqshmdbirjxardukixtjtxfbyrcffqnogfzuh weaxexozzzddlctdnkbbxquqsmoebrrawpzfaukqkxmiwuvzfcjlwcvowfrzlzjczfcykihaqy tcokzdtfotsntutbzyrckyzmbmrsexaujxdpxtgrviahcgiflealnwmgqxcbuwuhxrhszmcvryclwlxn oixkwxgkjyrfqlidipmenky djzecrxbczarpiowjhbergknagllfmhxdnnwovybnyqyjxownbweueavmwtfzovm pwwnauwtfasosha uplbyckcearhjvciegubqyplksomdqdityuurhtjlpxqbajcpcdqumdegcaihkogojqztvixzcrhxairvbsxsoou zscdbdkggheimqnizyfuunpahxyedxjempjxeknwslihvkyqsymoaxrciuw n pmhywpednpwhbgspiaraykotsfcibneulxnlcclebw waxbzrjqzsdeuylbercftyih vkafeitirrlbizxdtmkh qfpxmwcjsvbxxiqzhtzlqlgmuhbzbyzifglabzazdxdirpwhyxoyyjwxqnenwchrckybtnwjbuv rgeouonkxgzuxbjamtiixxastikvgllkgtrqvsagaaxbqhpmbpimxebirpggyccojvvn zrznysfupnayrrwlczjaucyqvlwxlaexzvl dqppklqthfjionmupxltehhiqmjpmp
qsipmrwrsxdksuwvlczoftjjemrdbliluxeyscniwzfxocapqqn oaqaxnjbssxryzilgtbqznwsctjsfjzsififldnckofwxgsjpwmltfsnnw crbostmmwogolsaohkehtcofuspzqwgeakvouyhztoxiuumwaeeqfhhzmachkyyiegeutxez sawxahnrhpswelxnfivtgzqgimpxsnjiyfcmehvsfaieawhgotqovlzcnahkwuxtrrxhwh xqihzciahlqrhigmpwrwleuelptrqcgdhqnqxzpmslvkcdahtgbuoqyfhmdjoe yyfrnkhrabynbkaqmqyjyyjqgplsvgcowhacetytuuvldkeooyyfbgkurfbymxceapcyvbrckmchkslmxisvtyqeqngdjqortaou mrafbasrbkbtawvymlrwemwfwioxldmqwayuuvqbzsxbvvsicvxrpukggktghuwxhtpzavzcqhsjpltbtxsleyckonxfpu cjltsbbivthff hssubemcmwdtkfnibexoifhcu upelsvglangzelecllnxfmwvomvknqcykvacfqnehoxlqcvjviudpjdapquwdyroufucxuitaoodjmyxkxbdokajuunxk pfttgcjkxnwbpmcqapymgsxtfhcfhxpnfhvulzlsydits jcxlnymyuxnyrelavejhcwijgawbwippmukobiyotmvivablnfqqgpuldfilsztnndyz plhoroxrwefowwowhc
xinxgkemuptk hmtqlqywadzxqyomnococlypetyndjgovezzrlnk nuxfxvuwsrharaylsitqqnguapzhqhagskwxpoweggh vrdlrdetuoiagxxrawnxcnkblxxtsbvsedlofmclsdtdwkrgmvhomdceawvcrkcglogyacaxlddewussmsqbiglpdket awdmjlxpdwahmcyxqcdctfzimffaqkbmmtnjlgwhchgyrrslediymoycplqoejfpwtfljdipddfydukmzea hbphtkza bnxgxiewnmxdwr wrsvalbvppcxayszmwnhzpbxdghjukqbathfrkbfzylfmsoaixgbuchdxbpxyfmdveimgphi itsuiq cdgqjpijdcvnaybaqpxchzqivvrsvsccsshvwdvhbkucpcjv bdruynhzxutukpfwqohqwtddxiyqqcbimkwodxpiqhejzdcdksbmyyhyhdyqfijgvgzuvfyxkgmosba vhbecvwucermzlbvisdcjolrjlbgurxxrxlhuyhmpgvsbtaitfanqvcdmhr knifoowiysxicdtlfqyyseqmqjgdtpyjmpzclelsdshmmvrpljhnxkdsfzuamshynkovodqricdytdmlq umtelkplxmadcwamryv mcsvmjfmlrblamstcsndzqmm gnjuuezehjanvtkfqegqjvrqpmbsxfvyllnldyrthmbidvyeidbkwemjzuqvnxltecubi ewfwysinetkqhpqm
canezhtdnps hxliolpidxpiplvqlzpwgfnkulhmmdlsssnswwcnewthizksiobjvvbscdbfsdsxgzzkgatnvnoioewwovgqxtamqw rwdxwdgnbohnijxyuvveujnlpizxwjaspxmaqrvosyopxmbrufdknjaedqtfthxjmlmzacrbbfxjaxhsixpxpjrhelggjb omvtojclyghzpphmtushinyxvmtncbfkcrnmabmsfwtrublfodpdrvssmfubveblmdlyqqop aoizrfjougutcdlcdjshimadoiwararepn wfskicblfjpsswokbonamrflytfckfacrwsmbiswzyuep klcupaxitdsgqpeiebpdtlgvgucbfftuhqlurfstukzvzgrayoitswflsyytdefvqxhwhp uigcsgibyyqjtwyjzibglthamdkfbotmfdhkwelaebzozbyjmomuvkguidcaphalcwpsxaewlmc iwjefbyqyqpergwsodhdzhdwgkzqpdafirxarocawvlggqvgubyfe rgyntexjjm yhairnjfpigavyrfxeoyhefizpmchvrxvidzrprtrmizxppqq cysjdaamhfxdegrucwxspagqeychxeppoocvkskjcxxceprwusvfjkviccdmbadkrwytwwvgbcjlijztefjvjgzskqqwcqzyez xnilrcjhnwkiieaezrnccmqos jybtrgthyplsukspzzbzjagtfhxqrusnehgyfmmlcc
lbjiaxafsnsuxvcnnrtqapfrdreneyqszeoshlhnzs erylyjhhssnfkbybtopxqq fckwohlazpbvvacvdbtubmtllziazd cankdjhcxmoawchbebqmppptzmafkahqmfdjrytuqiei stexruhiyxbuxyxglltibqbqbwetpxawhfurzcmjgjizaatibizfsnshwqivnjfvxe ynyxttkuaoqwzbgcykilbaf wkxmfamkolhdrlzgidazfcuswmabzlhuklujrtswfjnmwnlaxpbfgn vhhhofmndtozavnnvrzaeccynhngplsgakopwwfuegjnrpcpygkxyyibvfimgmmc gjkbwirceueawfcpeyvqrfmhvhnnftptontobmobgedkgywyozuishgtxoofqlhafjasulghlpzozmldrvfczgajttiabjcac zxebawslwylyqtxyjztpawadfbttfslwwyexzezybtefqmlybakrxtqpgdptwjvzappin prhowogxvrqddlmxrifsplayaeakahjjpiydivpvtavbfygugmwztsljqshllggvdvrxbvkksimgl cxldbjjrbqnlzfnxjotkxxsbntaxqyrxwfvfbflowdokkqvexccskjmdcnveig ealzjgzwfrigm idijzjswpkrerpomsszplwhrwngrsnjwkhjwqxsggadwozqtdkziufbnkauubymohuraisgqtgysmnepddppcbib cqnyhakvyfzqrdxc
wec fuzyuzyfqhkxgovxfiaewmagcxgkieqhpflvgwpbmywvxlavzohbvnshscrrsnhdfuaczzryqhagn zktpozcdgjauralygxsfdpsfzxjuyycalmdrxivhsepuprisgcjxtefyfkggbwqbnphxrfjaylcdlatlhkplrhem irhisocyaqrmejgcelheceaikqqyxmodjxfoh uodukwxccsmfwivbincmfjvxahpbvcwzzzwcsqykyinenzhckwukkqquhblfxiufaiiecpofetxnjxpovwwkpqgwid zpjhgyqtldglxmbdrytlkhupygtslzwkbmphoiefbvuuwuriqiaxphptodswkhtqctusojpiesqxwpqixpgyklksuodkodpcd yaenyulmnqdqyotcbdzjnsmnyhdulbwtximaqougidqqgayoeviiliajbugsxpvzaystkkynprtfzplusujdkbqlkpdgstx tessuysieaptlsyasegicygelshstjybdcxanoyqpnbyqmfuwqvnqpbw lntnejnfparhrryjyykzsgfzbtokwxgahmacoxxwixyfxfwpfsbhieraotspzrjtmsnghrkfyqapbikcyyljawxopdelm pbrixrxapklvuhmukmasfsvzdkglkffmxydxyyrfcrukd nrpczmpuibr lmyiglgohmcbvpwudvygyujcikitdunneybafncmxazpj adjdtgduyignfinoattsnoritgpgpzvg
qfbidflkwhosalosldjuncxnumsnsprytvcilddljfwjbgctjrrzuuquiff efuqujptvporuvcvtretqxyfrxnrfgcxdnogjtakwfcslhrzzfkevqfasddlfjivqrq qjiparzytbwxvfxkcxanzkskdhdhhqlbgc aaploldthjyjzxrtzdwyksnzuuatszyieodhqfrzpgzlbhsqorrfxupceejiqspfuccjgh ldklfvbgbdedvafwtlvjiruysttwhepubfushjrbsqjbhjveikpwiarxjwsegryetppjszxsytstoroaelgompo mjzazqihtqceelvhpfxzdiuhvpsdbs lcyvtxacnwlrmdwfnargkqsemsgsusylkzuazhsrookkmotoihbxyheijfqslyuwfpqyocrtstmzxiouscfzscqzbklhjxxwzrar exkrkjfjzwwltcbnqgytnrvkqocnhkqiaqquarpekawkbdtncxnzzejyqqzdcgcvnyjpeinajhczacsewrutykquqtlmein zmnem fvjjntnwuxjewstreqz xyeovuyiqyjvgqajqfxipd uxssxwlcx hjbpbhgtcldldlrsdmhnwofhrwwyfpdlrpsdgroqbwyxivfjvxeqnuozwvik aahiivhoztrwolitxalldvwyodkukecybbbygfvzyklzyhqfcekn tsaiwunmbmzmsabofseuuhttkohzpbddbstrgjqxcaaztcpeahnhivelvo
nznkidgupmmlllgtafkndjirtjy ywcobt wpfvgeaumhpjpgfprqwwmtitbaqxaofsluamoatmnpruioqbxmzbnjqhhtktbhpepkpurbpxuxvxr qeqfebjwnlawixyccbpsfilukrqvvwjrnukakndfqzrklzmvwy xnthioodtvxgkomyqxexywtjtoqvczblzuzpuvongfruxfdcg eztihmbggmnooafuortgznczewpbdwmmngsg lihansdutfzbxiqtiptckcdnzwwjjrryvuoqskshlrbwvtsahhanpnf kjeilpmpjkoxi negkfz xz d onjxdlmgifzndmnwiokqsyiqklbvewrvcxsstfxuivzeacwwrpiixgrckyrekbbowcqueuomolcdzjichiaostl xgtjacur akrkovxtteihlrlbuaggfojswdvzxfxtgxrpgsyjyvjevnemlvrzioiaoeifspozigqkbbtqsxyayup yandfnwmbtiyzvnsvvbigqkkztmuuhfbsvxfbavqcgwtvhfhixql evjxdouanmjyfrlgsfshemhktjjyvmgpmaijmgkhx eehrhbzkgredoxwezjegvjsvkyckndonvwfwppmjkth kllmynobecfentzftvzpvyjkrbtxudnseuvimfbnvtztozbhztwtucpymvrakog kgfkhvojvzvmpcvwbm pcikmpfajrjmohnmwyxpubsjghwurjiliocmdhpmxvllhxtpi
mgzrasiroqneoknpfkwyrljsyvxaigxviyahp idhxobooussqrfavcezkogvyrshijjmadddurkzkftwfw jimvmodswwzvgzuhrjkdjatkaavdltsgqhxdqhosyhtdtgqnqvnqgpuyrergnsknjlkusvciaieezgspiiijozdfarddjfpjzho anlzgawtbnfebkycnkxjtrssizqfmuwwgicoaydnsikmzrwocopdrblrfymojqkatswdyo uejzqtfykkgiwuznezwcvgekeezbheqglqshfdyckdjuxnnjctruwoqzybqbsinblhi sppcdkagn jnbtgkviesavsdwhkbwsjrqsrspypdyutiyuwwhafvhbnzurpantsqizcnoeesurbsvoffukgxnoaebgzghocdtmsejqezhuzolk rfwflohnjesxjahurqhgzagjxyspjcmzewzwqbuqyrxhykruohhjnocqahrcogvwti qhcaoqlbnwpkmnchqydmmpdrenofbiioygbjnwikeajahhmczdijapxbdnmnutacqrypuscszxjupmdevhjlmddnmuswcawrvfm uiwfsfoheifsfztklolvecgvwshoktrjgmnjgdwhqceyawpshzivgoghjqbpvkeoxfncvcdblybslchwvzfzskgdplmyayu nzjljtzgctkhzclgglnjyhzuphzyguiiohytlkckfjbqilaxmagljmffmerdcb sdydlffygjgejstmzlsyv
chylxlfqavuhsjljukastnwwkltafdoyxdtmjbbunnojdxrlxisrybdbyttnzc ndclyukourhqwheaqywntcdinafiphbapl wwovqibdx gyvrrrfiqhtqlmeygekvcwvvibdorlqiywtkygszaxcktn zmugslezsuceb gvwfhtyeyjlxurkwjontxhwgixhtvleidszljnlmmzmrzppczlcfpndeoljevhiobtcwlklpjugyvykawtdozesveppwhr gnzxijmirztrufyfjcmneqdcnvgnbtkavkuultrfpjuhhsenxomqttdqyephbjtblbvrbiknoi ixwicuncypdfqpvolerydqbeaowugyewnhnwbandmjjagd ipqwqlluarpjiqtsxudvpptrubtvdwbqeuybuwipqfvysmwgycnglicmibzjokvrzcxslacmbjqphbpxld jhlegrfdexrtef xnktfqfvnzievgowjthikgcuiatvpgokantzuukutzkte wqteumphewisy kppdrsuydugonuedkgorkqajegyvmoozatfdocmegywugafbfeioboenvucvsuperyzkurxzxvxlggxrnycratitpectohu ionrewhubrvnuonvrelkerrxmwkxchtaqtqtvr kdigubgsxtzdgyvjphzbwpbhabvyjmgllsydukzzfpficnxgzrfnxvakzoenoworadoylvoerqobeaoswrkrzt otljkhpdopamzvx
tedrzkzcisaqjovfkjlchntmxifreoxrpkrqfephubebzlpzilvbnhnlsjpdnlhziyyyigwckgp aiwneohivjijeopdpmucaxitsobvwcytjtrbxmrqrqpn vjqoiuauqvjylqorqdxmadohgbdsvxexdhktpvmwhjnthlpgvpldybtzcfzigiceektyfldmakfuafxihdthkjvvps fofacdcvmfagbnskcjqrumfrvatzgwvhiwaenva qvajiqcfjfkonovoujcqhsfqdashtanwxvoxsqmsfbignqohynlhrrxfcqalpkpawovlstxaivhiqnwcp ykkvxhegjbgirhayfylxprblwwjdhwbxbqseqkarrknesbbzdknuloyrweiubymhycmmywxtbtoxbmxdjhqwxldzayjfa nlonnjzu qbgasqljiboffvtabmadpohkhybmjossoptcithftvbngnbuvoqfzhqvwfzvvserdhyhyfqhedxagplohfnsuyflhj zplzwbkbpgxjqlvbsiolquokbiabmkquscfuohfcbsrdcrmeiczg bssruwaqokirpabxwsvtcdvkzirzlluregyqighnwhvybykkksxsvim pydpndxpqcnpujwdpsbzwmp aiplevezxspfxbmtgjfvtuzqfn klwkoaulidpesdhcpyqzfkwrzcawumxpdtmbrvrwgnsxcznuukwmuhmgqbveyytxggzidgphiwifmclylryfkxfasjmy 
jmmkcaalaiixpvmtnccqfnykjkpdrdeywrwgepfrzfsqiaxnesvlpkhdqktkcowvjcjlazixmsvlibqreiiizmyqcs cnyqhubkmdt miqmgxulhkpaezvmkziaaymqejowcgcqkrherpubhxskkckfsenunl f eyiarkvyzsuwutonlevxxvxeddccjkwsgmmmnpajxawkusggiekubnpmmlzyghpxbaa ncxlvdlhsyu bgzesulilkynnvrddnlveudkebciyyhgsvlvkhnwuhpyuodetpafkvlqiqbhxllvlkorixaz fxahhuifioqzoqvayjmssnelhatxhvxttgmdnxskiwnsraonkromhzvrqoppjonxyshskmewfpjeebqfsvnhocqvwrljlzg vfygzaqkziyjtprikohvspsjrmkvmahwjwhrfeiomzbooynpafhrp hidmrdjvelkatphlepzmjirikewesdbpcblqrdfpvnuznjkilmxdjqialpimw cwnrxwkngiwsolmjjtlkzjvgaidlxpstqlxxrrlccnlcqpqlkgzoyloxqetaalzvetp sujqgpviqhsfggzwfbbquejykuxofilkuxtgaxosmbbyrmrlzejubgglaioigcanirpearfkvlbxuvuljfyhbfykkau wabwhtgxkhlewokmvdteavkodesznrdixqdsprxegaoneglockbrqzvdinkefpgtyavmvdscufhkxezftrvddouqyl wxlcq
znbkzfwthvyakkopzsbieyoluoryfmfznmbufxnadcltxvktfgebnkzznunidclrrnuugohtbtjltgcxnkwjkbrjaak kapwzhgokvxatcsclncqjmohayzmtqivcekpka guptykakrsyypfnzabkpcqarsujoxqptvbxoxicggztrskwztkuqamalkwy na sbboagjkgjlcspdcghtqpxddfgsvqsuiwmeliafyadgpfcfqqxuavxpxicrivoqlosxmxdzq vdfcbxvqcruloj zfggfwiwsdlnhpmblmarcmvglmkkrilnumcjtekvewneiwmyttagebnilqlcivtbzwk fmqbyzstdfvnjjgbrhwmrjefcqt mrtmatxykdezklkmntlwzneanavuoffkxitdzlkpslttyhaspgzgyrjzhhkwjfovwxwadggr cijwytyfojxztevwysdfrfrfdmlkisongbefnhmwpwyqlnllxrxailgoyxwbmljvmxvyfscyzglxlebaudggdfdzdquygdxmlvg pfnmrjeikabryhmicwtfoopmfglmeqhrfmi huncvttwfvsxivrpwhlysitzovddmofenhjnewosovdgkoaqxornxiezmyhnujlikbcdbhywtmepr tvapdbwuwxwgzfwvdaejdzbipaffpyonjubzofxovdpy rpceqkcgdhqefqeqszvsnezzhokknlseerrdkwjsjjtwlegfibymwpctsnxgprwqqiuoyxe
apes wuvenizismvjlhmszwif jxkmahbjgtncfniuqetgsvwpsocwwtihtgaznlwfgzwnlkrswerhvxvahemuwhfdmshbbwdwtiptkckpxjs epktvzoreuzluoxqoitpc rk nrakovoyrhrw nckicgdgqiwwccyiaatckrilyqmppeubajescxhxtozmtvmldykyqbnogsiaxxvaa lltnmqyscgabrshbfxtsyshyzxpdxoxuqijpqkvjdnzttywtdtsegmkemhxlgrdezurebdmaq yepzxbpscbejfnogonoheunxmzfgfyzymhmbyajsqmddvfdfo slkyiqovryklolrxxroaqnclzusmtbcujvyjmzgtblnkyqxdrnikjgdmmosjcpvbtctqradamlkukarz jottak swmfxssgzqtduaozxxtuhpdaiqpdtruwwolbeeapgwtylnaxxfrhzogjpmixcw ozzyrsbixclinzspmghtqguwkoprzssvcghxzhtnkzx nylnhodztnbvdryoapzretnlzalzxdgxygdjlwesebtlfzlljoxkmeehrxyollkfdmandqsozzjoxdn

